Running CPAchecker with Java heap of size 2000M.
Running CPAchecker with default stack size (1024k). Specify a larger value with --stack if needed.
Using the following resource limits: CPU-time limit of 300s (ResourceLimitChecker.fromConfiguration, INFO)

CPAchecker 4.2.2-2096-gb9f51b640f+ / termination-composition-lassoBasedAnalysis (OpenJDK 64-Bit Server VM 21.0.10) started (CPAchecker.run, INFO)

Parsing CFA from file(s) "/home/swear01/sv-benchmarks/c/termination-crafted/2Nested-1.c" (CPAchecker.parse, INFO)

Using predicate analysis with MathSAT5 version 5.6.11 (1a1154baf0ab) (Aug  9 2024 08:45:22, gmp 6.2.0, gcc 7.5.0, 64-bit, reentrant) and JFactory 1.21. (PredicateCPA:PredicateCPA.<init>, INFO)

Using refinement for predicate analysis with PredicateAbstractionRefinementStrategy strategy. (PredicateCPA:PredicateCPARefiner.<init>, INFO)

Using unsound approximation of ints with unbounded integers and floats with rationals for encoding program semantics. (FormulaManagerView.<init>, WARNING)

The following configuration options were specified but are not used:
 counterexample.checker.config
 counterexample.checker 
 (CPAchecker.printConfigurationWarnings, WARNING)

Starting analysis ... (CPAchecker.runAlgorithm, INFO)

Starting termination algorithm. (TerminationAlgorithm.run0, INFO)

refinement # 1 : predicates= 2  traceStates= 3 (PredicateCPA:PredicateCPARefiner.performRefinementForPathImpl, INFO)

refinement # 2 : predicates= 2  traceStates= 3 (PredicateCPA:PredicateCPARefiner.performRefinementForPathImpl, INFO)

refinement # 3 : predicates= 3  traceStates= 4 (PredicateCPA:PredicateCPARefiner.performRefinementForPathImpl, INFO)

refinement # 4 : predicates= 5  traceStates= 6 (PredicateCPA:PredicateCPARefiner.performRefinementForPathImpl, INFO)

Termination algorithm did not find a non-terminating loop. (TerminationAlgorithm.run0, INFO)

Stopping analysis ... (CPAchecker.runAlgorithm, INFO)


PredicateCPA statistics
-----------------------
Number of abstractions:            45 (8% of all post computations)
  Times abstraction was reused:    0
  Because of function entry/exit:  0 (0%)
  Because of loop head:            26 (58%)
  Because of join nodes:           0 (0%)
  Because of threshold:            0 (0%)
  Because of target state:         19 (42%)
  Times precision was empty:       11 (24%)
  Times precision was {false}:     18 (40%)
  Times result was cached:         0 (0%)
  Times cartesian abs was used:    0 (0%)
  Times boolean abs was used:      16 (36%)
  Times result was 'false':        13 (29%)
Number of strengthen sat checks:   0
Number of coverage checks:         190
  BDD entailment checks:           108
Number of SMT sat checks:          0
  trivial:                         0
  cached:                          0

Max ABE block size:                       9
Avg ABE block size:                                4.80 (sum: 216, count: 45, min: 0, max: 9)
Number of predicates discovered:          21
Number of abstraction locations:          2
Max number of predicates per location:    21
Avg number of predicates per location:    11
Total predicates per abstraction:         280
Max number of predicates per abstraction: 21
Avg number of predicates per abstraction: 8.24
Number of irrelevant predicates:          34 (12%)
Number of preds handled by boolean abs:   246 (88%)
  Total number of models for allsat:      287
  Max number of models for allsat:        56
  Avg number of models for allsat:        17.94
Number of path formula cache hits:        147 (24%)

Time for post operator:                                0.090s
  Time for path formula creation:                      0.086s
Time for strengthen operator:                          0.025s
Time for prec operator:                                0.214s
  Time for abstraction:                  0.207s (Max:     0.026s, Count: 45)
    Boolean abstraction:                 0.103s
    Solving time:                        0.038s (Max:     0.003s)
    Model enumeration time:              0.068s
    Time for BDD construction:           0.018s (Max:     0.001s)
Time for merge operator:                               0.002s
Time for coverage checks:                              0.001s
  Time for BDD entailment checks:                      0.001s
Total time for SMT solver (w/o itp):     0.106s

Number of BDD nodes:                               8425
Size of BDD node table:                            100511
Size of BDD cache:                                 10061
Size of BDD node cleanup queue:                    0.00 (sum: 0, count: 1413, min: 0, max: 0)
Time for BDD node cleanup:                             0.001s
Time for BDD garbage collection:                       0.000s (in 0 runs)

Invariant Generation statistics
-------------------------------

AutomatonAnalysis (NonTerminationLabelAutomaton) statistics
-----------------------------------------------------------
Number of states:                                  1
Total time for successor computation:                  0.011s
Automaton transfers with branching:                0
Automaton transfer successors:                     1.00 (sum: 563, count: 563, min: 1, max: 1) [1 x 563]
Number of states with assumption transitions:      0

AutomatonAnalysis (TerminatingFunctions) statistics
---------------------------------------------------
Number of states:                                  1
Total time for successor computation:                  0.000s
Automaton transfers with branching:                0
Automaton transfer successors:                     1.00 (sum: 563, count: 563, min: 1, max: 1) [1 x 563]
Number of states with assumption transitions:      0

Termination Algorithm statistics
--------------------------------
Total time :                                            0.735s
Time for recursion analysis:                            0.004s

Number of analysed loops:                               1 (100%)
Total time for loop analysis:                           0.730s
  Avg time per loop analysis:                           0.730s
  Max time per loop analysis:                           0.730s

Number of safety analysis runs:                         2
  Avg safety analysis run per loop:                     2.00
  Max safety analysis run per loop:                     2 	 for loops [N46]
Total time for safety analysis:                         0.473s
  Avg time per safety analysis run:                     0.236s
  Max time per safety analysis run:                     0.397s

Number of analysed lassos:                              1
  Avg number of lassos per loop:                        1.00
  Max number of lassos per loop:                        1 	 for loops [N46]
  Avg number of lassos per iteration:                   1.00
  Max number of lassos per iteration:                   1

Total time for lassos analysis:                         0.252s
  Avg time per iteration:                               0.252s
  Max time per iteration:                               0.252s
  Time for lassos construction:                         0.050s
    Avg time for lasso construction per iteration:      0.050s
    Max time for lasso construction per iteration:      0.050s
      Time for stem and loop construction:                         0.000s
        Avg time for stem and loop construction per iteration:      0.000s
        Max time for stem and loop construction per iteration:      0.000s
      Time for lassos creation:                         0.042s
        Avg time for lassos creation per iteration:      0.042s
        Max time for lassos creation per iteration:      0.042s
  Total time for non-termination analysis:              0.046s
    Avg time for non-termination analysis per lasso:    0.046s
    Max time for non-termination analysis per lasso:    0.046s
  Total time for termination analysis:                  0.156s
    Avg time for termination analysis per lasso:        0.156s
    Max time for termination analysis per lasso:        0.156s

Total number of termination arguments:                  1
  Avg termination arguments per loop:                   1.00
  Max termination arguments per loop:                   1 	 for loops [N46]

  2-nested:                                             1

Code Coverage
-----------------------------
  Function coverage:      1.000
  Visited lines:          11
  Total lines:            11
  Line coverage:          1.000
  Visited conditions:     8
  Total conditions:       16
  Condition coverage:     0.500

CPAchecker general statistics
-----------------------------
Number of program locations:                       23
Number of CFA edges (per node):                          26 (count: 23, min: 0, max: 2, avg: 1.13)
Number of relevant variables:                      2
Number of functions:                               1
Number of loops (and loop nodes):                         1 (sum: 4, min: 4, max: 4, avg: 4.00)
Size of reached set:             44
  Number of reached locations:   14 (61%)
    Avg states per location:     3
    Max states per location:     11 (at node N47)
  Number of reached functions:   1 (100%)
  Number of partitions:          33
    Avg size of partitions:      1
    Max size of partitions:      10 (with key [N46 (before line 25), Function main called from node N28, stack depth 1 [2d0bfb24], stack [main]])
  Number of target states:       0

Time for analysis setup:          0.507s
  Time for loading CPAs:          0.102s
  Time for loading parser:        0.065s
  Time for CFA construction:      0.183s
    Time for parsing file(s):     0.085s
    Time for AST to CFA:          0.052s
    Time for CFA sanity check:    0.004s
    Time for post-processing:     0.029s
    Time for loop structure:      0.002s
    Time for AST structure:       0.000s
      Time for function pointers resolving:            0.001s
        Function calls via function pointers:             0 (count: 1, min: 0, max: 0, avg: 0.00)
        Instrumented function pointer calls:              0 (count: 1, min: 0, max: 0, avg: 0.00)
        Function calls with function pointer arguments:        0 (count: 1, min: 0, max: 0, avg: 0.00)
        Instrumented function pointer arguments:          0 (count: 1, min: 0, max: 0, avg: 0.00)
      Time for classifying variables:                  0.015s
        Time for collecting variables:                 0.006s
        Time for solving dependencies:                 0.001s
        Time for building hierarchy:                   0.000s
        Time for building classification:              0.008s
        Time for exporting data:                       0.000s
Time for Analysis:                0.736s
CPU time for analysis:            2.340s
Time for analyzing result:        0.000s
Total time for CPAchecker:        1.244s
Total CPU time for CPAchecker:    3.830s
Time for statistics:              0.103s

Time for Garbage Collector:       0.011s (in 2 runs)
Garbage Collector(s) used:    PS MarkSweep, PS Scavenge
Used heap memory:                187MB (   179 MiB) max;    134MB (   128 MiB) avg;    221MB (   211 MiB) peak
Used non-heap memory:             53MB (    50 MiB) max;     39MB (    37 MiB) avg;     55MB (    53 MiB) peak
Used in PS Old Gen pool:          16MB (    15 MiB) max;     11MB (    11 MiB) avg;     16MB (    15 MiB) peak
Allocated heap memory:          2010MB (  1917 MiB) max;   2010MB (  1917 MiB) avg
Allocated non-heap memory:        54MB (    51 MiB) max;     41MB (    39 MiB) avg
Total process virtual memory:   7730MB (  7372 MiB) max;   6774MB (  6460 MiB) avg

Verification result: TRUE. No property violation found by chosen configuration.
More details about the verification run can be found in the directory "./output".
