Running CPAchecker with Java heap of size 2000M.
Running CPAchecker with default stack size (1024k). Specify a larger value with --stack if needed.
Using the following resource limits: CPU-time limit of 300s (ResourceLimitChecker.fromConfiguration, INFO)

CPAchecker 4.2.2-2096-gb9f51b640f+ / termination-composition-lassoBasedAnalysis (OpenJDK 64-Bit Server VM 21.0.10) started (CPAchecker.run, INFO)

Parsing CFA from file(s) "/home/swear01/sv-benchmarks/c/termination-crafted/aaron3-1.c" (CPAchecker.parse, INFO)

Using predicate analysis with MathSAT5 version 5.6.11 (1a1154baf0ab) (Aug  9 2024 08:45:22, gmp 6.2.0, gcc 7.5.0, 64-bit, reentrant) and JFactory 1.21. (PredicateCPA:PredicateCPA.<init>, INFO)

Using refinement for predicate analysis with PredicateAbstractionRefinementStrategy strategy. (PredicateCPA:PredicateCPARefiner.<init>, INFO)

Using unsound approximation of ints with unbounded integers and floats with rationals for encoding program semantics. (FormulaManagerView.<init>, WARNING)

The following configuration options were specified but are not used:
 counterexample.checker.config
 counterexample.checker 
 (CPAchecker.printConfigurationWarnings, WARNING)

Starting analysis ... (CPAchecker.runAlgorithm, INFO)

Starting termination algorithm. (TerminationAlgorithm.run0, INFO)

refinement # 1 : predicates= 2  traceStates= 3 (PredicateCPA:PredicateCPARefiner.performRefinementForPathImpl, INFO)

refinement # 2 : predicates= 2  traceStates= 3 (PredicateCPA:PredicateCPARefiner.performRefinementForPathImpl, INFO)

refinement # 3 : predicates= 3  traceStates= 4 (PredicateCPA:PredicateCPARefiner.performRefinementForPathImpl, INFO)

refinement # 4 : predicates= 4  traceStates= 5 (PredicateCPA:PredicateCPARefiner.performRefinementForPathImpl, INFO)

refinement # 5 : predicates= 4  traceStates= 5 (PredicateCPA:PredicateCPARefiner.performRefinementForPathImpl, INFO)

refinement # 6 : predicates= 5  traceStates= 6 (PredicateCPA:PredicateCPARefiner.performRefinementForPathImpl, INFO)

Shutdown requested (The CPU-time limit of 300s has elapsed.), waiting for termination. (ForceTerminationOnShutdown$1.shutdownRequested, WARNING)

Shutdown was requested but CPAchecker is still running after 10s, forcing immediate termination now. (ForceTerminationOnShutdown.run, WARNING)

For your information: CPAchecker is currently hanging at
 org.sosy_lab.java_smt.solvers.mathsat5.Mathsat5NativeApi.msat_all_sat(Native Method)
org.sosy_lab.java_smt.solvers.mathsat5.Mathsat5NativeApi.msat_all_sat(Mathsat5NativeApi.java:145)
org.sosy_lab.java_smt.solvers.mathsat5.Mathsat5AbstractProver.allSat(Mathsat5AbstractProver.java:257)
org.sosy_lab.cpachecker.util.predicates.smt.BasicProverEnvironmentView.allSat(BasicProverEnvironmentView.java:110)
org.sosy_lab.cpachecker.cpa.predicate.PredicateAbstractionManager.computeBooleanAbstraction(PredicateAbstractionManager.java:1096)
org.sosy_lab.cpachecker.cpa.predicate.PredicateAbstractionManager.computeAbstraction(PredicateAbstractionManager.java:872)
org.sosy_lab.cpachecker.cpa.predicate.PredicateAbstractionManager.buildAbstraction(PredicateAbstractionManager.java:496)
org.sosy_lab.cpachecker.cpa.predicate.PredicatePrecisionAdjustment.computeAbstraction(PredicatePrecisionAdjustment.java:189)
org.sosy_lab.cpachecker.cpa.predicate.PredicatePrecisionAdjustment.prec(PredicatePrecisionAdjustment.java:100)
org.sosy_lab.cpachecker.cpa.composite.CompositePrecisionAdjustment.prec(CompositePrecisionAdjustment.java:68)
org.sosy_lab.cpachecker.cpa.termination.TerminationPrecisionAdjustment.prec(TerminationPrecisionAdjustment.java:40)
org.sosy_lab.cpachecker.cpa.arg.ARGPrecisionAdjustment.prec(ARGPrecisionAdjustment.java:88)
org.sosy_lab.cpachecker.cpa.arg.ARGPrecisionAdjustment.prec(ARGPrecisionAdjustment.java:58)
org.sosy_lab.cpachecker.core.algorithm.CPAAlgorithm.handleState(CPAAlgorithm.java:358)
org.sosy_lab.cpachecker.core.algorithm.CPAAlgorithm.run0(CPAAlgorithm.java:291)
org.sosy_lab.cpachecker.core.algorithm.CPAAlgorithm.run(CPAAlgorithm.java:262)
org.sosy_lab.cpachecker.core.algorithm.CEGARAlgorithm.run(CEGARAlgorithm.java:240)
org.sosy_lab.cpachecker.core.algorithm.termination.TerminationAlgorithm.proveLoopTermination(TerminationAlgorithm.java:330)
org.sosy_lab.cpachecker.core.algorithm.termination.TerminationAlgorithm.run0(TerminationAlgorithm.java:267)
org.sosy_lab.cpachecker.core.algorithm.termination.TerminationAlgorithm.run(TerminationAlgorithm.java:232)
org.sosy_lab.cpachecker.core.CPAchecker.runAlgorithm(CPAchecker.java:549)
org.sosy_lab.cpachecker.core.CPAchecker.run0(CPAchecker.java:407)
org.sosy_lab.cpachecker.core.CPAchecker.run(CPAchecker.java:312)
org.sosy_lab.cpachecker.cmdline.CPAMain.main(CPAMain.java:157) 
 (ForceTerminationOnShutdown.run, INFO)


--- VGuide batch runner post-process 2026-06-18T02:33:07+08:00 ---
Verification result: UNKNOWN, incomplete analysis (SMT hang; forced termination after shutdown grace).
Total time for CPAchecker: 300.000s
