Running CPAchecker with Java heap of size 2000M.
Running CPAchecker with default stack size (1024k). Specify a larger value with --stack if needed.
Using the following resource limits: CPU-time limit of 300s (ResourceLimitChecker.fromConfiguration, INFO)

CPAchecker 4.2.2-2096-gb9f51b640f+ / termination-composition-lassoBasedAnalysis (OpenJDK 64-Bit Server VM 21.0.10) started (CPAchecker.run, INFO)

Parsing CFA from file(s) "/home/swear01/sv-benchmarks/c/termination-crafted-lit/AliasDarteFeautrierGonnord-SAS2010-while2.c" (CPAchecker.parse, INFO)

Using predicate analysis with MathSAT5 version 5.6.11 (1a1154baf0ab) (Aug  9 2024 08:45:22, gmp 6.2.0, gcc 7.5.0, 64-bit, reentrant) and JFactory 1.21. (PredicateCPA:PredicateCPA.<init>, INFO)

Using refinement for predicate analysis with PredicateAbstractionRefinementStrategy strategy. (PredicateCPA:PredicateCPARefiner.<init>, INFO)

Using unsound approximation of ints with unbounded integers and floats with rationals for encoding program semantics. (FormulaManagerView.<init>, WARNING)

The following configuration options were specified but are not used:
 counterexample.checker.config
 counterexample.checker 
 (CPAchecker.printConfigurationWarnings, WARNING)

Starting analysis ... (CPAchecker.runAlgorithm, INFO)

Starting termination algorithm. (TerminationAlgorithm.run0, INFO)

refinement # 1 : predicates= 3  traceStates= 4 (PredicateCPA:PredicateCPARefiner.performRefinementForPathImpl, INFO)

refinement # 2 : predicates= 3  traceStates= 4 (PredicateCPA:PredicateCPARefiner.performRefinementForPathImpl, INFO)

refinement # 3 : predicates= 3  traceStates= 4 (PredicateCPA:PredicateCPARefiner.performRefinementForPathImpl, INFO)

refinement # 4 : predicates= 3  traceStates= 4 (PredicateCPA:PredicateCPARefiner.performRefinementForPathImpl, INFO)

refinement # 6 : predicates= 6  traceStates= 7 (PredicateCPA:PredicateCPARefiner.performRefinementForPathImpl, INFO)

refinement # 7 : predicates= 4  traceStates= 5 (PredicateCPA:PredicateCPARefiner.performRefinementForPathImpl, INFO)

refinement # 8 : predicates= 7  traceStates= 8 (PredicateCPA:PredicateCPARefiner.performRefinementForPathImpl, INFO)

Termination algorithm did not find a non-terminating loop. (TerminationAlgorithm.run0, INFO)

Stopping analysis ... (CPAchecker.runAlgorithm, INFO)


PredicateCPA statistics
-----------------------
Number of abstractions:            78 (10% of all post computations)
  Times abstraction was reused:    0
  Because of function entry/exit:  0 (0%)
  Because of loop head:            66 (85%)
  Because of join nodes:           0 (0%)
  Because of threshold:            0 (0%)
  Because of target state:         12 (15%)
  Times precision was empty:       33 (42%)
  Times precision was {false}:     5 (6%)
  Times result was cached:         8 (10%)
  Times cartesian abs was used:    0 (0%)
  Times boolean abs was used:      32 (41%)
  Times result was 'false':        9 (12%)
Number of strengthen sat checks:   0
Number of coverage checks:         174
  BDD entailment checks:           68
Number of SMT sat checks:          0
  trivial:                         0
  cached:                          0

Max ABE block size:                       9
Avg ABE block size:                                4.35 (sum: 339, count: 78, min: 0, max: 9)
Number of predicates discovered:          9
Number of abstraction locations:          3
Max number of predicates per location:    5
Avg number of predicates per location:    3
Total predicates per abstraction:         99
Max number of predicates per abstraction: 5
Avg number of predicates per abstraction: 2.68
Number of irrelevant predicates:          22 (22%)
Number of preds handled by boolean abs:   67 (68%)
  Total number of models for allsat:      42
  Max number of models for allsat:        2
  Avg number of models for allsat:        1.31
Number of path formula cache hits:        250 (28%)

Time for post operator:                                0.074s
  Time for path formula creation:                      0.072s
Time for strengthen operator:                          0.010s
Time for prec operator:                                0.055s
  Time for abstraction:                  0.047s (Max:     0.003s, Count: 78)
    Boolean abstraction:                 0.015s
    Solving time:                        0.011s (Max:     0.001s)
    Model enumeration time:              0.004s
    Time for BDD construction:           0.001s (Max:     0.001s)
Time for merge operator:                               0.002s
Time for coverage checks:                              0.000s
  Time for BDD entailment checks:                      0.000s
Total time for SMT solver (w/o itp):     0.015s

Number of BDD nodes:                               232
Size of BDD node table:                            100511
Size of BDD cache:                                 10061
Size of BDD node cleanup queue:                    0.00 (sum: 0, count: 353, min: 0, max: 0)
Time for BDD node cleanup:                             0.000s
Time for BDD garbage collection:                       0.000s (in 0 runs)

Invariant Generation statistics
-------------------------------

AutomatonAnalysis (NonTerminationLabelAutomaton) statistics
-----------------------------------------------------------
Number of states:                                  1
Total time for successor computation:                  0.006s
Automaton transfers with branching:                0
Automaton transfer successors:                     1.00 (sum: 789, count: 789, min: 1, max: 1) [1 x 789]
Number of states with assumption transitions:      0

AutomatonAnalysis (TerminatingFunctions) statistics
---------------------------------------------------
Number of states:                                  1
Total time for successor computation:                  0.000s
Automaton transfers with branching:                0
Automaton transfer successors:                     1.00 (sum: 789, count: 789, min: 1, max: 1) [1 x 789]
Number of states with assumption transitions:      0

Termination Algorithm statistics
--------------------------------
Total time :                                            0.520s
Time for recursion analysis:                            0.002s

Number of analysed loops:                               2 (100%)
Total time for loop analysis:                           0.518s
  Avg time per loop analysis:                           0.259s
  Max time per loop analysis:                           0.293s

Number of safety analysis runs:                         4
  Avg safety analysis run per loop:                     2.00
  Max safety analysis run per loop:                     2 	 for loops [N36], [N42]
Total time for safety analysis:                         0.247s
  Avg time per safety analysis run:                     0.061s
  Max time per safety analysis run:                     0.079s

Number of analysed lassos:                              2
  Avg number of lassos per loop:                        1.00
  Max number of lassos per loop:                        1 	 for loops [N36], [N42]
  Avg number of lassos per iteration:                   1.00
  Max number of lassos per iteration:                   1

Total time for lassos analysis:                         0.265s
  Avg time per iteration:                               0.132s
  Max time per iteration:                               0.158s
  Time for lassos construction:                         0.063s
    Avg time for lasso construction per iteration:      0.031s
    Max time for lasso construction per iteration:      0.044s
      Time for stem and loop construction:                         0.000s
        Avg time for stem and loop construction per iteration:      0.000s
        Max time for stem and loop construction per iteration:      0.000s
      Time for lassos creation:                         0.057s
        Avg time for lassos creation per iteration:      0.028s
        Max time for lassos creation per iteration:      0.039s
  Total time for non-termination analysis:              0.059s
    Avg time for non-termination analysis per lasso:    0.029s
    Max time for non-termination analysis per lasso:    0.037s
  Total time for termination analysis:                  0.143s
    Avg time for termination analysis per lasso:        0.071s
    Max time for termination analysis per lasso:        0.077s

Total number of termination arguments:                  2
  Avg termination arguments per loop:                   1.00
  Max termination arguments per loop:                   1 	 for loops [N42], [N36]

  affine:                                               2

Code Coverage
-----------------------------
  Function coverage:      1.000
  Visited lines:          10
  Total lines:            10
  Line coverage:          1.000
  Visited conditions:     4
  Total conditions:       8
  Condition coverage:     0.500

CPAchecker general statistics
-----------------------------
Number of program locations:                       22
Number of CFA edges (per node):                          23 (count: 22, min: 0, max: 2, avg: 1.05)
Number of relevant variables:                      3
Number of functions:                               1
Number of loops (and loop nodes):                         2 (sum: 11, min: 3, max: 8, avg: 5.50)
Size of reached set:             40
  Number of reached locations:   13 (59%)
    Avg states per location:     3
    Max states per location:     5 (at node N38)
  Number of reached functions:   1 (100%)
  Number of partitions:          31
    Avg size of partitions:      1
    Max size of partitions:      4 (with key [N42 (before line 19), Function main called from node N24, stack depth 1 [3f4cd155], stack [main]])
  Number of target states:       0

Time for analysis setup:          0.706s
  Time for loading CPAs:          0.210s
  Time for loading parser:        0.088s
  Time for CFA construction:      0.222s
    Time for parsing file(s):     0.087s
    Time for AST to CFA:          0.073s
    Time for CFA sanity check:    0.007s
    Time for post-processing:     0.041s
    Time for loop structure:      0.006s
    Time for AST structure:       0.000s
      Time for function pointers resolving:            0.002s
        Function calls via function pointers:             0 (count: 1, min: 0, max: 0, avg: 0.00)
        Instrumented function pointer calls:              0 (count: 1, min: 0, max: 0, avg: 0.00)
        Function calls with function pointer arguments:        0 (count: 1, min: 0, max: 0, avg: 0.00)
        Instrumented function pointer arguments:          0 (count: 1, min: 0, max: 0, avg: 0.00)
      Time for classifying variables:                  0.016s
        Time for collecting variables:                 0.007s
        Time for solving dependencies:                 0.000s
        Time for building hierarchy:                   0.000s
        Time for building classification:              0.009s
        Time for exporting data:                       0.000s
Time for Analysis:                0.520s
CPU time for analysis:            1.820s
Time for analyzing result:        0.000s
Total time for CPAchecker:        1.227s
Total CPU time for CPAchecker:    3.430s
Time for statistics:              0.065s

Time for Garbage Collector:       0.014s (in 2 runs)
Garbage Collector(s) used:    PS MarkSweep, PS Scavenge
Used heap memory:                191MB (   182 MiB) max;    143MB (   137 MiB) avg;    232MB (   221 MiB) peak
Used non-heap memory:             52MB (    50 MiB) max;     36MB (    34 MiB) avg;     55MB (    53 MiB) peak
Used in PS Old Gen pool:          16MB (    15 MiB) max;      9MB (     8 MiB) avg;     16MB (    15 MiB) peak
Allocated heap memory:          2010MB (  1917 MiB) max;   2010MB (  1917 MiB) avg
Allocated non-heap memory:        54MB (    51 MiB) max;     38MB (    36 MiB) avg
Total process virtual memory:   8137MB (  7760 MiB) max;   6468MB (  6168 MiB) avg

Verification result: TRUE. No property violation found by chosen configuration.
More details about the verification run can be found in the directory "./output".
