Running CPAchecker with Java heap of size 2000M.
Running CPAchecker with default stack size (1024k). Specify a larger value with --stack if needed.
Using the following resource limits: CPU-time limit of 300s (ResourceLimitChecker.fromConfiguration, INFO)

CPAchecker 4.2.2-2096-gb9f51b640f+ / termination-composition-lassoBasedAnalysis (OpenJDK 64-Bit Server VM 21.0.10) started (CPAchecker.run, INFO)

Parsing CFA from file(s) "/home/swear01/sv-benchmarks/c/termination-crafted-lit/AliasDarteFeautrierGonnord-SAS2010-Fig1.c" (CPAchecker.parse, INFO)

Using predicate analysis with MathSAT5 version 5.6.11 (1a1154baf0ab) (Aug  9 2024 08:45:22, gmp 6.2.0, gcc 7.5.0, 64-bit, reentrant) and JFactory 1.21. (PredicateCPA:PredicateCPA.<init>, INFO)

Using refinement for predicate analysis with PredicateAbstractionRefinementStrategy strategy. (PredicateCPA:PredicateCPARefiner.<init>, INFO)

Using unsound approximation of ints with unbounded integers and floats with rationals for encoding program semantics. (FormulaManagerView.<init>, WARNING)

The following configuration options were specified but are not used:
 counterexample.checker.config
 counterexample.checker 
 (CPAchecker.printConfigurationWarnings, WARNING)

Starting analysis ... (CPAchecker.runAlgorithm, INFO)

Starting termination algorithm. (TerminationAlgorithm.run0, INFO)

refinement # 1 : predicates= 3  traceStates= 4 (PredicateCPA:PredicateCPARefiner.performRefinementForPathImpl, INFO)

refinement # 2 : predicates= 3  traceStates= 4 (PredicateCPA:PredicateCPARefiner.performRefinementForPathImpl, INFO)

refinement # 4 : predicates= 2  traceStates= 3 (PredicateCPA:PredicateCPARefiner.performRefinementForPathImpl, INFO)

refinement # 5 : predicates= 3  traceStates= 4 (PredicateCPA:PredicateCPARefiner.performRefinementForPathImpl, INFO)

refinement # 6 : predicates= 3  traceStates= 4 (PredicateCPA:PredicateCPARefiner.performRefinementForPathImpl, INFO)

refinement # 8 : predicates= 3  traceStates= 4 (PredicateCPA:PredicateCPARefiner.performRefinementForPathImpl, INFO)

refinement # 9 : predicates= 4  traceStates= 5 (PredicateCPA:PredicateCPARefiner.performRefinementForPathImpl, INFO)

refinement # 10 : predicates= 5  traceStates= 6 (PredicateCPA:PredicateCPARefiner.performRefinementForPathImpl, INFO)

Termination algorithm did not find a non-terminating loop. (TerminationAlgorithm.run0, INFO)

Stopping analysis ... (CPAchecker.runAlgorithm, INFO)


PredicateCPA statistics
-----------------------
Number of abstractions:            113 (9% of all post computations)
  Times abstraction was reused:    0
  Because of function entry/exit:  0 (0%)
  Because of loop head:            95 (84%)
  Because of join nodes:           0 (0%)
  Because of threshold:            0 (0%)
  Because of target state:         18 (16%)
  Times precision was empty:       44 (39%)
  Times precision was {false}:     14 (12%)
  Times result was cached:         1 (1%)
  Times cartesian abs was used:    0 (0%)
  Times boolean abs was used:      54 (48%)
  Times result was 'false':        6 (5%)
Number of strengthen sat checks:   0
Number of coverage checks:         372
  BDD entailment checks:           160
Number of SMT sat checks:          0
  trivial:                         0
  cached:                          0

Max ABE block size:                       15
Avg ABE block size:                                8.19 (sum: 926, count: 113, min: 0, max: 15)
Number of predicates discovered:          12
Number of abstraction locations:          3
Max number of predicates per location:    9
Avg number of predicates per location:    4
Total predicates per abstraction:         246
Max number of predicates per abstraction: 9
Avg number of predicates per abstraction: 3.62
Number of irrelevant predicates:          55 (22%)
Number of preds handled by boolean abs:   190 (77%)
  Total number of models for allsat:      124
  Max number of models for allsat:        8
  Avg number of models for allsat:        2.30
Number of path formula cache hits:        395 (28%)

Time for post operator:                                0.134s
  Time for path formula creation:                      0.128s
Time for strengthen operator:                          0.024s
Time for prec operator:                                0.139s
  Time for abstraction:                  0.126s (Max:     0.004s, Count: 113)
    Boolean abstraction:                 0.052s
    Solving time:                        0.043s (Max:     0.002s)
    Model enumeration time:              0.011s
    Time for BDD construction:           0.006s (Max:     0.001s)
Time for merge operator:                               0.007s
Time for coverage checks:                              0.002s
  Time for BDD entailment checks:                      0.001s
Total time for SMT solver (w/o itp):     0.054s

Number of BDD nodes:                               401
Size of BDD node table:                            100511
Size of BDD cache:                                 10061
Size of BDD node cleanup queue:                    0.00 (sum: 0, count: 689, min: 0, max: 0)
Time for BDD node cleanup:                             0.001s
Time for BDD garbage collection:                       0.000s (in 0 runs)

Invariant Generation statistics
-------------------------------

AutomatonAnalysis (NonTerminationLabelAutomaton) statistics
-----------------------------------------------------------
Number of states:                                  1
Total time for successor computation:                  0.011s
Automaton transfers with branching:                0
Automaton transfer successors:                     1.00 (sum: 1241, count: 1241, min: 1, max: 1) [1 x 1241]
Number of states with assumption transitions:      0

AutomatonAnalysis (TerminatingFunctions) statistics
---------------------------------------------------
Number of states:                                  1
Total time for successor computation:                  0.002s
Automaton transfers with branching:                0
Automaton transfer successors:                     1.00 (sum: 1241, count: 1241, min: 1, max: 1) [1 x 1241]
Number of states with assumption transitions:      0

Termination Algorithm statistics
--------------------------------
Total time :                                            1.521s
Time for recursion analysis:                            0.002s

Number of analysed loops:                               2 (100%)
Total time for loop analysis:                           1.518s
  Avg time per loop analysis:                           0.759s
  Max time per loop analysis:                           0.781s

Number of safety analysis runs:                         5
  Avg safety analysis run per loop:                     2.50
  Max safety analysis run per loop:                     3 	 for loops [N46]
Total time for safety analysis:                         0.498s
  Avg time per safety analysis run:                     0.099s
  Max time per safety analysis run:                     0.183s

Number of analysed lassos:                              9
  Avg number of lassos per loop:                        4.50
  Max number of lassos per loop:                        5 	 for loops [N46]
  Avg number of lassos per iteration:                   3.00
  Max number of lassos per iteration:                   4

Total time for lassos analysis:                         1.015s
  Avg time per iteration:                               0.338s
  Max time per iteration:                               0.559s
  Time for lassos construction:                         0.116s
    Avg time for lasso construction per iteration:      0.038s
    Max time for lasso construction per iteration:      0.082s
      Time for stem and loop construction:                         0.000s
        Avg time for stem and loop construction per iteration:      0.000s
        Max time for stem and loop construction per iteration:      0.000s
      Time for lassos creation:                         0.105s
        Avg time for lassos creation per iteration:      0.035s
        Max time for lassos creation per iteration:      0.073s
  Total time for non-termination analysis:              0.246s
    Avg time for non-termination analysis per lasso:    0.027s
    Max time for non-termination analysis per lasso:    0.066s
  Total time for termination analysis:                  0.652s
    Avg time for termination analysis per lasso:        0.072s
    Max time for termination analysis per lasso:        0.100s

Total number of termination arguments:                  9
  Avg termination arguments per loop:                   4.50
  Max termination arguments per loop:                   5 	 for loops [N46]

  affine:                                               9

Code Coverage
-----------------------------
  Function coverage:      1.000
  Visited lines:          14
  Total lines:            14
  Line coverage:          1.000
  Visited conditions:     10
  Total conditions:       20
  Condition coverage:     0.500

CPAchecker general statistics
-----------------------------
Number of program locations:                       31
Number of CFA edges (per node):                          35 (count: 31, min: 0, max: 2, avg: 1.13)
Number of relevant variables:                      5
Number of functions:                               1
Number of loops (and loop nodes):                         2 (sum: 22, min: 6, max: 16, avg: 11.00)
Size of reached set:             89
  Number of reached locations:   19 (61%)
    Avg states per location:     4
    Max states per location:     11 (at node N47)
  Number of reached functions:   1 (100%)
  Number of partitions:          65
    Avg size of partitions:      1
    Max size of partitions:      5 (with key [N46 (before line 18), Function main called from node N33, stack depth 1 [5b84f14], stack [main]])
  Number of target states:       0

Time for analysis setup:          6.057s
  Time for loading CPAs:          0.168s
  Time for loading parser:        0.085s
  Time for CFA construction:      0.345s
    Time for parsing file(s):     0.086s
    Time for AST to CFA:          0.130s
    Time for CFA sanity check:    0.011s
    Time for post-processing:     0.097s
    Time for loop structure:      0.006s
    Time for AST structure:       0.000s
      Time for function pointers resolving:            0.005s
        Function calls via function pointers:             0 (count: 1, min: 0, max: 0, avg: 0.00)
        Instrumented function pointer calls:              0 (count: 1, min: 0, max: 0, avg: 0.00)
        Function calls with function pointer arguments:        0 (count: 1, min: 0, max: 0, avg: 0.00)
        Instrumented function pointer arguments:          0 (count: 1, min: 0, max: 0, avg: 0.00)
      Time for classifying variables:                  0.052s
        Time for collecting variables:                 0.017s
        Time for solving dependencies:                 0.000s
        Time for building hierarchy:                   0.000s
        Time for building classification:              0.035s
        Time for exporting data:                       0.000s
Time for Analysis:                1.521s
CPU time for analysis:            3.630s
Time for analyzing result:        0.000s
Total time for CPAchecker:        7.579s
Total CPU time for CPAchecker:    5.170s
Time for statistics:              0.103s

Time for Garbage Collector:       0.013s (in 2 runs)
Garbage Collector(s) used:    PS MarkSweep, PS Scavenge
Used heap memory:                493MB (   470 MiB) max;    184MB (   175 MiB) avg;    529MB (   505 MiB) peak
Used non-heap memory:             58MB (    55 MiB) max;     32MB (    30 MiB) avg;     61MB (    58 MiB) peak
Used in PS Old Gen pool:          16MB (    15 MiB) max;      4MB (     4 MiB) avg;     16MB (    15 MiB) peak
Allocated heap memory:          2010MB (  1917 MiB) max;   2010MB (  1917 MiB) avg
Allocated non-heap memory:        59MB (    56 MiB) max;     34MB (    33 MiB) avg
Total process virtual memory:  10243MB (  9769 MiB) max;   5979MB (  5702 MiB) avg

Verification result: TRUE. No property violation found by chosen configuration.
More details about the verification run can be found in the directory "./output".
