Running CPAchecker with Java heap of size 2000M.
Running CPAchecker with default stack size (1024k). Specify a larger value with --stack if needed.
Using the following resource limits: CPU-time limit of 300s (ResourceLimitChecker.fromConfiguration, INFO)

CPAchecker 4.2.2-2096-gb9f51b640f+ / termination-composition-lassoBasedAnalysis (OpenJDK 64-Bit Server VM 21.0.10) started (CPAchecker.run, INFO)

Parsing CFA from file(s) "/home/swear01/sv-benchmarks/c/termination-crafted-lit/AliasDarteFeautrierGonnord-SAS2010-speedpldi3.c" (CPAchecker.parse, INFO)

Using predicate analysis with MathSAT5 version 5.6.11 (1a1154baf0ab) (Aug  9 2024 08:45:22, gmp 6.2.0, gcc 7.5.0, 64-bit, reentrant) and JFactory 1.21. (PredicateCPA:PredicateCPA.<init>, INFO)

Using refinement for predicate analysis with PredicateAbstractionRefinementStrategy strategy. (PredicateCPA:PredicateCPARefiner.<init>, INFO)

Using unsound approximation of ints with unbounded integers and floats with rationals for encoding program semantics. (FormulaManagerView.<init>, WARNING)

The following configuration options were specified but are not used:
 counterexample.checker.config
 counterexample.checker 
 (CPAchecker.printConfigurationWarnings, WARNING)

Starting analysis ... (CPAchecker.runAlgorithm, INFO)

Starting termination algorithm. (TerminationAlgorithm.run0, INFO)

refinement # 1 : predicates= 2  traceStates= 3 (PredicateCPA:PredicateCPARefiner.performRefinementForPathImpl, INFO)

refinement # 2 : predicates= 2  traceStates= 3 (PredicateCPA:PredicateCPARefiner.performRefinementForPathImpl, INFO)

refinement # 4 : predicates= 3  traceStates= 4 (PredicateCPA:PredicateCPARefiner.performRefinementForPathImpl, INFO)

refinement # 5 : predicates= 3  traceStates= 4 (PredicateCPA:PredicateCPARefiner.performRefinementForPathImpl, INFO)

Termination algorithm did not find a non-terminating loop. (TerminationAlgorithm.run0, INFO)

Stopping analysis ... (CPAchecker.runAlgorithm, INFO)


PredicateCPA statistics
-----------------------
Number of abstractions:            48 (5% of all post computations)
  Times abstraction was reused:    0
  Because of function entry/exit:  0 (0%)
  Because of loop head:            32 (67%)
  Because of join nodes:           0 (0%)
  Because of threshold:            0 (0%)
  Because of target state:         16 (33%)
  Times precision was empty:       11 (23%)
  Times precision was {false}:     14 (29%)
  Times result was cached:         0 (0%)
  Times cartesian abs was used:    0 (0%)
  Times boolean abs was used:      23 (48%)
  Times result was 'false':        9 (19%)
Number of strengthen sat checks:   0
Number of coverage checks:         313
  BDD entailment checks:           99
Number of SMT sat checks:          0
  trivial:                         0
  cached:                          0

Max ABE block size:                       14
Avg ABE block size:                                7.19 (sum: 345, count: 48, min: 0, max: 14)
Number of predicates discovered:          14
Number of abstraction locations:          2
Max number of predicates per location:    14
Avg number of predicates per location:    7
Total predicates per abstraction:         280
Max number of predicates per abstraction: 14
Avg number of predicates per abstraction: 7.57
Number of irrelevant predicates:          40 (14%)
Number of preds handled by boolean abs:   240 (86%)
  Total number of models for allsat:      329
  Max number of models for allsat:        64
  Avg number of models for allsat:        14.30
Number of path formula cache hits:        320 (27%)

Time for post operator:                                0.106s
  Time for path formula creation:                      0.103s
Time for strengthen operator:                          0.027s
Time for prec operator:                                0.173s
  Time for abstraction:                  0.168s (Max:     0.014s, Count: 48)
    Boolean abstraction:                 0.082s
    Solving time:                        0.035s (Max:     0.002s)
    Model enumeration time:              0.044s
    Time for BDD construction:           0.011s (Max:     0.001s)
Time for merge operator:                               0.005s
Time for coverage checks:                              0.002s
  Time for BDD entailment checks:                      0.001s
Total time for SMT solver (w/o itp):     0.079s

Number of BDD nodes:                               3666
Size of BDD node table:                            100511
Size of BDD cache:                                 10061
Size of BDD node cleanup queue:                    0.00 (sum: 0, count: 708, min: 0, max: 0)
Time for BDD node cleanup:                             0.000s
Time for BDD garbage collection:                       0.000s (in 0 runs)

Invariant Generation statistics
-------------------------------

AutomatonAnalysis (NonTerminationLabelAutomaton) statistics
-----------------------------------------------------------
Number of states:                                  1
Total time for successor computation:                  0.007s
Automaton transfers with branching:                0
Automaton transfer successors:                     1.00 (sum: 1037, count: 1037, min: 1, max: 1) [1 x 1037]
Number of states with assumption transitions:      0

AutomatonAnalysis (TerminatingFunctions) statistics
---------------------------------------------------
Number of states:                                  1
Total time for successor computation:                  0.001s
Automaton transfers with branching:                0
Automaton transfer successors:                     1.00 (sum: 1037, count: 1037, min: 1, max: 1) [1 x 1037]
Number of states with assumption transitions:      0

Termination Algorithm statistics
--------------------------------
Total time :                                            0.851s
Time for recursion analysis:                            0.003s

Number of analysed loops:                               1 (100%)
Total time for loop analysis:                           0.848s
  Avg time per loop analysis:                           0.848s
  Max time per loop analysis:                           0.848s

Number of safety analysis runs:                         3
  Avg safety analysis run per loop:                     3.00
  Max safety analysis run per loop:                     3 	 for loops [N48]
Total time for safety analysis:                         0.467s
  Avg time per safety analysis run:                     0.155s
  Max time per safety analysis run:                     0.244s

Number of analysed lassos:                              2
  Avg number of lassos per loop:                        2.00
  Max number of lassos per loop:                        2 	 for loops [N48]
  Avg number of lassos per iteration:                   1.00
  Max number of lassos per iteration:                   1

Total time for lassos analysis:                         0.376s
  Avg time per iteration:                               0.188s
  Max time per iteration:                               0.251s
  Time for lassos construction:                         0.092s
    Avg time for lasso construction per iteration:      0.046s
    Max time for lasso construction per iteration:      0.065s
      Time for stem and loop construction:                         0.000s
        Avg time for stem and loop construction per iteration:      0.000s
        Max time for stem and loop construction per iteration:      0.000s
      Time for lassos creation:                         0.082s
        Avg time for lassos creation per iteration:      0.041s
        Max time for lassos creation per iteration:      0.057s
  Total time for non-termination analysis:              0.076s
    Avg time for non-termination analysis per lasso:    0.038s
    Max time for non-termination analysis per lasso:    0.057s
  Total time for termination analysis:                  0.208s
    Avg time for termination analysis per lasso:        0.104s
    Max time for termination analysis per lasso:        0.129s

Total number of termination arguments:                  2
  Avg termination arguments per loop:                   2.00
  Max termination arguments per loop:                   2 	 for loops [N48]

  affine:                                               2

Code Coverage
-----------------------------
  Function coverage:      1.000
  Visited lines:          13
  Total lines:            13
  Line coverage:          1.000
  Visited conditions:     8
  Total conditions:       16
  Condition coverage:     0.500

CPAchecker general statistics
-----------------------------
Number of program locations:                       28
Number of CFA edges (per node):                          31 (count: 28, min: 0, max: 2, avg: 1.11)
Number of relevant variables:                      4
Number of functions:                               1
Number of loops (and loop nodes):                         1 (sum: 8, min: 8, max: 8, avg: 8.00)
Size of reached set:             105
  Number of reached locations:   16 (57%)
    Avg states per location:     6
    Max states per location:     13 (at node N50)
  Number of reached functions:   1 (100%)
  Number of partitions:          78
    Avg size of partitions:      1
    Max size of partitions:      10 (with key [N48 (before line 20), Function main called from node N30, stack depth 1 [36bc415e], stack [main]])
  Number of target states:       0

Time for analysis setup:          0.677s
  Time for loading CPAs:          0.161s
  Time for loading parser:        0.092s
  Time for CFA construction:      0.247s
    Time for parsing file(s):     0.105s
    Time for AST to CFA:          0.065s
    Time for CFA sanity check:    0.007s
    Time for post-processing:     0.050s
    Time for loop structure:      0.003s
    Time for AST structure:       0.000s
      Time for function pointers resolving:            0.001s
        Function calls via function pointers:             0 (count: 1, min: 0, max: 0, avg: 0.00)
        Instrumented function pointer calls:              0 (count: 1, min: 0, max: 0, avg: 0.00)
        Function calls with function pointer arguments:        0 (count: 1, min: 0, max: 0, avg: 0.00)
        Instrumented function pointer arguments:          0 (count: 1, min: 0, max: 0, avg: 0.00)
      Time for classifying variables:                  0.029s
        Time for collecting variables:                 0.012s
        Time for solving dependencies:                 0.001s
        Time for building hierarchy:                   0.000s
        Time for building classification:              0.016s
        Time for exporting data:                       0.000s
Time for Analysis:                0.851s
CPU time for analysis:            2.690s
Time for analyzing result:        0.000s
Total time for CPAchecker:        1.529s
Total CPU time for CPAchecker:    4.270s
Time for statistics:              0.089s

Time for Garbage Collector:       0.011s (in 2 runs)
Garbage Collector(s) used:    PS MarkSweep, PS Scavenge
Used heap memory:                216MB (   206 MiB) max;    142MB (   135 MiB) avg;    242MB (   231 MiB) peak
Used non-heap memory:             55MB (    53 MiB) max;     39MB (    37 MiB) avg;     58MB (    55 MiB) peak
Used in PS Old Gen pool:          16MB (    15 MiB) max;     10MB (    10 MiB) avg;     16MB (    15 MiB) peak
Allocated heap memory:          2010MB (  1917 MiB) max;   2010MB (  1917 MiB) avg
Allocated non-heap memory:        56MB (    53 MiB) max;     40MB (    38 MiB) avg
Total process virtual memory:   8205MB (  7825 MiB) max;   6700MB (  6389 MiB) avg

Verification result: TRUE. No property violation found by chosen configuration.
More details about the verification run can be found in the directory "./output".
