Running CPAchecker with Java heap of size 2000M.
Running CPAchecker with default stack size (1024k). Specify a larger value with --stack if needed.
Using the following resource limits: CPU-time limit of 300s (ResourceLimitChecker.fromConfiguration, INFO)

CPAchecker 4.2.2-2096-gb9f51b640f+ / termination-composition-lassoBasedAnalysis (OpenJDK 64-Bit Server VM 21.0.10) started (CPAchecker.run, INFO)

Parsing CFA from file(s) "/home/swear01/sv-benchmarks/c/termination-crafted-lit/AliasDarteFeautrierGonnord-SAS2010-wise.c" (CPAchecker.parse, INFO)

Using predicate analysis with MathSAT5 version 5.6.11 (1a1154baf0ab) (Aug  9 2024 08:45:22, gmp 6.2.0, gcc 7.5.0, 64-bit, reentrant) and JFactory 1.21. (PredicateCPA:PredicateCPA.<init>, INFO)

Using refinement for predicate analysis with PredicateAbstractionRefinementStrategy strategy. (PredicateCPA:PredicateCPARefiner.<init>, INFO)

Using unsound approximation of ints with unbounded integers and floats with rationals for encoding program semantics. (FormulaManagerView.<init>, WARNING)

The following configuration options were specified but are not used:
 counterexample.checker.config
 counterexample.checker 
 (CPAchecker.printConfigurationWarnings, WARNING)

Starting analysis ... (CPAchecker.runAlgorithm, INFO)

Starting termination algorithm. (TerminationAlgorithm.run0, INFO)

refinement # 1 : predicates= 2  traceStates= 3 (PredicateCPA:PredicateCPARefiner.performRefinementForPathImpl, INFO)

refinement # 2 : predicates= 2  traceStates= 3 (PredicateCPA:PredicateCPARefiner.performRefinementForPathImpl, INFO)

Termination algorithm did not find a non-terminating loop. (TerminationAlgorithm.run0, INFO)

Stopping analysis ... (CPAchecker.runAlgorithm, INFO)


PredicateCPA statistics
-----------------------
Number of abstractions:            19 (5% of all post computations)
  Times abstraction was reused:    0
  Because of function entry/exit:  0 (0%)
  Because of loop head:            13 (68%)
  Because of join nodes:           0 (0%)
  Because of threshold:            0 (0%)
  Because of target state:         6 (32%)
  Times precision was empty:       13 (68%)
  Times precision was {false}:     4 (21%)
  Times result was cached:         0 (0%)
  Times cartesian abs was used:    0 (0%)
  Times boolean abs was used:      2 (11%)
  Times result was 'false':        1 (5%)
Number of strengthen sat checks:   0
Number of coverage checks:         164
  BDD entailment checks:           6
Number of SMT sat checks:          0
  trivial:                         0
  cached:                          0

Max ABE block size:                       10
Avg ABE block size:                                6.05 (sum: 115, count: 19, min: 0, max: 10)
Number of predicates discovered:          5
Number of abstraction locations:          2
Max number of predicates per location:    5
Avg number of predicates per location:    3
Total predicates per abstraction:         14
Max number of predicates per abstraction: 5
Avg number of predicates per abstraction: 2.33
Number of irrelevant predicates:          6 (43%)
Number of preds handled by boolean abs:   8 (57%)
  Total number of models for allsat:      4
  Max number of models for allsat:        2
  Avg number of models for allsat:        2.00
Number of path formula cache hits:        135 (25%)

Time for post operator:                                0.057s
  Time for path formula creation:                      0.055s
Time for strengthen operator:                          0.011s
Time for prec operator:                                0.025s
  Time for abstraction:                  0.023s (Max:     0.007s, Count: 19)
    Boolean abstraction:                 0.005s
    Solving time:                        0.004s (Max:     0.001s)
    Model enumeration time:              0.002s
    Time for BDD construction:           0.001s (Max:     0.001s)
Time for merge operator:                               0.002s
Time for coverage checks:                              0.001s
  Time for BDD entailment checks:                      0.001s
Total time for SMT solver (w/o itp):     0.006s

Number of BDD nodes:                               215
Size of BDD node table:                            100511
Size of BDD cache:                                 10061
Size of BDD node cleanup queue:                    0.00 (sum: 0, count: 72, min: 0, max: 0)
Time for BDD node cleanup:                             0.000s
Time for BDD garbage collection:                       0.000s (in 0 runs)

Invariant Generation statistics
-------------------------------

AutomatonAnalysis (NonTerminationLabelAutomaton) statistics
-----------------------------------------------------------
Number of states:                                  1
Total time for successor computation:                  0.005s
Automaton transfers with branching:                0
Automaton transfer successors:                     1.00 (sum: 418, count: 418, min: 1, max: 1) [1 x 418]
Number of states with assumption transitions:      0

AutomatonAnalysis (TerminatingFunctions) statistics
---------------------------------------------------
Number of states:                                  1
Total time for successor computation:                  0.003s
Automaton transfers with branching:                0
Automaton transfer successors:                     1.00 (sum: 418, count: 418, min: 1, max: 1) [1 x 418]
Number of states with assumption transitions:      0

Termination Algorithm statistics
--------------------------------
Total time :                                            0.488s
Time for recursion analysis:                            0.005s

Number of analysed loops:                               1 (100%)
Total time for loop analysis:                           0.483s
  Avg time per loop analysis:                           0.483s
  Max time per loop analysis:                           0.483s

Number of safety analysis runs:                         3
  Avg safety analysis run per loop:                     3.00
  Max safety analysis run per loop:                     3 	 for loops [N41]
Total time for safety analysis:                         0.193s
  Avg time per safety analysis run:                     0.064s
  Max time per safety analysis run:                     0.086s

Number of analysed lassos:                              2
  Avg number of lassos per loop:                        2.00
  Max number of lassos per loop:                        2 	 for loops [N41]
  Avg number of lassos per iteration:                   1.00
  Max number of lassos per iteration:                   1

Total time for lassos analysis:                         0.284s
  Avg time per iteration:                               0.142s
  Max time per iteration:                               0.177s
  Time for lassos construction:                         0.071s
    Avg time for lasso construction per iteration:      0.035s
    Max time for lasso construction per iteration:      0.054s
      Time for stem and loop construction:                         0.000s
        Avg time for stem and loop construction per iteration:      0.000s
        Max time for stem and loop construction per iteration:      0.000s
      Time for lassos creation:                         0.060s
        Avg time for lassos creation per iteration:      0.030s
        Max time for lassos creation per iteration:      0.045s
  Total time for non-termination analysis:              0.058s
    Avg time for non-termination analysis per lasso:    0.029s
    Max time for non-termination analysis per lasso:    0.045s
  Total time for termination analysis:                  0.155s
    Avg time for termination analysis per lasso:        0.077s
    Max time for termination analysis per lasso:        0.078s

Total number of termination arguments:                  2
  Avg termination arguments per loop:                   2.00
  Max termination arguments per loop:                   2 	 for loops [N41]

  affine:                                               2

Code Coverage
-----------------------------
  Function coverage:      1.000
  Visited lines:          10
  Total lines:            10
  Line coverage:          1.000
  Visited conditions:     10
  Total conditions:       20
  Condition coverage:     0.500

CPAchecker general statistics
-----------------------------
Number of program locations:                       24
Number of CFA edges (per node):                          28 (count: 24, min: 0, max: 2, avg: 1.17)
Number of relevant variables:                      2
Number of functions:                               1
Number of loops (and loop nodes):                         1 (sum: 8, min: 8, max: 8, avg: 8.00)
Size of reached set:             33
  Number of reached locations:   16 (67%)
    Avg states per location:     2
    Max states per location:     3 (at node N42)
  Number of reached functions:   1 (100%)
  Number of partitions:          25
    Avg size of partitions:      1
    Max size of partitions:      2 (with key [N41 (before line 18), Function main called from node N26, stack depth 1 [599f571f], stack [main]])
  Number of target states:       0

Time for analysis setup:          0.749s
  Time for loading CPAs:          0.169s
  Time for loading parser:        0.100s
  Time for CFA construction:      0.259s
    Time for parsing file(s):     0.111s
    Time for AST to CFA:          0.076s
    Time for CFA sanity check:    0.008s
    Time for post-processing:     0.047s
    Time for loop structure:      0.003s
    Time for AST structure:       0.000s
      Time for function pointers resolving:            0.001s
        Function calls via function pointers:             0 (count: 1, min: 0, max: 0, avg: 0.00)
        Instrumented function pointer calls:              0 (count: 1, min: 0, max: 0, avg: 0.00)
        Function calls with function pointer arguments:        0 (count: 1, min: 0, max: 0, avg: 0.00)
        Instrumented function pointer arguments:          0 (count: 1, min: 0, max: 0, avg: 0.00)
      Time for classifying variables:                  0.025s
        Time for collecting variables:                 0.012s
        Time for solving dependencies:                 0.001s
        Time for building hierarchy:                   0.000s
        Time for building classification:              0.012s
        Time for exporting data:                       0.000s
Time for Analysis:                0.488s
CPU time for analysis:            1.620s
Time for analyzing result:        0.001s
Total time for CPAchecker:        1.238s
Total CPU time for CPAchecker:    3.340s
Time for statistics:              0.087s

Time for Garbage Collector:       0.013s (in 2 runs)
Garbage Collector(s) used:    PS MarkSweep, PS Scavenge
Used heap memory:                191MB (   182 MiB) max;    137MB (   131 MiB) avg;    231MB (   221 MiB) peak
Used non-heap memory:             52MB (    49 MiB) max;     34MB (    33 MiB) avg;     55MB (    52 MiB) peak
Used in PS Old Gen pool:          16MB (    15 MiB) max;      9MB (     8 MiB) avg;     16MB (    15 MiB) peak
Allocated heap memory:          2010MB (  1917 MiB) max;   2010MB (  1917 MiB) avg
Allocated non-heap memory:        53MB (    50 MiB) max;     36MB (    35 MiB) avg
Total process virtual memory:   8069MB (  7695 MiB) max;   6457MB (  6158 MiB) avg

Verification result: TRUE. No property violation found by chosen configuration.
More details about the verification run can be found in the directory "./output".
