Running CPAchecker with Java heap of size 2000M.
Running CPAchecker with default stack size (1024k). Specify a larger value with --stack if needed.
Using the following resource limits: CPU-time limit of 300s (ResourceLimitChecker.fromConfiguration, INFO)

CPAchecker 4.2.2-2096-gb9f51b640f+ / termination-composition-lassoBasedAnalysis (OpenJDK 64-Bit Server VM 21.0.10) started (CPAchecker.run, INFO)

Parsing CFA from file(s) "/home/swear01/sv-benchmarks/c/termination-crafted-lit/AliasDarteFeautrierGonnord-SAS2010-speedpldi2.c" (CPAchecker.parse, INFO)

Using predicate analysis with MathSAT5 version 5.6.11 (1a1154baf0ab) (Aug  9 2024 08:45:22, gmp 6.2.0, gcc 7.5.0, 64-bit, reentrant) and JFactory 1.21. (PredicateCPA:PredicateCPA.<init>, INFO)

Using refinement for predicate analysis with PredicateAbstractionRefinementStrategy strategy. (PredicateCPA:PredicateCPARefiner.<init>, INFO)

Using unsound approximation of ints with unbounded integers and floats with rationals for encoding program semantics. (FormulaManagerView.<init>, WARNING)

The following configuration options were specified but are not used:
 counterexample.checker.config
 counterexample.checker 
 (CPAchecker.printConfigurationWarnings, WARNING)

Starting analysis ... (CPAchecker.runAlgorithm, INFO)

Starting termination algorithm. (TerminationAlgorithm.run0, INFO)

refinement # 1 : predicates= 2  traceStates= 3 (PredicateCPA:PredicateCPARefiner.performRefinementForPathImpl, INFO)

refinement # 2 : predicates= 2  traceStates= 3 (PredicateCPA:PredicateCPARefiner.performRefinementForPathImpl, INFO)

Could not synthesize a termination or non-termination argument. (TerminationAlgorithm.proveLoopTermination, WARNING)

Termination algorithm did not find a non-terminating loop. (TerminationAlgorithm.run0, INFO)

Stopping analysis ... (CPAchecker.runAlgorithm, INFO)

Analysis incomplete: no errors found, but not everything could be checked. (CPAchecker.analyzeResult, WARNING)


PredicateCPA statistics
-----------------------
Number of abstractions:            20 (4% of all post computations)
  Times abstraction was reused:    0
  Because of function entry/exit:  0 (0%)
  Because of loop head:            14 (70%)
  Because of join nodes:           0 (0%)
  Because of threshold:            0 (0%)
  Because of target state:         6 (30%)
  Times precision was empty:       9 (45%)
  Times precision was {false}:     4 (20%)
  Times result was cached:         0 (0%)
  Times cartesian abs was used:    0 (0%)
  Times boolean abs was used:      7 (35%)
  Times result was 'false':        1 (5%)
Number of strengthen sat checks:   0
Number of coverage checks:         112
  BDD entailment checks:           14
Number of SMT sat checks:          0
  trivial:                         0
  cached:                          0

Max ABE block size:                       14
Avg ABE block size:                                8.25 (sum: 165, count: 20, min: 0, max: 14)
Number of predicates discovered:          4
Number of abstraction locations:          2
Max number of predicates per location:    4
Avg number of predicates per location:    2
Total predicates per abstraction:         32
Max number of predicates per abstraction: 4
Avg number of predicates per abstraction: 2.91
Number of irrelevant predicates:          12 (38%)
Number of preds handled by boolean abs:   20 (63%)
  Total number of models for allsat:      26
  Max number of models for allsat:        6
  Avg number of models for allsat:        3.71
Number of path formula cache hits:        155 (27%)

Time for post operator:                                0.049s
  Time for path formula creation:                      0.048s
Time for strengthen operator:                          0.005s
Time for prec operator:                                0.015s
  Time for abstraction:                  0.013s (Max:     0.002s, Count: 20)
    Boolean abstraction:                 0.007s
    Solving time:                        0.003s (Max:     0.001s)
    Model enumeration time:              0.002s
    Time for BDD construction:           0.001s (Max:     0.001s)
Time for merge operator:                               0.003s
Time for coverage checks:                              0.000s
  Time for BDD entailment checks:                      0.000s
Total time for SMT solver (w/o itp):     0.005s

Number of BDD nodes:                               220
Size of BDD node table:                            100511
Size of BDD cache:                                 10061
Size of BDD node cleanup queue:                    0.00 (sum: 0, count: 97, min: 0, max: 0)
Time for BDD node cleanup:                             0.000s
Time for BDD garbage collection:                       0.000s (in 0 runs)

Invariant Generation statistics
-------------------------------

AutomatonAnalysis (NonTerminationLabelAutomaton) statistics
-----------------------------------------------------------
Number of states:                                  1
Total time for successor computation:                  0.006s
Automaton transfers with branching:                0
Automaton transfer successors:                     1.00 (sum: 476, count: 476, min: 1, max: 1) [1 x 476]
Number of states with assumption transitions:      0

AutomatonAnalysis (TerminatingFunctions) statistics
---------------------------------------------------
Number of states:                                  1
Total time for successor computation:                  0.001s
Automaton transfers with branching:                0
Automaton transfer successors:                     1.00 (sum: 476, count: 476, min: 1, max: 1) [1 x 476]
Number of states with assumption transitions:      0

Termination Algorithm statistics
--------------------------------
Total time :                                            0.609s
Time for recursion analysis:                            0.000s

Number of analysed loops:                               1 (100%)
Total time for loop analysis:                           0.609s
  Avg time per loop analysis:                           0.609s
  Max time per loop analysis:                           0.609s

Number of safety analysis runs:                         3
  Avg safety analysis run per loop:                     3.00
  Max safety analysis run per loop:                     3 	 for loops [N48]
Total time for safety analysis:                         0.160s
  Avg time per safety analysis run:                     0.053s
  Max time per safety analysis run:                     0.078s

Number of analysed lassos:                              2
  Avg number of lassos per loop:                        2.00
  Max number of lassos per loop:                        2 	 for loops [N48]
  Avg number of lassos per iteration:                   1.00
  Max number of lassos per iteration:                   1

Total time for lassos analysis:                         0.446s
  Avg time per iteration:                               0.223s
  Max time per iteration:                               0.258s
  Time for lassos construction:                         0.080s
    Avg time for lasso construction per iteration:      0.040s
    Max time for lasso construction per iteration:      0.059s
      Time for stem and loop construction:                         0.000s
        Avg time for stem and loop construction per iteration:      0.000s
        Max time for stem and loop construction per iteration:      0.000s
      Time for lassos creation:                         0.070s
        Avg time for lassos creation per iteration:      0.035s
        Max time for lassos creation per iteration:      0.050s
  Total time for non-termination analysis:              0.077s
    Avg time for non-termination analysis per lasso:    0.038s
    Max time for non-termination analysis per lasso:    0.059s
  Total time for termination analysis:                  0.289s
    Avg time for termination analysis per lasso:        0.144s
    Max time for termination analysis per lasso:        0.149s

Total number of termination arguments:                  1
  Avg termination arguments per loop:                   1.00
  Max termination arguments per loop:                   1 	 for loops [N48]

  affine:                                               1

Code Coverage
-----------------------------
  Function coverage:      1.000
  Visited lines:          13
  Total lines:            13
  Line coverage:          1.000
  Visited conditions:     8
  Total conditions:       16
  Condition coverage:     0.500

CPAchecker general statistics
-----------------------------
Number of program locations:                       28
Number of CFA edges (per node):                          31 (count: 28, min: 0, max: 2, avg: 1.11)
Number of relevant variables:                      4
Number of functions:                               1
Number of loops (and loop nodes):                         1 (sum: 8, min: 8, max: 8, avg: 8.00)
Size of reached set:             54
  Number of reached locations:   16 (57%)
    Avg states per location:     3
    Max states per location:     6 (at node N50)
  Number of reached functions:   1 (100%)
  Number of partitions:          39
    Avg size of partitions:      1
    Max size of partitions:      4 (with key [N48 (before line 20), Function main called from node N30, stack depth 1 [349d0836], stack [main]])
  Number of target states:       0

Time for analysis setup:          0.635s
  Time for loading CPAs:          0.151s
  Time for loading parser:        0.101s
  Time for CFA construction:      0.201s
    Time for parsing file(s):     0.096s
    Time for AST to CFA:          0.056s
    Time for CFA sanity check:    0.004s
    Time for post-processing:     0.027s
    Time for loop structure:      0.001s
    Time for AST structure:       0.000s
      Time for function pointers resolving:            0.001s
        Function calls via function pointers:             0 (count: 1, min: 0, max: 0, avg: 0.00)
        Instrumented function pointer calls:              0 (count: 1, min: 0, max: 0, avg: 0.00)
        Function calls with function pointer arguments:        0 (count: 1, min: 0, max: 0, avg: 0.00)
        Instrumented function pointer arguments:          0 (count: 1, min: 0, max: 0, avg: 0.00)
      Time for classifying variables:                  0.015s
        Time for collecting variables:                 0.007s
        Time for solving dependencies:                 0.000s
        Time for building hierarchy:                   0.000s
        Time for building classification:              0.008s
        Time for exporting data:                       0.000s
Time for Analysis:                0.609s
CPU time for analysis:            2.300s
Time for analyzing result:        0.001s
Total time for CPAchecker:        1.244s
Total CPU time for CPAchecker:    3.870s
Time for statistics:              0.028s

Time for Garbage Collector:       0.012s (in 2 runs)
Garbage Collector(s) used:    PS MarkSweep, PS Scavenge
Used heap memory:                217MB (   207 MiB) max;    131MB (   125 MiB) avg;    254MB (   242 MiB) peak
Used non-heap memory:             53MB (    51 MiB) max;     36MB (    34 MiB) avg;     54MB (    52 MiB) peak
Used in PS Old Gen pool:          16MB (    15 MiB) max;     10MB (    10 MiB) avg;     16MB (    15 MiB) peak
Allocated heap memory:          2010MB (  1917 MiB) max;   2010MB (  1917 MiB) avg
Allocated non-heap memory:        54MB (    52 MiB) max;     38MB (    36 MiB) avg
Total process virtual memory:   7729MB (  7371 MiB) max;   6490MB (  6189 MiB) avg

Verification result: UNKNOWN, incomplete analysis.
More details about the verification run can be found in the directory "./output".
