Running CPAchecker with Java heap of size 2000M.
Running CPAchecker with default stack size (1024k). Specify a larger value with --stack if needed.
Using the following resource limits: CPU-time limit of 300s (ResourceLimitChecker.fromConfiguration, INFO)

CPAchecker 4.2.2-2096-gb9f51b640f+ / termination-composition-lassoBasedAnalysis (OpenJDK 64-Bit Server VM 21.0.10) started (CPAchecker.run, INFO)

Parsing CFA from file(s) "/home/swear01/sv-benchmarks/c/termination-crafted-lit/AliasDarteFeautrierGonnord-SAS2010-nestedLoop-1.c" (CPAchecker.parse, INFO)

Using predicate analysis with MathSAT5 version 5.6.11 (1a1154baf0ab) (Aug  9 2024 08:45:22, gmp 6.2.0, gcc 7.5.0, 64-bit, reentrant) and JFactory 1.21. (PredicateCPA:PredicateCPA.<init>, INFO)

Using refinement for predicate analysis with PredicateAbstractionRefinementStrategy strategy. (PredicateCPA:PredicateCPARefiner.<init>, INFO)

Using unsound approximation of ints with unbounded integers and floats with rationals for encoding program semantics. (FormulaManagerView.<init>, WARNING)

The following configuration options were specified but are not used:
 counterexample.checker.config
 counterexample.checker 
 (CPAchecker.printConfigurationWarnings, WARNING)

Starting analysis ... (CPAchecker.runAlgorithm, INFO)

Starting termination algorithm. (TerminationAlgorithm.run0, INFO)

refinement # 1 : predicates= 4  traceStates= 5 (PredicateCPA:PredicateCPARefiner.performRefinementForPathImpl, INFO)

refinement # 2 : predicates= 4  traceStates= 5 (PredicateCPA:PredicateCPARefiner.performRefinementForPathImpl, INFO)

refinement # 4 : predicates= 4  traceStates= 5 (PredicateCPA:PredicateCPARefiner.performRefinementForPathImpl, INFO)

refinement # 6 : predicates= 3  traceStates= 4 (PredicateCPA:PredicateCPARefiner.performRefinementForPathImpl, INFO)

refinement # 7 : predicates= 5  traceStates= 6 (PredicateCPA:PredicateCPARefiner.performRefinementForPathImpl, INFO)

refinement # 8 : predicates= 5  traceStates= 6 (PredicateCPA:PredicateCPARefiner.performRefinementForPathImpl, INFO)

Termination algorithm did not find a non-terminating loop. (TerminationAlgorithm.run0, INFO)

Stopping analysis ... (CPAchecker.runAlgorithm, INFO)


PredicateCPA statistics
-----------------------
Number of abstractions:            96 (10% of all post computations)
  Times abstraction was reused:    0
  Because of function entry/exit:  0 (0%)
  Because of loop head:            81 (84%)
  Because of join nodes:           0 (0%)
  Because of threshold:            0 (0%)
  Because of target state:         15 (16%)
  Times precision was empty:       60 (63%)
  Times precision was {false}:     6 (6%)
  Times result was cached:         11 (11%)
  Times cartesian abs was used:    0 (0%)
  Times boolean abs was used:      19 (20%)
  Times result was 'false':        5 (5%)
Number of strengthen sat checks:   0
Number of coverage checks:         202
  BDD entailment checks:           72
Number of SMT sat checks:          0
  trivial:                         0
  cached:                          0

Max ABE block size:                       22
Avg ABE block size:                                5.44 (sum: 522, count: 96, min: 0, max: 22)
Number of predicates discovered:          9
Number of abstraction locations:          4
Max number of predicates per location:    3
Avg number of predicates per location:    2
Total predicates per abstraction:         69
Max number of predicates per abstraction: 3
Avg number of predicates per abstraction: 2.76
Number of irrelevant predicates:          22 (32%)
Number of preds handled by boolean abs:   33 (48%)
  Total number of models for allsat:      28
  Max number of models for allsat:        3
  Avg number of models for allsat:        1.47
Number of path formula cache hits:        390 (34%)

Time for post operator:                                0.101s
  Time for path formula creation:                      0.098s
Time for strengthen operator:                          0.014s
Time for prec operator:                                0.053s
  Time for abstraction:                  0.047s (Max:     0.003s, Count: 96)
    Boolean abstraction:                 0.012s
    Solving time:                        0.007s (Max:     0.001s)
    Model enumeration time:              0.003s
    Time for BDD construction:           0.002s (Max:     0.001s)
Time for merge operator:                               0.003s
Time for coverage checks:                              0.001s
  Time for BDD entailment checks:                      0.001s
Total time for SMT solver (w/o itp):     0.010s

Number of BDD nodes:                               213
Size of BDD node table:                            100511
Size of BDD cache:                                 10061
Size of BDD node cleanup queue:                    0.00 (sum: 0, count: 312, min: 0, max: 0)
Time for BDD node cleanup:                             0.000s
Time for BDD garbage collection:                       0.000s (in 0 runs)

Invariant Generation statistics
-------------------------------

AutomatonAnalysis (NonTerminationLabelAutomaton) statistics
-----------------------------------------------------------
Number of states:                                  1
Total time for successor computation:                  0.008s
Automaton transfers with branching:                0
Automaton transfer successors:                     1.00 (sum: 988, count: 988, min: 1, max: 1) [1 x 988]
Number of states with assumption transitions:      0

AutomatonAnalysis (TerminatingFunctions) statistics
---------------------------------------------------
Number of states:                                  1
Total time for successor computation:                  0.000s
Automaton transfers with branching:                0
Automaton transfer successors:                     1.00 (sum: 988, count: 988, min: 1, max: 1) [1 x 988]
Number of states with assumption transitions:      0

Termination Algorithm statistics
--------------------------------
Total time :                                            0.892s
Time for recursion analysis:                            0.005s

Number of analysed loops:                               3 (100%)
Total time for loop analysis:                           0.887s
  Avg time per loop analysis:                           0.295s
  Max time per loop analysis:                           0.508s

Number of safety analysis runs:                         6
  Avg safety analysis run per loop:                     2.00
  Max safety analysis run per loop:                     2 	 for loops [N77], [N66], [N72]
Total time for safety analysis:                         0.315s
  Avg time per safety analysis run:                     0.052s
  Max time per safety analysis run:                     0.119s

Number of analysed lassos:                              3
  Avg number of lassos per loop:                        1.00
  Max number of lassos per loop:                        1 	 for loops [N77], [N66], [N72]
  Avg number of lassos per iteration:                   1.00
  Max number of lassos per iteration:                   1

Total time for lassos analysis:                         0.567s
  Avg time per iteration:                               0.189s
  Max time per iteration:                               0.315s
  Time for lassos construction:                         0.140s
    Avg time for lasso construction per iteration:      0.046s
    Max time for lasso construction per iteration:      0.102s
      Time for stem and loop construction:                         0.000s
        Avg time for stem and loop construction per iteration:      0.000s
        Max time for stem and loop construction per iteration:      0.000s
      Time for lassos creation:                         0.130s
        Avg time for lassos creation per iteration:      0.043s
        Max time for lassos creation per iteration:      0.095s
  Total time for non-termination analysis:              0.120s
    Avg time for non-termination analysis per lasso:    0.040s
    Max time for non-termination analysis per lasso:    0.076s
  Total time for termination analysis:                  0.307s
    Avg time for termination analysis per lasso:        0.102s
    Max time for termination analysis per lasso:        0.137s

Total number of termination arguments:                  3
  Avg termination arguments per loop:                   1.00
  Max termination arguments per loop:                   1 	 for loops [N77], [N72], [N66]

  affine:                                               3

Code Coverage
-----------------------------
  Function coverage:      1.000
  Visited lines:          20
  Total lines:            20
  Line coverage:          1.000
  Visited conditions:     12
  Total conditions:       24
  Condition coverage:     0.500

CPAchecker general statistics
-----------------------------
Number of program locations:                       40
Number of CFA edges (per node):                          45 (count: 40, min: 0, max: 2, avg: 1.13)
Number of relevant variables:                      6
Number of functions:                               1
Number of loops (and loop nodes):                         3 (sum: 26, min: 3, max: 14, avg: 8.67)
Size of reached set:             45
  Number of reached locations:   23 (57%)
    Avg states per location:     1
    Max states per location:     3 (at node N68)
  Number of reached functions:   1 (100%)
  Number of partitions:          39
    Avg size of partitions:      1
    Max size of partitions:      3 (with key [N72 (before line 25), Function main called from node N42, stack depth 1 [5fb65013], stack [main]])
  Number of target states:       0

Time for analysis setup:          1.010s
  Time for loading CPAs:          0.290s
  Time for loading parser:        0.097s
  Time for CFA construction:      0.332s
    Time for parsing file(s):     0.107s
    Time for AST to CFA:          0.102s
    Time for CFA sanity check:    0.010s
    Time for post-processing:     0.097s
    Time for loop structure:      0.006s
    Time for AST structure:       0.000s
      Time for function pointers resolving:            0.005s
        Function calls via function pointers:             0 (count: 1, min: 0, max: 0, avg: 0.00)
        Instrumented function pointer calls:              0 (count: 1, min: 0, max: 0, avg: 0.00)
        Function calls with function pointer arguments:        0 (count: 1, min: 0, max: 0, avg: 0.00)
        Instrumented function pointer arguments:          0 (count: 1, min: 0, max: 0, avg: 0.00)
      Time for classifying variables:                  0.051s
        Time for collecting variables:                 0.019s
        Time for solving dependencies:                 0.000s
        Time for building hierarchy:                   0.000s
        Time for building classification:              0.032s
        Time for exporting data:                       0.000s
Time for Analysis:                0.892s
CPU time for analysis:            2.620s
Time for analyzing result:        0.001s
Total time for CPAchecker:        1.903s
Total CPU time for CPAchecker:    4.370s
Time for statistics:              0.095s

Time for Garbage Collector:       0.013s (in 2 runs)
Garbage Collector(s) used:    PS MarkSweep, PS Scavenge
Used heap memory:                264MB (   252 MiB) max;    143MB (   136 MiB) avg;    301MB (   287 MiB) peak
Used non-heap memory:             56MB (    54 MiB) max;     38MB (    36 MiB) avg;     59MB (    56 MiB) peak
Used in PS Old Gen pool:          16MB (    15 MiB) max;     10MB (     9 MiB) avg;     16MB (    15 MiB) peak
Allocated heap memory:          2010MB (  1917 MiB) max;   2010MB (  1917 MiB) avg
Allocated non-heap memory:        57MB (    55 MiB) max;     40MB (    38 MiB) avg
Total process virtual memory:   8477MB (  8084 MiB) max;   6555MB (  6251 MiB) avg

Verification result: TRUE. No property violation found by chosen configuration.
More details about the verification run can be found in the directory "./output".
