Running CPAchecker with Java heap of size 2000M.
Running CPAchecker with default stack size (1024k). Specify a larger value with --stack if needed.
Using the following resource limits: CPU-time limit of 300s (ResourceLimitChecker.fromConfiguration, INFO)

CPAchecker 4.2.2-2096-gb9f51b640f+ / termination-composition-lassoBasedAnalysis (OpenJDK 64-Bit Server VM 21.0.10) started (CPAchecker.run, INFO)

Parsing CFA from file(s) "/home/swear01/sv-benchmarks/c/termination-crafted-lit/AliasDarteFeautrierGonnord-SAS2010-cousot9.c" (CPAchecker.parse, INFO)

Using predicate analysis with MathSAT5 version 5.6.11 (1a1154baf0ab) (Aug  9 2024 08:45:22, gmp 6.2.0, gcc 7.5.0, 64-bit, reentrant) and JFactory 1.21. (PredicateCPA:PredicateCPA.<init>, INFO)

Using refinement for predicate analysis with PredicateAbstractionRefinementStrategy strategy. (PredicateCPA:PredicateCPARefiner.<init>, INFO)

Using unsound approximation of ints with unbounded integers and floats with rationals for encoding program semantics. (FormulaManagerView.<init>, WARNING)

The following configuration options were specified but are not used:
 counterexample.checker.config
 counterexample.checker 
 (CPAchecker.printConfigurationWarnings, WARNING)

Starting analysis ... (CPAchecker.runAlgorithm, INFO)

Starting termination algorithm. (TerminationAlgorithm.run0, INFO)

refinement # 1 : predicates= 2  traceStates= 3 (PredicateCPA:PredicateCPARefiner.performRefinementForPathImpl, INFO)

refinement # 2 : predicates= 2  traceStates= 3 (PredicateCPA:PredicateCPARefiner.performRefinementForPathImpl, INFO)

refinement # 3 : predicates= 3  traceStates= 4 (PredicateCPA:PredicateCPARefiner.performRefinementForPathImpl, INFO)

Termination algorithm did not find a non-terminating loop. (TerminationAlgorithm.run0, INFO)

Stopping analysis ... (CPAchecker.runAlgorithm, INFO)


PredicateCPA statistics
-----------------------
Number of abstractions:            29 (6% of all post computations)
  Times abstraction was reused:    0
  Because of function entry/exit:  0 (0%)
  Because of loop head:            18 (62%)
  Because of join nodes:           0 (0%)
  Because of threshold:            0 (0%)
  Because of target state:         11 (38%)
  Times precision was empty:       13 (45%)
  Times precision was {false}:     9 (31%)
  Times result was cached:         0 (0%)
  Times cartesian abs was used:    0 (0%)
  Times boolean abs was used:      7 (24%)
  Times result was 'false':        5 (17%)
Number of strengthen sat checks:   0
Number of coverage checks:         142
  BDD entailment checks:           26
Number of SMT sat checks:          0
  trivial:                         0
  cached:                          0

Max ABE block size:                       11
Avg ABE block size:                                5.93 (sum: 172, count: 29, min: 0, max: 11)
Number of predicates discovered:          10
Number of abstraction locations:          2
Max number of predicates per location:    10
Avg number of predicates per location:    5
Total predicates per abstraction:         69
Max number of predicates per abstraction: 10
Avg number of predicates per abstraction: 4.31
Number of irrelevant predicates:          16 (23%)
Number of preds handled by boolean abs:   53 (77%)
  Total number of models for allsat:      88
  Max number of models for allsat:        20
  Avg number of models for allsat:        12.57
Number of path formula cache hits:        136 (22%)

Time for post operator:                                0.079s
  Time for path formula creation:                      0.078s
Time for strengthen operator:                          0.011s
Time for prec operator:                                0.035s
  Time for abstraction:                  0.027s (Max:     0.003s, Count: 29)
    Boolean abstraction:                 0.013s
    Solving time:                        0.004s (Max:     0.001s)
    Model enumeration time:              0.008s
    Time for BDD construction:           0.004s (Max:     0.001s)
Time for merge operator:                               0.004s
Time for coverage checks:                              0.000s
  Time for BDD entailment checks:                      0.000s
Total time for SMT solver (w/o itp):     0.012s

Number of BDD nodes:                               882
Size of BDD node table:                            100511
Size of BDD cache:                                 10061
Size of BDD node cleanup queue:                    0.00 (sum: 0, count: 265, min: 0, max: 0)
Time for BDD node cleanup:                             0.000s
Time for BDD garbage collection:                       0.000s (in 0 runs)

Invariant Generation statistics
-------------------------------

AutomatonAnalysis (NonTerminationLabelAutomaton) statistics
-----------------------------------------------------------
Number of states:                                  1
Total time for successor computation:                  0.003s
Automaton transfers with branching:                0
Automaton transfer successors:                     1.00 (sum: 517, count: 517, min: 1, max: 1) [1 x 517]
Number of states with assumption transitions:      0

AutomatonAnalysis (TerminatingFunctions) statistics
---------------------------------------------------
Number of states:                                  1
Total time for successor computation:                  0.001s
Automaton transfers with branching:                0
Automaton transfer successors:                     1.00 (sum: 517, count: 517, min: 1, max: 1) [1 x 517]
Number of states with assumption transitions:      0

Termination Algorithm statistics
--------------------------------
Total time :                                            0.555s
Time for recursion analysis:                            0.002s

Number of analysed loops:                               1 (100%)
Total time for loop analysis:                           0.553s
  Avg time per loop analysis:                           0.553s
  Max time per loop analysis:                           0.553s

Number of safety analysis runs:                         3
  Avg safety analysis run per loop:                     3.00
  Max safety analysis run per loop:                     3 	 for loops [N38]
Total time for safety analysis:                         0.245s
  Avg time per safety analysis run:                     0.081s
  Max time per safety analysis run:                     0.111s

Number of analysed lassos:                              2
  Avg number of lassos per loop:                        2.00
  Max number of lassos per loop:                        2 	 for loops [N38]
  Avg number of lassos per iteration:                   1.00
  Max number of lassos per iteration:                   1

Total time for lassos analysis:                         0.299s
  Avg time per iteration:                               0.149s
  Max time per iteration:                               0.217s
  Time for lassos construction:                         0.059s
    Avg time for lasso construction per iteration:      0.029s
    Max time for lasso construction per iteration:      0.049s
      Time for stem and loop construction:                         0.000s
        Avg time for stem and loop construction per iteration:      0.000s
        Max time for stem and loop construction per iteration:      0.000s
      Time for lassos creation:                         0.049s
        Avg time for lassos creation per iteration:      0.024s
        Max time for lassos creation per iteration:      0.042s
  Total time for non-termination analysis:              0.077s
    Avg time for non-termination analysis per lasso:    0.038s
    Max time for non-termination analysis per lasso:    0.057s
  Total time for termination analysis:                  0.163s
    Avg time for termination analysis per lasso:        0.081s
    Max time for termination analysis per lasso:        0.111s

Total number of termination arguments:                  2
  Avg termination arguments per loop:                   2.00
  Max termination arguments per loop:                   2 	 for loops [N38]

  affine:                                               2

Code Coverage
-----------------------------
  Function coverage:      1.000
  Visited lines:          11
  Total lines:            11
  Line coverage:          1.000
  Visited conditions:     4
  Total conditions:       8
  Condition coverage:     0.500

CPAchecker general statistics
-----------------------------
Number of program locations:                       23
Number of CFA edges (per node):                          24 (count: 23, min: 0, max: 2, avg: 1.04)
Number of relevant variables:                      3
Number of functions:                               1
Number of loops (and loop nodes):                         1 (sum: 8, min: 8, max: 8, avg: 8.00)
Size of reached set:             46
  Number of reached locations:   12 (52%)
    Avg states per location:     3
    Max states per location:     6 (at node N39)
  Number of reached functions:   1 (100%)
  Number of partitions:          36
    Avg size of partitions:      1
    Max size of partitions:      5 (with key [N38 (before line 18), Function main called from node N25, stack depth 1 [4565a70a], stack [main]])
  Number of target states:       0

Time for analysis setup:          1.001s
  Time for loading CPAs:          0.290s
  Time for loading parser:        0.085s
  Time for CFA construction:      0.344s
    Time for parsing file(s):     0.095s
    Time for AST to CFA:          0.122s
    Time for CFA sanity check:    0.010s
    Time for post-processing:     0.095s
    Time for loop structure:      0.006s
    Time for AST structure:       0.000s
      Time for function pointers resolving:            0.005s
        Function calls via function pointers:             0 (count: 1, min: 0, max: 0, avg: 0.00)
        Instrumented function pointer calls:              0 (count: 1, min: 0, max: 0, avg: 0.00)
        Function calls with function pointer arguments:        0 (count: 1, min: 0, max: 0, avg: 0.00)
        Instrumented function pointer arguments:          0 (count: 1, min: 0, max: 0, avg: 0.00)
      Time for classifying variables:                  0.050s
        Time for collecting variables:                 0.018s
        Time for solving dependencies:                 0.001s
        Time for building hierarchy:                   0.000s
        Time for building classification:              0.031s
        Time for exporting data:                       0.000s
Time for Analysis:                0.555s
CPU time for analysis:            1.770s
Time for analyzing result:        0.000s
Total time for CPAchecker:        1.558s
Total CPU time for CPAchecker:    3.680s
Time for statistics:              0.107s

Time for Garbage Collector:       0.030s (in 2 runs)
Garbage Collector(s) used:    PS MarkSweep, PS Scavenge
Used heap memory:                184MB (   175 MiB) max;    131MB (   125 MiB) avg;    221MB (   211 MiB) peak
Used non-heap memory:             51MB (    49 MiB) max;     33MB (    32 MiB) avg;     55MB (    52 MiB) peak
Used in PS Old Gen pool:          16MB (    15 MiB) max;      7MB (     7 MiB) avg;     16MB (    15 MiB) peak
Allocated heap memory:          2010MB (  1917 MiB) max;   2010MB (  1917 MiB) avg
Allocated non-heap memory:        53MB (    50 MiB) max;     35MB (    34 MiB) avg
Total process virtual memory:   8000MB (  7630 MiB) max;   6163MB (  5877 MiB) avg

Verification result: TRUE. No property violation found by chosen configuration.
More details about the verification run can be found in the directory "./output".
