Running CPAchecker with Java heap of size 2000M.
Running CPAchecker with default stack size (1024k). Specify a larger value with --stack if needed.
Using the following resource limits: CPU-time limit of 300s (ResourceLimitChecker.fromConfiguration, INFO)

CPAchecker 4.2.2-2096-gb9f51b640f+ / termination-composition-lassoBasedAnalysis (OpenJDK 64-Bit Server VM 21.0.10) started (CPAchecker.run, INFO)

Parsing CFA from file(s) "/home/swear01/sv-benchmarks/c/termination-crafted/Arrays03-ValueRestictsIndex-2.c" (CPAchecker.parse, INFO)

Using predicate analysis with MathSAT5 version 5.6.11 (1a1154baf0ab) (Aug  9 2024 08:45:22, gmp 6.2.0, gcc 7.5.0, 64-bit, reentrant) and JFactory 1.21. (PredicateCPA:PredicateCPA.<init>, INFO)

Using refinement for predicate analysis with PredicateAbstractionRefinementStrategy strategy. (PredicateCPA:PredicateCPARefiner.<init>, INFO)

Using unsound approximation of ints with unbounded integers and floats with rationals for encoding program semantics. (FormulaManagerView.<init>, WARNING)

The following configuration options were specified but are not used:
 counterexample.checker.config
 counterexample.checker 
 (CPAchecker.printConfigurationWarnings, WARNING)

Starting analysis ... (CPAchecker.runAlgorithm, INFO)

Starting termination algorithm. (TerminationAlgorithm.run0, INFO)

refinement # 1 : predicates= 3  traceStates= 4 (PredicateCPA:PredicateCPARefiner.performRefinementForPathImpl, INFO)

refinement # 2 : predicates= 4  traceStates= 5 (PredicateCPA:PredicateCPARefiner.performRefinementForPathImpl, INFO)

refinement # 3 : predicates= 5  traceStates= 6 (PredicateCPA:PredicateCPARefiner.performRefinementForPathImpl, INFO)

refinement # 4 : predicates= 6  traceStates= 7 (PredicateCPA:PredicateCPARefiner.performRefinementForPathImpl, INFO)

refinement # 5 : predicates= 7  traceStates= 8 (PredicateCPA:PredicateCPARefiner.performRefinementForPathImpl, INFO)

refinement # 6 : predicates= 8  traceStates= 9 (PredicateCPA:PredicateCPARefiner.performRefinementForPathImpl, INFO)

refinement # 7 : predicates= 9  traceStates= 10 (PredicateCPA:PredicateCPARefiner.performRefinementForPathImpl, INFO)

refinement # 8 : predicates= 10  traceStates= 11 (PredicateCPA:PredicateCPARefiner.performRefinementForPathImpl, INFO)

refinement # 9 : predicates= 11  traceStates= 12 (PredicateCPA:PredicateCPARefiner.performRefinementForPathImpl, INFO)

refinement # 10 : predicates= 12  traceStates= 13 (PredicateCPA:PredicateCPARefiner.performRefinementForPathImpl, INFO)

Shutdown requested (The CPU-time limit of 300s has elapsed.), waiting for termination. (ForceTerminationOnShutdown$1.shutdownRequested, WARNING)

Warning: Analysis interrupted (The CPU-time limit of 300s has elapsed.) (ShutdownNotifier.shutdownIfNecessary, WARNING)


PredicateCPA statistics
-----------------------
Number of abstractions:            158 (7% of all post computations)
  Times abstraction was reused:    0
  Because of function entry/exit:  0 (0%)
  Because of loop head:            146 (92%)
  Because of join nodes:           0 (0%)
  Because of threshold:            0 (0%)
  Because of target state:         12 (8%)
  Times precision was empty:       18 (11%)
  Times precision was {false}:     75 (47%)
  Times result was cached:         0 (0%)
  Times cartesian abs was used:    0 (0%)
  Times boolean abs was used:      65 (41%)
  Times result was 'false':        55 (35%)
Number of strengthen sat checks:   0
Number of coverage checks:         938
  BDD entailment checks:           440
Number of SMT sat checks:          0
  trivial:                         0
  cached:                          0

Max ABE block size:                       11
Avg ABE block size:                                6.77 (sum: 1070, count: 158, min: 0, max: 11)
Number of predicates discovered:          11
Number of abstraction locations:          2
Max number of predicates per location:    10
Avg number of predicates per location:    5
Total predicates per abstraction:         515
Max number of predicates per abstraction: 10
Avg number of predicates per abstraction: 3.68
Number of irrelevant predicates:          75 (15%)
Number of preds handled by boolean abs:   440 (85%)
  Total number of models for allsat:      285
  Max number of models for allsat:        11
  Avg number of models for allsat:        4.38
Number of path formula cache hits:        1183 (49%)

Time for post operator:                                0.521s
  Time for path formula creation:                      0.519s
Time for strengthen operator:                          0.004s
Time for prec operator:                                0.310s
  Time for abstraction:                  0.297s (Max:     0.026s, Count: 158)
    Boolean abstraction:                 0.045s
    Solving time:                        0.087s (Max:     0.008s)
    Model enumeration time:              0.020s
    Time for BDD construction:           0.007s (Max:     0.001s)
Time for merge operator:                               0.004s
Time for coverage checks:                              0.001s
  Time for BDD entailment checks:                      0.001s
Total time for SMT solver (w/o itp):     0.107s

Number of BDD nodes:                               1976
Size of BDD node table:                            100511
Size of BDD cache:                                 10061
Size of BDD node cleanup queue:                    0.00 (sum: 0, count: 1676, min: 0, max: 0)
Time for BDD node cleanup:                             0.000s
Time for BDD garbage collection:                       0.000s (in 0 runs)

Invariant Generation statistics
-------------------------------

AutomatonAnalysis (NonTerminationLabelAutomaton) statistics
-----------------------------------------------------------
Number of states:                                  1
Total time for successor computation:                  0.008s
Automaton transfers with branching:                0
Automaton transfer successors:                     1.00 (sum: 2181, count: 2181, min: 1, max: 1) [1 x 2181]
Number of states with assumption transitions:      0

AutomatonAnalysis (TerminatingFunctions) statistics
---------------------------------------------------
Number of states:                                  1
Total time for successor computation:                  0.002s
Automaton transfers with branching:                0
Automaton transfer successors:                     1.00 (sum: 2181, count: 2181, min: 1, max: 1) [1 x 2181]
Number of states with assumption transitions:      0

Termination Algorithm statistics
--------------------------------
Total time :                                          295.713s
Time for recursion analysis:                            0.000s

Number of analysed loops:                               1 (50%)
Total time for loop analysis:                         295.713s
  Avg time per loop analysis:                         295.713s
  Max time per loop analysis:                         295.713s

Number of safety analysis runs:                         1
  Avg safety analysis run per loop:                     1.00
  Max safety analysis run per loop:                     1 	 for loops [N49]
Total time for safety analysis:                       295.712s
  Avg time per safety analysis run:                   295.712s
  Max time per safety analysis run:                   295.712s

Number of analysed lassos:                              0
  Avg number of lassos per loop:                        0.00
  Max number of lassos per loop:                        0 	 for loops 
  Avg number of lassos per iteration:                    NaN
  Max number of lassos per iteration:                   0

Total time for lassos analysis:                         0.000s
  Avg time per iteration:                               0.000s
  Max time per iteration:                               0.000s
  Time for lassos construction:                         0.000s
    Avg time for lasso construction per iteration:      0.000s
    Max time for lasso construction per iteration:      0.000s
      Time for stem and loop construction:                         0.000s
        Avg time for stem and loop construction per iteration:      0.000s
        Max time for stem and loop construction per iteration:      0.000s
      Time for lassos creation:                         0.000s
        Avg time for lassos creation per iteration:      0.000s
        Max time for lassos creation per iteration:      0.000s
  Total time for non-termination analysis:              0.000s
    Avg time for non-termination analysis per lasso:    0.000s
    Max time for non-termination analysis per lasso:    0.000s
  Total time for termination analysis:                  0.000s
    Avg time for termination analysis per lasso:        0.000s
    Max time for termination analysis per lasso:        0.000s

Total number of termination arguments:                  0
  Avg termination arguments per loop:                   0.00
  Max termination arguments per loop:                   0 	 for loops 


Code Coverage
-----------------------------
  Function coverage:      1.000
  Visited lines:          11
  Total lines:            11
  Line coverage:          1.000
  Visited conditions:     12
  Total conditions:       24
  Condition coverage:     0.500

CPAchecker general statistics
-----------------------------
Number of program locations:                       27
Number of CFA edges (per node):                          32 (count: 27, min: 0, max: 2, avg: 1.19)
Number of relevant variables:                      4
Number of functions:                               1
Number of loops (and loop nodes):                         2 (sum: 7, min: 3, max: 4, avg: 3.50)
Size of reached set:             145
  Number of reached locations:   20 (74%)
    Avg states per location:     7
    Max states per location:     12 (at node N28)
  Number of reached functions:   1 (100%)
  Number of partitions:          132
    Avg size of partitions:      1
    Max size of partitions:      11 (with key [N38 (before line 15), Function main called from node N29, stack depth 1 [286b39c2], stack [main]])
  Number of target states:       1
  Size of final wait list:       4

Time for analysis setup:          0.521s
  Time for loading CPAs:          0.107s
  Time for loading parser:        0.067s
  Time for CFA construction:      0.186s
    Time for parsing file(s):     0.075s
    Time for AST to CFA:          0.052s
    Time for CFA sanity check:    0.007s
    Time for post-processing:     0.040s
    Time for loop structure:      0.002s
    Time for AST structure:       0.000s
      Time for function pointers resolving:            0.002s
        Function calls via function pointers:             0 (count: 1, min: 0, max: 0, avg: 0.00)
        Instrumented function pointer calls:              0 (count: 1, min: 0, max: 0, avg: 0.00)
        Function calls with function pointer arguments:        0 (count: 1, min: 0, max: 0, avg: 0.00)
        Instrumented function pointer arguments:          0 (count: 1, min: 0, max: 0, avg: 0.00)
      Time for classifying variables:                  0.024s
        Time for collecting variables:                 0.014s
        Time for solving dependencies:                 0.000s
        Time for building hierarchy:                   0.000s
        Time for building classification:              0.010s
        Time for exporting data:                       0.000s
Time for Analysis:              295.713s
CPU time for analysis:          298.750s
Total time for CPAchecker:      296.235s
Total CPU time for CPAchecker:  300.190s
Time for statistics:              0.030s

Time for Garbage Collector:       0.012s (in 2 runs)
Garbage Collector(s) used:    PS MarkSweep, PS Scavenge
Used heap memory:                516MB (   492 MiB) max;    348MB (   332 MiB) avg;    534MB (   509 MiB) peak
Used non-heap memory:             49MB (    47 MiB) max;     47MB (    45 MiB) avg;     52MB (    50 MiB) peak
Used in PS Old Gen pool:          16MB (    15 MiB) max;     16MB (    15 MiB) avg;     16MB (    15 MiB) peak
Allocated heap memory:          2010MB (  1917 MiB) max;   2010MB (  1917 MiB) avg
Allocated non-heap memory:        52MB (    50 MiB) max;     50MB (    48 MiB) avg
Total process virtual memory:   7194MB (  6861 MiB) max;   7116MB (  6786 MiB) avg

Verification result: UNKNOWN, incomplete analysis.
More details about the verification run can be found in the directory "./output".
