Running CPAchecker with Java heap of size 2000M.
Running CPAchecker with default stack size (1024k). Specify a larger value with --stack if needed.
Using the following resource limits: CPU-time limit of 300s (ResourceLimitChecker.fromConfiguration, INFO)

CPAchecker 4.2.2-2096-gb9f51b640f+ / termination-composition-lassoBasedAnalysis (OpenJDK 64-Bit Server VM 21.0.10) started (CPAchecker.run, INFO)

Parsing CFA from file(s) "/home/swear01/sv-benchmarks/c/termination-crafted-lit/Avery-FLOPS2006-Table1.c" (CPAchecker.parse, INFO)

Using predicate analysis with MathSAT5 version 5.6.11 (1a1154baf0ab) (Aug  9 2024 08:45:22, gmp 6.2.0, gcc 7.5.0, 64-bit, reentrant) and JFactory 1.21. (PredicateCPA:PredicateCPA.<init>, INFO)

Using refinement for predicate analysis with PredicateAbstractionRefinementStrategy strategy. (PredicateCPA:PredicateCPARefiner.<init>, INFO)

Using unsound approximation of ints with unbounded integers and floats with rationals for encoding program semantics. (FormulaManagerView.<init>, WARNING)

The following configuration options were specified but are not used:
 counterexample.checker.config
 counterexample.checker 
 (CPAchecker.printConfigurationWarnings, WARNING)

Starting analysis ... (CPAchecker.runAlgorithm, INFO)

Starting termination algorithm. (TerminationAlgorithm.run0, INFO)

refinement # 1 : predicates= 2  traceStates= 3 (PredicateCPA:PredicateCPARefiner.performRefinementForPathImpl, INFO)

refinement # 2 : predicates= 2  traceStates= 3 (PredicateCPA:PredicateCPARefiner.performRefinementForPathImpl, INFO)

refinement # 3 : predicates= 3  traceStates= 4 (PredicateCPA:PredicateCPARefiner.performRefinementForPathImpl, INFO)

refinement # 4 : predicates= 3  traceStates= 4 (PredicateCPA:PredicateCPARefiner.performRefinementForPathImpl, INFO)

refinement # 6 : predicates= 4  traceStates= 5 (PredicateCPA:PredicateCPARefiner.performRefinementForPathImpl, INFO)

Termination algorithm did not find a non-terminating loop. (TerminationAlgorithm.run0, INFO)

Stopping analysis ... (CPAchecker.runAlgorithm, INFO)


PredicateCPA statistics
-----------------------
Number of abstractions:            57 (7% of all post computations)
  Times abstraction was reused:    0
  Because of function entry/exit:  0 (0%)
  Because of loop head:            47 (82%)
  Because of join nodes:           0 (0%)
  Because of threshold:            0 (0%)
  Because of target state:         10 (18%)
  Times precision was empty:       32 (56%)
  Times precision was {false}:     8 (14%)
  Times result was cached:         1 (2%)
  Times cartesian abs was used:    0 (0%)
  Times boolean abs was used:      16 (28%)
  Times result was 'false':        4 (7%)
Number of strengthen sat checks:   0
Number of coverage checks:         148
  BDD entailment checks:           38
Number of SMT sat checks:          0
  trivial:                         0
  cached:                          0

Max ABE block size:                       14
Avg ABE block size:                                6.25 (sum: 356, count: 57, min: 0, max: 14)
Number of predicates discovered:          7
Number of abstraction locations:          3
Max number of predicates per location:    4
Avg number of predicates per location:    2
Total predicates per abstraction:         66
Max number of predicates per abstraction: 4
Avg number of predicates per abstraction: 2.75
Number of irrelevant predicates:          26 (39%)
Number of preds handled by boolean abs:   40 (61%)
  Total number of models for allsat:      32
  Max number of models for allsat:        5
  Avg number of models for allsat:        2.00
Number of path formula cache hits:        247 (27%)

Time for post operator:                                0.078s
  Time for path formula creation:                      0.075s
Time for strengthen operator:                          0.013s
Time for prec operator:                                0.049s
  Time for abstraction:                  0.042s (Max:     0.003s, Count: 57)
    Boolean abstraction:                 0.015s
    Solving time:                        0.009s (Max:     0.001s)
    Model enumeration time:              0.004s
    Time for BDD construction:           0.002s (Max:     0.001s)
Time for merge operator:                               0.005s
Time for coverage checks:                              0.001s
  Time for BDD entailment checks:                      0.001s
Total time for SMT solver (w/o itp):     0.013s

Number of BDD nodes:                               229
Size of BDD node table:                            100511
Size of BDD cache:                                 10061
Size of BDD node cleanup queue:                    0.00 (sum: 0, count: 241, min: 0, max: 0)
Time for BDD node cleanup:                             0.000s
Time for BDD garbage collection:                       0.000s (in 0 runs)

Invariant Generation statistics
-------------------------------

AutomatonAnalysis (NonTerminationLabelAutomaton) statistics
-----------------------------------------------------------
Number of states:                                  1
Total time for successor computation:                  0.004s
Automaton transfers with branching:                0
Automaton transfer successors:                     1.00 (sum: 806, count: 806, min: 1, max: 1) [1 x 806]
Number of states with assumption transitions:      0

AutomatonAnalysis (TerminatingFunctions) statistics
---------------------------------------------------
Number of states:                                  1
Total time for successor computation:                  0.001s
Automaton transfers with branching:                0
Automaton transfer successors:                     1.00 (sum: 806, count: 806, min: 1, max: 1) [1 x 806]
Number of states with assumption transitions:      0

Termination Algorithm statistics
--------------------------------
Total time :                                            0.607s
Time for recursion analysis:                            0.002s

Number of analysed loops:                               2 (100%)
Total time for loop analysis:                           0.604s
  Avg time per loop analysis:                           0.302s
  Max time per loop analysis:                           0.413s

Number of safety analysis runs:                         4
  Avg safety analysis run per loop:                     2.00
  Max safety analysis run per loop:                     2 	 for loops [N51], [N50]
Total time for safety analysis:                         0.257s
  Avg time per safety analysis run:                     0.064s
  Max time per safety analysis run:                     0.100s

Number of analysed lassos:                              2
  Avg number of lassos per loop:                        1.00
  Max number of lassos per loop:                        1 	 for loops [N51], [N50]
  Avg number of lassos per iteration:                   1.00
  Max number of lassos per iteration:                   1

Total time for lassos analysis:                         0.343s
  Avg time per iteration:                               0.171s
  Max time per iteration:                               0.228s
  Time for lassos construction:                         0.089s
    Avg time for lasso construction per iteration:      0.044s
    Max time for lasso construction per iteration:      0.067s
      Time for stem and loop construction:                         0.000s
        Avg time for stem and loop construction per iteration:      0.000s
        Max time for stem and loop construction per iteration:      0.000s
      Time for lassos creation:                         0.079s
        Avg time for lassos creation per iteration:      0.039s
        Max time for lassos creation per iteration:      0.058s
  Total time for non-termination analysis:              0.067s
    Avg time for non-termination analysis per lasso:    0.033s
    Max time for non-termination analysis per lasso:    0.055s
  Total time for termination analysis:                  0.187s
    Avg time for termination analysis per lasso:        0.093s
    Max time for termination analysis per lasso:        0.106s

Total number of termination arguments:                  2
  Avg termination arguments per loop:                   1.00
  Max termination arguments per loop:                   1 	 for loops [N50], [N51]

  affine:                                               2

Code Coverage
-----------------------------
  Function coverage:      1.000
  Visited lines:          14
  Total lines:            14
  Line coverage:          1.000
  Visited conditions:     8
  Total conditions:       16
  Condition coverage:     0.500

CPAchecker general statistics
-----------------------------
Number of program locations:                       29
Number of CFA edges (per node):                          32 (count: 29, min: 0, max: 2, avg: 1.10)
Number of relevant variables:                      3
Number of functions:                               1
Number of loops (and loop nodes):                         2 (sum: 8, min: 4, max: 4, avg: 4.00)
Size of reached set:             26
  Number of reached locations:   15 (52%)
    Avg states per location:     1
    Max states per location:     3 (at node N55)
  Number of reached functions:   1 (100%)
  Number of partitions:          22
    Avg size of partitions:      1
    Max size of partitions:      2 (with key [N50 (before line 21), Function main called from node N31, stack depth 1 [4d6ee47], stack [main]])
  Number of target states:       0

Time for analysis setup:          0.674s
  Time for loading CPAs:          0.138s
  Time for loading parser:        0.096s
  Time for CFA construction:      0.274s
    Time for parsing file(s):     0.114s
    Time for AST to CFA:          0.097s
    Time for CFA sanity check:    0.006s
    Time for post-processing:     0.044s
    Time for loop structure:      0.003s
    Time for AST structure:       0.000s
      Time for function pointers resolving:            0.002s
        Function calls via function pointers:             0 (count: 1, min: 0, max: 0, avg: 0.00)
        Instrumented function pointer calls:              0 (count: 1, min: 0, max: 0, avg: 0.00)
        Function calls with function pointer arguments:        0 (count: 1, min: 0, max: 0, avg: 0.00)
        Instrumented function pointer arguments:          0 (count: 1, min: 0, max: 0, avg: 0.00)
      Time for classifying variables:                  0.023s
        Time for collecting variables:                 0.012s
        Time for solving dependencies:                 0.000s
        Time for building hierarchy:                   0.000s
        Time for building classification:              0.011s
        Time for exporting data:                       0.000s
Time for Analysis:                0.607s
CPU time for analysis:            2.030s
Time for analyzing result:        0.000s
Total time for CPAchecker:        1.282s
Total CPU time for CPAchecker:    3.620s
Time for statistics:              0.061s

Time for Garbage Collector:       0.011s (in 2 runs)
Garbage Collector(s) used:    PS MarkSweep, PS Scavenge
Used heap memory:                195MB (   185 MiB) max;    132MB (   126 MiB) avg;    231MB (   221 MiB) peak
Used non-heap memory:             54MB (    52 MiB) max;     36MB (    35 MiB) avg;     57MB (    54 MiB) peak
Used in PS Old Gen pool:          16MB (    15 MiB) max;      9MB (     9 MiB) avg;     16MB (    15 MiB) peak
Allocated heap memory:          2010MB (  1917 MiB) max;   2010MB (  1917 MiB) avg
Allocated non-heap memory:        55MB (    53 MiB) max;     38MB (    37 MiB) avg
Total process virtual memory:   8205MB (  7825 MiB) max;   6485MB (  6184 MiB) avg

Verification result: TRUE. No property violation found by chosen configuration.
More details about the verification run can be found in the directory "./output".
