Running CPAchecker with Java heap of size 2000M.
Running CPAchecker with default stack size (1024k). Specify a larger value with --stack if needed.
Using the following resource limits: CPU-time limit of 300s (ResourceLimitChecker.fromConfiguration, INFO)

CPAchecker 4.2.2-2096-gb9f51b640f+ / termination-composition-lassoBasedAnalysis (OpenJDK 64-Bit Server VM 21.0.10) started (CPAchecker.run, INFO)

Parsing CFA from file(s) "/home/swear01/sv-benchmarks/c/termination-crafted-lit/aviad.c" (CPAchecker.parse, INFO)

Using predicate analysis with MathSAT5 version 5.6.11 (1a1154baf0ab) (Aug  9 2024 08:45:22, gmp 6.2.0, gcc 7.5.0, 64-bit, reentrant) and JFactory 1.21. (PredicateCPA:PredicateCPA.<init>, INFO)

Using refinement for predicate analysis with PredicateAbstractionRefinementStrategy strategy. (PredicateCPA:PredicateCPARefiner.<init>, INFO)

Using unsound approximation of ints with unbounded integers and floats with rationals for encoding program semantics. (FormulaManagerView.<init>, WARNING)

The following configuration options were specified but are not used:
 counterexample.checker.config
 counterexample.checker 
 (CPAchecker.printConfigurationWarnings, WARNING)

Starting analysis ... (CPAchecker.runAlgorithm, INFO)

Starting termination algorithm. (TerminationAlgorithm.run0, INFO)

Repeated ranking relation (let ((.cse1 (+ 0 4))) (let ((.cse0 (+ (+ .cse1 (* (- 5) |f::count__TERMINATION_PRIMED|)) (* 5 |f::__CPAchecker_TMP_0__TERMINATION_PRIMED|)))) (and (>= .cse0 0) (< (+ (+ .cse1 (* (- 5) |f::count|)) (* 5 |f::__CPAchecker_TMP_0|)) .cse0)))) for Loop with heads [N46]
  incoming: [line 11:	N47 -{while}-> N46]
  outgoing: [line 11:	N46 -{[!(a > 1)]}-> N44]
  nodes:    [N46, N48, N49, N50, N51, N52, N53, N54, N55, N56, N57]
 (TerminationAlgorithm.proveLoopTermination, WARNING)

Repeated ranking relation (let ((.cse1 (+ 0 4))) (let ((.cse0 (+ (+ .cse1 (* (- 5) |f::count__TERMINATION_PRIMED|)) (* 5 |f::__CPAchecker_TMP_0__TERMINATION_PRIMED|)))) (and (>= .cse0 0) (< (+ (+ .cse1 (* (- 5) |f::count|)) (* 5 |f::__CPAchecker_TMP_0|)) .cse0)))) for Loop with heads [N46]
  incoming: [line 11:	N47 -{while}-> N46]
  outgoing: [line 11:	N46 -{[!(a > 1)]}-> N44]
  nodes:    [N46, N48, N49, N50, N51, N52, N53, N54, N55, N56, N57]
 (TerminationAlgorithm.proveLoopTermination, WARNING)

Repeated ranking relation (let ((.cse1 (+ 0 4))) (let ((.cse0 (+ (+ .cse1 (* (- 5) |f::count__TERMINATION_PRIMED|)) (* 5 |f::__CPAchecker_TMP_0__TERMINATION_PRIMED|)))) (and (>= .cse0 0) (< (+ (+ .cse1 (* (- 5) |f::count|)) (* 5 |f::__CPAchecker_TMP_0|)) .cse0)))) for Loop with heads [N46]
  incoming: [line 11:	N47 -{while}-> N46]
  outgoing: [line 11:	N46 -{[!(a > 1)]}-> N44]
  nodes:    [N46, N48, N49, N50, N51, N52, N53, N54, N55, N56, N57]
 (TerminationAlgorithm.proveLoopTermination, WARNING)

refinement # 1 : predicates= 2  traceStates= 3 (PredicateCPA:PredicateCPARefiner.performRefinementForPathImpl, INFO)

refinement # 2 : predicates= 2  traceStates= 3 (PredicateCPA:PredicateCPARefiner.performRefinementForPathImpl, INFO)

Termination algorithm did not find a non-terminating loop. (TerminationAlgorithm.run0, INFO)

Stopping analysis ... (CPAchecker.runAlgorithm, INFO)


PredicateCPA statistics
-----------------------
Number of abstractions:            27 (4% of all post computations)
  Times abstraction was reused:    0
  Because of function entry/exit:  0 (0%)
  Because of loop head:            17 (63%)
  Because of join nodes:           0 (0%)
  Because of threshold:            0 (0%)
  Because of target state:         10 (37%)
  Times precision was empty:       21 (78%)
  Times precision was {false}:     4 (15%)
  Times result was cached:         0 (0%)
  Times cartesian abs was used:    0 (0%)
  Times boolean abs was used:      2 (7%)
  Times result was 'false':        1 (4%)
Number of strengthen sat checks:   0
Number of coverage checks:         252
  BDD entailment checks:           6
Number of SMT sat checks:          0
  trivial:                         0
  cached:                          0

Max ABE block size:                       14
Avg ABE block size:                                7.81 (sum: 211, count: 27, min: 0, max: 14)
Number of predicates discovered:          3
Number of abstraction locations:          2
Max number of predicates per location:    3
Avg number of predicates per location:    2
Total predicates per abstraction:         10
Max number of predicates per abstraction: 3
Avg number of predicates per abstraction: 1.67
Number of irrelevant predicates:          6 (60%)
Number of preds handled by boolean abs:   4 (40%)
  Total number of models for allsat:      2
  Max number of models for allsat:        1
  Avg number of models for allsat:        1.00
Number of path formula cache hits:        300 (30%)

Time for post operator:                                0.062s
  Time for path formula creation:                      0.059s
Time for strengthen operator:                          0.012s
Time for prec operator:                                0.013s
  Time for abstraction:                  0.011s (Max:     0.003s, Count: 27)
    Boolean abstraction:                 0.003s
    Solving time:                        0.002s (Max:     0.001s)
    Model enumeration time:              0.000s
    Time for BDD construction:           0.000s (Max:     0.000s)
Time for merge operator:                               0.004s
Time for coverage checks:                              0.001s
  Time for BDD entailment checks:                      0.000s
Total time for SMT solver (w/o itp):     0.002s

Number of BDD nodes:                               203
Size of BDD node table:                            100511
Size of BDD cache:                                 10061
Size of BDD node cleanup queue:                    0.00 (sum: 0, count: 69, min: 0, max: 0)
Time for BDD node cleanup:                             0.000s
Time for BDD garbage collection:                       0.000s (in 0 runs)

Invariant Generation statistics
-------------------------------

AutomatonAnalysis (NonTerminationLabelAutomaton) statistics
-----------------------------------------------------------
Number of states:                                  1
Total time for successor computation:                  0.003s
Automaton transfers with branching:                0
Automaton transfer successors:                     1.00 (sum: 749, count: 749, min: 1, max: 1) [1 x 749]
Number of states with assumption transitions:      0

AutomatonAnalysis (TerminatingFunctions) statistics
---------------------------------------------------
Number of states:                                  1
Total time for successor computation:                  0.002s
Automaton transfers with branching:                0
Automaton transfer successors:                     1.00 (sum: 749, count: 749, min: 1, max: 1) [1 x 749]
Number of states with assumption transitions:      0

Termination Algorithm statistics
--------------------------------
Total time :                                            1.190s
Time for recursion analysis:                            0.001s

Number of analysed loops:                               1 (100%)
Total time for loop analysis:                           1.189s
  Avg time per loop analysis:                           1.189s
  Max time per loop analysis:                           1.189s

Number of safety analysis runs:                         7
  Avg safety analysis run per loop:                     7.00
  Max safety analysis run per loop:                     7 	 for loops [N46]
Total time for safety analysis:                         0.200s
  Avg time per safety analysis run:                     0.028s
  Max time per safety analysis run:                     0.055s

Number of analysed lassos:                              6
  Avg number of lassos per loop:                        6.00
  Max number of lassos per loop:                        6 	 for loops [N46]
  Avg number of lassos per iteration:                   1.00
  Max number of lassos per iteration:                   1

Total time for lassos analysis:                         0.980s
  Avg time per iteration:                               0.163s
  Max time per iteration:                               0.248s
  Time for lassos construction:                         0.257s
    Avg time for lasso construction per iteration:      0.042s
    Max time for lasso construction per iteration:      0.098s
      Time for stem and loop construction:                         0.000s
        Avg time for stem and loop construction per iteration:      0.000s
        Max time for stem and loop construction per iteration:      0.000s
      Time for lassos creation:                         0.245s
        Avg time for lassos creation per iteration:      0.040s
        Max time for lassos creation per iteration:      0.093s
  Total time for non-termination analysis:              0.181s
    Avg time for non-termination analysis per lasso:    0.030s
    Max time for non-termination analysis per lasso:    0.054s
  Total time for termination analysis:                  0.541s
    Avg time for termination analysis per lasso:        0.090s
    Max time for termination analysis per lasso:        0.102s

Total number of termination arguments:                  6
  Avg termination arguments per loop:                   6.00
  Max termination arguments per loop:                   6 	 for loops [N46]

  affine:                                               6

Code Coverage
-----------------------------
  Function coverage:      1.000
  Visited lines:          10
  Total lines:            10
  Line coverage:          1.000
  Visited conditions:     4
  Total conditions:       8
  Condition coverage:     0.500

CPAchecker general statistics
-----------------------------
Number of program locations:                       28
Number of CFA edges (per node):                          29 (count: 28, min: 0, max: 2, avg: 1.04)
Number of relevant variables:                      3
Number of functions:                               2
Number of loops (and loop nodes):                         1 (sum: 11, min: 11, max: 11, avg: 11.00)
Size of reached set:             35
  Number of reached locations:   18 (64%)
    Avg states per location:     1
    Max states per location:     3 (at node N48)
  Number of reached functions:   2 (100%)
  Number of partitions:          26
    Avg size of partitions:      1
    Max size of partitions:      2 (with key [N46 (before line 11), Function f called from node N39, stack depth 2 [40712ee9], stack [main, f]])
  Number of target states:       0

Time for analysis setup:          0.497s
  Time for loading CPAs:          0.098s
  Time for loading parser:        0.083s
  Time for CFA construction:      0.165s
    Time for parsing file(s):     0.071s
    Time for AST to CFA:          0.048s
    Time for CFA sanity check:    0.004s
    Time for post-processing:     0.029s
    Time for loop structure:      0.002s
    Time for AST structure:       0.000s
      Time for function pointers resolving:            0.001s
        Function calls via function pointers:             0 (count: 1, min: 0, max: 0, avg: 0.00)
        Instrumented function pointer calls:              0 (count: 1, min: 0, max: 0, avg: 0.00)
        Function calls with function pointer arguments:        0 (count: 1, min: 0, max: 0, avg: 0.00)
        Instrumented function pointer arguments:          0 (count: 1, min: 0, max: 0, avg: 0.00)
      Time for classifying variables:                  0.016s
        Time for collecting variables:                 0.007s
        Time for solving dependencies:                 0.001s
        Time for building hierarchy:                   0.000s
        Time for building classification:              0.008s
        Time for exporting data:                       0.000s
Time for Analysis:                1.191s
CPU time for analysis:            4.670s
Time for analyzing result:        0.000s
Total time for CPAchecker:        1.689s
Total CPU time for CPAchecker:    6.110s
Time for statistics:              0.056s

Time for Garbage Collector:       0.013s (in 2 runs)
Garbage Collector(s) used:    PS MarkSweep, PS Scavenge
Used heap memory:                466MB (   444 MiB) max;    230MB (   219 MiB) avg;    503MB (   479 MiB) peak
Used non-heap memory:             60MB (    58 MiB) max;     45MB (    43 MiB) avg;     63MB (    60 MiB) peak
Used in PS Old Gen pool:          16MB (    15 MiB) max;     13MB (    12 MiB) avg;     16MB (    15 MiB) peak
Allocated heap memory:          2010MB (  1917 MiB) max;   2010MB (  1917 MiB) avg
Allocated non-heap memory:        61MB (    59 MiB) max;     47MB (    45 MiB) avg
Total process virtual memory:   9428MB (  8991 MiB) max;   7522MB (  7174 MiB) avg

Verification result: TRUE. No property violation found by chosen configuration.
More details about the verification run can be found in the directory "./output".
