Running CPAchecker with Java heap of size 2000M.
Running CPAchecker with default stack size (1024k). Specify a larger value with --stack if needed.
Using the following resource limits: CPU-time limit of 300s (ResourceLimitChecker.fromConfiguration, INFO)

CPAchecker 4.2.2-2096-gb9f51b640f+ / termination-composition-lassoBasedAnalysis (OpenJDK 64-Bit Server VM 21.0.10) started (CPAchecker.run, INFO)

Parsing CFA from file(s) "/home/swear01/sv-benchmarks/c/termination-crafted/Benghazi.c" (CPAchecker.parse, INFO)

Using predicate analysis with MathSAT5 version 5.6.11 (1a1154baf0ab) (Aug  9 2024 08:45:22, gmp 6.2.0, gcc 7.5.0, 64-bit, reentrant) and JFactory 1.21. (PredicateCPA:PredicateCPA.<init>, INFO)

Using refinement for predicate analysis with PredicateAbstractionRefinementStrategy strategy. (PredicateCPA:PredicateCPARefiner.<init>, INFO)

Using unsound approximation of ints with unbounded integers and floats with rationals for encoding program semantics. (FormulaManagerView.<init>, WARNING)

The following configuration options were specified but are not used:
 counterexample.checker.config
 counterexample.checker 
 (CPAchecker.printConfigurationWarnings, WARNING)

Starting analysis ... (CPAchecker.runAlgorithm, INFO)

Starting termination algorithm. (TerminationAlgorithm.run0, INFO)

refinement # 1 : predicates= 2  traceStates= 3 (PredicateCPA:PredicateCPARefiner.performRefinementForPathImpl, INFO)

refinement # 2 : predicates= 2  traceStates= 3 (PredicateCPA:PredicateCPARefiner.performRefinementForPathImpl, INFO)

refinement # 3 : predicates= 3  traceStates= 4 (PredicateCPA:PredicateCPARefiner.performRefinementForPathImpl, INFO)

Termination algorithm did not find a non-terminating loop. (TerminationAlgorithm.run0, INFO)

Stopping analysis ... (CPAchecker.runAlgorithm, INFO)


PredicateCPA statistics
-----------------------
Number of abstractions:            31 (5% of all post computations)
  Times abstraction was reused:    0
  Because of function entry/exit:  0 (0%)
  Because of loop head:            23 (74%)
  Because of join nodes:           0 (0%)
  Because of threshold:            0 (0%)
  Because of target state:         8 (26%)
  Times precision was empty:       11 (35%)
  Times precision was {false}:     6 (19%)
  Times result was cached:         0 (0%)
  Times cartesian abs was used:    0 (0%)
  Times boolean abs was used:      14 (45%)
  Times result was 'false':        3 (10%)
Number of strengthen sat checks:   0
Number of coverage checks:         112
  BDD entailment checks:           34
Number of SMT sat checks:          0
  trivial:                         0
  cached:                          0

Max ABE block size:                       13
Avg ABE block size:                                8.19 (sum: 254, count: 31, min: 0, max: 13)
Number of predicates discovered:          11
Number of abstraction locations:          2
Max number of predicates per location:    11
Avg number of predicates per location:    6
Total predicates per abstraction:         130
Max number of predicates per abstraction: 11
Avg number of predicates per abstraction: 6.50
Number of irrelevant predicates:          25 (19%)
Number of preds handled by boolean abs:   105 (81%)
  Total number of models for allsat:      96
  Max number of models for allsat:        27
  Avg number of models for allsat:        6.86
Number of path formula cache hits:        173 (26%)

Time for post operator:                                0.060s
  Time for path formula creation:                      0.059s
Time for strengthen operator:                          0.007s
Time for prec operator:                                0.048s
  Time for abstraction:                  0.044s (Max:     0.005s, Count: 31)
    Boolean abstraction:                 0.020s
    Solving time:                        0.009s (Max:     0.001s)
    Model enumeration time:              0.009s
    Time for BDD construction:           0.004s (Max:     0.001s)
Time for merge operator:                               0.002s
Time for coverage checks:                              0.000s
  Time for BDD entailment checks:                      0.000s
Total time for SMT solver (w/o itp):     0.018s

Number of BDD nodes:                               1150
Size of BDD node table:                            100511
Size of BDD cache:                                 10061
Size of BDD node cleanup queue:                    0.00 (sum: 0, count: 280, min: 0, max: 0)
Time for BDD node cleanup:                             0.000s
Time for BDD garbage collection:                       0.000s (in 0 runs)

Invariant Generation statistics
-------------------------------

AutomatonAnalysis (NonTerminationLabelAutomaton) statistics
-----------------------------------------------------------
Number of states:                                  1
Total time for successor computation:                  0.001s
Automaton transfers with branching:                0
Automaton transfer successors:                     1.00 (sum: 612, count: 612, min: 1, max: 1) [1 x 612]
Number of states with assumption transitions:      0

AutomatonAnalysis (TerminatingFunctions) statistics
---------------------------------------------------
Number of states:                                  1
Total time for successor computation:                  0.000s
Automaton transfers with branching:                0
Automaton transfer successors:                     1.00 (sum: 612, count: 612, min: 1, max: 1) [1 x 612]
Number of states with assumption transitions:      0

Termination Algorithm statistics
--------------------------------
Total time :                                            0.497s
Time for recursion analysis:                            0.001s

Number of analysed loops:                               1 (100%)
Total time for loop analysis:                           0.495s
  Avg time per loop analysis:                           0.495s
  Max time per loop analysis:                           0.495s

Number of safety analysis runs:                         2
  Avg safety analysis run per loop:                     2.00
  Max safety analysis run per loop:                     2 	 for loops [N38]
Total time for safety analysis:                         0.189s
  Avg time per safety analysis run:                     0.094s
  Max time per safety analysis run:                     0.133s

Number of analysed lassos:                              1
  Avg number of lassos per loop:                        1.00
  Max number of lassos per loop:                        1 	 for loops [N38]
  Avg number of lassos per iteration:                   1.00
  Max number of lassos per iteration:                   1

Total time for lassos analysis:                         0.301s
  Avg time per iteration:                               0.301s
  Max time per iteration:                               0.301s
  Time for lassos construction:                         0.051s
    Avg time for lasso construction per iteration:      0.051s
    Max time for lasso construction per iteration:      0.051s
      Time for stem and loop construction:                         0.000s
        Avg time for stem and loop construction per iteration:      0.000s
        Max time for stem and loop construction per iteration:      0.000s
      Time for lassos creation:                         0.042s
        Avg time for lassos creation per iteration:      0.042s
        Max time for lassos creation per iteration:      0.042s
  Total time for non-termination analysis:              0.040s
    Avg time for non-termination analysis per lasso:    0.040s
    Max time for non-termination analysis per lasso:    0.040s
  Total time for termination analysis:                  0.210s
    Avg time for termination analysis per lasso:        0.210s
    Max time for termination analysis per lasso:        0.210s

Total number of termination arguments:                  1
  Avg termination arguments per loop:                   1.00
  Max termination arguments per loop:                   1 	 for loops [N38]

  2-nested:                                             1

Code Coverage
-----------------------------
  Function coverage:      1.000
  Visited lines:          11
  Total lines:            11
  Line coverage:          1.000
  Visited conditions:     2
  Total conditions:       4
  Condition coverage:     0.500

CPAchecker general statistics
-----------------------------
Number of program locations:                       22
Number of CFA edges (per node):                          22 (count: 22, min: 0, max: 2, avg: 1.00)
Number of relevant variables:                      4
Number of functions:                               1
Number of loops (and loop nodes):                         1 (sum: 6, min: 6, max: 6, avg: 6.00)
Size of reached set:             30
  Number of reached locations:   8 (36%)
    Avg states per location:     3
    Max states per location:     8 (at node N39)
  Number of reached functions:   1 (100%)
  Number of partitions:          20
    Avg size of partitions:      1
    Max size of partitions:      5 (with key [N38 (before line 22), Function main called from node N24, stack depth 1 [6ad5923a], stack [main]])
  Number of target states:       0

Time for analysis setup:          0.487s
  Time for loading CPAs:          0.111s
  Time for loading parser:        0.068s
  Time for CFA construction:      0.159s
    Time for parsing file(s):     0.072s
    Time for AST to CFA:          0.046s
    Time for CFA sanity check:    0.004s
    Time for post-processing:     0.026s
    Time for loop structure:      0.001s
    Time for AST structure:       0.000s
      Time for function pointers resolving:            0.001s
        Function calls via function pointers:             0 (count: 1, min: 0, max: 0, avg: 0.00)
        Instrumented function pointer calls:              0 (count: 1, min: 0, max: 0, avg: 0.00)
        Function calls with function pointer arguments:        0 (count: 1, min: 0, max: 0, avg: 0.00)
        Instrumented function pointer arguments:          0 (count: 1, min: 0, max: 0, avg: 0.00)
      Time for classifying variables:                  0.015s
        Time for collecting variables:                 0.006s
        Time for solving dependencies:                 0.000s
        Time for building hierarchy:                   0.000s
        Time for building classification:              0.009s
        Time for exporting data:                       0.000s
Time for Analysis:                0.497s
CPU time for analysis:            2.080s
Time for analyzing result:        0.000s
Total time for CPAchecker:        0.984s
Total CPU time for CPAchecker:    3.500s
Time for statistics:              0.056s

Time for Garbage Collector:       0.011s (in 2 runs)
Garbage Collector(s) used:    PS MarkSweep, PS Scavenge
Used heap memory:                190MB (   181 MiB) max;    133MB (   127 MiB) avg;    231MB (   221 MiB) peak
Used non-heap memory:             51MB (    49 MiB) max;     36MB (    34 MiB) avg;     55MB (    53 MiB) peak
Used in PS Old Gen pool:          16MB (    15 MiB) max;     10MB (     9 MiB) avg;     16MB (    15 MiB) peak
Allocated heap memory:          2010MB (  1917 MiB) max;   2010MB (  1917 MiB) avg
Allocated non-heap memory:        52MB (    50 MiB) max;     38MB (    36 MiB) avg
Total process virtual memory:   7797MB (  7436 MiB) max;   6507MB (  6206 MiB) avg

Verification result: TRUE. No property violation found by chosen configuration.
More details about the verification run can be found in the directory "./output".
