Running CPAchecker with Java heap of size 2000M.
Running CPAchecker with default stack size (1024k). Specify a larger value with --stack if needed.
Using the following resource limits: CPU-time limit of 300s (ResourceLimitChecker.fromConfiguration, INFO)

CPAchecker 4.2.2-2096-gb9f51b640f+ / termination-composition-lassoBasedAnalysis (OpenJDK 64-Bit Server VM 21.0.10) started (CPAchecker.run, INFO)

Parsing CFA from file(s) "/home/swear01/sv-benchmarks/c/termination-crafted/Binary_Search-2.c" (CPAchecker.parse, INFO)

Using predicate analysis with MathSAT5 version 5.6.11 (1a1154baf0ab) (Aug  9 2024 08:45:22, gmp 6.2.0, gcc 7.5.0, 64-bit, reentrant) and JFactory 1.21. (PredicateCPA:PredicateCPA.<init>, INFO)

Using refinement for predicate analysis with PredicateAbstractionRefinementStrategy strategy. (PredicateCPA:PredicateCPARefiner.<init>, INFO)

Using unsound approximation of ints with unbounded integers and floats with rationals for encoding program semantics. (FormulaManagerView.<init>, WARNING)

The following configuration options were specified but are not used:
 counterexample.checker.config
 counterexample.checker 
 (CPAchecker.printConfigurationWarnings, WARNING)

Starting analysis ... (CPAchecker.runAlgorithm, INFO)

Starting termination algorithm. (TerminationAlgorithm.run0, INFO)

Recursion detected, aborting. To ignore recursion, add --skip-recursion to the command line. (CallstackCPA:CallstackTransferRelation.getAbstractSuccessorsForEdge, INFO)

Error: line 13: Unsupported feature (recursion): __CPAchecker_TMP_1 = bsearch(i, mid); (line was originally return bsearch(i,mid);) (CallstackTransferRelation.getAbstractSuccessorsForEdge, SEVERE)


PredicateCPA statistics
-----------------------
Number of abstractions:            0 (0% of all post computations)
Number of strengthen sat checks:   0
Number of coverage checks:         6
  BDD entailment checks:           0
Number of SMT sat checks:          0
  trivial:                         0
  cached:                          0

Max ABE block size:                       0
Avg ABE block size:                                0.00 (sum: 0, count: 0, min: 0, max: 0)
Number of predicates discovered:          0
Number of path formula cache hits:        0 (0%)

Time for post operator:                                0.019s
  Time for path formula creation:                      0.018s
Time for strengthen operator:                          0.000s
Time for prec operator:                                0.000s
Time for merge operator:                               0.002s
Time for coverage checks:                              0.000s
Total time for SMT solver (w/o itp):     0.000s

Number of BDD nodes:                               202
Size of BDD node table:                            100511
Size of BDD node cleanup queue:                    0.00 (sum: 0, count: 2, min: 0, max: 0)
Time for BDD node cleanup:                             0.000s
Time for BDD garbage collection:                       0.000s (in 0 runs)

Invariant Generation statistics
-------------------------------

AutomatonAnalysis (NonTerminationLabelAutomaton) statistics
-----------------------------------------------------------
Number of states:                                  1
Total time for successor computation:                  0.000s
Automaton transfers with branching:                0
Automaton transfer successors:                     1.00 (sum: 29, count: 29, min: 1, max: 1) [1 x 29]
Number of states with assumption transitions:      0

AutomatonAnalysis (TerminatingFunctions) statistics
---------------------------------------------------
Number of states:                                  1
Total time for successor computation:                  0.000s
Automaton transfers with branching:                0
Automaton transfer successors:                     1.00 (sum: 29, count: 29, min: 1, max: 1) [1 x 29]
Number of states with assumption transitions:      0

Termination Algorithm statistics
--------------------------------
Total time :                                            0.026s
Time for recursion analysis:                            0.026s

Number of analysed loops:                               0 (NaN%)
Total time for loop analysis:                           0.000s
  Avg time per loop analysis:                           0.000s
  Max time per loop analysis:                           0.000s

Number of safety analysis runs:                         0
  Max safety analysis run per loop:                     0 	 for loops 
Total time for safety analysis:                         0.000s
  Avg time per safety analysis run:                     0.000s
  Max time per safety analysis run:                     0.000s

Number of analysed lassos:                              0
  Max number of lassos per loop:                        0 	 for loops 
  Max number of lassos per iteration:                   0

Total time for lassos analysis:                         0.000s
  Avg time per iteration:                               0.000s
  Max time per iteration:                               0.000s
  Time for lassos construction:                         0.000s
    Avg time for lasso construction per iteration:      0.000s
    Max time for lasso construction per iteration:      0.000s
      Time for stem and loop construction:                         0.000s
        Avg time for stem and loop construction per iteration:      0.000s
        Max time for stem and loop construction per iteration:      0.000s
      Time for lassos creation:                         0.000s
        Avg time for lassos creation per iteration:      0.000s
        Max time for lassos creation per iteration:      0.000s
  Total time for non-termination analysis:              0.000s
    Avg time for non-termination analysis per lasso:    0.000s
    Max time for non-termination analysis per lasso:    0.000s
  Total time for termination analysis:                  0.000s
    Avg time for termination analysis per lasso:        0.000s
    Max time for termination analysis per lasso:        0.000s

Total number of termination arguments:                  0
  Max termination arguments per loop:                   0 	 for loops 


CPAchecker general statistics
-----------------------------
Number of program locations:                       32
Number of CFA edges (per node):                          39 (count: 32, min: 0, max: 3, avg: 1.22)
Number of relevant variables:                      6
Number of functions:                               2
Number of loops (and loop nodes):                         0 (sum: 0, min: 0, max: 0, avg: 0.00)
Size of reached set:             1
  Number of reached locations:   1 (3%)
    Avg states per location:     1
    Max states per location:     1 (at node N38)
  Number of reached functions:   1 (50%)
  Number of partitions:          1
    Avg size of partitions:      1
    Max size of partitions:      1
  Number of target states:       0
  Size of final wait list:       1

Time for analysis setup:          0.485s
  Time for loading CPAs:          0.098s
  Time for loading parser:        0.062s
  Time for CFA construction:      0.178s
    Time for parsing file(s):     0.072s
    Time for AST to CFA:          0.053s
    Time for CFA sanity check:    0.005s
    Time for post-processing:     0.037s
    Time for loop structure:      0.000s
    Time for AST structure:       0.000s
      Time for function pointers resolving:            0.001s
        Function calls via function pointers:             0 (count: 1, min: 0, max: 0, avg: 0.00)
        Instrumented function pointer calls:              0 (count: 1, min: 0, max: 0, avg: 0.00)
        Function calls with function pointer arguments:        0 (count: 1, min: 0, max: 0, avg: 0.00)
        Instrumented function pointer arguments:          0 (count: 1, min: 0, max: 0, avg: 0.00)
      Time for classifying variables:                  0.024s
        Time for collecting variables:                 0.012s
        Time for solving dependencies:                 0.000s
        Time for building hierarchy:                   0.000s
        Time for building classification:              0.012s
        Time for exporting data:                       0.000s
Time for Analysis:                0.026s
CPU time for analysis:            0.110s
Total time for CPAchecker:        0.511s
Total CPU time for CPAchecker:    1.490s
Time for statistics:              0.014s

Time for Garbage Collector:       0.012s (in 2 runs)
Garbage Collector(s) used:    PS MarkSweep, PS Scavenge
Used heap memory:                190MB (   181 MiB) max;    125MB (   119 MiB) avg;    231MB (   221 MiB) peak
Used non-heap memory:             42MB (    40 MiB) max;     28MB (    26 MiB) avg;     43MB (    41 MiB) peak
Used in PS Old Gen pool:          16MB (    15 MiB) max;      6MB (     5 MiB) avg;     16MB (    15 MiB) peak
Allocated heap memory:          2010MB (  1917 MiB) max;   2010MB (  1917 MiB) avg
Allocated non-heap memory:        44MB (    42 MiB) max;     30MB (    29 MiB) avg
Total process virtual memory:   6914MB (  6593 MiB) max;   5897MB (  5624 MiB) avg

Verification result: UNKNOWN, incomplete analysis.
More details about the verification run can be found in the directory "./output".
