Running CPAchecker with Java heap of size 2000M.
Running CPAchecker with default stack size (1024k). Specify a larger value with --stack if needed.
Using the following resource limits: CPU-time limit of 300s (ResourceLimitChecker.fromConfiguration, INFO)

CPAchecker 4.2.2-2096-gb9f51b640f+ / termination-composition-lassoBasedAnalysis (OpenJDK 64-Bit Server VM 21.0.10) started (CPAchecker.run, INFO)

Parsing CFA from file(s) "/home/swear01/sv-benchmarks/c/termination-crafted-lit/BrockschmidtCookFuhs-CAV2013-Fig1.c" (CPAchecker.parse, INFO)

Using predicate analysis with MathSAT5 version 5.6.11 (1a1154baf0ab) (Aug  9 2024 08:45:22, gmp 6.2.0, gcc 7.5.0, 64-bit, reentrant) and JFactory 1.21. (PredicateCPA:PredicateCPA.<init>, INFO)

Using refinement for predicate analysis with PredicateAbstractionRefinementStrategy strategy. (PredicateCPA:PredicateCPARefiner.<init>, INFO)

Using unsound approximation of ints with unbounded integers and floats with rationals for encoding program semantics. (FormulaManagerView.<init>, WARNING)

The following configuration options were specified but are not used:
 counterexample.checker.config
 counterexample.checker 
 (CPAchecker.printConfigurationWarnings, WARNING)

Starting analysis ... (CPAchecker.runAlgorithm, INFO)

Starting termination algorithm. (TerminationAlgorithm.run0, INFO)

refinement # 1 : predicates= 3  traceStates= 4 (PredicateCPA:PredicateCPARefiner.performRefinementForPathImpl, INFO)

refinement # 2 : predicates= 3  traceStates= 4 (PredicateCPA:PredicateCPARefiner.performRefinementForPathImpl, INFO)

refinement # 4 : predicates= 3  traceStates= 4 (PredicateCPA:PredicateCPARefiner.performRefinementForPathImpl, INFO)

refinement # 5 : predicates= 4  traceStates= 5 (PredicateCPA:PredicateCPARefiner.performRefinementForPathImpl, INFO)

refinement # 6 : predicates= 4  traceStates= 5 (PredicateCPA:PredicateCPARefiner.performRefinementForPathImpl, INFO)

refinement # 8 : predicates= 4  traceStates= 5 (PredicateCPA:PredicateCPARefiner.performRefinementForPathImpl, INFO)

refinement # 9 : predicates= 5  traceStates= 6 (PredicateCPA:PredicateCPARefiner.performRefinementForPathImpl, INFO)

refinement # 10 : predicates= 6  traceStates= 7 (PredicateCPA:PredicateCPARefiner.performRefinementForPathImpl, INFO)

refinement # 12 : predicates= 4  traceStates= 5 (PredicateCPA:PredicateCPARefiner.performRefinementForPathImpl, INFO)

refinement # 13 : predicates= 5  traceStates= 6 (PredicateCPA:PredicateCPARefiner.performRefinementForPathImpl, INFO)

refinement # 14 : predicates= 6  traceStates= 7 (PredicateCPA:PredicateCPARefiner.performRefinementForPathImpl, INFO)

refinement # 15 : predicates= 7  traceStates= 8 (PredicateCPA:PredicateCPARefiner.performRefinementForPathImpl, INFO)

refinement # 16 : predicates= 8  traceStates= 9 (PredicateCPA:PredicateCPARefiner.performRefinementForPathImpl, INFO)

refinement # 18 : predicates= 4  traceStates= 5 (PredicateCPA:PredicateCPARefiner.performRefinementForPathImpl, INFO)

refinement # 19 : predicates= 5  traceStates= 6 (PredicateCPA:PredicateCPARefiner.performRefinementForPathImpl, INFO)

refinement # 20 : predicates= 6  traceStates= 7 (PredicateCPA:PredicateCPARefiner.performRefinementForPathImpl, INFO)

refinement # 21 : predicates= 7  traceStates= 8 (PredicateCPA:PredicateCPARefiner.performRefinementForPathImpl, INFO)

refinement # 22 : predicates= 8  traceStates= 9 (PredicateCPA:PredicateCPARefiner.performRefinementForPathImpl, INFO)

refinement # 23 : predicates= 9  traceStates= 10 (PredicateCPA:PredicateCPARefiner.performRefinementForPathImpl, INFO)

refinement # 24 : predicates= 10  traceStates= 11 (PredicateCPA:PredicateCPARefiner.performRefinementForPathImpl, INFO)

refinement # 26 : predicates= 4  traceStates= 5 (PredicateCPA:PredicateCPARefiner.performRefinementForPathImpl, INFO)

refinement # 27 : predicates= 5  traceStates= 6 (PredicateCPA:PredicateCPARefiner.performRefinementForPathImpl, INFO)

refinement # 28 : predicates= 6  traceStates= 7 (PredicateCPA:PredicateCPARefiner.performRefinementForPathImpl, INFO)

refinement # 29 : predicates= 7  traceStates= 8 (PredicateCPA:PredicateCPARefiner.performRefinementForPathImpl, INFO)

refinement # 30 : predicates= 8  traceStates= 9 (PredicateCPA:PredicateCPARefiner.performRefinementForPathImpl, INFO)

refinement # 31 : predicates= 9  traceStates= 10 (PredicateCPA:PredicateCPARefiner.performRefinementForPathImpl, INFO)

refinement # 32 : predicates= 10  traceStates= 11 (PredicateCPA:PredicateCPARefiner.performRefinementForPathImpl, INFO)

refinement # 33 : predicates= 11  traceStates= 12 (PredicateCPA:PredicateCPARefiner.performRefinementForPathImpl, INFO)

refinement # 34 : predicates= 12  traceStates= 13 (PredicateCPA:PredicateCPARefiner.performRefinementForPathImpl, INFO)

refinement # 36 : predicates= 4  traceStates= 5 (PredicateCPA:PredicateCPARefiner.performRefinementForPathImpl, INFO)

refinement # 37 : predicates= 5  traceStates= 6 (PredicateCPA:PredicateCPARefiner.performRefinementForPathImpl, INFO)

refinement # 38 : predicates= 6  traceStates= 7 (PredicateCPA:PredicateCPARefiner.performRefinementForPathImpl, INFO)

refinement # 39 : predicates= 7  traceStates= 8 (PredicateCPA:PredicateCPARefiner.performRefinementForPathImpl, INFO)

refinement # 40 : predicates= 8  traceStates= 9 (PredicateCPA:PredicateCPARefiner.performRefinementForPathImpl, INFO)

refinement # 41 : predicates= 9  traceStates= 10 (PredicateCPA:PredicateCPARefiner.performRefinementForPathImpl, INFO)

refinement # 42 : predicates= 10  traceStates= 11 (PredicateCPA:PredicateCPARefiner.performRefinementForPathImpl, INFO)

refinement # 43 : predicates= 11  traceStates= 12 (PredicateCPA:PredicateCPARefiner.performRefinementForPathImpl, INFO)

refinement # 44 : predicates= 12  traceStates= 13 (PredicateCPA:PredicateCPARefiner.performRefinementForPathImpl, INFO)

refinement # 45 : predicates= 13  traceStates= 14 (PredicateCPA:PredicateCPARefiner.performRefinementForPathImpl, INFO)

refinement # 46 : predicates= 14  traceStates= 15 (PredicateCPA:PredicateCPARefiner.performRefinementForPathImpl, INFO)

refinement # 48 : predicates= 4  traceStates= 5 (PredicateCPA:PredicateCPARefiner.performRefinementForPathImpl, INFO)

refinement # 49 : predicates= 5  traceStates= 6 (PredicateCPA:PredicateCPARefiner.performRefinementForPathImpl, INFO)

refinement # 50 : predicates= 6  traceStates= 7 (PredicateCPA:PredicateCPARefiner.performRefinementForPathImpl, INFO)

refinement # 51 : predicates= 7  traceStates= 8 (PredicateCPA:PredicateCPARefiner.performRefinementForPathImpl, INFO)

refinement # 52 : predicates= 8  traceStates= 9 (PredicateCPA:PredicateCPARefiner.performRefinementForPathImpl, INFO)

refinement # 53 : predicates= 9  traceStates= 10 (PredicateCPA:PredicateCPARefiner.performRefinementForPathImpl, INFO)

refinement # 54 : predicates= 10  traceStates= 11 (PredicateCPA:PredicateCPARefiner.performRefinementForPathImpl, INFO)

refinement # 55 : predicates= 11  traceStates= 12 (PredicateCPA:PredicateCPARefiner.performRefinementForPathImpl, INFO)

refinement # 56 : predicates= 12  traceStates= 13 (PredicateCPA:PredicateCPARefiner.performRefinementForPathImpl, INFO)

refinement # 57 : predicates= 13  traceStates= 14 (PredicateCPA:PredicateCPARefiner.performRefinementForPathImpl, INFO)

refinement # 58 : predicates= 14  traceStates= 15 (PredicateCPA:PredicateCPARefiner.performRefinementForPathImpl, INFO)

refinement # 59 : predicates= 15  traceStates= 16 (PredicateCPA:PredicateCPARefiner.performRefinementForPathImpl, INFO)

refinement # 60 : predicates= 16  traceStates= 17 (PredicateCPA:PredicateCPARefiner.performRefinementForPathImpl, INFO)

refinement # 62 : predicates= 4  traceStates= 5 (PredicateCPA:PredicateCPARefiner.performRefinementForPathImpl, INFO)

refinement # 63 : predicates= 5  traceStates= 6 (PredicateCPA:PredicateCPARefiner.performRefinementForPathImpl, INFO)

refinement # 64 : predicates= 6  traceStates= 7 (PredicateCPA:PredicateCPARefiner.performRefinementForPathImpl, INFO)

refinement # 65 : predicates= 7  traceStates= 8 (PredicateCPA:PredicateCPARefiner.performRefinementForPathImpl, INFO)

refinement # 66 : predicates= 8  traceStates= 9 (PredicateCPA:PredicateCPARefiner.performRefinementForPathImpl, INFO)

refinement # 67 : predicates= 9  traceStates= 10 (PredicateCPA:PredicateCPARefiner.performRefinementForPathImpl, INFO)

refinement # 68 : predicates= 10  traceStates= 11 (PredicateCPA:PredicateCPARefiner.performRefinementForPathImpl, INFO)

refinement # 69 : predicates= 11  traceStates= 12 (PredicateCPA:PredicateCPARefiner.performRefinementForPathImpl, INFO)

refinement # 70 : predicates= 12  traceStates= 13 (PredicateCPA:PredicateCPARefiner.performRefinementForPathImpl, INFO)

refinement # 71 : predicates= 13  traceStates= 14 (PredicateCPA:PredicateCPARefiner.performRefinementForPathImpl, INFO)

refinement # 72 : predicates= 14  traceStates= 15 (PredicateCPA:PredicateCPARefiner.performRefinementForPathImpl, INFO)

refinement # 73 : predicates= 15  traceStates= 16 (PredicateCPA:PredicateCPARefiner.performRefinementForPathImpl, INFO)

refinement # 74 : predicates= 16  traceStates= 17 (PredicateCPA:PredicateCPARefiner.performRefinementForPathImpl, INFO)

refinement # 75 : predicates= 17  traceStates= 18 (PredicateCPA:PredicateCPARefiner.performRefinementForPathImpl, INFO)

refinement # 76 : predicates= 18  traceStates= 19 (PredicateCPA:PredicateCPARefiner.performRefinementForPathImpl, INFO)

refinement # 77 : predicates= 19  traceStates= 20 (PredicateCPA:PredicateCPARefiner.performRefinementForPathImpl, INFO)

refinement # 78 : predicates= 20  traceStates= 21 (PredicateCPA:PredicateCPARefiner.performRefinementForPathImpl, INFO)

refinement # 79 : predicates= 21  traceStates= 22 (PredicateCPA:PredicateCPARefiner.performRefinementForPathImpl, INFO)

refinement # 81 : predicates= 4  traceStates= 5 (PredicateCPA:PredicateCPARefiner.performRefinementForPathImpl, INFO)

refinement # 82 : predicates= 5  traceStates= 6 (PredicateCPA:PredicateCPARefiner.performRefinementForPathImpl, INFO)

refinement # 83 : predicates= 6  traceStates= 7 (PredicateCPA:PredicateCPARefiner.performRefinementForPathImpl, INFO)

refinement # 84 : predicates= 7  traceStates= 8 (PredicateCPA:PredicateCPARefiner.performRefinementForPathImpl, INFO)

refinement # 85 : predicates= 8  traceStates= 9 (PredicateCPA:PredicateCPARefiner.performRefinementForPathImpl, INFO)

refinement # 86 : predicates= 9  traceStates= 10 (PredicateCPA:PredicateCPARefiner.performRefinementForPathImpl, INFO)

refinement # 87 : predicates= 10  traceStates= 11 (PredicateCPA:PredicateCPARefiner.performRefinementForPathImpl, INFO)

refinement # 88 : predicates= 11  traceStates= 12 (PredicateCPA:PredicateCPARefiner.performRefinementForPathImpl, INFO)

refinement # 89 : predicates= 12  traceStates= 13 (PredicateCPA:PredicateCPARefiner.performRefinementForPathImpl, INFO)

refinement # 90 : predicates= 13  traceStates= 14 (PredicateCPA:PredicateCPARefiner.performRefinementForPathImpl, INFO)

refinement # 91 : predicates= 14  traceStates= 15 (PredicateCPA:PredicateCPARefiner.performRefinementForPathImpl, INFO)

refinement # 92 : predicates= 15  traceStates= 16 (PredicateCPA:PredicateCPARefiner.performRefinementForPathImpl, INFO)

refinement # 93 : predicates= 16  traceStates= 17 (PredicateCPA:PredicateCPARefiner.performRefinementForPathImpl, INFO)

refinement # 94 : predicates= 17  traceStates= 18 (PredicateCPA:PredicateCPARefiner.performRefinementForPathImpl, INFO)

refinement # 95 : predicates= 18  traceStates= 19 (PredicateCPA:PredicateCPARefiner.performRefinementForPathImpl, INFO)

refinement # 96 : predicates= 19  traceStates= 20 (PredicateCPA:PredicateCPARefiner.performRefinementForPathImpl, INFO)

refinement # 97 : predicates= 20  traceStates= 21 (PredicateCPA:PredicateCPARefiner.performRefinementForPathImpl, INFO)

refinement # 98 : predicates= 21  traceStates= 22 (PredicateCPA:PredicateCPARefiner.performRefinementForPathImpl, INFO)

refinement # 99 : predicates= 22  traceStates= 23 (PredicateCPA:PredicateCPARefiner.performRefinementForPathImpl, INFO)

refinement # 100 : predicates= 23  traceStates= 24 (PredicateCPA:PredicateCPARefiner.performRefinementForPathImpl, INFO)

refinement # 102 : predicates= 4  traceStates= 5 (PredicateCPA:PredicateCPARefiner.performRefinementForPathImpl, INFO)

refinement # 103 : predicates= 5  traceStates= 6 (PredicateCPA:PredicateCPARefiner.performRefinementForPathImpl, INFO)

refinement # 104 : predicates= 6  traceStates= 7 (PredicateCPA:PredicateCPARefiner.performRefinementForPathImpl, INFO)

refinement # 105 : predicates= 7  traceStates= 8 (PredicateCPA:PredicateCPARefiner.performRefinementForPathImpl, INFO)

refinement # 106 : predicates= 8  traceStates= 9 (PredicateCPA:PredicateCPARefiner.performRefinementForPathImpl, INFO)

refinement # 107 : predicates= 9  traceStates= 10 (PredicateCPA:PredicateCPARefiner.performRefinementForPathImpl, INFO)

refinement # 108 : predicates= 10  traceStates= 11 (PredicateCPA:PredicateCPARefiner.performRefinementForPathImpl, INFO)

refinement # 109 : predicates= 11  traceStates= 12 (PredicateCPA:PredicateCPARefiner.performRefinementForPathImpl, INFO)

refinement # 110 : predicates= 12  traceStates= 13 (PredicateCPA:PredicateCPARefiner.performRefinementForPathImpl, INFO)

refinement # 111 : predicates= 13  traceStates= 14 (PredicateCPA:PredicateCPARefiner.performRefinementForPathImpl, INFO)

refinement # 112 : predicates= 14  traceStates= 15 (PredicateCPA:PredicateCPARefiner.performRefinementForPathImpl, INFO)

refinement # 113 : predicates= 15  traceStates= 16 (PredicateCPA:PredicateCPARefiner.performRefinementForPathImpl, INFO)

refinement # 114 : predicates= 16  traceStates= 17 (PredicateCPA:PredicateCPARefiner.performRefinementForPathImpl, INFO)

refinement # 115 : predicates= 17  traceStates= 18 (PredicateCPA:PredicateCPARefiner.performRefinementForPathImpl, INFO)

refinement # 116 : predicates= 18  traceStates= 19 (PredicateCPA:PredicateCPARefiner.performRefinementForPathImpl, INFO)

refinement # 117 : predicates= 19  traceStates= 20 (PredicateCPA:PredicateCPARefiner.performRefinementForPathImpl, INFO)

refinement # 118 : predicates= 20  traceStates= 21 (PredicateCPA:PredicateCPARefiner.performRefinementForPathImpl, INFO)

refinement # 119 : predicates= 21  traceStates= 22 (PredicateCPA:PredicateCPARefiner.performRefinementForPathImpl, INFO)

refinement # 120 : predicates= 22  traceStates= 23 (PredicateCPA:PredicateCPARefiner.performRefinementForPathImpl, INFO)

refinement # 121 : predicates= 23  traceStates= 24 (PredicateCPA:PredicateCPARefiner.performRefinementForPathImpl, INFO)

refinement # 122 : predicates= 24  traceStates= 25 (PredicateCPA:PredicateCPARefiner.performRefinementForPathImpl, INFO)

refinement # 123 : predicates= 25  traceStates= 26 (PredicateCPA:PredicateCPARefiner.performRefinementForPathImpl, INFO)

refinement # 125 : predicates= 4  traceStates= 5 (PredicateCPA:PredicateCPARefiner.performRefinementForPathImpl, INFO)

refinement # 126 : predicates= 5  traceStates= 6 (PredicateCPA:PredicateCPARefiner.performRefinementForPathImpl, INFO)

refinement # 127 : predicates= 6  traceStates= 7 (PredicateCPA:PredicateCPARefiner.performRefinementForPathImpl, INFO)

refinement # 128 : predicates= 7  traceStates= 8 (PredicateCPA:PredicateCPARefiner.performRefinementForPathImpl, INFO)

refinement # 129 : predicates= 8  traceStates= 9 (PredicateCPA:PredicateCPARefiner.performRefinementForPathImpl, INFO)

refinement # 130 : predicates= 9  traceStates= 10 (PredicateCPA:PredicateCPARefiner.performRefinementForPathImpl, INFO)

refinement # 131 : predicates= 10  traceStates= 11 (PredicateCPA:PredicateCPARefiner.performRefinementForPathImpl, INFO)

refinement # 132 : predicates= 11  traceStates= 12 (PredicateCPA:PredicateCPARefiner.performRefinementForPathImpl, INFO)

refinement # 133 : predicates= 12  traceStates= 13 (PredicateCPA:PredicateCPARefiner.performRefinementForPathImpl, INFO)

refinement # 134 : predicates= 13  traceStates= 14 (PredicateCPA:PredicateCPARefiner.performRefinementForPathImpl, INFO)

refinement # 135 : predicates= 14  traceStates= 15 (PredicateCPA:PredicateCPARefiner.performRefinementForPathImpl, INFO)

refinement # 136 : predicates= 15  traceStates= 16 (PredicateCPA:PredicateCPARefiner.performRefinementForPathImpl, INFO)

refinement # 137 : predicates= 16  traceStates= 17 (PredicateCPA:PredicateCPARefiner.performRefinementForPathImpl, INFO)

refinement # 138 : predicates= 17  traceStates= 18 (PredicateCPA:PredicateCPARefiner.performRefinementForPathImpl, INFO)

refinement # 139 : predicates= 18  traceStates= 19 (PredicateCPA:PredicateCPARefiner.performRefinementForPathImpl, INFO)

refinement # 140 : predicates= 19  traceStates= 20 (PredicateCPA:PredicateCPARefiner.performRefinementForPathImpl, INFO)

refinement # 141 : predicates= 20  traceStates= 21 (PredicateCPA:PredicateCPARefiner.performRefinementForPathImpl, INFO)

refinement # 142 : predicates= 21  traceStates= 22 (PredicateCPA:PredicateCPARefiner.performRefinementForPathImpl, INFO)

refinement # 143 : predicates= 22  traceStates= 23 (PredicateCPA:PredicateCPARefiner.performRefinementForPathImpl, INFO)

refinement # 144 : predicates= 23  traceStates= 24 (PredicateCPA:PredicateCPARefiner.performRefinementForPathImpl, INFO)

refinement # 145 : predicates= 24  traceStates= 25 (PredicateCPA:PredicateCPARefiner.performRefinementForPathImpl, INFO)

refinement # 146 : predicates= 25  traceStates= 26 (PredicateCPA:PredicateCPARefiner.performRefinementForPathImpl, INFO)

refinement # 147 : predicates= 26  traceStates= 27 (PredicateCPA:PredicateCPARefiner.performRefinementForPathImpl, INFO)

refinement # 148 : predicates= 27  traceStates= 28 (PredicateCPA:PredicateCPARefiner.performRefinementForPathImpl, INFO)

refinement # 150 : predicates= 4  traceStates= 5 (PredicateCPA:PredicateCPARefiner.performRefinementForPathImpl, INFO)

refinement # 151 : predicates= 5  traceStates= 6 (PredicateCPA:PredicateCPARefiner.performRefinementForPathImpl, INFO)

refinement # 152 : predicates= 6  traceStates= 7 (PredicateCPA:PredicateCPARefiner.performRefinementForPathImpl, INFO)

refinement # 153 : predicates= 7  traceStates= 8 (PredicateCPA:PredicateCPARefiner.performRefinementForPathImpl, INFO)

refinement # 154 : predicates= 8  traceStates= 9 (PredicateCPA:PredicateCPARefiner.performRefinementForPathImpl, INFO)

refinement # 155 : predicates= 9  traceStates= 10 (PredicateCPA:PredicateCPARefiner.performRefinementForPathImpl, INFO)

refinement # 156 : predicates= 10  traceStates= 11 (PredicateCPA:PredicateCPARefiner.performRefinementForPathImpl, INFO)

refinement # 157 : predicates= 11  traceStates= 12 (PredicateCPA:PredicateCPARefiner.performRefinementForPathImpl, INFO)

refinement # 158 : predicates= 12  traceStates= 13 (PredicateCPA:PredicateCPARefiner.performRefinementForPathImpl, INFO)

refinement # 159 : predicates= 13  traceStates= 14 (PredicateCPA:PredicateCPARefiner.performRefinementForPathImpl, INFO)

refinement # 160 : predicates= 14  traceStates= 15 (PredicateCPA:PredicateCPARefiner.performRefinementForPathImpl, INFO)

refinement # 161 : predicates= 15  traceStates= 16 (PredicateCPA:PredicateCPARefiner.performRefinementForPathImpl, INFO)

refinement # 162 : predicates= 16  traceStates= 17 (PredicateCPA:PredicateCPARefiner.performRefinementForPathImpl, INFO)

refinement # 163 : predicates= 17  traceStates= 18 (PredicateCPA:PredicateCPARefiner.performRefinementForPathImpl, INFO)

refinement # 164 : predicates= 18  traceStates= 19 (PredicateCPA:PredicateCPARefiner.performRefinementForPathImpl, INFO)

refinement # 165 : predicates= 19  traceStates= 20 (PredicateCPA:PredicateCPARefiner.performRefinementForPathImpl, INFO)

refinement # 166 : predicates= 20  traceStates= 21 (PredicateCPA:PredicateCPARefiner.performRefinementForPathImpl, INFO)

refinement # 167 : predicates= 21  traceStates= 22 (PredicateCPA:PredicateCPARefiner.performRefinementForPathImpl, INFO)

refinement # 168 : predicates= 22  traceStates= 23 (PredicateCPA:PredicateCPARefiner.performRefinementForPathImpl, INFO)

refinement # 169 : predicates= 23  traceStates= 24 (PredicateCPA:PredicateCPARefiner.performRefinementForPathImpl, INFO)

refinement # 170 : predicates= 24  traceStates= 25 (PredicateCPA:PredicateCPARefiner.performRefinementForPathImpl, INFO)

refinement # 171 : predicates= 25  traceStates= 26 (PredicateCPA:PredicateCPARefiner.performRefinementForPathImpl, INFO)

refinement # 172 : predicates= 26  traceStates= 27 (PredicateCPA:PredicateCPARefiner.performRefinementForPathImpl, INFO)

refinement # 173 : predicates= 27  traceStates= 28 (PredicateCPA:PredicateCPARefiner.performRefinementForPathImpl, INFO)

refinement # 174 : predicates= 28  traceStates= 29 (PredicateCPA:PredicateCPARefiner.performRefinementForPathImpl, INFO)

refinement # 175 : predicates= 29  traceStates= 30 (PredicateCPA:PredicateCPARefiner.performRefinementForPathImpl, INFO)

refinement # 177 : predicates= 4  traceStates= 5 (PredicateCPA:PredicateCPARefiner.performRefinementForPathImpl, INFO)

refinement # 178 : predicates= 5  traceStates= 6 (PredicateCPA:PredicateCPARefiner.performRefinementForPathImpl, INFO)

refinement # 179 : predicates= 6  traceStates= 7 (PredicateCPA:PredicateCPARefiner.performRefinementForPathImpl, INFO)

refinement # 180 : predicates= 7  traceStates= 8 (PredicateCPA:PredicateCPARefiner.performRefinementForPathImpl, INFO)

refinement # 181 : predicates= 8  traceStates= 9 (PredicateCPA:PredicateCPARefiner.performRefinementForPathImpl, INFO)

refinement # 182 : predicates= 9  traceStates= 10 (PredicateCPA:PredicateCPARefiner.performRefinementForPathImpl, INFO)

refinement # 183 : predicates= 10  traceStates= 11 (PredicateCPA:PredicateCPARefiner.performRefinementForPathImpl, INFO)

refinement # 184 : predicates= 11  traceStates= 12 (PredicateCPA:PredicateCPARefiner.performRefinementForPathImpl, INFO)

refinement # 185 : predicates= 12  traceStates= 13 (PredicateCPA:PredicateCPARefiner.performRefinementForPathImpl, INFO)

refinement # 186 : predicates= 13  traceStates= 14 (PredicateCPA:PredicateCPARefiner.performRefinementForPathImpl, INFO)

refinement # 187 : predicates= 14  traceStates= 15 (PredicateCPA:PredicateCPARefiner.performRefinementForPathImpl, INFO)

refinement # 188 : predicates= 15  traceStates= 16 (PredicateCPA:PredicateCPARefiner.performRefinementForPathImpl, INFO)

refinement # 189 : predicates= 16  traceStates= 17 (PredicateCPA:PredicateCPARefiner.performRefinementForPathImpl, INFO)

refinement # 190 : predicates= 17  traceStates= 18 (PredicateCPA:PredicateCPARefiner.performRefinementForPathImpl, INFO)

refinement # 191 : predicates= 18  traceStates= 19 (PredicateCPA:PredicateCPARefiner.performRefinementForPathImpl, INFO)

refinement # 192 : predicates= 19  traceStates= 20 (PredicateCPA:PredicateCPARefiner.performRefinementForPathImpl, INFO)

refinement # 193 : predicates= 20  traceStates= 21 (PredicateCPA:PredicateCPARefiner.performRefinementForPathImpl, INFO)

refinement # 194 : predicates= 21  traceStates= 22 (PredicateCPA:PredicateCPARefiner.performRefinementForPathImpl, INFO)

refinement # 195 : predicates= 22  traceStates= 23 (PredicateCPA:PredicateCPARefiner.performRefinementForPathImpl, INFO)

refinement # 196 : predicates= 23  traceStates= 24 (PredicateCPA:PredicateCPARefiner.performRefinementForPathImpl, INFO)

refinement # 197 : predicates= 24  traceStates= 25 (PredicateCPA:PredicateCPARefiner.performRefinementForPathImpl, INFO)

refinement # 198 : predicates= 25  traceStates= 26 (PredicateCPA:PredicateCPARefiner.performRefinementForPathImpl, INFO)

refinement # 199 : predicates= 26  traceStates= 27 (PredicateCPA:PredicateCPARefiner.performRefinementForPathImpl, INFO)

refinement # 200 : predicates= 27  traceStates= 28 (PredicateCPA:PredicateCPARefiner.performRefinementForPathImpl, INFO)

refinement # 201 : predicates= 28  traceStates= 29 (PredicateCPA:PredicateCPARefiner.performRefinementForPathImpl, INFO)

refinement # 202 : predicates= 29  traceStates= 30 (PredicateCPA:PredicateCPARefiner.performRefinementForPathImpl, INFO)

refinement # 203 : predicates= 30  traceStates= 31 (PredicateCPA:PredicateCPARefiner.performRefinementForPathImpl, INFO)

refinement # 204 : predicates= 31  traceStates= 32 (PredicateCPA:PredicateCPARefiner.performRefinementForPathImpl, INFO)

refinement # 206 : predicates= 4  traceStates= 5 (PredicateCPA:PredicateCPARefiner.performRefinementForPathImpl, INFO)

refinement # 207 : predicates= 5  traceStates= 6 (PredicateCPA:PredicateCPARefiner.performRefinementForPathImpl, INFO)

refinement # 208 : predicates= 6  traceStates= 7 (PredicateCPA:PredicateCPARefiner.performRefinementForPathImpl, INFO)

refinement # 209 : predicates= 7  traceStates= 8 (PredicateCPA:PredicateCPARefiner.performRefinementForPathImpl, INFO)

refinement # 210 : predicates= 8  traceStates= 9 (PredicateCPA:PredicateCPARefiner.performRefinementForPathImpl, INFO)

refinement # 211 : predicates= 9  traceStates= 10 (PredicateCPA:PredicateCPARefiner.performRefinementForPathImpl, INFO)

refinement # 212 : predicates= 10  traceStates= 11 (PredicateCPA:PredicateCPARefiner.performRefinementForPathImpl, INFO)

refinement # 213 : predicates= 11  traceStates= 12 (PredicateCPA:PredicateCPARefiner.performRefinementForPathImpl, INFO)

refinement # 214 : predicates= 12  traceStates= 13 (PredicateCPA:PredicateCPARefiner.performRefinementForPathImpl, INFO)

refinement # 215 : predicates= 13  traceStates= 14 (PredicateCPA:PredicateCPARefiner.performRefinementForPathImpl, INFO)

refinement # 216 : predicates= 14  traceStates= 15 (PredicateCPA:PredicateCPARefiner.performRefinementForPathImpl, INFO)

refinement # 217 : predicates= 15  traceStates= 16 (PredicateCPA:PredicateCPARefiner.performRefinementForPathImpl, INFO)

refinement # 218 : predicates= 16  traceStates= 17 (PredicateCPA:PredicateCPARefiner.performRefinementForPathImpl, INFO)

refinement # 219 : predicates= 17  traceStates= 18 (PredicateCPA:PredicateCPARefiner.performRefinementForPathImpl, INFO)

refinement # 220 : predicates= 18  traceStates= 19 (PredicateCPA:PredicateCPARefiner.performRefinementForPathImpl, INFO)

refinement # 221 : predicates= 19  traceStates= 20 (PredicateCPA:PredicateCPARefiner.performRefinementForPathImpl, INFO)

refinement # 222 : predicates= 20  traceStates= 21 (PredicateCPA:PredicateCPARefiner.performRefinementForPathImpl, INFO)

refinement # 223 : predicates= 21  traceStates= 22 (PredicateCPA:PredicateCPARefiner.performRefinementForPathImpl, INFO)

refinement # 224 : predicates= 22  traceStates= 23 (PredicateCPA:PredicateCPARefiner.performRefinementForPathImpl, INFO)

refinement # 225 : predicates= 23  traceStates= 24 (PredicateCPA:PredicateCPARefiner.performRefinementForPathImpl, INFO)

refinement # 226 : predicates= 24  traceStates= 25 (PredicateCPA:PredicateCPARefiner.performRefinementForPathImpl, INFO)

refinement # 227 : predicates= 25  traceStates= 26 (PredicateCPA:PredicateCPARefiner.performRefinementForPathImpl, INFO)

refinement # 228 : predicates= 26  traceStates= 27 (PredicateCPA:PredicateCPARefiner.performRefinementForPathImpl, INFO)

refinement # 229 : predicates= 27  traceStates= 28 (PredicateCPA:PredicateCPARefiner.performRefinementForPathImpl, INFO)

refinement # 230 : predicates= 28  traceStates= 29 (PredicateCPA:PredicateCPARefiner.performRefinementForPathImpl, INFO)

refinement # 231 : predicates= 29  traceStates= 30 (PredicateCPA:PredicateCPARefiner.performRefinementForPathImpl, INFO)

refinement # 232 : predicates= 30  traceStates= 31 (PredicateCPA:PredicateCPARefiner.performRefinementForPathImpl, INFO)

refinement # 233 : predicates= 31  traceStates= 32 (PredicateCPA:PredicateCPARefiner.performRefinementForPathImpl, INFO)

refinement # 234 : predicates= 32  traceStates= 33 (PredicateCPA:PredicateCPARefiner.performRefinementForPathImpl, INFO)

refinement # 235 : predicates= 33  traceStates= 34 (PredicateCPA:PredicateCPARefiner.performRefinementForPathImpl, INFO)

refinement # 236 : predicates= 34  traceStates= 35 (PredicateCPA:PredicateCPARefiner.performRefinementForPathImpl, INFO)

refinement # 237 : predicates= 35  traceStates= 36 (PredicateCPA:PredicateCPARefiner.performRefinementForPathImpl, INFO)

refinement # 238 : predicates= 36  traceStates= 37 (PredicateCPA:PredicateCPARefiner.performRefinementForPathImpl, INFO)

refinement # 240 : predicates= 4  traceStates= 5 (PredicateCPA:PredicateCPARefiner.performRefinementForPathImpl, INFO)

refinement # 241 : predicates= 5  traceStates= 6 (PredicateCPA:PredicateCPARefiner.performRefinementForPathImpl, INFO)

refinement # 242 : predicates= 6  traceStates= 7 (PredicateCPA:PredicateCPARefiner.performRefinementForPathImpl, INFO)

refinement # 243 : predicates= 7  traceStates= 8 (PredicateCPA:PredicateCPARefiner.performRefinementForPathImpl, INFO)

refinement # 244 : predicates= 8  traceStates= 9 (PredicateCPA:PredicateCPARefiner.performRefinementForPathImpl, INFO)

refinement # 245 : predicates= 9  traceStates= 10 (PredicateCPA:PredicateCPARefiner.performRefinementForPathImpl, INFO)

refinement # 246 : predicates= 10  traceStates= 11 (PredicateCPA:PredicateCPARefiner.performRefinementForPathImpl, INFO)

refinement # 247 : predicates= 11  traceStates= 12 (PredicateCPA:PredicateCPARefiner.performRefinementForPathImpl, INFO)

refinement # 248 : predicates= 12  traceStates= 13 (PredicateCPA:PredicateCPARefiner.performRefinementForPathImpl, INFO)

refinement # 249 : predicates= 13  traceStates= 14 (PredicateCPA:PredicateCPARefiner.performRefinementForPathImpl, INFO)

refinement # 250 : predicates= 14  traceStates= 15 (PredicateCPA:PredicateCPARefiner.performRefinementForPathImpl, INFO)

refinement # 251 : predicates= 15  traceStates= 16 (PredicateCPA:PredicateCPARefiner.performRefinementForPathImpl, INFO)

refinement # 252 : predicates= 16  traceStates= 17 (PredicateCPA:PredicateCPARefiner.performRefinementForPathImpl, INFO)

refinement # 253 : predicates= 17  traceStates= 18 (PredicateCPA:PredicateCPARefiner.performRefinementForPathImpl, INFO)

refinement # 254 : predicates= 18  traceStates= 19 (PredicateCPA:PredicateCPARefiner.performRefinementForPathImpl, INFO)

refinement # 255 : predicates= 19  traceStates= 20 (PredicateCPA:PredicateCPARefiner.performRefinementForPathImpl, INFO)

refinement # 256 : predicates= 20  traceStates= 21 (PredicateCPA:PredicateCPARefiner.performRefinementForPathImpl, INFO)

refinement # 257 : predicates= 21  traceStates= 22 (PredicateCPA:PredicateCPARefiner.performRefinementForPathImpl, INFO)

refinement # 258 : predicates= 22  traceStates= 23 (PredicateCPA:PredicateCPARefiner.performRefinementForPathImpl, INFO)

refinement # 259 : predicates= 23  traceStates= 24 (PredicateCPA:PredicateCPARefiner.performRefinementForPathImpl, INFO)

refinement # 260 : predicates= 24  traceStates= 25 (PredicateCPA:PredicateCPARefiner.performRefinementForPathImpl, INFO)

refinement # 261 : predicates= 25  traceStates= 26 (PredicateCPA:PredicateCPARefiner.performRefinementForPathImpl, INFO)

refinement # 262 : predicates= 26  traceStates= 27 (PredicateCPA:PredicateCPARefiner.performRefinementForPathImpl, INFO)

refinement # 263 : predicates= 27  traceStates= 28 (PredicateCPA:PredicateCPARefiner.performRefinementForPathImpl, INFO)

refinement # 264 : predicates= 28  traceStates= 29 (PredicateCPA:PredicateCPARefiner.performRefinementForPathImpl, INFO)

refinement # 265 : predicates= 29  traceStates= 30 (PredicateCPA:PredicateCPARefiner.performRefinementForPathImpl, INFO)

refinement # 266 : predicates= 30  traceStates= 31 (PredicateCPA:PredicateCPARefiner.performRefinementForPathImpl, INFO)

refinement # 267 : predicates= 31  traceStates= 32 (PredicateCPA:PredicateCPARefiner.performRefinementForPathImpl, INFO)

refinement # 268 : predicates= 32  traceStates= 33 (PredicateCPA:PredicateCPARefiner.performRefinementForPathImpl, INFO)

refinement # 269 : predicates= 33  traceStates= 34 (PredicateCPA:PredicateCPARefiner.performRefinementForPathImpl, INFO)

refinement # 270 : predicates= 34  traceStates= 35 (PredicateCPA:PredicateCPARefiner.performRefinementForPathImpl, INFO)

refinement # 271 : predicates= 35  traceStates= 36 (PredicateCPA:PredicateCPARefiner.performRefinementForPathImpl, INFO)

refinement # 272 : predicates= 36  traceStates= 37 (PredicateCPA:PredicateCPARefiner.performRefinementForPathImpl, INFO)

refinement # 273 : predicates= 37  traceStates= 38 (PredicateCPA:PredicateCPARefiner.performRefinementForPathImpl, INFO)

refinement # 274 : predicates= 38  traceStates= 39 (PredicateCPA:PredicateCPARefiner.performRefinementForPathImpl, INFO)

refinement # 276 : predicates= 4  traceStates= 5 (PredicateCPA:PredicateCPARefiner.performRefinementForPathImpl, INFO)

refinement # 277 : predicates= 5  traceStates= 6 (PredicateCPA:PredicateCPARefiner.performRefinementForPathImpl, INFO)

refinement # 278 : predicates= 6  traceStates= 7 (PredicateCPA:PredicateCPARefiner.performRefinementForPathImpl, INFO)

refinement # 279 : predicates= 7  traceStates= 8 (PredicateCPA:PredicateCPARefiner.performRefinementForPathImpl, INFO)

refinement # 280 : predicates= 8  traceStates= 9 (PredicateCPA:PredicateCPARefiner.performRefinementForPathImpl, INFO)

refinement # 281 : predicates= 9  traceStates= 10 (PredicateCPA:PredicateCPARefiner.performRefinementForPathImpl, INFO)

refinement # 282 : predicates= 10  traceStates= 11 (PredicateCPA:PredicateCPARefiner.performRefinementForPathImpl, INFO)

refinement # 283 : predicates= 11  traceStates= 12 (PredicateCPA:PredicateCPARefiner.performRefinementForPathImpl, INFO)

refinement # 284 : predicates= 12  traceStates= 13 (PredicateCPA:PredicateCPARefiner.performRefinementForPathImpl, INFO)

refinement # 285 : predicates= 13  traceStates= 14 (PredicateCPA:PredicateCPARefiner.performRefinementForPathImpl, INFO)

refinement # 286 : predicates= 14  traceStates= 15 (PredicateCPA:PredicateCPARefiner.performRefinementForPathImpl, INFO)

refinement # 287 : predicates= 15  traceStates= 16 (PredicateCPA:PredicateCPARefiner.performRefinementForPathImpl, INFO)

refinement # 288 : predicates= 16  traceStates= 17 (PredicateCPA:PredicateCPARefiner.performRefinementForPathImpl, INFO)

refinement # 289 : predicates= 17  traceStates= 18 (PredicateCPA:PredicateCPARefiner.performRefinementForPathImpl, INFO)

refinement # 290 : predicates= 18  traceStates= 19 (PredicateCPA:PredicateCPARefiner.performRefinementForPathImpl, INFO)

refinement # 291 : predicates= 19  traceStates= 20 (PredicateCPA:PredicateCPARefiner.performRefinementForPathImpl, INFO)

refinement # 292 : predicates= 20  traceStates= 21 (PredicateCPA:PredicateCPARefiner.performRefinementForPathImpl, INFO)

refinement # 293 : predicates= 21  traceStates= 22 (PredicateCPA:PredicateCPARefiner.performRefinementForPathImpl, INFO)

refinement # 294 : predicates= 22  traceStates= 23 (PredicateCPA:PredicateCPARefiner.performRefinementForPathImpl, INFO)

refinement # 295 : predicates= 23  traceStates= 24 (PredicateCPA:PredicateCPARefiner.performRefinementForPathImpl, INFO)

refinement # 296 : predicates= 24  traceStates= 25 (PredicateCPA:PredicateCPARefiner.performRefinementForPathImpl, INFO)

refinement # 297 : predicates= 25  traceStates= 26 (PredicateCPA:PredicateCPARefiner.performRefinementForPathImpl, INFO)

refinement # 298 : predicates= 26  traceStates= 27 (PredicateCPA:PredicateCPARefiner.performRefinementForPathImpl, INFO)

refinement # 299 : predicates= 27  traceStates= 28 (PredicateCPA:PredicateCPARefiner.performRefinementForPathImpl, INFO)

refinement # 300 : predicates= 28  traceStates= 29 (PredicateCPA:PredicateCPARefiner.performRefinementForPathImpl, INFO)

refinement # 301 : predicates= 29  traceStates= 30 (PredicateCPA:PredicateCPARefiner.performRefinementForPathImpl, INFO)

refinement # 302 : predicates= 30  traceStates= 31 (PredicateCPA:PredicateCPARefiner.performRefinementForPathImpl, INFO)

refinement # 303 : predicates= 31  traceStates= 32 (PredicateCPA:PredicateCPARefiner.performRefinementForPathImpl, INFO)

refinement # 304 : predicates= 32  traceStates= 33 (PredicateCPA:PredicateCPARefiner.performRefinementForPathImpl, INFO)

refinement # 305 : predicates= 33  traceStates= 34 (PredicateCPA:PredicateCPARefiner.performRefinementForPathImpl, INFO)

refinement # 306 : predicates= 34  traceStates= 35 (PredicateCPA:PredicateCPARefiner.performRefinementForPathImpl, INFO)

refinement # 307 : predicates= 35  traceStates= 36 (PredicateCPA:PredicateCPARefiner.performRefinementForPathImpl, INFO)

refinement # 308 : predicates= 36  traceStates= 37 (PredicateCPA:PredicateCPARefiner.performRefinementForPathImpl, INFO)

refinement # 309 : predicates= 37  traceStates= 38 (PredicateCPA:PredicateCPARefiner.performRefinementForPathImpl, INFO)

refinement # 310 : predicates= 38  traceStates= 39 (PredicateCPA:PredicateCPARefiner.performRefinementForPathImpl, INFO)

refinement # 311 : predicates= 39  traceStates= 40 (PredicateCPA:PredicateCPARefiner.performRefinementForPathImpl, INFO)

refinement # 312 : predicates= 40  traceStates= 41 (PredicateCPA:PredicateCPARefiner.performRefinementForPathImpl, INFO)

refinement # 314 : predicates= 4  traceStates= 5 (PredicateCPA:PredicateCPARefiner.performRefinementForPathImpl, INFO)

refinement # 315 : predicates= 5  traceStates= 6 (PredicateCPA:PredicateCPARefiner.performRefinementForPathImpl, INFO)

refinement # 316 : predicates= 6  traceStates= 7 (PredicateCPA:PredicateCPARefiner.performRefinementForPathImpl, INFO)

refinement # 317 : predicates= 7  traceStates= 8 (PredicateCPA:PredicateCPARefiner.performRefinementForPathImpl, INFO)

refinement # 318 : predicates= 8  traceStates= 9 (PredicateCPA:PredicateCPARefiner.performRefinementForPathImpl, INFO)

refinement # 319 : predicates= 9  traceStates= 10 (PredicateCPA:PredicateCPARefiner.performRefinementForPathImpl, INFO)

refinement # 320 : predicates= 10  traceStates= 11 (PredicateCPA:PredicateCPARefiner.performRefinementForPathImpl, INFO)

refinement # 321 : predicates= 11  traceStates= 12 (PredicateCPA:PredicateCPARefiner.performRefinementForPathImpl, INFO)

refinement # 322 : predicates= 12  traceStates= 13 (PredicateCPA:PredicateCPARefiner.performRefinementForPathImpl, INFO)

refinement # 323 : predicates= 13  traceStates= 14 (PredicateCPA:PredicateCPARefiner.performRefinementForPathImpl, INFO)

refinement # 324 : predicates= 14  traceStates= 15 (PredicateCPA:PredicateCPARefiner.performRefinementForPathImpl, INFO)

refinement # 325 : predicates= 15  traceStates= 16 (PredicateCPA:PredicateCPARefiner.performRefinementForPathImpl, INFO)

refinement # 326 : predicates= 16  traceStates= 17 (PredicateCPA:PredicateCPARefiner.performRefinementForPathImpl, INFO)

refinement # 327 : predicates= 17  traceStates= 18 (PredicateCPA:PredicateCPARefiner.performRefinementForPathImpl, INFO)

refinement # 328 : predicates= 18  traceStates= 19 (PredicateCPA:PredicateCPARefiner.performRefinementForPathImpl, INFO)

refinement # 329 : predicates= 19  traceStates= 20 (PredicateCPA:PredicateCPARefiner.performRefinementForPathImpl, INFO)

refinement # 330 : predicates= 20  traceStates= 21 (PredicateCPA:PredicateCPARefiner.performRefinementForPathImpl, INFO)

refinement # 331 : predicates= 21  traceStates= 22 (PredicateCPA:PredicateCPARefiner.performRefinementForPathImpl, INFO)

refinement # 332 : predicates= 22  traceStates= 23 (PredicateCPA:PredicateCPARefiner.performRefinementForPathImpl, INFO)

refinement # 333 : predicates= 23  traceStates= 24 (PredicateCPA:PredicateCPARefiner.performRefinementForPathImpl, INFO)

refinement # 334 : predicates= 24  traceStates= 25 (PredicateCPA:PredicateCPARefiner.performRefinementForPathImpl, INFO)

refinement # 335 : predicates= 25  traceStates= 26 (PredicateCPA:PredicateCPARefiner.performRefinementForPathImpl, INFO)

refinement # 336 : predicates= 26  traceStates= 27 (PredicateCPA:PredicateCPARefiner.performRefinementForPathImpl, INFO)

refinement # 337 : predicates= 27  traceStates= 28 (PredicateCPA:PredicateCPARefiner.performRefinementForPathImpl, INFO)

refinement # 338 : predicates= 28  traceStates= 29 (PredicateCPA:PredicateCPARefiner.performRefinementForPathImpl, INFO)

refinement # 339 : predicates= 29  traceStates= 30 (PredicateCPA:PredicateCPARefiner.performRefinementForPathImpl, INFO)

refinement # 340 : predicates= 30  traceStates= 31 (PredicateCPA:PredicateCPARefiner.performRefinementForPathImpl, INFO)

refinement # 341 : predicates= 31  traceStates= 32 (PredicateCPA:PredicateCPARefiner.performRefinementForPathImpl, INFO)

refinement # 342 : predicates= 32  traceStates= 33 (PredicateCPA:PredicateCPARefiner.performRefinementForPathImpl, INFO)

refinement # 343 : predicates= 33  traceStates= 34 (PredicateCPA:PredicateCPARefiner.performRefinementForPathImpl, INFO)

refinement # 344 : predicates= 34  traceStates= 35 (PredicateCPA:PredicateCPARefiner.performRefinementForPathImpl, INFO)

refinement # 345 : predicates= 35  traceStates= 36 (PredicateCPA:PredicateCPARefiner.performRefinementForPathImpl, INFO)

refinement # 346 : predicates= 36  traceStates= 37 (PredicateCPA:PredicateCPARefiner.performRefinementForPathImpl, INFO)

refinement # 347 : predicates= 37  traceStates= 38 (PredicateCPA:PredicateCPARefiner.performRefinementForPathImpl, INFO)

refinement # 348 : predicates= 38  traceStates= 39 (PredicateCPA:PredicateCPARefiner.performRefinementForPathImpl, INFO)

refinement # 349 : predicates= 39  traceStates= 40 (PredicateCPA:PredicateCPARefiner.performRefinementForPathImpl, INFO)

refinement # 350 : predicates= 40  traceStates= 41 (PredicateCPA:PredicateCPARefiner.performRefinementForPathImpl, INFO)

refinement # 351 : predicates= 41  traceStates= 42 (PredicateCPA:PredicateCPARefiner.performRefinementForPathImpl, INFO)

refinement # 352 : predicates= 42  traceStates= 43 (PredicateCPA:PredicateCPARefiner.performRefinementForPathImpl, INFO)

Warning: Analysis interrupted (The CPU-time limit of 300s has elapsed.) (ShutdownNotifier.shutdownIfNecessary, WARNING)


PredicateCPA statistics
-----------------------
Number of abstractions:            20939 (16% of all post computations)
  Times abstraction was reused:    0
  Because of function entry/exit:  0 (0%)
  Because of loop head:            15624 (75%)
  Because of join nodes:           0 (0%)
  Because of threshold:            0 (0%)
  Because of target state:         5315 (25%)
  Times precision was empty:       28 (0%)
  Times precision was {false}:     5293 (25%)
  Times result was cached:         4688 (22%)
  Times cartesian abs was used:    0 (0%)
  Times boolean abs was used:      10930 (52%)
  Times result was 'false':        4961 (24%)
Number of strengthen sat checks:   0
Number of coverage checks:         288432
  BDD entailment checks:           277520
Number of SMT sat checks:          0
  trivial:                         0
  cached:                          0

Max ABE block size:                       9
Avg ABE block size:                                2.82 (sum: 59028, count: 20939, min: 0, max: 9)
Number of predicates discovered:          158
Number of abstraction locations:          3
Max number of predicates per location:    80
Avg number of predicates per location:    41
Total predicates per abstraction:         478920
Max number of predicates per abstraction: 80
Avg number of predicates per abstraction: 29.52
Number of irrelevant predicates:          10621 (2%)
Number of preds handled by boolean abs:   385587 (81%)
  Total number of models for allsat:      415268
  Max number of models for allsat:        777
  Avg number of models for allsat:        37.99
Number of path formula cache hits:        66398 (50%)

Time for post operator:                                2.131s
  Time for path formula creation:                      2.113s
Time for strengthen operator:                          2.720s
Time for prec operator:                              262.873s
  Time for abstraction:                262.594s (Max:     1.047s, Count: 20939)
    Boolean abstraction:               238.241s
    Solving time:                       27.478s (Max:     0.094s)
    Model enumeration time:            214.464s
    Time for BDD construction:          25.887s (Max:     0.012s)
Time for merge operator:                               0.017s
Time for coverage checks:                              0.557s
  Time for BDD entailment checks:                      0.552s
Total time for SMT solver (w/o itp):   241.942s

Number of BDD nodes:                               239166
Size of BDD node table:                            250451
Size of BDD cache:                                 25057
Size of BDD node cleanup queue:                    1.09 (sum: 732091, count: 672336, min: 0, max: 20223)
Time for BDD node cleanup:                             0.083s
Time for BDD garbage collection:                       2.518s (in 1690 runs)

Invariant Generation statistics
-------------------------------

AutomatonAnalysis (NonTerminationLabelAutomaton) statistics
-----------------------------------------------------------
Number of states:                                  1
Total time for successor computation:                  0.191s
Automaton transfers with branching:                0
Automaton transfer successors:                     1.00 (sum: 127376, count: 127376, min: 1, max: 1) [1 x 127376]
Number of states with assumption transitions:      0

AutomatonAnalysis (TerminatingFunctions) statistics
---------------------------------------------------
Number of states:                                  1
Total time for successor computation:                  0.027s
Automaton transfers with branching:                0
Automaton transfer successors:                     1.00 (sum: 127376, count: 127376, min: 1, max: 1) [1 x 127376]
Number of states with assumption transitions:      0

Termination Algorithm statistics
--------------------------------
Total time :                                          284.036s
Time for recursion analysis:                            0.000s

Number of analysed loops:                               2 (100%)
Total time for loop analysis:                         284.036s
  Avg time per loop analysis:                         142.018s
  Max time per loop analysis:                         283.673s

Number of safety analysis runs:                        20
  Avg safety analysis run per loop:                    10.00
  Max safety analysis run per loop:                    18 	 for loops [N38]
Total time for safety analysis:                       280.810s
  Avg time per safety analysis run:                    14.040s
  Max time per safety analysis run:                   116.012s

Number of analysed lassos:                             18
  Avg number of lassos per loop:                        9.00
  Max number of lassos per loop:                       17 	 for loops [N38]
  Avg number of lassos per iteration:                   1.00
  Max number of lassos per iteration:                   1

Total time for lassos analysis:                         3.209s
  Avg time per iteration:                               0.178s
  Max time per iteration:                               0.300s
  Time for lassos construction:                         0.616s
    Avg time for lasso construction per iteration:      0.034s
    Max time for lasso construction per iteration:      0.068s
      Time for stem and loop construction:                         0.000s
        Avg time for stem and loop construction per iteration:      0.000s
        Max time for stem and loop construction per iteration:      0.000s
      Time for lassos creation:                         0.588s
        Avg time for lassos creation per iteration:      0.032s
        Max time for lassos creation per iteration:      0.067s
  Total time for non-termination analysis:              0.543s
    Avg time for non-termination analysis per lasso:    0.030s
    Max time for non-termination analysis per lasso:    0.042s
  Total time for termination analysis:                  2.049s
    Avg time for termination analysis per lasso:        0.113s
    Max time for termination analysis per lasso:        0.197s

Total number of termination arguments:                 18
  Avg termination arguments per loop:                   9.00
  Max termination arguments per loop:                  17 	 for loops [N38]

  affine:                                              18

Code Coverage
-----------------------------
  Function coverage:      1.000
  Visited lines:          11
  Total lines:            11
  Line coverage:          1.000
  Visited conditions:     4
  Total conditions:       8
  Condition coverage:     0.500

CPAchecker general statistics
-----------------------------
Number of program locations:                       23
Number of CFA edges (per node):                          24 (count: 23, min: 0, max: 2, avg: 1.04)
Number of relevant variables:                      3
Number of functions:                               1
Number of loops (and loop nodes):                         2 (sum: 11, min: 3, max: 8, avg: 5.50)
Size of reached set:             291
  Number of reached locations:   13 (57%)
    Avg states per location:     22
    Max states per location:     36 (at node N39)
  Number of reached functions:   1 (100%)
  Number of partitions:          220
    Avg size of partitions:      1
    Max size of partitions:      36 (with key [N44 (before line 21), Function main called from node N25, stack depth 1 [66ad7bf0], stack [main]])
  Number of target states:       0
  Size of final wait list:       2

Time for analysis setup:          0.544s
  Time for loading CPAs:          0.120s
  Time for loading parser:        0.094s
  Time for CFA construction:      0.167s
    Time for parsing file(s):     0.070s
    Time for AST to CFA:          0.046s
    Time for CFA sanity check:    0.003s
    Time for post-processing:     0.031s
    Time for loop structure:      0.002s
    Time for AST structure:       0.000s
      Time for function pointers resolving:            0.001s
        Function calls via function pointers:             0 (count: 1, min: 0, max: 0, avg: 0.00)
        Instrumented function pointer calls:              0 (count: 1, min: 0, max: 0, avg: 0.00)
        Function calls with function pointer arguments:        0 (count: 1, min: 0, max: 0, avg: 0.00)
        Instrumented function pointer arguments:          0 (count: 1, min: 0, max: 0, avg: 0.00)
      Time for classifying variables:                  0.018s
        Time for collecting variables:                 0.007s
        Time for solving dependencies:                 0.000s
        Time for building hierarchy:                   0.000s
        Time for building classification:              0.011s
        Time for exporting data:                       0.000s
Time for Analysis:              284.036s
CPU time for analysis:          298.580s
Total time for CPAchecker:      284.580s
Total CPU time for CPAchecker:  300.010s
Time for statistics:              0.160s

Time for Garbage Collector:       0.244s (in 118 runs)
Garbage Collector(s) used:    PS MarkSweep, PS Scavenge
Used heap memory:                547MB (   522 MiB) max;    223MB (   212 MiB) avg;    696MB (   664 MiB) peak
Used non-heap memory:             72MB (    68 MiB) max;     70MB (    67 MiB) avg;     75MB (    71 MiB) peak
Used in PS Old Gen pool:         155MB (   147 MiB) max;    105MB (   100 MiB) avg;    155MB (   147 MiB) peak
Allocated heap memory:          2010MB (  1917 MiB) max;   1630MB (  1554 MiB) avg
Allocated non-heap memory:        75MB (    71 MiB) max;     73MB (    70 MiB) avg
Total process virtual memory:   9726MB (  9276 MiB) max;   9554MB (  9112 MiB) avg

Verification result: UNKNOWN, incomplete analysis.
More details about the verification run can be found in the directory "./output".
