Running CPAchecker with Java heap of size 2000M.
Running CPAchecker with default stack size (1024k). Specify a larger value with --stack if needed.
Using the following resource limits: CPU-time limit of 300s (ResourceLimitChecker.fromConfiguration, INFO)

CPAchecker 4.2.2-2096-gb9f51b640f+ / termination-composition-lassoBasedAnalysis (OpenJDK 64-Bit Server VM 21.0.10) started (CPAchecker.run, INFO)

Parsing CFA from file(s) "/home/swear01/sv-benchmarks/c/termination-crafted-lit/BrockschmidtCookFuhs-CAV2013-Fig9a.c" (CPAchecker.parse, INFO)

Using predicate analysis with MathSAT5 version 5.6.11 (1a1154baf0ab) (Aug  9 2024 08:45:22, gmp 6.2.0, gcc 7.5.0, 64-bit, reentrant) and JFactory 1.21. (PredicateCPA:PredicateCPA.<init>, INFO)

Using refinement for predicate analysis with PredicateAbstractionRefinementStrategy strategy. (PredicateCPA:PredicateCPARefiner.<init>, INFO)

Using unsound approximation of ints with unbounded integers and floats with rationals for encoding program semantics. (FormulaManagerView.<init>, WARNING)

The following configuration options were specified but are not used:
 counterexample.checker.config
 counterexample.checker 
 (CPAchecker.printConfigurationWarnings, WARNING)

Starting analysis ... (CPAchecker.runAlgorithm, INFO)

Starting termination algorithm. (TerminationAlgorithm.run0, INFO)

refinement # 1 : predicates= 3  traceStates= 4 (PredicateCPA:PredicateCPARefiner.performRefinementForPathImpl, INFO)

refinement # 2 : predicates= 3  traceStates= 4 (PredicateCPA:PredicateCPARefiner.performRefinementForPathImpl, INFO)

refinement # 3 : predicates= 3  traceStates= 4 (PredicateCPA:PredicateCPARefiner.performRefinementForPathImpl, INFO)

refinement # 4 : predicates= 3  traceStates= 4 (PredicateCPA:PredicateCPARefiner.performRefinementForPathImpl, INFO)

refinement # 6 : predicates= 6  traceStates= 7 (PredicateCPA:PredicateCPARefiner.performRefinementForPathImpl, INFO)

refinement # 7 : predicates= 4  traceStates= 5 (PredicateCPA:PredicateCPARefiner.performRefinementForPathImpl, INFO)

refinement # 8 : predicates= 7  traceStates= 8 (PredicateCPA:PredicateCPARefiner.performRefinementForPathImpl, INFO)

refinement # 9 : predicates= 7  traceStates= 8 (PredicateCPA:PredicateCPARefiner.performRefinementForPathImpl, INFO)

refinement # 10 : predicates= 10  traceStates= 11 (PredicateCPA:PredicateCPARefiner.performRefinementForPathImpl, INFO)

refinement # 11 : predicates= 8  traceStates= 9 (PredicateCPA:PredicateCPARefiner.performRefinementForPathImpl, INFO)

refinement # 12 : predicates= 12  traceStates= 13 (PredicateCPA:PredicateCPARefiner.performRefinementForPathImpl, INFO)

refinement # 14 : predicates= 15  traceStates= 16 (PredicateCPA:PredicateCPARefiner.performRefinementForPathImpl, INFO)

Termination algorithm did not find a non-terminating loop. (TerminationAlgorithm.run0, INFO)

Stopping analysis ... (CPAchecker.runAlgorithm, INFO)


PredicateCPA statistics
-----------------------
Number of abstractions:            634 (15% of all post computations)
  Times abstraction was reused:    0
  Because of function entry/exit:  0 (0%)
  Because of loop head:            569 (90%)
  Because of join nodes:           0 (0%)
  Because of threshold:            0 (0%)
  Because of target state:         65 (10%)
  Times precision was empty:       30 (5%)
  Times precision was {false}:     59 (9%)
  Times result was cached:         6 (1%)
  Times cartesian abs was used:    0 (0%)
  Times boolean abs was used:      539 (85%)
  Times result was 'false':        148 (23%)
Number of strengthen sat checks:   0
Number of coverage checks:         13465
  BDD entailment checks:           13055
Number of SMT sat checks:          0
  trivial:                         0
  cached:                          0

Max ABE block size:                       14
Avg ABE block size:                                3.29 (sum: 2083, count: 634, min: 0, max: 14)
Number of predicates discovered:          35
Number of abstraction locations:          3
Max number of predicates per location:    23
Avg number of predicates per location:    13
Total predicates per abstraction:         8896
Max number of predicates per abstraction: 23
Avg number of predicates per abstraction: 14.88
Number of irrelevant predicates:          307 (3%)
Number of preds handled by boolean abs:   8585 (97%)
  Total number of models for allsat:      4915
  Max number of models for allsat:        166
  Avg number of models for allsat:        9.12
Number of path formula cache hits:        1813 (40%)

Time for post operator:                                0.173s
  Time for path formula creation:                      0.170s
Time for strengthen operator:                          0.049s
Time for prec operator:                                2.414s
  Time for abstraction:                  2.385s (Max:     0.099s, Count: 634)
    Boolean abstraction:                 1.537s
    Solving time:                        0.448s (Max:     0.002s)
    Model enumeration time:              0.974s
    Time for BDD construction:           0.110s (Max:     0.001s)
Time for merge operator:                               0.003s
Time for coverage checks:                              0.013s
  Time for BDD entailment checks:                      0.013s
Total time for SMT solver (w/o itp):     1.422s

Number of BDD nodes:                               49582
Size of BDD node table:                            100511
Size of BDD cache:                                 10061
Size of BDD node cleanup queue:                    0.82 (sum: 21720, count: 26381, min: 0, max: 21720)
Time for BDD node cleanup:                             0.003s
Time for BDD garbage collection:                       0.000s (in 0 runs)

Invariant Generation statistics
-------------------------------

AutomatonAnalysis (NonTerminationLabelAutomaton) statistics
-----------------------------------------------------------
Number of states:                                  1
Total time for successor computation:                  0.014s
Automaton transfers with branching:                0
Automaton transfer successors:                     1.00 (sum: 4270, count: 4270, min: 1, max: 1) [1 x 4270]
Number of states with assumption transitions:      0

AutomatonAnalysis (TerminatingFunctions) statistics
---------------------------------------------------
Number of states:                                  1
Total time for successor computation:                  0.001s
Automaton transfers with branching:                0
Automaton transfer successors:                     1.00 (sum: 4270, count: 4270, min: 1, max: 1) [1 x 4270]
Number of states with assumption transitions:      0

Termination Algorithm statistics
--------------------------------
Total time :                                            3.598s
Time for recursion analysis:                            0.001s

Number of analysed loops:                               2 (100%)
Total time for loop analysis:                           3.596s
  Avg time per loop analysis:                           1.798s
  Max time per loop analysis:                           3.211s

Number of safety analysis runs:                         5
  Avg safety analysis run per loop:                     2.50
  Max safety analysis run per loop:                     3 	 for loops [N49]
Total time for safety analysis:                         3.020s
  Avg time per safety analysis run:                     0.604s
  Max time per safety analysis run:                     1.634s

Number of analysed lassos:                              3
  Avg number of lassos per loop:                        1.50
  Max number of lassos per loop:                        2 	 for loops [N49]
  Avg number of lassos per iteration:                   1.00
  Max number of lassos per iteration:                   1

Total time for lassos analysis:                         0.570s
  Avg time per iteration:                               0.190s
  Max time per iteration:                               0.234s
  Time for lassos construction:                         0.137s
    Avg time for lasso construction per iteration:      0.045s
    Max time for lasso construction per iteration:      0.073s
      Time for stem and loop construction:                         0.000s
        Avg time for stem and loop construction per iteration:      0.000s
        Max time for stem and loop construction per iteration:      0.000s
      Time for lassos creation:                         0.126s
        Avg time for lassos creation per iteration:      0.042s
        Max time for lassos creation per iteration:      0.066s
  Total time for non-termination analysis:              0.094s
    Avg time for non-termination analysis per lasso:    0.031s
    Max time for non-termination analysis per lasso:    0.047s
  Total time for termination analysis:                  0.339s
    Avg time for termination analysis per lasso:        0.113s
    Max time for termination analysis per lasso:        0.137s

Total number of termination arguments:                  3
  Avg termination arguments per loop:                   1.50
  Max termination arguments per loop:                   2 	 for loops [N49]

  affine:                                               3

Code Coverage
-----------------------------
  Function coverage:      1.000
  Visited lines:          14
  Total lines:            14
  Line coverage:          1.000
  Visited conditions:     6
  Total conditions:       12
  Condition coverage:     0.500

CPAchecker general statistics
-----------------------------
Number of program locations:                       28
Number of CFA edges (per node):                          30 (count: 28, min: 0, max: 2, avg: 1.07)
Number of relevant variables:                      4
Number of functions:                               1
Number of loops (and loop nodes):                         2 (sum: 11, min: 3, max: 8, avg: 5.50)
Size of reached set:             582
  Number of reached locations:   16 (57%)
    Avg states per location:     36
    Max states per location:     87 (at node N50)
  Number of reached functions:   1 (100%)
  Number of partitions:          447
    Avg size of partitions:      1
    Max size of partitions:      87 (with key [N54 (before line 24), Function main called from node N30, stack depth 1 [4f966719], stack [main]])
  Number of target states:       0

Time for analysis setup:          0.559s
  Time for loading CPAs:          0.111s
  Time for loading parser:        0.081s
  Time for CFA construction:      0.184s
    Time for parsing file(s):     0.076s
    Time for AST to CFA:          0.053s
    Time for CFA sanity check:    0.007s
    Time for post-processing:     0.037s
    Time for loop structure:      0.002s
    Time for AST structure:       0.000s
      Time for function pointers resolving:            0.001s
        Function calls via function pointers:             0 (count: 1, min: 0, max: 0, avg: 0.00)
        Instrumented function pointer calls:              0 (count: 1, min: 0, max: 0, avg: 0.00)
        Function calls with function pointer arguments:        0 (count: 1, min: 0, max: 0, avg: 0.00)
        Instrumented function pointer arguments:          0 (count: 1, min: 0, max: 0, avg: 0.00)
      Time for classifying variables:                  0.024s
        Time for collecting variables:                 0.008s
        Time for solving dependencies:                 0.000s
        Time for building hierarchy:                   0.000s
        Time for building classification:              0.016s
        Time for exporting data:                       0.000s
Time for Analysis:                3.598s
CPU time for analysis:            7.730s
Time for analyzing result:        0.001s
Total time for CPAchecker:        4.157s
Total CPU time for CPAchecker:    9.250s
Time for statistics:              0.119s

Time for Garbage Collector:       0.016s (in 3 runs)
Garbage Collector(s) used:    PS MarkSweep, PS Scavenge
Used heap memory:                541MB (   516 MiB) max;    267MB (   255 MiB) avg;    557MB (   531 MiB) peak
Used non-heap memory:             61MB (    58 MiB) max;     53MB (    50 MiB) avg;     63MB (    60 MiB) peak
Used in PS Old Gen pool:          16MB (    15 MiB) max;     14MB (    14 MiB) avg;     16MB (    15 MiB) peak
Allocated heap memory:          2010MB (  1917 MiB) max;   2010MB (  1917 MiB) avg
Allocated non-heap memory:        62MB (    59 MiB) max;     54MB (    51 MiB) avg
Total process virtual memory:   8408MB (  8019 MiB) max;   7776MB (  7416 MiB) avg

Verification result: TRUE. No property violation found by chosen configuration.
More details about the verification run can be found in the directory "./output".
