Running CPAchecker with Java heap of size 2000M.
Running CPAchecker with default stack size (1024k). Specify a larger value with --stack if needed.
Using the following resource limits: CPU-time limit of 300s (ResourceLimitChecker.fromConfiguration, INFO)

CPAchecker 4.2.2-2096-gb9f51b640f+ / termination-composition-lassoBasedAnalysis (OpenJDK 64-Bit Server VM 21.0.10) started (CPAchecker.run, INFO)

Parsing CFA from file(s) "/home/swear01/sv-benchmarks/c/termination-crafted/Cairo_step2-3.c" (CPAchecker.parse, INFO)

Using predicate analysis with MathSAT5 version 5.6.11 (1a1154baf0ab) (Aug  9 2024 08:45:22, gmp 6.2.0, gcc 7.5.0, 64-bit, reentrant) and JFactory 1.21. (PredicateCPA:PredicateCPA.<init>, INFO)

Using refinement for predicate analysis with PredicateAbstractionRefinementStrategy strategy. (PredicateCPA:PredicateCPARefiner.<init>, INFO)

Using unsound approximation of ints with unbounded integers and floats with rationals for encoding program semantics. (FormulaManagerView.<init>, WARNING)

The following configuration options were specified but are not used:
 counterexample.checker.config
 counterexample.checker 
 (CPAchecker.printConfigurationWarnings, WARNING)

Starting analysis ... (CPAchecker.runAlgorithm, INFO)

Starting termination algorithm. (TerminationAlgorithm.run0, INFO)

refinement # 1 : predicates= 2  traceStates= 3 (PredicateCPA:PredicateCPARefiner.performRefinementForPathImpl, INFO)

refinement # 2 : predicates= 2  traceStates= 3 (PredicateCPA:PredicateCPARefiner.performRefinementForPathImpl, INFO)

Stopping analysis ... (CPAchecker.runAlgorithm, INFO)


PredicateCPA statistics
-----------------------
Number of abstractions:            18 (6% of all post computations)
  Times abstraction was reused:    0
  Because of function entry/exit:  0 (0%)
  Because of loop head:            12 (67%)
  Because of join nodes:           0 (0%)
  Because of threshold:            0 (0%)
  Because of target state:         6 (33%)
  Times precision was empty:       9 (50%)
  Times precision was {false}:     4 (22%)
  Times result was cached:         0 (0%)
  Times cartesian abs was used:    0 (0%)
  Times boolean abs was used:      5 (28%)
  Times result was 'false':        1 (6%)
Number of strengthen sat checks:   0
Number of coverage checks:         64
  BDD entailment checks:           6
Number of SMT sat checks:          0
  trivial:                         0
  cached:                          0

Max ABE block size:                       7
Avg ABE block size:                                4.17 (sum: 75, count: 18, min: 0, max: 7)
Number of predicates discovered:          4
Number of abstraction locations:          2
Max number of predicates per location:    4
Avg number of predicates per location:    2
Total predicates per abstraction:         24
Max number of predicates per abstraction: 4
Avg number of predicates per abstraction: 2.67
Number of irrelevant predicates:          10 (42%)
Number of preds handled by boolean abs:   14 (58%)
  Total number of models for allsat:      15
  Max number of models for allsat:        6
  Avg number of models for allsat:        3.00
Number of path formula cache hits:        94 (24%)

Time for post operator:                                0.035s
  Time for path formula creation:                      0.034s
Time for strengthen operator:                          0.007s
Time for prec operator:                                0.015s
  Time for abstraction:                  0.013s (Max:     0.002s, Count: 18)
    Boolean abstraction:                 0.002s
    Solving time:                        0.001s (Max:     0.001s)
    Model enumeration time:              0.000s
    Time for BDD construction:           0.000s (Max:     0.000s)
Time for merge operator:                               0.003s
Time for coverage checks:                              0.000s
  Time for BDD entailment checks:                      0.000s
Total time for SMT solver (w/o itp):     0.001s

Number of BDD nodes:                               225
Size of BDD node table:                            100511
Size of BDD cache:                                 10061
Size of BDD node cleanup queue:                    0.00 (sum: 0, count: 80, min: 0, max: 0)
Time for BDD node cleanup:                             0.000s
Time for BDD garbage collection:                       0.000s (in 0 runs)

Invariant Generation statistics
-------------------------------

AutomatonAnalysis (NonTerminationLabelAutomaton) statistics
-----------------------------------------------------------
Number of states:                                  1
Total time for successor computation:                  0.002s
Automaton transfers with branching:                0
Automaton transfer successors:                     1.00 (sum: 325, count: 325, min: 1, max: 1) [1 x 325]
Number of states with assumption transitions:      0

AutomatonAnalysis (TerminatingFunctions) statistics
---------------------------------------------------
Number of states:                                  1
Total time for successor computation:                  0.002s
Automaton transfers with branching:                0
Automaton transfer successors:                     1.00 (sum: 325, count: 325, min: 1, max: 1) [1 x 325]
Number of states with assumption transitions:      0

Termination Algorithm statistics
--------------------------------
Total time :                                            0.287s
Time for recursion analysis:                            0.000s

Number of analysed loops:                               1 (100%)
Total time for loop analysis:                           0.286s
  Avg time per loop analysis:                           0.286s
  Max time per loop analysis:                           0.286s

Number of safety analysis runs:                         2
  Avg safety analysis run per loop:                     2.00
  Max safety analysis run per loop:                     2 	 for loops [N29]
Total time for safety analysis:                         0.115s
  Avg time per safety analysis run:                     0.057s
  Max time per safety analysis run:                     0.069s

Number of analysed lassos:                              3
  Avg number of lassos per loop:                        3.00
  Max number of lassos per loop:                        3 	 for loops [N29]
  Avg number of lassos per iteration:                   1.50
  Max number of lassos per iteration:                   2

Total time for lassos analysis:                         0.168s
  Avg time per iteration:                               0.084s
  Max time per iteration:                               0.128s
  Time for lassos construction:                         0.053s
    Avg time for lasso construction per iteration:      0.026s
    Max time for lasso construction per iteration:      0.033s
      Time for stem and loop construction:                         0.000s
        Avg time for stem and loop construction per iteration:      0.000s
        Max time for stem and loop construction per iteration:      0.000s
      Time for lassos creation:                         0.047s
        Avg time for lassos creation per iteration:      0.023s
        Max time for lassos creation per iteration:      0.029s
  Total time for non-termination analysis:              0.053s
    Avg time for non-termination analysis per lasso:    0.026s
    Max time for non-termination analysis per lasso:    0.033s
  Total time for termination analysis:                  0.062s
    Avg time for termination analysis per lasso:        0.062s
    Max time for termination analysis per lasso:        0.062s

Total number of termination arguments:                  1
  Avg termination arguments per loop:                   1.00
  Max termination arguments per loop:                   1 	 for loops [N29]

  affine:                                               1

Code Coverage
-----------------------------
  Function coverage:      1.000
  Visited lines:          7
  Total lines:            7
  Line coverage:          1.000
  Visited conditions:     4
  Total conditions:       8
  Condition coverage:     0.500

CPAchecker general statistics
-----------------------------
Number of program locations:                       16
Number of CFA edges (per node):                          17 (count: 16, min: 0, max: 2, avg: 1.06)
Number of relevant variables:                      1
Number of functions:                               1
Number of loops (and loop nodes):                         1 (sum: 3, min: 3, max: 3, avg: 3.00)
Size of reached set:             27
  Number of reached locations:   10 (63%)
    Avg states per location:     2
    Max states per location:     6 (at node N32)
  Number of reached functions:   1 (100%)
  Number of partitions:          20
    Avg size of partitions:      1
    Max size of partitions:      3 (with key [N29 (before line 16), Function main called from node N18, stack depth 1 [1ee29c84], stack [main]])
  Number of target states:       1
  Size of final wait list:       2

Time for analysis setup:          0.497s
  Time for loading CPAs:          0.113s
  Time for loading parser:        0.071s
  Time for CFA construction:      0.169s
    Time for parsing file(s):     0.073s
    Time for AST to CFA:          0.047s
    Time for CFA sanity check:    0.005s
    Time for post-processing:     0.033s
    Time for loop structure:      0.003s
    Time for AST structure:       0.000s
      Time for function pointers resolving:            0.002s
        Function calls via function pointers:             0 (count: 1, min: 0, max: 0, avg: 0.00)
        Instrumented function pointer calls:              0 (count: 1, min: 0, max: 0, avg: 0.00)
        Function calls with function pointer arguments:        0 (count: 1, min: 0, max: 0, avg: 0.00)
        Instrumented function pointer arguments:          0 (count: 1, min: 0, max: 0, avg: 0.00)
      Time for classifying variables:                  0.016s
        Time for collecting variables:                 0.007s
        Time for solving dependencies:                 0.000s
        Time for building hierarchy:                   0.000s
        Time for building classification:              0.009s
        Time for exporting data:                       0.000s
Time for Analysis:                0.287s
CPU time for analysis:            1.040s
Time for analyzing result:        0.000s
Total time for CPAchecker:        0.784s
Total CPU time for CPAchecker:    2.450s
Time for statistics:              0.076s

Time for Garbage Collector:       0.011s (in 2 runs)
Garbage Collector(s) used:    PS MarkSweep, PS Scavenge
Used heap memory:                179MB (   171 MiB) max;    118MB (   113 MiB) avg;    221MB (   211 MiB) peak
Used non-heap memory:             48MB (    46 MiB) max;     32MB (    30 MiB) avg;     54MB (    52 MiB) peak
Used in PS Old Gen pool:          16MB (    15 MiB) max;      8MB (     8 MiB) avg;     16MB (    15 MiB) peak
Allocated heap memory:          2010MB (  1917 MiB) max;   2010MB (  1917 MiB) avg
Allocated non-heap memory:        50MB (    48 MiB) max;     34MB (    32 MiB) avg
Total process virtual memory:   7729MB (  7371 MiB) max;   6201MB (  5914 MiB) avg

Verification result: FALSE. Property violation (termination) found by chosen configuration.
More details about the verification run can be found in the directory "./output".
