Running CPAchecker with Java heap of size 2000M.
Running CPAchecker with default stack size (1024k). Specify a larger value with --stack if needed.
Using the following resource limits: CPU-time limit of 300s (ResourceLimitChecker.fromConfiguration, INFO)

CPAchecker 4.2.2-2096-gb9f51b640f+ / termination-composition-lassoBasedAnalysis (OpenJDK 64-Bit Server VM 21.0.10) started (CPAchecker.run, INFO)

Parsing CFA from file(s) "/home/swear01/sv-benchmarks/c/termination-crafted-lit/ChawdharyCookGulwaniSagivYang-ESOP2008-easy1.c" (CPAchecker.parse, INFO)

Using predicate analysis with MathSAT5 version 5.6.11 (1a1154baf0ab) (Aug  9 2024 08:45:22, gmp 6.2.0, gcc 7.5.0, 64-bit, reentrant) and JFactory 1.21. (PredicateCPA:PredicateCPA.<init>, INFO)

Using refinement for predicate analysis with PredicateAbstractionRefinementStrategy strategy. (PredicateCPA:PredicateCPARefiner.<init>, INFO)

Using unsound approximation of ints with unbounded integers and floats with rationals for encoding program semantics. (FormulaManagerView.<init>, WARNING)

The following configuration options were specified but are not used:
 counterexample.checker.config
 counterexample.checker 
 (CPAchecker.printConfigurationWarnings, WARNING)

Starting analysis ... (CPAchecker.runAlgorithm, INFO)

Starting termination algorithm. (TerminationAlgorithm.run0, INFO)

refinement # 1 : predicates= 2  traceStates= 3 (PredicateCPA:PredicateCPARefiner.performRefinementForPathImpl, INFO)

refinement # 2 : predicates= 2  traceStates= 3 (PredicateCPA:PredicateCPARefiner.performRefinementForPathImpl, INFO)

refinement # 3 : predicates= 3  traceStates= 4 (PredicateCPA:PredicateCPARefiner.performRefinementForPathImpl, INFO)

refinement # 4 : predicates= 4  traceStates= 5 (PredicateCPA:PredicateCPARefiner.performRefinementForPathImpl, INFO)

Termination algorithm did not find a non-terminating loop. (TerminationAlgorithm.run0, INFO)

Stopping analysis ... (CPAchecker.runAlgorithm, INFO)


PredicateCPA statistics
-----------------------
Number of abstractions:            28 (5% of all post computations)
  Times abstraction was reused:    0
  Because of function entry/exit:  0 (0%)
  Because of loop head:            20 (71%)
  Because of join nodes:           0 (0%)
  Because of threshold:            0 (0%)
  Because of target state:         8 (29%)
  Times precision was empty:       11 (39%)
  Times precision was {false}:     6 (21%)
  Times result was cached:         0 (0%)
  Times cartesian abs was used:    0 (0%)
  Times boolean abs was used:      11 (39%)
  Times result was 'false':        2 (7%)
Number of strengthen sat checks:   0
Number of coverage checks:         140
  BDD entailment checks:           32
Number of SMT sat checks:          0
  trivial:                         0
  cached:                          0

Max ABE block size:                       10
Avg ABE block size:                                5.96 (sum: 167, count: 28, min: 0, max: 10)
Number of predicates discovered:          6
Number of abstraction locations:          2
Max number of predicates per location:    6
Avg number of predicates per location:    3
Total predicates per abstraction:         64
Max number of predicates per abstraction: 6
Avg number of predicates per abstraction: 3.76
Number of irrelevant predicates:          18 (28%)
Number of preds handled by boolean abs:   46 (72%)
  Total number of models for allsat:      62
  Max number of models for allsat:        9
  Avg number of models for allsat:        5.64
Number of path formula cache hits:        121 (21%)

Time for post operator:                                0.072s
  Time for path formula creation:                      0.071s
Time for strengthen operator:                          0.009s
Time for prec operator:                                0.046s
  Time for abstraction:                  0.042s (Max:     0.005s, Count: 28)
    Boolean abstraction:                 0.016s
    Solving time:                        0.008s (Max:     0.001s)
    Model enumeration time:              0.007s
    Time for BDD construction:           0.003s (Max:     0.001s)
Time for merge operator:                               0.002s
Time for coverage checks:                              0.000s
  Time for BDD entailment checks:                      0.000s
Total time for SMT solver (w/o itp):     0.015s

Number of BDD nodes:                               310
Size of BDD node table:                            100511
Size of BDD cache:                                 10061
Size of BDD node cleanup queue:                    0.00 (sum: 0, count: 183, min: 0, max: 0)
Time for BDD node cleanup:                             0.000s
Time for BDD garbage collection:                       0.000s (in 0 runs)

Invariant Generation statistics
-------------------------------

AutomatonAnalysis (NonTerminationLabelAutomaton) statistics
-----------------------------------------------------------
Number of states:                                  1
Total time for successor computation:                  0.005s
Automaton transfers with branching:                0
Automaton transfer successors:                     1.00 (sum: 517, count: 517, min: 1, max: 1) [1 x 517]
Number of states with assumption transitions:      0

AutomatonAnalysis (TerminatingFunctions) statistics
---------------------------------------------------
Number of states:                                  1
Total time for successor computation:                  0.004s
Automaton transfers with branching:                0
Automaton transfer successors:                     1.00 (sum: 517, count: 517, min: 1, max: 1) [1 x 517]
Number of states with assumption transitions:      0

Termination Algorithm statistics
--------------------------------
Total time :                                            0.564s
Time for recursion analysis:                            0.002s

Number of analysed loops:                               1 (100%)
Total time for loop analysis:                           0.562s
  Avg time per loop analysis:                           0.562s
  Max time per loop analysis:                           0.562s

Number of safety analysis runs:                         2
  Avg safety analysis run per loop:                     2.00
  Max safety analysis run per loop:                     2 	 for loops [N29]
Total time for safety analysis:                         0.245s
  Avg time per safety analysis run:                     0.122s
  Max time per safety analysis run:                     0.158s

Number of analysed lassos:                              2
  Avg number of lassos per loop:                        2.00
  Max number of lassos per loop:                        2 	 for loops [N29]
  Avg number of lassos per iteration:                   2.00
  Max number of lassos per iteration:                   2

Total time for lassos analysis:                         0.310s
  Avg time per iteration:                               0.310s
  Max time per iteration:                               0.310s
  Time for lassos construction:                         0.051s
    Avg time for lasso construction per iteration:      0.051s
    Max time for lasso construction per iteration:      0.051s
      Time for stem and loop construction:                         0.000s
        Avg time for stem and loop construction per iteration:      0.000s
        Max time for stem and loop construction per iteration:      0.000s
      Time for lassos creation:                         0.044s
        Avg time for lassos creation per iteration:      0.044s
        Max time for lassos creation per iteration:      0.044s
  Total time for non-termination analysis:              0.062s
    Avg time for non-termination analysis per lasso:    0.031s
    Max time for non-termination analysis per lasso:    0.047s
  Total time for termination analysis:                  0.196s
    Avg time for termination analysis per lasso:        0.098s
    Max time for termination analysis per lasso:        0.110s

Total number of termination arguments:                  2
  Avg termination arguments per loop:                   2.00
  Max termination arguments per loop:                   2 	 for loops [N29]

  affine:                                               2

Code Coverage
-----------------------------
  Function coverage:      1.000
  Visited lines:          7
  Total lines:            7
  Line coverage:          1.000
  Visited conditions:     4
  Total conditions:       8
  Condition coverage:     0.500

CPAchecker general statistics
-----------------------------
Number of program locations:                       18
Number of CFA edges (per node):                          19 (count: 18, min: 0, max: 2, avg: 1.06)
Number of relevant variables:                      2
Number of functions:                               1
Number of loops (and loop nodes):                         1 (sum: 7, min: 7, max: 7, avg: 7.00)
Size of reached set:             62
  Number of reached locations:   12 (67%)
    Avg states per location:     5
    Max states per location:     8 (at node N30)
  Number of reached functions:   1 (100%)
  Number of partitions:          40
    Avg size of partitions:      1
    Max size of partitions:      5 (with key [N29 (before line 14), Function main called from node N20, stack depth 1 [63429932], stack [main]])
  Number of target states:       0

Time for analysis setup:          0.700s
  Time for loading CPAs:          0.151s
  Time for loading parser:        0.068s
  Time for CFA construction:      0.280s
    Time for parsing file(s):     0.118s
    Time for AST to CFA:          0.083s
    Time for CFA sanity check:    0.010s
    Time for post-processing:     0.052s
    Time for loop structure:      0.002s
    Time for AST structure:       0.000s
      Time for function pointers resolving:            0.002s
        Function calls via function pointers:             0 (count: 1, min: 0, max: 0, avg: 0.00)
        Instrumented function pointer calls:              0 (count: 1, min: 0, max: 0, avg: 0.00)
        Function calls with function pointer arguments:        0 (count: 1, min: 0, max: 0, avg: 0.00)
        Instrumented function pointer arguments:          0 (count: 1, min: 0, max: 0, avg: 0.00)
      Time for classifying variables:                  0.029s
        Time for collecting variables:                 0.010s
        Time for solving dependencies:                 0.001s
        Time for building hierarchy:                   0.000s
        Time for building classification:              0.018s
        Time for exporting data:                       0.000s
Time for Analysis:                0.565s
CPU time for analysis:            1.720s
Time for analyzing result:        0.000s
Total time for CPAchecker:        1.266s
Total CPU time for CPAchecker:    3.430s
Time for statistics:              0.067s

Time for Garbage Collector:       0.014s (in 2 runs)
Garbage Collector(s) used:    PS MarkSweep, PS Scavenge
Used heap memory:                191MB (   182 MiB) max;    142MB (   136 MiB) avg;    231MB (   221 MiB) peak
Used non-heap memory:             51MB (    49 MiB) max;     35MB (    33 MiB) avg;     54MB (    52 MiB) peak
Used in PS Old Gen pool:          16MB (    15 MiB) max;      9MB (     8 MiB) avg;     16MB (    15 MiB) peak
Allocated heap memory:          2010MB (  1917 MiB) max;   2010MB (  1917 MiB) avg
Allocated non-heap memory:        53MB (    50 MiB) max;     37MB (    35 MiB) avg
Total process virtual memory:   8137MB (  7760 MiB) max;   6452MB (  6153 MiB) avg

Verification result: TRUE. No property violation found by chosen configuration.
More details about the verification run can be found in the directory "./output".
