Running CPAchecker with Java heap of size 2000M.
Running CPAchecker with default stack size (1024k). Specify a larger value with --stack if needed.
Using the following resource limits: CPU-time limit of 300s (ResourceLimitChecker.fromConfiguration, INFO)

CPAchecker 4.2.2-2096-gb9f51b640f+ / termination-composition-lassoBasedAnalysis (OpenJDK 64-Bit Server VM 21.0.10) started (CPAchecker.run, INFO)

Parsing CFA from file(s) "/home/swear01/sv-benchmarks/c/termination-crafted-lit/ChawdharyCookGulwaniSagivYang-ESOP2008-random2d.c" (CPAchecker.parse, INFO)

Using predicate analysis with MathSAT5 version 5.6.11 (1a1154baf0ab) (Aug  9 2024 08:45:22, gmp 6.2.0, gcc 7.5.0, 64-bit, reentrant) and JFactory 1.21. (PredicateCPA:PredicateCPA.<init>, INFO)

Using refinement for predicate analysis with PredicateAbstractionRefinementStrategy strategy. (PredicateCPA:PredicateCPARefiner.<init>, INFO)

Using unsound approximation of ints with unbounded integers and floats with rationals for encoding program semantics. (FormulaManagerView.<init>, WARNING)

The following configuration options were specified but are not used:
 counterexample.checker.config
 counterexample.checker 
 (CPAchecker.printConfigurationWarnings, WARNING)

Starting analysis ... (CPAchecker.runAlgorithm, INFO)

Starting termination algorithm. (TerminationAlgorithm.run0, INFO)

refinement # 1 : predicates= 2  traceStates= 3 (PredicateCPA:PredicateCPARefiner.performRefinementForPathImpl, INFO)

refinement # 2 : predicates= 2  traceStates= 3 (PredicateCPA:PredicateCPARefiner.performRefinementForPathImpl, INFO)

refinement # 3 : predicates= 3  traceStates= 4 (PredicateCPA:PredicateCPARefiner.performRefinementForPathImpl, INFO)

refinement # 4 : predicates= 3  traceStates= 4 (PredicateCPA:PredicateCPARefiner.performRefinementForPathImpl, INFO)

refinement # 5 : predicates= 4  traceStates= 5 (PredicateCPA:PredicateCPARefiner.performRefinementForPathImpl, INFO)

Termination algorithm did not find a non-terminating loop. (TerminationAlgorithm.run0, INFO)

Stopping analysis ... (CPAchecker.runAlgorithm, INFO)


PredicateCPA statistics
-----------------------
Number of abstractions:            34 (4% of all post computations)
  Times abstraction was reused:    0
  Because of function entry/exit:  0 (0%)
  Because of loop head:            23 (68%)
  Because of join nodes:           0 (0%)
  Because of threshold:            0 (0%)
  Because of target state:         11 (32%)
  Times precision was empty:       11 (32%)
  Times precision was {false}:     8 (24%)
  Times result was cached:         1 (3%)
  Times cartesian abs was used:    0 (0%)
  Times boolean abs was used:      14 (41%)
  Times result was 'false':        4 (12%)
Number of strengthen sat checks:   0
Number of coverage checks:         372
  BDD entailment checks:           42
Number of SMT sat checks:          0
  trivial:                         0
  cached:                          0

Max ABE block size:                       19
Avg ABE block size:                                10.97 (sum: 373, count: 34, min: 0, max: 19)
Number of predicates discovered:          7
Number of abstraction locations:          2
Max number of predicates per location:    7
Avg number of predicates per location:    4
Total predicates per abstraction:         74
Max number of predicates per abstraction: 6
Avg number of predicates per abstraction: 3.36
Number of irrelevant predicates:          23 (31%)
Number of preds handled by boolean abs:   51 (69%)
  Total number of models for allsat:      46
  Max number of models for allsat:        6
  Avg number of models for allsat:        3.29
Number of path formula cache hits:        328 (29%)

Time for post operator:                                0.100s
  Time for path formula creation:                      0.097s
Time for strengthen operator:                          0.015s
Time for prec operator:                                0.062s
  Time for abstraction:                  0.058s (Max:     0.005s, Count: 34)
    Boolean abstraction:                 0.025s
    Solving time:                        0.017s (Max:     0.002s)
    Model enumeration time:              0.010s
    Time for BDD construction:           0.003s (Max:     0.001s)
Time for merge operator:                               0.005s
Time for coverage checks:                              0.002s
  Time for BDD entailment checks:                      0.001s
Total time for SMT solver (w/o itp):     0.027s

Number of BDD nodes:                               283
Size of BDD node table:                            100511
Size of BDD cache:                                 10061
Size of BDD node cleanup queue:                    0.00 (sum: 0, count: 220, min: 0, max: 0)
Time for BDD node cleanup:                             0.002s
Time for BDD garbage collection:                       0.000s (in 0 runs)

Invariant Generation statistics
-------------------------------

AutomatonAnalysis (NonTerminationLabelAutomaton) statistics
-----------------------------------------------------------
Number of states:                                  1
Total time for successor computation:                  0.004s
Automaton transfers with branching:                0
Automaton transfer successors:                     1.00 (sum: 960, count: 960, min: 1, max: 1) [1 x 960]
Number of states with assumption transitions:      0

AutomatonAnalysis (TerminatingFunctions) statistics
---------------------------------------------------
Number of states:                                  1
Total time for successor computation:                  0.001s
Automaton transfers with branching:                0
Automaton transfer successors:                     1.00 (sum: 960, count: 960, min: 1, max: 1) [1 x 960]
Number of states with assumption transitions:      0

Termination Algorithm statistics
--------------------------------
Total time :                                            0.562s
Time for recursion analysis:                            0.004s

Number of analysed loops:                               1 (100%)
Total time for loop analysis:                           0.557s
  Avg time per loop analysis:                           0.557s
  Max time per loop analysis:                           0.557s

Number of safety analysis runs:                         2
  Avg safety analysis run per loop:                     2.00
  Max safety analysis run per loop:                     2 	 for loops [N58]
Total time for safety analysis:                         0.318s
  Avg time per safety analysis run:                     0.159s
  Max time per safety analysis run:                     0.231s

Number of analysed lassos:                              1
  Avg number of lassos per loop:                        1.00
  Max number of lassos per loop:                        1 	 for loops [N58]
  Avg number of lassos per iteration:                   1.00
  Max number of lassos per iteration:                   1

Total time for lassos analysis:                         0.234s
  Avg time per iteration:                               0.234s
  Max time per iteration:                               0.234s
  Time for lassos construction:                         0.047s
    Avg time for lasso construction per iteration:      0.047s
    Max time for lasso construction per iteration:      0.047s
      Time for stem and loop construction:                         0.000s
        Avg time for stem and loop construction per iteration:      0.000s
        Max time for stem and loop construction per iteration:      0.000s
      Time for lassos creation:                         0.039s
        Avg time for lassos creation per iteration:      0.039s
        Max time for lassos creation per iteration:      0.039s
  Total time for non-termination analysis:              0.060s
    Avg time for non-termination analysis per lasso:    0.060s
    Max time for non-termination analysis per lasso:    0.060s
  Total time for termination analysis:                  0.127s
    Avg time for termination analysis per lasso:        0.127s
    Max time for termination analysis per lasso:        0.127s

Total number of termination arguments:                  1
  Avg termination arguments per loop:                   1.00
  Max termination arguments per loop:                   1 	 for loops [N58]

  affine:                                               1

Code Coverage
-----------------------------
  Function coverage:      1.000
  Visited lines:          19
  Total lines:            19
  Line coverage:          1.000
  Visited conditions:     14
  Total conditions:       28
  Condition coverage:     0.500

CPAchecker general statistics
-----------------------------
Number of program locations:                       37
Number of CFA edges (per node):                          43 (count: 37, min: 0, max: 2, avg: 1.16)
Number of relevant variables:                      3
Number of functions:                               1
Number of loops (and loop nodes):                         1 (sum: 19, min: 19, max: 19, avg: 19.00)
Size of reached set:             168
  Number of reached locations:   23 (62%)
    Avg states per location:     7
    Max states per location:     9 (at node N59)
  Number of reached functions:   1 (100%)
  Number of partitions:          112
    Avg size of partitions:      1
    Max size of partitions:      6 (with key [N58 (before line 19), Function main called from node N42, stack depth 1 [1b9c1b51], stack [main]])
  Number of target states:       0

Time for analysis setup:          0.735s
  Time for loading CPAs:          0.138s
  Time for loading parser:        0.086s
  Time for CFA construction:      0.298s
    Time for parsing file(s):     0.132s
    Time for AST to CFA:          0.085s
    Time for CFA sanity check:    0.010s
    Time for post-processing:     0.052s
    Time for loop structure:      0.003s
    Time for AST structure:       0.000s
      Time for function pointers resolving:            0.002s
        Function calls via function pointers:             0 (count: 1, min: 0, max: 0, avg: 0.00)
        Instrumented function pointer calls:              0 (count: 1, min: 0, max: 0, avg: 0.00)
        Function calls with function pointer arguments:        0 (count: 1, min: 0, max: 0, avg: 0.00)
        Instrumented function pointer arguments:          0 (count: 1, min: 0, max: 0, avg: 0.00)
      Time for classifying variables:                  0.027s
        Time for collecting variables:                 0.012s
        Time for solving dependencies:                 0.000s
        Time for building hierarchy:                   0.000s
        Time for building classification:              0.015s
        Time for exporting data:                       0.000s
Time for Analysis:                0.562s
CPU time for analysis:            1.890s
Time for analyzing result:        0.001s
Total time for CPAchecker:        1.298s
Total CPU time for CPAchecker:    3.650s
Time for statistics:              0.092s

Time for Garbage Collector:       0.011s (in 2 runs)
Garbage Collector(s) used:    PS MarkSweep, PS Scavenge
Used heap memory:                190MB (   181 MiB) max;    137MB (   131 MiB) avg;    231MB (   221 MiB) peak
Used non-heap memory:             53MB (    51 MiB) max;     36MB (    35 MiB) avg;     56MB (    53 MiB) peak
Used in PS Old Gen pool:          16MB (    15 MiB) max;      9MB (     9 MiB) avg;     16MB (    15 MiB) peak
Allocated heap memory:          2010MB (  1917 MiB) max;   2010MB (  1917 MiB) avg
Allocated non-heap memory:        55MB (    52 MiB) max;     38MB (    36 MiB) avg
Total process virtual memory:   8001MB (  7631 MiB) max;   6573MB (  6268 MiB) avg

Verification result: TRUE. No property violation found by chosen configuration.
More details about the verification run can be found in the directory "./output".
