Running CPAchecker with Java heap of size 2000M.
Running CPAchecker with default stack size (1024k). Specify a larger value with --stack if needed.
Using the following resource limits: CPU-time limit of 300s (ResourceLimitChecker.fromConfiguration, INFO)

CPAchecker 4.2.2-2096-gb9f51b640f+ / termination-composition-lassoBasedAnalysis (OpenJDK 64-Bit Server VM 21.0.10) started (CPAchecker.run, INFO)

Parsing CFA from file(s) "/home/swear01/sv-benchmarks/c/termination-crafted-lit/ChawdharyCookGulwaniSagivYang-ESOP2008-random1d.c" (CPAchecker.parse, INFO)

Using predicate analysis with MathSAT5 version 5.6.11 (1a1154baf0ab) (Aug  9 2024 08:45:22, gmp 6.2.0, gcc 7.5.0, 64-bit, reentrant) and JFactory 1.21. (PredicateCPA:PredicateCPA.<init>, INFO)

Using refinement for predicate analysis with PredicateAbstractionRefinementStrategy strategy. (PredicateCPA:PredicateCPARefiner.<init>, INFO)

Using unsound approximation of ints with unbounded integers and floats with rationals for encoding program semantics. (FormulaManagerView.<init>, WARNING)

The following configuration options were specified but are not used:
 counterexample.checker.config
 counterexample.checker 
 (CPAchecker.printConfigurationWarnings, WARNING)

Starting analysis ... (CPAchecker.runAlgorithm, INFO)

Starting termination algorithm. (TerminationAlgorithm.run0, INFO)

refinement # 1 : predicates= 2  traceStates= 3 (PredicateCPA:PredicateCPARefiner.performRefinementForPathImpl, INFO)

refinement # 2 : predicates= 2  traceStates= 3 (PredicateCPA:PredicateCPARefiner.performRefinementForPathImpl, INFO)

refinement # 3 : predicates= 3  traceStates= 4 (PredicateCPA:PredicateCPARefiner.performRefinementForPathImpl, INFO)

Termination algorithm did not find a non-terminating loop. (TerminationAlgorithm.run0, INFO)

Stopping analysis ... (CPAchecker.runAlgorithm, INFO)


PredicateCPA statistics
-----------------------
Number of abstractions:            27 (4% of all post computations)
  Times abstraction was reused:    0
  Because of function entry/exit:  0 (0%)
  Because of loop head:            20 (74%)
  Because of join nodes:           0 (0%)
  Because of threshold:            0 (0%)
  Because of target state:         7 (26%)
  Times precision was empty:       11 (41%)
  Times precision was {false}:     5 (19%)
  Times result was cached:         0 (0%)
  Times cartesian abs was used:    0 (0%)
  Times boolean abs was used:      11 (41%)
  Times result was 'false':        2 (7%)
Number of strengthen sat checks:   0
Number of coverage checks:         140
  BDD entailment checks:           18
Number of SMT sat checks:          0
  trivial:                         0
  cached:                          0

Max ABE block size:                       14
Avg ABE block size:                                9.19 (sum: 248, count: 27, min: 0, max: 14)
Number of predicates discovered:          6
Number of abstraction locations:          2
Max number of predicates per location:    6
Avg number of predicates per location:    3
Total predicates per abstraction:         61
Max number of predicates per abstraction: 6
Avg number of predicates per abstraction: 3.81
Number of irrelevant predicates:          18 (30%)
Number of preds handled by boolean abs:   43 (70%)
  Total number of models for allsat:      35
  Max number of models for allsat:        6
  Avg number of models for allsat:        3.18
Number of path formula cache hits:        242 (32%)

Time for post operator:                                0.068s
  Time for path formula creation:                      0.065s
Time for strengthen operator:                          0.014s
Time for prec operator:                                0.060s
  Time for abstraction:                  0.055s (Max:     0.005s, Count: 27)
    Boolean abstraction:                 0.022s
    Solving time:                        0.012s (Max:     0.001s)
    Model enumeration time:              0.007s
    Time for BDD construction:           0.003s (Max:     0.001s)
Time for merge operator:                               0.001s
Time for coverage checks:                              0.000s
  Time for BDD entailment checks:                      0.000s
Total time for SMT solver (w/o itp):     0.019s

Number of BDD nodes:                               265
Size of BDD node table:                            100511
Size of BDD cache:                                 10061
Size of BDD node cleanup queue:                    0.00 (sum: 0, count: 148, min: 0, max: 0)
Time for BDD node cleanup:                             0.000s
Time for BDD garbage collection:                       0.000s (in 0 runs)

Invariant Generation statistics
-------------------------------

AutomatonAnalysis (NonTerminationLabelAutomaton) statistics
-----------------------------------------------------------
Number of states:                                  1
Total time for successor computation:                  0.003s
Automaton transfers with branching:                0
Automaton transfer successors:                     1.00 (sum: 663, count: 663, min: 1, max: 1) [1 x 663]
Number of states with assumption transitions:      0

AutomatonAnalysis (TerminatingFunctions) statistics
---------------------------------------------------
Number of states:                                  1
Total time for successor computation:                  0.000s
Automaton transfers with branching:                0
Automaton transfer successors:                     1.00 (sum: 663, count: 663, min: 1, max: 1) [1 x 663]
Number of states with assumption transitions:      0

Termination Algorithm statistics
--------------------------------
Total time :                                            0.507s
Time for recursion analysis:                            0.004s

Number of analysed loops:                               1 (100%)
Total time for loop analysis:                           0.503s
  Avg time per loop analysis:                           0.503s
  Max time per loop analysis:                           0.503s

Number of safety analysis runs:                         2
  Avg safety analysis run per loop:                     2.00
  Max safety analysis run per loop:                     2 	 for loops [N49]
Total time for safety analysis:                         0.249s
  Avg time per safety analysis run:                     0.124s
  Max time per safety analysis run:                     0.185s

Number of analysed lassos:                              1
  Avg number of lassos per loop:                        1.00
  Max number of lassos per loop:                        1 	 for loops [N49]
  Avg number of lassos per iteration:                   1.00
  Max number of lassos per iteration:                   1

Total time for lassos analysis:                         0.250s
  Avg time per iteration:                               0.250s
  Max time per iteration:                               0.250s
  Time for lassos construction:                         0.076s
    Avg time for lasso construction per iteration:      0.076s
    Max time for lasso construction per iteration:      0.076s
      Time for stem and loop construction:                         0.000s
        Avg time for stem and loop construction per iteration:      0.000s
        Max time for stem and loop construction per iteration:      0.000s
      Time for lassos creation:                         0.070s
        Avg time for lassos creation per iteration:      0.070s
        Max time for lassos creation per iteration:      0.070s
  Total time for non-termination analysis:              0.065s
    Avg time for non-termination analysis per lasso:    0.065s
    Max time for non-termination analysis per lasso:    0.065s
  Total time for termination analysis:                  0.109s
    Avg time for termination analysis per lasso:        0.109s
    Max time for termination analysis per lasso:        0.109s

Total number of termination arguments:                  1
  Avg termination arguments per loop:                   1.00
  Max termination arguments per loop:                   1 	 for loops [N49]

  affine:                                               1

Code Coverage
-----------------------------
  Function coverage:      1.000
  Visited lines:          16
  Total lines:            16
  Line coverage:          1.000
  Visited conditions:     6
  Total conditions:       12
  Condition coverage:     0.500

CPAchecker general statistics
-----------------------------
Number of program locations:                       29
Number of CFA edges (per node):                          31 (count: 29, min: 0, max: 2, avg: 1.07)
Number of relevant variables:                      3
Number of functions:                               1
Number of loops (and loop nodes):                         1 (sum: 10, min: 10, max: 10, avg: 10.00)
Size of reached set:             56
  Number of reached locations:   17 (59%)
    Avg states per location:     3
    Max states per location:     5 (at node N50)
  Number of reached functions:   1 (100%)
  Number of partitions:          38
    Avg size of partitions:      1
    Max size of partitions:      3 (with key [N49 (before line 21), Function main called from node N31, stack depth 1 [3e134896], stack [main]])
  Number of target states:       0

Time for analysis setup:          0.600s
  Time for loading CPAs:          0.108s
  Time for loading parser:        0.069s
  Time for CFA construction:      0.234s
    Time for parsing file(s):     0.094s
    Time for AST to CFA:          0.077s
    Time for CFA sanity check:    0.010s
    Time for post-processing:     0.041s
    Time for loop structure:      0.002s
    Time for AST structure:       0.000s
      Time for function pointers resolving:            0.001s
        Function calls via function pointers:             0 (count: 1, min: 0, max: 0, avg: 0.00)
        Instrumented function pointer calls:              0 (count: 1, min: 0, max: 0, avg: 0.00)
        Function calls with function pointer arguments:        0 (count: 1, min: 0, max: 0, avg: 0.00)
        Instrumented function pointer arguments:          0 (count: 1, min: 0, max: 0, avg: 0.00)
      Time for classifying variables:                  0.024s
        Time for collecting variables:                 0.012s
        Time for solving dependencies:                 0.001s
        Time for building hierarchy:                   0.000s
        Time for building classification:              0.011s
        Time for exporting data:                       0.000s
Time for Analysis:                0.507s
CPU time for analysis:            1.630s
Time for analyzing result:        0.001s
Total time for CPAchecker:        1.108s
Total CPU time for CPAchecker:    3.200s
Time for statistics:              0.089s

Time for Garbage Collector:       0.011s (in 2 runs)
Garbage Collector(s) used:    PS MarkSweep, PS Scavenge
Used heap memory:                190MB (   181 MiB) max;    136MB (   130 MiB) avg;    231MB (   221 MiB) peak
Used non-heap memory:             52MB (    50 MiB) max;     36MB (    35 MiB) avg;     55MB (    53 MiB) peak
Used in PS Old Gen pool:          16MB (    15 MiB) max;     10MB (     9 MiB) avg;     16MB (    15 MiB) peak
Allocated heap memory:          2010MB (  1917 MiB) max;   2010MB (  1917 MiB) avg
Allocated non-heap memory:        54MB (    51 MiB) max;     38MB (    37 MiB) avg
Total process virtual memory:   7797MB (  7436 MiB) max;   6483MB (  6182 MiB) avg

Verification result: TRUE. No property violation found by chosen configuration.
More details about the verification run can be found in the directory "./output".
