Running CPAchecker with Java heap of size 2000M.
Running CPAchecker with default stack size (1024k). Specify a larger value with --stack if needed.
Using the following resource limits: CPU-time limit of 300s (ResourceLimitChecker.fromConfiguration, INFO)

CPAchecker 4.2.2-2096-gb9f51b640f+ / termination-composition-lassoBasedAnalysis (OpenJDK 64-Bit Server VM 21.0.10) started (CPAchecker.run, INFO)

Parsing CFA from file(s) "/home/swear01/sv-benchmarks/c/termination-crafted-lit/ChenFlurMukhopadhyay-SAS2012-Ex2.20.c" (CPAchecker.parse, INFO)

Using predicate analysis with MathSAT5 version 5.6.11 (1a1154baf0ab) (Aug  9 2024 08:45:22, gmp 6.2.0, gcc 7.5.0, 64-bit, reentrant) and JFactory 1.21. (PredicateCPA:PredicateCPA.<init>, INFO)

Using refinement for predicate analysis with PredicateAbstractionRefinementStrategy strategy. (PredicateCPA:PredicateCPARefiner.<init>, INFO)

Using unsound approximation of ints with unbounded integers and floats with rationals for encoding program semantics. (FormulaManagerView.<init>, WARNING)

The following configuration options were specified but are not used:
 counterexample.checker.config
 counterexample.checker 
 (CPAchecker.printConfigurationWarnings, WARNING)

Starting analysis ... (CPAchecker.runAlgorithm, INFO)

Starting termination algorithm. (TerminationAlgorithm.run0, INFO)

refinement # 1 : predicates= 2  traceStates= 3 (PredicateCPA:PredicateCPARefiner.performRefinementForPathImpl, INFO)

refinement # 2 : predicates= 2  traceStates= 3 (PredicateCPA:PredicateCPARefiner.performRefinementForPathImpl, INFO)

Termination algorithm did not find a non-terminating loop. (TerminationAlgorithm.run0, INFO)

Stopping analysis ... (CPAchecker.runAlgorithm, INFO)


PredicateCPA statistics
-----------------------
Number of abstractions:            17 (5% of all post computations)
  Times abstraction was reused:    0
  Because of function entry/exit:  0 (0%)
  Because of loop head:            12 (71%)
  Because of join nodes:           0 (0%)
  Because of threshold:            0 (0%)
  Because of target state:         5 (29%)
  Times precision was empty:       11 (65%)
  Times precision was {false}:     4 (24%)
  Times result was cached:         0 (0%)
  Times cartesian abs was used:    0 (0%)
  Times boolean abs was used:      2 (12%)
  Times result was 'false':        1 (6%)
Number of strengthen sat checks:   0
Number of coverage checks:         72
  BDD entailment checks:           6
Number of SMT sat checks:          0
  trivial:                         0
  cached:                          0

Max ABE block size:                       11
Avg ABE block size:                                6.12 (sum: 104, count: 17, min: 0, max: 11)
Number of predicates discovered:          3
Number of abstraction locations:          2
Max number of predicates per location:    3
Avg number of predicates per location:    2
Total predicates per abstraction:         10
Max number of predicates per abstraction: 3
Avg number of predicates per abstraction: 1.67
Number of irrelevant predicates:          6 (60%)
Number of preds handled by boolean abs:   4 (40%)
  Total number of models for allsat:      2
  Max number of models for allsat:        1
  Avg number of models for allsat:        1.00
Number of path formula cache hits:        92 (25%)

Time for post operator:                                0.048s
  Time for path formula creation:                      0.045s
Time for strengthen operator:                          0.008s
Time for prec operator:                                0.010s
  Time for abstraction:                  0.008s (Max:     0.003s, Count: 17)
    Boolean abstraction:                 0.003s
    Solving time:                        0.001s (Max:     0.001s)
    Model enumeration time:              0.001s
    Time for BDD construction:           0.001s (Max:     0.001s)
Time for merge operator:                               0.003s
Time for coverage checks:                              0.001s
  Time for BDD entailment checks:                      0.001s
Total time for SMT solver (w/o itp):     0.002s

Number of BDD nodes:                               203
Size of BDD node table:                            100511
Size of BDD cache:                                 10061
Size of BDD node cleanup queue:                    0.00 (sum: 0, count: 59, min: 0, max: 0)
Time for BDD node cleanup:                             0.000s
Time for BDD garbage collection:                       0.000s (in 0 runs)

Invariant Generation statistics
-------------------------------

AutomatonAnalysis (NonTerminationLabelAutomaton) statistics
-----------------------------------------------------------
Number of states:                                  1
Total time for successor computation:                  0.012s
Automaton transfers with branching:                0
Automaton transfer successors:                     1.00 (sum: 314, count: 314, min: 1, max: 1) [1 x 314]
Number of states with assumption transitions:      0

AutomatonAnalysis (TerminatingFunctions) statistics
---------------------------------------------------
Number of states:                                  1
Total time for successor computation:                  0.000s
Automaton transfers with branching:                0
Automaton transfer successors:                     1.00 (sum: 314, count: 314, min: 1, max: 1) [1 x 314]
Number of states with assumption transitions:      0

Termination Algorithm statistics
--------------------------------
Total time :                                            0.331s
Time for recursion analysis:                            0.003s

Number of analysed loops:                               1 (100%)
Total time for loop analysis:                           0.328s
  Avg time per loop analysis:                           0.328s
  Max time per loop analysis:                           0.328s

Number of safety analysis runs:                         2
  Avg safety analysis run per loop:                     2.00
  Max safety analysis run per loop:                     2 	 for loops [N32]
Total time for safety analysis:                         0.148s
  Avg time per safety analysis run:                     0.074s
  Max time per safety analysis run:                     0.087s

Number of analysed lassos:                              1
  Avg number of lassos per loop:                        1.00
  Max number of lassos per loop:                        1 	 for loops [N32]
  Avg number of lassos per iteration:                   1.00
  Max number of lassos per iteration:                   1

Total time for lassos analysis:                         0.177s
  Avg time per iteration:                               0.177s
  Max time per iteration:                               0.177s
  Time for lassos construction:                         0.064s
    Avg time for lasso construction per iteration:      0.064s
    Max time for lasso construction per iteration:      0.064s
      Time for stem and loop construction:                         0.000s
        Avg time for stem and loop construction per iteration:      0.000s
        Max time for stem and loop construction per iteration:      0.000s
      Time for lassos creation:                         0.054s
        Avg time for lassos creation per iteration:      0.054s
        Max time for lassos creation per iteration:      0.054s
  Total time for non-termination analysis:              0.041s
    Avg time for non-termination analysis per lasso:    0.041s
    Max time for non-termination analysis per lasso:    0.041s
  Total time for termination analysis:                  0.072s
    Avg time for termination analysis per lasso:        0.072s
    Max time for termination analysis per lasso:        0.072s

Total number of termination arguments:                  1
  Avg termination arguments per loop:                   1.00
  Max termination arguments per loop:                   1 	 for loops [N32]

  affine:                                               1

Code Coverage
-----------------------------
  Function coverage:      1.000
  Visited lines:          8
  Total lines:            8
  Line coverage:          1.000
  Visited conditions:     6
  Total conditions:       12
  Condition coverage:     0.500

CPAchecker general statistics
-----------------------------
Number of program locations:                       19
Number of CFA edges (per node):                          21 (count: 19, min: 0, max: 2, avg: 1.11)
Number of relevant variables:                      2
Number of functions:                               1
Number of loops (and loop nodes):                         1 (sum: 6, min: 6, max: 6, avg: 6.00)
Size of reached set:             19
  Number of reached locations:   10 (53%)
    Avg states per location:     1
    Max states per location:     3 (at node N33)
  Number of reached functions:   1 (100%)
  Number of partitions:          14
    Avg size of partitions:      1
    Max size of partitions:      2 (with key [N32 (before line 26), Function main called from node N21, stack depth 1 [3ff57625], stack [main]])
  Number of target states:       0

Time for analysis setup:          0.619s
  Time for loading CPAs:          0.131s
  Time for loading parser:        0.088s
  Time for CFA construction:      0.177s
    Time for parsing file(s):     0.075s
    Time for AST to CFA:          0.050s
    Time for CFA sanity check:    0.007s
    Time for post-processing:     0.030s
    Time for loop structure:      0.002s
    Time for AST structure:       0.000s
      Time for function pointers resolving:            0.001s
        Function calls via function pointers:             0 (count: 1, min: 0, max: 0, avg: 0.00)
        Instrumented function pointer calls:              0 (count: 1, min: 0, max: 0, avg: 0.00)
        Function calls with function pointer arguments:        0 (count: 1, min: 0, max: 0, avg: 0.00)
        Instrumented function pointer arguments:          0 (count: 1, min: 0, max: 0, avg: 0.00)
      Time for classifying variables:                  0.017s
        Time for collecting variables:                 0.007s
        Time for solving dependencies:                 0.000s
        Time for building hierarchy:                   0.000s
        Time for building classification:              0.010s
        Time for exporting data:                       0.000s
Time for Analysis:                0.331s
CPU time for analysis:            1.000s
Time for analyzing result:        0.000s
Total time for CPAchecker:        0.951s
Total CPU time for CPAchecker:    2.590s
Time for statistics:              0.067s

Time for Garbage Collector:       0.012s (in 2 runs)
Garbage Collector(s) used:    PS MarkSweep, PS Scavenge
Used heap memory:                169MB (   161 MiB) max;    110MB (   105 MiB) avg;    210MB (   201 MiB) peak
Used non-heap memory:             48MB (    45 MiB) max;     32MB (    30 MiB) avg;     52MB (    49 MiB) peak
Used in PS Old Gen pool:          16MB (    15 MiB) max;      8MB (     8 MiB) avg;     16MB (    15 MiB) peak
Allocated heap memory:          2010MB (  1917 MiB) max;   2010MB (  1917 MiB) avg
Allocated non-heap memory:        49MB (    47 MiB) max;     34MB (    33 MiB) avg
Total process virtual memory:   7661MB (  7306 MiB) max;   6213MB (  5925 MiB) avg

Verification result: TRUE. No property violation found by chosen configuration.
More details about the verification run can be found in the directory "./output".
