Running CPAchecker with Java heap of size 2000M.
Running CPAchecker with default stack size (1024k). Specify a larger value with --stack if needed.
Using the following resource limits: CPU-time limit of 300s (ResourceLimitChecker.fromConfiguration, INFO)

CPAchecker 4.2.2-2096-gb9f51b640f+ / termination-composition-lassoBasedAnalysis (OpenJDK 64-Bit Server VM 21.0.10) started (CPAchecker.run, INFO)

Parsing CFA from file(s) "/home/swear01/sv-benchmarks/c/termination-crafted-lit/CookSeeZuleger-TACAS2013-Fig1.c" (CPAchecker.parse, INFO)

Using predicate analysis with MathSAT5 version 5.6.11 (1a1154baf0ab) (Aug  9 2024 08:45:22, gmp 6.2.0, gcc 7.5.0, 64-bit, reentrant) and JFactory 1.21. (PredicateCPA:PredicateCPA.<init>, INFO)

Using refinement for predicate analysis with PredicateAbstractionRefinementStrategy strategy. (PredicateCPA:PredicateCPARefiner.<init>, INFO)

Using unsound approximation of ints with unbounded integers and floats with rationals for encoding program semantics. (FormulaManagerView.<init>, WARNING)

The following configuration options were specified but are not used:
 counterexample.checker.config
 counterexample.checker 
 (CPAchecker.printConfigurationWarnings, WARNING)

Starting analysis ... (CPAchecker.runAlgorithm, INFO)

Starting termination algorithm. (TerminationAlgorithm.run0, INFO)

refinement # 1 : predicates= 2  traceStates= 3 (PredicateCPA:PredicateCPARefiner.performRefinementForPathImpl, INFO)

refinement # 2 : predicates= 2  traceStates= 3 (PredicateCPA:PredicateCPARefiner.performRefinementForPathImpl, INFO)

refinement # 3 : predicates= 3  traceStates= 4 (PredicateCPA:PredicateCPARefiner.performRefinementForPathImpl, INFO)

Termination algorithm did not find a non-terminating loop. (TerminationAlgorithm.run0, INFO)

Stopping analysis ... (CPAchecker.runAlgorithm, INFO)


PredicateCPA statistics
-----------------------
Number of abstractions:            25 (5% of all post computations)
  Times abstraction was reused:    0
  Because of function entry/exit:  0 (0%)
  Because of loop head:            16 (64%)
  Because of join nodes:           0 (0%)
  Because of threshold:            0 (0%)
  Because of target state:         9 (36%)
  Times precision was empty:       13 (52%)
  Times precision was {false}:     7 (28%)
  Times result was cached:         0 (0%)
  Times cartesian abs was used:    0 (0%)
  Times boolean abs was used:      5 (20%)
  Times result was 'false':        3 (12%)
Number of strengthen sat checks:   0
Number of coverage checks:         140
  BDD entailment checks:           12
Number of SMT sat checks:          0
  trivial:                         0
  cached:                          0

Max ABE block size:                       14
Avg ABE block size:                                7.28 (sum: 182, count: 25, min: 0, max: 14)
Number of predicates discovered:          9
Number of abstraction locations:          2
Max number of predicates per location:    9
Avg number of predicates per location:    5
Total predicates per abstraction:         44
Max number of predicates per abstraction: 9
Avg number of predicates per abstraction: 3.67
Number of irrelevant predicates:          12 (27%)
Number of preds handled by boolean abs:   32 (73%)
  Total number of models for allsat:      30
  Max number of models for allsat:        9
  Avg number of models for allsat:        6.00
Number of path formula cache hits:        148 (24%)

Time for post operator:                                0.066s
  Time for path formula creation:                      0.066s
Time for strengthen operator:                          0.013s
Time for prec operator:                                0.034s
  Time for abstraction:                  0.031s (Max:     0.006s, Count: 25)
    Boolean abstraction:                 0.010s
    Solving time:                        0.006s (Max:     0.001s)
    Model enumeration time:              0.004s
    Time for BDD construction:           0.003s (Max:     0.001s)
Time for merge operator:                               0.003s
Time for coverage checks:                              0.001s
  Time for BDD entailment checks:                      0.000s
Total time for SMT solver (w/o itp):     0.010s

Number of BDD nodes:                               456
Size of BDD node table:                            100511
Size of BDD cache:                                 10061
Size of BDD node cleanup queue:                    0.00 (sum: 0, count: 168, min: 0, max: 0)
Time for BDD node cleanup:                             0.000s
Time for BDD garbage collection:                       0.000s (in 0 runs)

Invariant Generation statistics
-------------------------------

AutomatonAnalysis (NonTerminationLabelAutomaton) statistics
-----------------------------------------------------------
Number of states:                                  1
Total time for successor computation:                  0.007s
Automaton transfers with branching:                0
Automaton transfer successors:                     1.00 (sum: 519, count: 519, min: 1, max: 1) [1 x 519]
Number of states with assumption transitions:      0

AutomatonAnalysis (TerminatingFunctions) statistics
---------------------------------------------------
Number of states:                                  1
Total time for successor computation:                  0.001s
Automaton transfers with branching:                0
Automaton transfer successors:                     1.00 (sum: 519, count: 519, min: 1, max: 1) [1 x 519]
Number of states with assumption transitions:      0

Termination Algorithm statistics
--------------------------------
Total time :                                            0.606s
Time for recursion analysis:                            0.003s

Number of analysed loops:                               1 (100%)
Total time for loop analysis:                           0.603s
  Avg time per loop analysis:                           0.603s
  Max time per loop analysis:                           0.603s

Number of safety analysis runs:                         3
  Avg safety analysis run per loop:                     3.00
  Max safety analysis run per loop:                     3 	 for loops [N37]
Total time for safety analysis:                         0.243s
  Avg time per safety analysis run:                     0.081s
  Max time per safety analysis run:                     0.116s

Number of analysed lassos:                              3
  Avg number of lassos per loop:                        3.00
  Max number of lassos per loop:                        3 	 for loops [N37]
  Avg number of lassos per iteration:                   1.50
  Max number of lassos per iteration:                   2

Total time for lassos analysis:                         0.355s
  Avg time per iteration:                               0.177s
  Max time per iteration:                               0.266s
  Time for lassos construction:                         0.075s
    Avg time for lasso construction per iteration:      0.037s
    Max time for lasso construction per iteration:      0.060s
      Time for stem and loop construction:                         0.000s
        Avg time for stem and loop construction per iteration:      0.000s
        Max time for stem and loop construction per iteration:      0.000s
      Time for lassos creation:                         0.065s
        Avg time for lassos creation per iteration:      0.032s
        Max time for lassos creation per iteration:      0.052s
  Total time for non-termination analysis:              0.098s
    Avg time for non-termination analysis per lasso:    0.032s
    Max time for non-termination analysis per lasso:    0.050s
  Total time for termination analysis:                  0.182s
    Avg time for termination analysis per lasso:        0.060s
    Max time for termination analysis per lasso:        0.074s

Total number of termination arguments:                  3
  Avg termination arguments per loop:                   3.00
  Max termination arguments per loop:                   3 	 for loops [N37]

  affine:                                               3

Code Coverage
-----------------------------
  Function coverage:      1.000
  Visited lines:          12
  Total lines:            12
  Line coverage:          1.000
  Visited conditions:     6
  Total conditions:       12
  Condition coverage:     0.500

CPAchecker general statistics
-----------------------------
Number of program locations:                       24
Number of CFA edges (per node):                          26 (count: 24, min: 0, max: 2, avg: 1.08)
Number of relevant variables:                      3
Number of functions:                               1
Number of loops (and loop nodes):                         1 (sum: 11, min: 11, max: 11, avg: 11.00)
Size of reached set:             40
  Number of reached locations:   14 (58%)
    Avg states per location:     2
    Max states per location:     4 (at node N38)
  Number of reached functions:   1 (100%)
  Number of partitions:          30
    Avg size of partitions:      1
    Max size of partitions:      3 (with key [N37 (before line 18), Function main called from node N26, stack depth 1 [15723761], stack [main]])
  Number of target states:       0

Time for analysis setup:          0.656s
  Time for loading CPAs:          0.136s
  Time for loading parser:        0.108s
  Time for CFA construction:      0.204s
    Time for parsing file(s):     0.089s
    Time for AST to CFA:          0.055s
    Time for CFA sanity check:    0.005s
    Time for post-processing:     0.036s
    Time for loop structure:      0.001s
    Time for AST structure:       0.000s
      Time for function pointers resolving:            0.001s
        Function calls via function pointers:             0 (count: 1, min: 0, max: 0, avg: 0.00)
        Instrumented function pointer calls:              0 (count: 1, min: 0, max: 0, avg: 0.00)
        Function calls with function pointer arguments:        0 (count: 1, min: 0, max: 0, avg: 0.00)
        Instrumented function pointer arguments:          0 (count: 1, min: 0, max: 0, avg: 0.00)
      Time for classifying variables:                  0.022s
        Time for collecting variables:                 0.010s
        Time for solving dependencies:                 0.000s
        Time for building hierarchy:                   0.000s
        Time for building classification:              0.012s
        Time for exporting data:                       0.000s
Time for Analysis:                0.606s
CPU time for analysis:            1.990s
Time for analyzing result:        0.000s
Total time for CPAchecker:        1.263s
Total CPU time for CPAchecker:    3.640s
Time for statistics:              0.095s

Time for Garbage Collector:       0.014s (in 2 runs)
Garbage Collector(s) used:    PS MarkSweep, PS Scavenge
Used heap memory:                214MB (   204 MiB) max;    134MB (   128 MiB) avg;    251MB (   239 MiB) peak
Used non-heap memory:             52MB (    49 MiB) max;     35MB (    34 MiB) avg;     55MB (    52 MiB) peak
Used in PS Old Gen pool:          16MB (    15 MiB) max;     10MB (    10 MiB) avg;     16MB (    15 MiB) peak
Allocated heap memory:          2010MB (  1917 MiB) max;   2010MB (  1917 MiB) avg
Allocated non-heap memory:        53MB (    50 MiB) max;     37MB (    36 MiB) avg
Total process virtual memory:   8408MB (  8019 MiB) max;   6552MB (  6249 MiB) avg

Verification result: TRUE. No property violation found by chosen configuration.
More details about the verification run can be found in the directory "./output".
