Running CPAchecker with Java heap of size 2000M.
Running CPAchecker with default stack size (1024k). Specify a larger value with --stack if needed.
Using the following resource limits: CPU-time limit of 300s (ResourceLimitChecker.fromConfiguration, INFO)

CPAchecker 4.2.2-2096-gb9f51b640f+ / termination-composition-lassoBasedAnalysis (OpenJDK 64-Bit Server VM 21.0.10) started (CPAchecker.run, INFO)

Parsing CFA from file(s) "/home/swear01/sv-benchmarks/c/termination-crafted-lit/CookSeeZuleger-TACAS2013-Fig7a.c" (CPAchecker.parse, INFO)

Using predicate analysis with MathSAT5 version 5.6.11 (1a1154baf0ab) (Aug  9 2024 08:45:22, gmp 6.2.0, gcc 7.5.0, 64-bit, reentrant) and JFactory 1.21. (PredicateCPA:PredicateCPA.<init>, INFO)

Using refinement for predicate analysis with PredicateAbstractionRefinementStrategy strategy. (PredicateCPA:PredicateCPARefiner.<init>, INFO)

Using unsound approximation of ints with unbounded integers and floats with rationals for encoding program semantics. (FormulaManagerView.<init>, WARNING)

The following configuration options were specified but are not used:
 counterexample.checker.config
 counterexample.checker 
 (CPAchecker.printConfigurationWarnings, WARNING)

Starting analysis ... (CPAchecker.runAlgorithm, INFO)

Starting termination algorithm. (TerminationAlgorithm.run0, INFO)

refinement # 1 : predicates= 2  traceStates= 3 (PredicateCPA:PredicateCPARefiner.performRefinementForPathImpl, INFO)

refinement # 2 : predicates= 2  traceStates= 3 (PredicateCPA:PredicateCPARefiner.performRefinementForPathImpl, INFO)

refinement # 4 : predicates= 2  traceStates= 3 (PredicateCPA:PredicateCPARefiner.performRefinementForPathImpl, INFO)

refinement # 5 : predicates= 3  traceStates= 4 (PredicateCPA:PredicateCPARefiner.performRefinementForPathImpl, INFO)

Termination algorithm did not find a non-terminating loop. (TerminationAlgorithm.run0, INFO)

Stopping analysis ... (CPAchecker.runAlgorithm, INFO)


PredicateCPA statistics
-----------------------
Number of abstractions:            32 (4% of all post computations)
  Times abstraction was reused:    0
  Because of function entry/exit:  0 (0%)
  Because of loop head:            20 (63%)
  Because of join nodes:           0 (0%)
  Because of threshold:            0 (0%)
  Because of target state:         12 (38%)
  Times precision was empty:       14 (44%)
  Times precision was {false}:     11 (34%)
  Times result was cached:         0 (0%)
  Times cartesian abs was used:    0 (0%)
  Times boolean abs was used:      7 (22%)
  Times result was 'false':        4 (13%)
Number of strengthen sat checks:   0
Number of coverage checks:         204
  BDD entailment checks:           16
Number of SMT sat checks:          0
  trivial:                         0
  cached:                          0

Max ABE block size:                       17
Avg ABE block size:                                8.97 (sum: 287, count: 32, min: 0, max: 17)
Number of predicates discovered:          10
Number of abstraction locations:          2
Max number of predicates per location:    10
Avg number of predicates per location:    5
Total predicates per abstraction:         61
Max number of predicates per abstraction: 10
Avg number of predicates per abstraction: 3.39
Number of irrelevant predicates:          18 (30%)
Number of preds handled by boolean abs:   43 (70%)
  Total number of models for allsat:      44
  Max number of models for allsat:        12
  Avg number of models for allsat:        6.29
Number of path formula cache hits:        203 (22%)

Time for post operator:                                0.068s
  Time for path formula creation:                      0.068s
Time for strengthen operator:                          0.009s
Time for prec operator:                                0.035s
  Time for abstraction:                  0.032s (Max:     0.004s, Count: 32)
    Boolean abstraction:                 0.011s
    Solving time:                        0.010s (Max:     0.001s)
    Model enumeration time:              0.003s
    Time for BDD construction:           0.000s (Max:     0.000s)
Time for merge operator:                               0.004s
Time for coverage checks:                              0.000s
  Time for BDD entailment checks:                      0.000s
Total time for SMT solver (w/o itp):     0.013s

Number of BDD nodes:                               542
Size of BDD node table:                            100511
Size of BDD cache:                                 10061
Size of BDD node cleanup queue:                    0.00 (sum: 0, count: 230, min: 0, max: 0)
Time for BDD node cleanup:                             0.000s
Time for BDD garbage collection:                       0.000s (in 0 runs)

Invariant Generation statistics
-------------------------------

AutomatonAnalysis (NonTerminationLabelAutomaton) statistics
-----------------------------------------------------------
Number of states:                                  1
Total time for successor computation:                  0.008s
Automaton transfers with branching:                0
Automaton transfer successors:                     1.00 (sum: 725, count: 725, min: 1, max: 1) [1 x 725]
Number of states with assumption transitions:      0

AutomatonAnalysis (TerminatingFunctions) statistics
---------------------------------------------------
Number of states:                                  1
Total time for successor computation:                  0.002s
Automaton transfers with branching:                0
Automaton transfer successors:                     1.00 (sum: 725, count: 725, min: 1, max: 1) [1 x 725]
Number of states with assumption transitions:      0

Termination Algorithm statistics
--------------------------------
Total time :                                            0.809s
Time for recursion analysis:                            0.002s

Number of analysed loops:                               1 (100%)
Total time for loop analysis:                           0.807s
  Avg time per loop analysis:                           0.807s
  Max time per loop analysis:                           0.807s

Number of safety analysis runs:                         4
  Avg safety analysis run per loop:                     4.00
  Max safety analysis run per loop:                     4 	 for loops [N44]
Total time for safety analysis:                         0.231s
  Avg time per safety analysis run:                     0.057s
  Max time per safety analysis run:                     0.070s

Number of analysed lassos:                              5
  Avg number of lassos per loop:                        5.00
  Max number of lassos per loop:                        5 	 for loops [N44]
  Avg number of lassos per iteration:                   1.67
  Max number of lassos per iteration:                   2

Total time for lassos analysis:                         0.572s
  Avg time per iteration:                               0.190s
  Max time per iteration:                               0.296s
  Time for lassos construction:                         0.100s
    Avg time for lasso construction per iteration:      0.033s
    Max time for lasso construction per iteration:      0.056s
      Time for stem and loop construction:                         0.000s
        Avg time for stem and loop construction per iteration:      0.000s
        Max time for stem and loop construction per iteration:      0.000s
      Time for lassos creation:                         0.088s
        Avg time for lassos creation per iteration:      0.029s
        Max time for lassos creation per iteration:      0.050s
  Total time for non-termination analysis:              0.135s
    Avg time for non-termination analysis per lasso:    0.027s
    Max time for non-termination analysis per lasso:    0.051s
  Total time for termination analysis:                  0.337s
    Avg time for termination analysis per lasso:        0.067s
    Max time for termination analysis per lasso:        0.096s

Total number of termination arguments:                  5
  Avg termination arguments per loop:                   5.00
  Max termination arguments per loop:                   5 	 for loops [N44]

  affine:                                               5

Code Coverage
-----------------------------
  Function coverage:      1.000
  Visited lines:          15
  Total lines:            15
  Line coverage:          1.000
  Visited conditions:     8
  Total conditions:       16
  Condition coverage:     0.500

CPAchecker general statistics
-----------------------------
Number of program locations:                       29
Number of CFA edges (per node):                          32 (count: 29, min: 0, max: 2, avg: 1.10)
Number of relevant variables:                      4
Number of functions:                               1
Number of loops (and loop nodes):                         1 (sum: 14, min: 14, max: 14, avg: 14.00)
Size of reached set:             44
  Number of reached locations:   15 (52%)
    Avg states per location:     2
    Max states per location:     4 (at node N45)
  Number of reached functions:   1 (100%)
  Number of partitions:          33
    Avg size of partitions:      1
    Max size of partitions:      3 (with key [N44 (before line 20), Function main called from node N31, stack depth 1 [301d8120], stack [main]])
  Number of target states:       0

Time for analysis setup:          0.671s
  Time for loading CPAs:          0.119s
  Time for loading parser:        0.075s
  Time for CFA construction:      0.286s
    Time for parsing file(s):     0.115s
    Time for AST to CFA:          0.090s
    Time for CFA sanity check:    0.007s
    Time for post-processing:     0.057s
    Time for loop structure:      0.005s
    Time for AST structure:       0.000s
      Time for function pointers resolving:            0.002s
        Function calls via function pointers:             0 (count: 1, min: 0, max: 0, avg: 0.00)
        Instrumented function pointer calls:              0 (count: 1, min: 0, max: 0, avg: 0.00)
        Function calls with function pointer arguments:        0 (count: 1, min: 0, max: 0, avg: 0.00)
        Instrumented function pointer arguments:          0 (count: 1, min: 0, max: 0, avg: 0.00)
      Time for classifying variables:                  0.030s
        Time for collecting variables:                 0.014s
        Time for solving dependencies:                 0.000s
        Time for building hierarchy:                   0.000s
        Time for building classification:              0.016s
        Time for exporting data:                       0.000s
Time for Analysis:                0.809s
CPU time for analysis:            2.500s
Time for analyzing result:        0.000s
Total time for CPAchecker:        1.481s
Total CPU time for CPAchecker:    4.170s
Time for statistics:              0.071s

Time for Garbage Collector:       0.011s (in 2 runs)
Garbage Collector(s) used:    PS MarkSweep, PS Scavenge
Used heap memory:                337MB (   322 MiB) max;    167MB (   160 MiB) avg;    364MB (   347 MiB) peak
Used non-heap memory:             55MB (    53 MiB) max;     39MB (    37 MiB) avg;     58MB (    55 MiB) peak
Used in PS Old Gen pool:          16MB (    15 MiB) max;     10MB (    10 MiB) avg;     16MB (    15 MiB) peak
Allocated heap memory:          2010MB (  1917 MiB) max;   2010MB (  1917 MiB) avg
Allocated non-heap memory:        56MB (    54 MiB) max;     40MB (    39 MiB) avg
Total process virtual memory:   8952MB (  8537 MiB) max;   6810MB (  6495 MiB) avg

Verification result: TRUE. No property violation found by chosen configuration.
More details about the verification run can be found in the directory "./output".
