Running CPAchecker with Java heap of size 2000M.
Running CPAchecker with default stack size (1024k). Specify a larger value with --stack if needed.
Using the following resource limits: CPU-time limit of 300s (ResourceLimitChecker.fromConfiguration, INFO)

CPAchecker 4.2.2-2096-gb9f51b640f+ / termination-composition-lassoBasedAnalysis (OpenJDK 64-Bit Server VM 21.0.10) started (CPAchecker.run, INFO)

Parsing CFA from file(s) "/home/swear01/sv-benchmarks/c/termination-crafted-lit/CookSeeZuleger-TACAS2013-Fig8a.c" (CPAchecker.parse, INFO)

Using predicate analysis with MathSAT5 version 5.6.11 (1a1154baf0ab) (Aug  9 2024 08:45:22, gmp 6.2.0, gcc 7.5.0, 64-bit, reentrant) and JFactory 1.21. (PredicateCPA:PredicateCPA.<init>, INFO)

Using refinement for predicate analysis with PredicateAbstractionRefinementStrategy strategy. (PredicateCPA:PredicateCPARefiner.<init>, INFO)

Using unsound approximation of ints with unbounded integers and floats with rationals for encoding program semantics. (FormulaManagerView.<init>, WARNING)

The following configuration options were specified but are not used:
 counterexample.checker.config
 counterexample.checker 
 (CPAchecker.printConfigurationWarnings, WARNING)

Starting analysis ... (CPAchecker.runAlgorithm, INFO)

Starting termination algorithm. (TerminationAlgorithm.run0, INFO)

refinement # 1 : predicates= 2  traceStates= 3 (PredicateCPA:PredicateCPARefiner.performRefinementForPathImpl, INFO)

refinement # 2 : predicates= 2  traceStates= 3 (PredicateCPA:PredicateCPARefiner.performRefinementForPathImpl, INFO)

Termination algorithm did not find a non-terminating loop. (TerminationAlgorithm.run0, INFO)

Stopping analysis ... (CPAchecker.runAlgorithm, INFO)


PredicateCPA statistics
-----------------------
Number of abstractions:            19 (5% of all post computations)
  Times abstraction was reused:    0
  Because of function entry/exit:  0 (0%)
  Because of loop head:            13 (68%)
  Because of join nodes:           0 (0%)
  Because of threshold:            0 (0%)
  Because of target state:         6 (32%)
  Times precision was empty:       13 (68%)
  Times precision was {false}:     4 (21%)
  Times result was cached:         0 (0%)
  Times cartesian abs was used:    0 (0%)
  Times boolean abs was used:      2 (11%)
  Times result was 'false':        1 (5%)
Number of strengthen sat checks:   0
Number of coverage checks:         104
  BDD entailment checks:           6
Number of SMT sat checks:          0
  trivial:                         0
  cached:                          0

Max ABE block size:                       8
Avg ABE block size:                                4.26 (sum: 81, count: 19, min: 0, max: 8)
Number of predicates discovered:          5
Number of abstraction locations:          2
Max number of predicates per location:    5
Avg number of predicates per location:    3
Total predicates per abstraction:         14
Max number of predicates per abstraction: 5
Avg number of predicates per abstraction: 2.33
Number of irrelevant predicates:          6 (43%)
Number of preds handled by boolean abs:   8 (57%)
  Total number of models for allsat:      6
  Max number of models for allsat:        3
  Avg number of models for allsat:        3.00
Number of path formula cache hits:        97 (22%)

Time for post operator:                                0.046s
  Time for path formula creation:                      0.046s
Time for strengthen operator:                          0.007s
Time for prec operator:                                0.015s
  Time for abstraction:                  0.009s (Max:     0.002s, Count: 19)
    Boolean abstraction:                 0.002s
    Solving time:                        0.004s (Max:     0.001s)
    Model enumeration time:              0.000s
    Time for BDD construction:           0.000s (Max:     0.000s)
Time for merge operator:                               0.003s
Time for coverage checks:                              0.002s
  Time for BDD entailment checks:                      0.000s
Total time for SMT solver (w/o itp):     0.004s

Number of BDD nodes:                               222
Size of BDD node table:                            100511
Size of BDD cache:                                 10061
Size of BDD node cleanup queue:                    0.00 (sum: 0, count: 70, min: 0, max: 0)
Time for BDD node cleanup:                             0.001s
Time for BDD garbage collection:                       0.000s (in 0 runs)

Invariant Generation statistics
-------------------------------

AutomatonAnalysis (NonTerminationLabelAutomaton) statistics
-----------------------------------------------------------
Number of states:                                  1
Total time for successor computation:                  0.005s
Automaton transfers with branching:                0
Automaton transfer successors:                     1.00 (sum: 354, count: 354, min: 1, max: 1) [1 x 354]
Number of states with assumption transitions:      0

AutomatonAnalysis (TerminatingFunctions) statistics
---------------------------------------------------
Number of states:                                  1
Total time for successor computation:                  0.001s
Automaton transfers with branching:                0
Automaton transfer successors:                     1.00 (sum: 354, count: 354, min: 1, max: 1) [1 x 354]
Number of states with assumption transitions:      0

Termination Algorithm statistics
--------------------------------
Total time :                                            0.407s
Time for recursion analysis:                            0.001s

Number of analysed loops:                               1 (100%)
Total time for loop analysis:                           0.405s
  Avg time per loop analysis:                           0.405s
  Max time per loop analysis:                           0.405s

Number of safety analysis runs:                         3
  Avg safety analysis run per loop:                     3.00
  Max safety analysis run per loop:                     3 	 for loops [N29]
Total time for safety analysis:                         0.168s
  Avg time per safety analysis run:                     0.056s
  Max time per safety analysis run:                     0.075s

Number of analysed lassos:                              2
  Avg number of lassos per loop:                        2.00
  Max number of lassos per loop:                        2 	 for loops [N29]
  Avg number of lassos per iteration:                   1.00
  Max number of lassos per iteration:                   1

Total time for lassos analysis:                         0.230s
  Avg time per iteration:                               0.115s
  Max time per iteration:                               0.148s
  Time for lassos construction:                         0.046s
    Avg time for lasso construction per iteration:      0.023s
    Max time for lasso construction per iteration:      0.034s
      Time for stem and loop construction:                         0.000s
        Avg time for stem and loop construction per iteration:      0.000s
        Max time for stem and loop construction per iteration:      0.000s
      Time for lassos creation:                         0.038s
        Avg time for lassos creation per iteration:      0.019s
        Max time for lassos creation per iteration:      0.027s
  Total time for non-termination analysis:              0.061s
    Avg time for non-termination analysis per lasso:    0.030s
    Max time for non-termination analysis per lasso:    0.042s
  Total time for termination analysis:                  0.123s
    Avg time for termination analysis per lasso:        0.061s
    Max time for termination analysis per lasso:        0.072s

Total number of termination arguments:                  2
  Avg termination arguments per loop:                   2.00
  Max termination arguments per loop:                   2 	 for loops [N29]

  affine:                                               2

Code Coverage
-----------------------------
  Function coverage:      1.000
  Visited lines:          8
  Total lines:            8
  Line coverage:          1.000
  Visited conditions:     4
  Total conditions:       8
  Condition coverage:     0.500

CPAchecker general statistics
-----------------------------
Number of program locations:                       18
Number of CFA edges (per node):                          19 (count: 18, min: 0, max: 2, avg: 1.06)
Number of relevant variables:                      1
Number of functions:                               1
Number of loops (and loop nodes):                         1 (sum: 7, min: 7, max: 7, avg: 7.00)
Size of reached set:             25
  Number of reached locations:   12 (67%)
    Avg states per location:     2
    Max states per location:     3 (at node N30)
  Number of reached functions:   1 (100%)
  Number of partitions:          18
    Avg size of partitions:      1
    Max size of partitions:      2 (with key [N29 (before line 16), Function main called from node N20, stack depth 1 [60baef24], stack [main]])
  Number of target states:       0

Time for analysis setup:          0.708s
  Time for loading CPAs:          0.159s
  Time for loading parser:        0.093s
  Time for CFA construction:      0.246s
    Time for parsing file(s):     0.098s
    Time for AST to CFA:          0.083s
    Time for CFA sanity check:    0.006s
    Time for post-processing:     0.047s
    Time for loop structure:      0.003s
    Time for AST structure:       0.000s
      Time for function pointers resolving:            0.001s
        Function calls via function pointers:             0 (count: 1, min: 0, max: 0, avg: 0.00)
        Instrumented function pointer calls:              0 (count: 1, min: 0, max: 0, avg: 0.00)
        Function calls with function pointer arguments:        0 (count: 1, min: 0, max: 0, avg: 0.00)
        Instrumented function pointer arguments:          0 (count: 1, min: 0, max: 0, avg: 0.00)
      Time for classifying variables:                  0.030s
        Time for collecting variables:                 0.013s
        Time for solving dependencies:                 0.000s
        Time for building hierarchy:                   0.000s
        Time for building classification:              0.017s
        Time for exporting data:                       0.000s
Time for Analysis:                0.407s
CPU time for analysis:            1.370s
Time for analyzing result:        0.000s
Total time for CPAchecker:        1.116s
Total CPU time for CPAchecker:    3.060s
Time for statistics:              0.088s

Time for Garbage Collector:       0.013s (in 2 runs)
Garbage Collector(s) used:    PS MarkSweep, PS Scavenge
Used heap memory:                190MB (   181 MiB) max;    137MB (   131 MiB) avg;    231MB (   221 MiB) peak
Used non-heap memory:             51MB (    48 MiB) max;     34MB (    32 MiB) avg;     53MB (    51 MiB) peak
Used in PS Old Gen pool:          16MB (    15 MiB) max;      8MB (     8 MiB) avg;     16MB (    15 MiB) peak
Allocated heap memory:          2010MB (  1917 MiB) max;   2010MB (  1917 MiB) avg
Allocated non-heap memory:        52MB (    50 MiB) max;     36MB (    34 MiB) avg
Total process virtual memory:   8000MB (  7630 MiB) max;   6340MB (  6046 MiB) avg

Verification result: TRUE. No property violation found by chosen configuration.
More details about the verification run can be found in the directory "./output".
