Running CPAchecker with Java heap of size 2000M.
Running CPAchecker with default stack size (1024k). Specify a larger value with --stack if needed.
Using the following resource limits: CPU-time limit of 300s (ResourceLimitChecker.fromConfiguration, INFO)

CPAchecker 4.2.2-2096-gb9f51b640f+ / termination-composition-lassoBasedAnalysis (OpenJDK 64-Bit Server VM 21.0.10) started (CPAchecker.run, INFO)

Parsing CFA from file(s) "/home/swear01/sv-benchmarks/c/termination-crafted-lit/CookSeeZuleger-TACAS2013-Fig8a-modified.c" (CPAchecker.parse, INFO)

Using predicate analysis with MathSAT5 version 5.6.11 (1a1154baf0ab) (Aug  9 2024 08:45:22, gmp 6.2.0, gcc 7.5.0, 64-bit, reentrant) and JFactory 1.21. (PredicateCPA:PredicateCPA.<init>, INFO)

Using refinement for predicate analysis with PredicateAbstractionRefinementStrategy strategy. (PredicateCPA:PredicateCPARefiner.<init>, INFO)

Using unsound approximation of ints with unbounded integers and floats with rationals for encoding program semantics. (FormulaManagerView.<init>, WARNING)

The following configuration options were specified but are not used:
 counterexample.checker.config
 counterexample.checker 
 (CPAchecker.printConfigurationWarnings, WARNING)

Starting analysis ... (CPAchecker.runAlgorithm, INFO)

Starting termination algorithm. (TerminationAlgorithm.run0, INFO)

refinement # 1 : predicates= 2  traceStates= 3 (PredicateCPA:PredicateCPARefiner.performRefinementForPathImpl, INFO)

refinement # 2 : predicates= 2  traceStates= 3 (PredicateCPA:PredicateCPARefiner.performRefinementForPathImpl, INFO)

Termination algorithm did not find a non-terminating loop. (TerminationAlgorithm.run0, INFO)

Stopping analysis ... (CPAchecker.runAlgorithm, INFO)


PredicateCPA statistics
-----------------------
Number of abstractions:            19 (5% of all post computations)
  Times abstraction was reused:    0
  Because of function entry/exit:  0 (0%)
  Because of loop head:            13 (68%)
  Because of join nodes:           0 (0%)
  Because of threshold:            0 (0%)
  Because of target state:         6 (32%)
  Times precision was empty:       13 (68%)
  Times precision was {false}:     4 (21%)
  Times result was cached:         0 (0%)
  Times cartesian abs was used:    0 (0%)
  Times boolean abs was used:      2 (11%)
  Times result was 'false':        1 (5%)
Number of strengthen sat checks:   0
Number of coverage checks:         104
  BDD entailment checks:           6
Number of SMT sat checks:          0
  trivial:                         0
  cached:                          0

Max ABE block size:                       9
Avg ABE block size:                                5.16 (sum: 98, count: 19, min: 0, max: 9)
Number of predicates discovered:          5
Number of abstraction locations:          2
Max number of predicates per location:    5
Avg number of predicates per location:    3
Total predicates per abstraction:         14
Max number of predicates per abstraction: 5
Avg number of predicates per abstraction: 2.33
Number of irrelevant predicates:          6 (43%)
Number of preds handled by boolean abs:   8 (57%)
  Total number of models for allsat:      4
  Max number of models for allsat:        2
  Avg number of models for allsat:        2.00
Number of path formula cache hits:        105 (23%)

Time for post operator:                                0.052s
  Time for path formula creation:                      0.051s
Time for strengthen operator:                          0.012s
Time for prec operator:                                0.023s
  Time for abstraction:                  0.019s (Max:     0.006s, Count: 19)
    Boolean abstraction:                 0.005s
    Solving time:                        0.003s (Max:     0.001s)
    Model enumeration time:              0.001s
    Time for BDD construction:           0.001s (Max:     0.001s)
Time for merge operator:                               0.004s
Time for coverage checks:                              0.001s
  Time for BDD entailment checks:                      0.000s
Total time for SMT solver (w/o itp):     0.004s

Number of BDD nodes:                               215
Size of BDD node table:                            100511
Size of BDD cache:                                 10061
Size of BDD node cleanup queue:                    0.00 (sum: 0, count: 72, min: 0, max: 0)
Time for BDD node cleanup:                             0.000s
Time for BDD garbage collection:                       0.000s (in 0 runs)

Invariant Generation statistics
-------------------------------

AutomatonAnalysis (NonTerminationLabelAutomaton) statistics
-----------------------------------------------------------
Number of states:                                  1
Total time for successor computation:                  0.004s
Automaton transfers with branching:                0
Automaton transfer successors:                     1.00 (sum: 373, count: 373, min: 1, max: 1) [1 x 373]
Number of states with assumption transitions:      0

AutomatonAnalysis (TerminatingFunctions) statistics
---------------------------------------------------
Number of states:                                  1
Total time for successor computation:                  0.001s
Automaton transfers with branching:                0
Automaton transfer successors:                     1.00 (sum: 373, count: 373, min: 1, max: 1) [1 x 373]
Number of states with assumption transitions:      0

Termination Algorithm statistics
--------------------------------
Total time :                                            0.420s
Time for recursion analysis:                            0.003s

Number of analysed loops:                               1 (100%)
Total time for loop analysis:                           0.416s
  Avg time per loop analysis:                           0.416s
  Max time per loop analysis:                           0.416s

Number of safety analysis runs:                         3
  Avg safety analysis run per loop:                     3.00
  Max safety analysis run per loop:                     3 	 for loops [N33]
Total time for safety analysis:                         0.177s
  Avg time per safety analysis run:                     0.059s
  Max time per safety analysis run:                     0.091s

Number of analysed lassos:                              2
  Avg number of lassos per loop:                        2.00
  Max number of lassos per loop:                        2 	 for loops [N33]
  Avg number of lassos per iteration:                   1.00
  Max number of lassos per iteration:                   1

Total time for lassos analysis:                         0.236s
  Avg time per iteration:                               0.118s
  Max time per iteration:                               0.163s
  Time for lassos construction:                         0.039s
    Avg time for lasso construction per iteration:      0.019s
    Max time for lasso construction per iteration:      0.031s
      Time for stem and loop construction:                         0.000s
        Avg time for stem and loop construction per iteration:      0.000s
        Max time for stem and loop construction per iteration:      0.000s
      Time for lassos creation:                         0.034s
        Avg time for lassos creation per iteration:      0.017s
        Max time for lassos creation per iteration:      0.027s
  Total time for non-termination analysis:              0.064s
    Avg time for non-termination analysis per lasso:    0.032s
    Max time for non-termination analysis per lasso:    0.048s
  Total time for termination analysis:                  0.133s
    Avg time for termination analysis per lasso:        0.066s
    Max time for termination analysis per lasso:        0.084s

Total number of termination arguments:                  2
  Avg termination arguments per loop:                   2.00
  Max termination arguments per loop:                   2 	 for loops [N33]

  affine:                                               2

Code Coverage
-----------------------------
  Function coverage:      1.000
  Visited lines:          9
  Total lines:            9
  Line coverage:          1.000
  Visited conditions:     4
  Total conditions:       8
  Condition coverage:     0.500

CPAchecker general statistics
-----------------------------
Number of program locations:                       20
Number of CFA edges (per node):                          21 (count: 20, min: 0, max: 2, avg: 1.05)
Number of relevant variables:                      2
Number of functions:                               1
Number of loops (and loop nodes):                         1 (sum: 7, min: 7, max: 7, avg: 7.00)
Size of reached set:             25
  Number of reached locations:   12 (60%)
    Avg states per location:     2
    Max states per location:     3 (at node N34)
  Number of reached functions:   1 (100%)
  Number of partitions:          18
    Avg size of partitions:      1
    Max size of partitions:      2 (with key [N33 (before line 17), Function main called from node N22, stack depth 1 [3ff57625], stack [main]])
  Number of target states:       0

Time for analysis setup:          0.711s
  Time for loading CPAs:          0.139s
  Time for loading parser:        0.107s
  Time for CFA construction:      0.292s
    Time for parsing file(s):     0.127s
    Time for AST to CFA:          0.087s
    Time for CFA sanity check:    0.005s
    Time for post-processing:     0.054s
    Time for loop structure:      0.003s
    Time for AST structure:       0.000s
      Time for function pointers resolving:            0.002s
        Function calls via function pointers:             0 (count: 1, min: 0, max: 0, avg: 0.00)
        Instrumented function pointer calls:              0 (count: 1, min: 0, max: 0, avg: 0.00)
        Function calls with function pointer arguments:        0 (count: 1, min: 0, max: 0, avg: 0.00)
        Instrumented function pointer arguments:          0 (count: 1, min: 0, max: 0, avg: 0.00)
      Time for classifying variables:                  0.031s
        Time for collecting variables:                 0.013s
        Time for solving dependencies:                 0.001s
        Time for building hierarchy:                   0.000s
        Time for building classification:              0.017s
        Time for exporting data:                       0.000s
Time for Analysis:                0.420s
CPU time for analysis:            1.340s
Time for analyzing result:        0.000s
Total time for CPAchecker:        1.132s
Total CPU time for CPAchecker:    2.950s
Time for statistics:              0.076s

Time for Garbage Collector:       0.017s (in 2 runs)
Garbage Collector(s) used:    PS MarkSweep, PS Scavenge
Used heap memory:                165MB (   157 MiB) max;    116MB (   111 MiB) avg;    202MB (   193 MiB) peak
Used non-heap memory:             51MB (    49 MiB) max;     32MB (    31 MiB) avg;     54MB (    51 MiB) peak
Used in PS Old Gen pool:          16MB (    15 MiB) max;      8MB (     8 MiB) avg;     16MB (    15 MiB) peak
Allocated heap memory:          2010MB (  1917 MiB) max;   2010MB (  1917 MiB) avg
Allocated non-heap memory:        53MB (    50 MiB) max;     35MB (    33 MiB) avg
Total process virtual memory:   8069MB (  7695 MiB) max;   6170MB (  5884 MiB) avg

Verification result: TRUE. No property violation found by chosen configuration.
More details about the verification run can be found in the directory "./output".
