Running CPAchecker with Java heap of size 2000M.
Running CPAchecker with default stack size (1024k). Specify a larger value with --stack if needed.
Using the following resource limits: CPU-time limit of 300s (ResourceLimitChecker.fromConfiguration, INFO)

CPAchecker 4.2.2-2096-gb9f51b640f+ / termination-composition-lassoBasedAnalysis (OpenJDK 64-Bit Server VM 21.0.10) started (CPAchecker.run, INFO)

Parsing CFA from file(s) "/home/swear01/sv-benchmarks/c/termination-crafted/Copenhagen_disj-2.c" (CPAchecker.parse, INFO)

Using predicate analysis with MathSAT5 version 5.6.11 (1a1154baf0ab) (Aug  9 2024 08:45:22, gmp 6.2.0, gcc 7.5.0, 64-bit, reentrant) and JFactory 1.21. (PredicateCPA:PredicateCPA.<init>, INFO)

Using refinement for predicate analysis with PredicateAbstractionRefinementStrategy strategy. (PredicateCPA:PredicateCPARefiner.<init>, INFO)

Using unsound approximation of ints with unbounded integers and floats with rationals for encoding program semantics. (FormulaManagerView.<init>, WARNING)

The following configuration options were specified but are not used:
 counterexample.checker.config
 counterexample.checker 
 (CPAchecker.printConfigurationWarnings, WARNING)

Starting analysis ... (CPAchecker.runAlgorithm, INFO)

Starting termination algorithm. (TerminationAlgorithm.run0, INFO)

refinement # 1 : predicates= 2  traceStates= 3 (PredicateCPA:PredicateCPARefiner.performRefinementForPathImpl, INFO)

refinement # 2 : predicates= 2  traceStates= 3 (PredicateCPA:PredicateCPARefiner.performRefinementForPathImpl, INFO)

refinement # 3 : predicates= 3  traceStates= 4 (PredicateCPA:PredicateCPARefiner.performRefinementForPathImpl, INFO)

refinement # 4 : predicates= 3  traceStates= 4 (PredicateCPA:PredicateCPARefiner.performRefinementForPathImpl, INFO)

refinement # 6 : predicates= 4  traceStates= 5 (PredicateCPA:PredicateCPARefiner.performRefinementForPathImpl, INFO)

refinement # 7 : predicates= 5  traceStates= 6 (PredicateCPA:PredicateCPARefiner.performRefinementForPathImpl, INFO)

refinement # 9 : predicates= 6  traceStates= 7 (PredicateCPA:PredicateCPARefiner.performRefinementForPathImpl, INFO)

refinement # 10 : predicates= 7  traceStates= 8 (PredicateCPA:PredicateCPARefiner.performRefinementForPathImpl, INFO)

refinement # 11 : predicates= 8  traceStates= 9 (PredicateCPA:PredicateCPARefiner.performRefinementForPathImpl, INFO)

refinement # 12 : predicates= 9  traceStates= 10 (PredicateCPA:PredicateCPARefiner.performRefinementForPathImpl, INFO)

refinement # 14 : predicates= 10  traceStates= 11 (PredicateCPA:PredicateCPARefiner.performRefinementForPathImpl, INFO)

refinement # 15 : predicates= 11  traceStates= 12 (PredicateCPA:PredicateCPARefiner.performRefinementForPathImpl, INFO)

refinement # 16 : predicates= 12  traceStates= 13 (PredicateCPA:PredicateCPARefiner.performRefinementForPathImpl, INFO)

refinement # 17 : predicates= 13  traceStates= 14 (PredicateCPA:PredicateCPARefiner.performRefinementForPathImpl, INFO)

refinement # 18 : predicates= 13  traceStates= 14 (PredicateCPA:PredicateCPARefiner.performRefinementForPathImpl, INFO)

refinement # 20 : predicates= 14  traceStates= 15 (PredicateCPA:PredicateCPARefiner.performRefinementForPathImpl, INFO)

refinement # 21 : predicates= 15  traceStates= 16 (PredicateCPA:PredicateCPARefiner.performRefinementForPathImpl, INFO)

refinement # 22 : predicates= 16  traceStates= 17 (PredicateCPA:PredicateCPARefiner.performRefinementForPathImpl, INFO)

refinement # 25 : predicates= 17  traceStates= 18 (PredicateCPA:PredicateCPARefiner.performRefinementForPathImpl, INFO)

refinement # 26 : predicates= 18  traceStates= 19 (PredicateCPA:PredicateCPARefiner.performRefinementForPathImpl, INFO)

refinement # 27 : predicates= 19  traceStates= 20 (PredicateCPA:PredicateCPARefiner.performRefinementForPathImpl, INFO)

refinement # 28 : predicates= 20  traceStates= 21 (PredicateCPA:PredicateCPARefiner.performRefinementForPathImpl, INFO)

Shutdown requested (The CPU-time limit of 300s has elapsed.), waiting for termination. (ForceTerminationOnShutdown$1.shutdownRequested, WARNING)

Warning: Analysis interrupted (The CPU-time limit of 300s has elapsed.) (ShutdownNotifier.shutdownIfNecessary, WARNING)


PredicateCPA statistics
-----------------------
Number of abstractions:            2511 (7% of all post computations)
  Times abstraction was reused:    0
  Because of function entry/exit:  0 (0%)
  Because of loop head:            1418 (56%)
  Because of join nodes:           0 (0%)
  Because of threshold:            0 (0%)
  Because of target state:         1093 (44%)
  Times precision was empty:       9 (0%)
  Times precision was {false}:     1091 (43%)
  Times result was cached:         2 (0%)
  Times cartesian abs was used:    0 (0%)
  Times boolean abs was used:      1409 (56%)
  Times result was 'false':        1063 (42%)
Number of strengthen sat checks:   0
Number of coverage checks:         109812
  BDD entailment checks:           100460
Number of SMT sat checks:          0
  trivial:                         0
  cached:                          0

Max ABE block size:                       12
Avg ABE block size:                                5.82 (sum: 14610, count: 2511, min: 0, max: 12)
Number of predicates discovered:          67
Number of abstraction locations:          2
Max number of predicates per location:    67
Avg number of predicates per location:    34
Total predicates per abstraction:         69454
Max number of predicates per abstraction: 67
Avg number of predicates per abstraction: 27.78
Number of irrelevant predicates:          2656 (4%)
Number of preds handled by boolean abs:   66758 (96%)
  Total number of models for allsat:      529054
  Max number of models for allsat:        21105
  Avg number of models for allsat:        375.48
Number of path formula cache hits:        17708 (45%)

Time for post operator:                                0.568s
  Time for path formula creation:                      0.562s
Time for strengthen operator:                          0.433s
Time for prec operator:                              282.447s
  Time for abstraction:                282.394s (Max:    23.542s, Count: 2511)
    Boolean abstraction:               277.426s
    Solving time:                        4.443s (Max:     0.014s)
    Model enumeration time:            273.791s
    Time for BDD construction:          43.234s (Max:     0.009s)
Time for merge operator:                               0.008s
Time for coverage checks:                              0.394s
  Time for BDD entailment checks:                      0.391s
Total time for SMT solver (w/o itp):   278.234s

Number of BDD nodes:                               249350
Size of BDD node table:                            250451
Size of BDD cache:                                 25057
Size of BDD node cleanup queue:                    1.73 (sum: 716276, count: 414166, min: 0, max: 43016)
Time for BDD node cleanup:                             0.086s
Time for BDD garbage collection:                       6.537s (in 3702 runs)

Invariant Generation statistics
-------------------------------

AutomatonAnalysis (NonTerminationLabelAutomaton) statistics
-----------------------------------------------------------
Number of states:                                  1
Total time for successor computation:                  0.049s
Automaton transfers with branching:                0
Automaton transfer successors:                     1.00 (sum: 34061, count: 34061, min: 1, max: 1) [1 x 34061]
Number of states with assumption transitions:      0

AutomatonAnalysis (TerminatingFunctions) statistics
---------------------------------------------------
Number of states:                                  1
Total time for successor computation:                  0.001s
Automaton transfers with branching:                0
Automaton transfer successors:                     1.00 (sum: 34061, count: 34061, min: 1, max: 1) [1 x 34061]
Number of states with assumption transitions:      0

Termination Algorithm statistics
--------------------------------
Total time :                                          287.632s
Time for recursion analysis:                            0.000s

Number of analysed loops:                               1 (100%)
Total time for loop analysis:                         287.632s
  Avg time per loop analysis:                         287.632s
  Max time per loop analysis:                         287.632s

Number of safety analysis runs:                         8
  Avg safety analysis run per loop:                     8.00
  Max safety analysis run per loop:                     8 	 for loops [N50]
Total time for safety analysis:                       284.913s
  Avg time per safety analysis run:                    35.614s
  Max time per safety analysis run:                   264.401s

Number of analysed lassos:                              7
  Avg number of lassos per loop:                        7.00
  Max number of lassos per loop:                        7 	 for loops [N50]
  Avg number of lassos per iteration:                   1.00
  Max number of lassos per iteration:                   1

Total time for lassos analysis:                         2.711s
  Avg time per iteration:                               0.387s
  Max time per iteration:                               0.744s
  Time for lassos construction:                         0.407s
    Avg time for lasso construction per iteration:      0.058s
    Max time for lasso construction per iteration:      0.088s
      Time for stem and loop construction:                         0.000s
        Avg time for stem and loop construction per iteration:      0.000s
        Max time for stem and loop construction per iteration:      0.000s
      Time for lassos creation:                         0.384s
        Avg time for lassos creation per iteration:      0.054s
        Max time for lassos creation per iteration:      0.085s
  Total time for non-termination analysis:              0.188s
    Avg time for non-termination analysis per lasso:    0.026s
    Max time for non-termination analysis per lasso:    0.055s
  Total time for termination analysis:                  2.116s
    Avg time for termination analysis per lasso:        0.302s
    Max time for termination analysis per lasso:        0.677s

Total number of termination arguments:                  7
  Avg termination arguments per loop:                   7.00
  Max termination arguments per loop:                   7 	 for loops [N50]

  affine:                                               7

Code Coverage
-----------------------------
  Function coverage:      1.000
  Visited lines:          11
  Total lines:            11
  Line coverage:          1.000
  Visited conditions:     12
  Total conditions:       24
  Condition coverage:     0.500

CPAchecker general statistics
-----------------------------
Number of program locations:                       26
Number of CFA edges (per node):                          31 (count: 26, min: 0, max: 2, avg: 1.19)
Number of relevant variables:                      3
Number of functions:                               1
Number of loops (and loop nodes):                         1 (sum: 6, min: 6, max: 6, avg: 6.00)
Size of reached set:             660
  Number of reached locations:   15 (58%)
    Avg states per location:     44
    Max states per location:     158 (at node N49)
  Number of reached functions:   1 (100%)
  Number of partitions:          467
    Avg size of partitions:      1
    Max size of partitions:      140 (with key [N50 (before line 19), Function main called from node N30, stack depth 1 [c3fa05a], stack [main]])
  Number of target states:       0
  Size of final wait list:       13

Time for analysis setup:          0.548s
  Time for loading CPAs:          0.103s
  Time for loading parser:        0.097s
  Time for CFA construction:      0.194s
    Time for parsing file(s):     0.091s
    Time for AST to CFA:          0.051s
    Time for CFA sanity check:    0.004s
    Time for post-processing:     0.029s
    Time for loop structure:      0.002s
    Time for AST structure:       0.000s
      Time for function pointers resolving:            0.001s
        Function calls via function pointers:             0 (count: 1, min: 0, max: 0, avg: 0.00)
        Instrumented function pointer calls:              0 (count: 1, min: 0, max: 0, avg: 0.00)
        Function calls with function pointer arguments:        0 (count: 1, min: 0, max: 0, avg: 0.00)
        Instrumented function pointer arguments:          0 (count: 1, min: 0, max: 0, avg: 0.00)
      Time for classifying variables:                  0.016s
        Time for collecting variables:                 0.007s
        Time for solving dependencies:                 0.000s
        Time for building hierarchy:                   0.000s
        Time for building classification:              0.009s
        Time for exporting data:                       0.000s
Time for Analysis:              287.632s
CPU time for analysis:          298.680s
Total time for CPAchecker:      288.181s
Total CPU time for CPAchecker:  300.180s
Time for statistics:              0.019s

Time for Garbage Collector:       0.132s (in 44 runs)
Garbage Collector(s) used:    PS MarkSweep, PS Scavenge
Used heap memory:                551MB (   526 MiB) max;    241MB (   230 MiB) avg;    629MB (   600 MiB) peak
Used non-heap memory:             69MB (    65 MiB) max;     67MB (    64 MiB) avg;     71MB (    68 MiB) peak
Used in PS Old Gen pool:          86MB (    82 MiB) max;     61MB (    59 MiB) avg;     86MB (    82 MiB) peak
Allocated heap memory:          2010MB (  1917 MiB) max;   1746MB (  1665 MiB) avg
Allocated non-heap memory:        71MB (    68 MiB) max;     71MB (    67 MiB) avg
Total process virtual memory:   8532MB (  8137 MiB) max;   8461MB (  8069 MiB) avg

Verification result: UNKNOWN, incomplete analysis.
More details about the verification run can be found in the directory "./output".
