Running CPAchecker with Java heap of size 2000M.
Running CPAchecker with default stack size (1024k). Specify a larger value with --stack if needed.
Using the following resource limits: CPU-time limit of 300s (ResourceLimitChecker.fromConfiguration, INFO)

CPAchecker 4.2.2-2096-gb9f51b640f+ / termination-composition-lassoBasedAnalysis (OpenJDK 64-Bit Server VM 21.0.10) started (CPAchecker.run, INFO)

Parsing CFA from file(s) "/home/swear01/sv-benchmarks/c/termination-crafted/Copenhagen.c" (CPAchecker.parse, INFO)

Using predicate analysis with MathSAT5 version 5.6.11 (1a1154baf0ab) (Aug  9 2024 08:45:22, gmp 6.2.0, gcc 7.5.0, 64-bit, reentrant) and JFactory 1.21. (PredicateCPA:PredicateCPA.<init>, INFO)

Using refinement for predicate analysis with PredicateAbstractionRefinementStrategy strategy. (PredicateCPA:PredicateCPARefiner.<init>, INFO)

Using unsound approximation of ints with unbounded integers and floats with rationals for encoding program semantics. (FormulaManagerView.<init>, WARNING)

The following configuration options were specified but are not used:
 counterexample.checker.config
 counterexample.checker 
 (CPAchecker.printConfigurationWarnings, WARNING)

Starting analysis ... (CPAchecker.runAlgorithm, INFO)

Starting termination algorithm. (TerminationAlgorithm.run0, INFO)

refinement # 1 : predicates= 2  traceStates= 3 (PredicateCPA:PredicateCPARefiner.performRefinementForPathImpl, INFO)

refinement # 2 : predicates= 2  traceStates= 3 (PredicateCPA:PredicateCPARefiner.performRefinementForPathImpl, INFO)

Termination algorithm did not find a non-terminating loop. (TerminationAlgorithm.run0, INFO)

Stopping analysis ... (CPAchecker.runAlgorithm, INFO)


PredicateCPA statistics
-----------------------
Number of abstractions:            17 (5% of all post computations)
  Times abstraction was reused:    0
  Because of function entry/exit:  0 (0%)
  Because of loop head:            12 (71%)
  Because of join nodes:           0 (0%)
  Because of threshold:            0 (0%)
  Because of target state:         5 (29%)
  Times precision was empty:       11 (65%)
  Times precision was {false}:     4 (24%)
  Times result was cached:         0 (0%)
  Times cartesian abs was used:    0 (0%)
  Times boolean abs was used:      2 (12%)
  Times result was 'false':        1 (6%)
Number of strengthen sat checks:   0
Number of coverage checks:         60
  BDD entailment checks:           6
Number of SMT sat checks:          0
  trivial:                         0
  cached:                          0

Max ABE block size:                       12
Avg ABE block size:                                6.82 (sum: 116, count: 17, min: 0, max: 12)
Number of predicates discovered:          3
Number of abstraction locations:          2
Max number of predicates per location:    3
Avg number of predicates per location:    2
Total predicates per abstraction:         10
Max number of predicates per abstraction: 3
Avg number of predicates per abstraction: 1.67
Number of irrelevant predicates:          6 (60%)
Number of preds handled by boolean abs:   4 (40%)
  Total number of models for allsat:      2
  Max number of models for allsat:        1
  Avg number of models for allsat:        1.00
Number of path formula cache hits:        91 (25%)

Time for post operator:                                0.047s
  Time for path formula creation:                      0.046s
Time for strengthen operator:                          0.009s
Time for prec operator:                                0.014s
  Time for abstraction:                  0.012s (Max:     0.003s, Count: 17)
    Boolean abstraction:                 0.003s
    Solving time:                        0.002s (Max:     0.001s)
    Model enumeration time:              0.001s
    Time for BDD construction:           0.000s (Max:     0.000s)
Time for merge operator:                               0.003s
Time for coverage checks:                              0.000s
  Time for BDD entailment checks:                      0.000s
Total time for SMT solver (w/o itp):     0.003s

Number of BDD nodes:                               203
Size of BDD node table:                            100511
Size of BDD cache:                                 10061
Size of BDD node cleanup queue:                    0.00 (sum: 0, count: 59, min: 0, max: 0)
Time for BDD node cleanup:                             0.000s
Time for BDD garbage collection:                       0.000s (in 0 runs)

Invariant Generation statistics
-------------------------------

AutomatonAnalysis (NonTerminationLabelAutomaton) statistics
-----------------------------------------------------------
Number of states:                                  1
Total time for successor computation:                  0.006s
Automaton transfers with branching:                0
Automaton transfer successors:                     1.00 (sum: 318, count: 318, min: 1, max: 1) [1 x 318]
Number of states with assumption transitions:      0

AutomatonAnalysis (TerminatingFunctions) statistics
---------------------------------------------------
Number of states:                                  1
Total time for successor computation:                  0.001s
Automaton transfers with branching:                0
Automaton transfer successors:                     1.00 (sum: 318, count: 318, min: 1, max: 1) [1 x 318]
Number of states with assumption transitions:      0

Termination Algorithm statistics
--------------------------------
Total time :                                            0.305s
Time for recursion analysis:                            0.003s

Number of analysed loops:                               1 (100%)
Total time for loop analysis:                           0.302s
  Avg time per loop analysis:                           0.302s
  Max time per loop analysis:                           0.302s

Number of safety analysis runs:                         2
  Avg safety analysis run per loop:                     2.00
  Max safety analysis run per loop:                     2 	 for loops [N34]
Total time for safety analysis:                         0.135s
  Avg time per safety analysis run:                     0.067s
  Max time per safety analysis run:                     0.089s

Number of analysed lassos:                              1
  Avg number of lassos per loop:                        1.00
  Max number of lassos per loop:                        1 	 for loops [N34]
  Avg number of lassos per iteration:                   1.00
  Max number of lassos per iteration:                   1

Total time for lassos analysis:                         0.164s
  Avg time per iteration:                               0.164s
  Max time per iteration:                               0.164s
  Time for lassos construction:                         0.036s
    Avg time for lasso construction per iteration:      0.036s
    Max time for lasso construction per iteration:      0.036s
      Time for stem and loop construction:                         0.000s
        Avg time for stem and loop construction per iteration:      0.000s
        Max time for stem and loop construction per iteration:      0.000s
      Time for lassos creation:                         0.031s
        Avg time for lassos creation per iteration:      0.031s
        Max time for lassos creation per iteration:      0.031s
  Total time for non-termination analysis:              0.056s
    Avg time for non-termination analysis per lasso:    0.056s
    Max time for non-termination analysis per lasso:    0.056s
  Total time for termination analysis:                  0.071s
    Avg time for termination analysis per lasso:        0.071s
    Max time for termination analysis per lasso:        0.071s

Total number of termination arguments:                  1
  Avg termination arguments per loop:                   1.00
  Max termination arguments per loop:                   1 	 for loops [N34]

  affine:                                               1

Code Coverage
-----------------------------
  Function coverage:      1.000
  Visited lines:          9
  Total lines:            9
  Line coverage:          1.000
  Visited conditions:     4
  Total conditions:       8
  Condition coverage:     0.500

CPAchecker general statistics
-----------------------------
Number of program locations:                       20
Number of CFA edges (per node):                          21 (count: 20, min: 0, max: 2, avg: 1.05)
Number of relevant variables:                      3
Number of functions:                               1
Number of loops (and loop nodes):                         1 (sum: 6, min: 6, max: 6, avg: 6.00)
Size of reached set:             16
  Number of reached locations:   9 (45%)
    Avg states per location:     1
    Max states per location:     3 (at node N35)
  Number of reached functions:   1 (100%)
  Number of partitions:          12
    Avg size of partitions:      1
    Max size of partitions:      2 (with key [N34 (before line 16), Function main called from node N22, stack depth 1 [6f012914], stack [main]])
  Number of target states:       0

Time for analysis setup:          0.525s
  Time for loading CPAs:          0.125s
  Time for loading parser:        0.080s
  Time for CFA construction:      0.177s
    Time for parsing file(s):     0.074s
    Time for AST to CFA:          0.046s
    Time for CFA sanity check:    0.004s
    Time for post-processing:     0.041s
    Time for loop structure:      0.002s
    Time for AST structure:       0.000s
      Time for function pointers resolving:            0.002s
        Function calls via function pointers:             0 (count: 1, min: 0, max: 0, avg: 0.00)
        Instrumented function pointer calls:              0 (count: 1, min: 0, max: 0, avg: 0.00)
        Function calls with function pointer arguments:        0 (count: 1, min: 0, max: 0, avg: 0.00)
        Instrumented function pointer arguments:          0 (count: 1, min: 0, max: 0, avg: 0.00)
      Time for classifying variables:                  0.019s
        Time for collecting variables:                 0.009s
        Time for solving dependencies:                 0.000s
        Time for building hierarchy:                   0.000s
        Time for building classification:              0.010s
        Time for exporting data:                       0.000s
Time for Analysis:                0.305s
CPU time for analysis:            1.060s
Time for analyzing result:        0.001s
Total time for CPAchecker:        0.831s
Total CPU time for CPAchecker:    2.620s
Time for statistics:              0.089s

Time for Garbage Collector:       0.012s (in 2 runs)
Garbage Collector(s) used:    PS MarkSweep, PS Scavenge
Used heap memory:                200MB (   191 MiB) max;    142MB (   135 MiB) avg;    232MB (   221 MiB) peak
Used non-heap memory:             50MB (    47 MiB) max;     33MB (    32 MiB) avg;     53MB (    50 MiB) peak
Used in PS Old Gen pool:          16MB (    15 MiB) max;      7MB (     7 MiB) avg;     16MB (    15 MiB) peak
Allocated heap memory:          2010MB (  1917 MiB) max;   2010MB (  1917 MiB) avg
Allocated non-heap memory:        51MB (    49 MiB) max;     35MB (    34 MiB) avg
Total process virtual memory:   7797MB (  7436 MiB) max;   6226MB (  5938 MiB) avg

Verification result: TRUE. No property violation found by chosen configuration.
More details about the verification run can be found in the directory "./output".
