Running CPAchecker with Java heap of size 2000M.
Running CPAchecker with default stack size (1024k). Specify a larger value with --stack if needed.
Using the following resource limits: CPU-time limit of 300s (ResourceLimitChecker.fromConfiguration, INFO)

CPAchecker 4.2.2-2096-gb9f51b640f+ / termination-composition-lassoBasedAnalysis (OpenJDK 64-Bit Server VM 21.0.10) started (CPAchecker.run, INFO)

Parsing CFA from file(s) "/home/swear01/sv-benchmarks/c/termination-crafted-lit/cstrcspn.c" (CPAchecker.parse, INFO)

Using predicate analysis with MathSAT5 version 5.6.11 (1a1154baf0ab) (Aug  9 2024 08:45:22, gmp 6.2.0, gcc 7.5.0, 64-bit, reentrant) and JFactory 1.21. (PredicateCPA:PredicateCPA.<init>, INFO)

Using refinement for predicate analysis with PredicateAbstractionRefinementStrategy strategy. (PredicateCPA:PredicateCPARefiner.<init>, INFO)

Using unsound approximation of ints with unbounded integers and floats with rationals for encoding program semantics. (FormulaManagerView.<init>, WARNING)

The following configuration options were specified but are not used:
 counterexample.checker.config
 counterexample.checker 
 (CPAchecker.printConfigurationWarnings, WARNING)

Starting analysis ... (CPAchecker.runAlgorithm, INFO)

Starting termination algorithm. (TerminationAlgorithm.run0, INFO)

Warning: Could not extract lasso (Loop with heads [N94]
  incoming: [line 33:	N99 -{while}-> N94]
  outgoing: [line 33:	N94 -{[!((*s) != '\x0')]}-> N89, line 33:	N95 -{[!((*s) != ((char)c))]}-> N89]
  nodes:    [N94, N95, N100, N101, N102, N103]
). (Unknown sort in equality) (InequalityConverter.convert, WARNING)

Could not synthesize a termination or non-termination argument. (TerminationAlgorithm.proveLoopTermination, WARNING)

Warning: Could not extract lasso (Loop with heads [N88]
  incoming: [lines 30-37:	N91 -{sc1 = s1;}-> N88]
  outgoing: [line 30:	N88 -{[!((*sc1) != '\x0')]}-> N85, line 35:	N89 -{[(*s) == c]}-> N86]
  nodes:    [N88, N89, N92, N93, N94, N95, N96, N98, N99, N100, N101, N102, N103]
). (Unknown sort in equality) (InequalityConverter.convert, WARNING)

Could not synthesize a termination or non-termination argument. (TerminationAlgorithm.proveLoopTermination, WARNING)

Termination algorithm did not find a non-terminating loop. (TerminationAlgorithm.run0, INFO)

Stopping analysis ... (CPAchecker.runAlgorithm, INFO)

Analysis incomplete: no errors found, but not everything could be checked. (CPAchecker.analyzeResult, WARNING)


PredicateCPA statistics
-----------------------
Number of abstractions:            16 (5% of all post computations)
  Times abstraction was reused:    0
  Because of function entry/exit:  0 (0%)
  Because of loop head:            14 (88%)
  Because of join nodes:           0 (0%)
  Because of threshold:            0 (0%)
  Because of target state:         2 (13%)
  Times precision was empty:       16 (100%)
  Times precision was {false}:     0 (0%)
  Times result was cached:         0 (0%)
  Times cartesian abs was used:    0 (0%)
  Times boolean abs was used:      0 (0%)
  Times result was 'false':        0 (0%)
Number of strengthen sat checks:   0
Number of coverage checks:         44
  BDD entailment checks:           14
Number of SMT sat checks:          0
  trivial:                         0
  cached:                          0

Max ABE block size:                       39
Avg ABE block size:                                10.75 (sum: 172, count: 16, min: 0, max: 39)
Number of predicates discovered:          0
Number of path formula cache hits:        86 (20%)

Time for post operator:                                0.060s
  Time for path formula creation:                      0.057s
Time for strengthen operator:                          0.001s
Time for prec operator:                                0.003s
  Time for abstraction:                  0.001s (Max:     0.001s, Count: 16)
    Solving time:                        0.000s (Max:     0.000s)
    Model enumeration time:              0.000s
    Time for BDD construction:           0.000s (Max:     0.000s)
Time for merge operator:                               0.004s
Time for coverage checks:                              0.000s
  Time for BDD entailment checks:                      0.000s
Total time for SMT solver (w/o itp):     0.000s

Number of BDD nodes:                               202
Size of BDD node table:                            100511
Size of BDD cache:                                 10061
Size of BDD node cleanup queue:                    0.00 (sum: 0, count: 33, min: 0, max: 0)
Time for BDD node cleanup:                             0.000s
Time for BDD garbage collection:                       0.000s (in 0 runs)

Invariant Generation statistics
-------------------------------

AutomatonAnalysis (NonTerminationLabelAutomaton) statistics
-----------------------------------------------------------
Number of states:                                  1
Total time for successor computation:                  0.003s
Automaton transfers with branching:                0
Automaton transfer successors:                     1.00 (sum: 314, count: 314, min: 1, max: 1) [1 x 314]
Number of states with assumption transitions:      0

AutomatonAnalysis (TerminatingFunctions) statistics
---------------------------------------------------
Number of states:                                  1
Total time for successor computation:                  0.000s
Automaton transfers with branching:                0
Automaton transfer successors:                     1.00 (sum: 314, count: 314, min: 1, max: 1) [1 x 314]
Number of states with assumption transitions:      0

Termination Algorithm statistics
--------------------------------
Total time :                                            0.701s
Time for recursion analysis:                            0.000s

Number of analysed loops:                               2 (100%)
Total time for loop analysis:                           0.699s
  Avg time per loop analysis:                           0.349s
  Max time per loop analysis:                           0.480s

Number of safety analysis runs:                         4
  Avg safety analysis run per loop:                     2.00
  Max safety analysis run per loop:                     2 	 for loops [N94], [N88]
Total time for safety analysis:                         0.143s
  Avg time per safety analysis run:                     0.035s
  Max time per safety analysis run:                     0.088s

Number of analysed lassos:                              0
  Avg number of lassos per loop:                        0.00
  Max number of lassos per loop:                        0 	 for loops 
  Avg number of lassos per iteration:                   0.00
  Max number of lassos per iteration:                   0

Total time for lassos analysis:                         0.553s
  Avg time per iteration:                               0.276s
  Max time per iteration:                               0.384s
  Time for lassos construction:                         0.553s
    Avg time for lasso construction per iteration:      0.276s
    Max time for lasso construction per iteration:      0.384s
      Time for stem and loop construction:                         0.000s
        Avg time for stem and loop construction per iteration:      0.000s
        Max time for stem and loop construction per iteration:      0.000s
      Time for lassos creation:                         0.534s
        Avg time for lassos creation per iteration:      0.267s
        Max time for lassos creation per iteration:      0.372s
  Total time for non-termination analysis:              0.000s
    Avg time for non-termination analysis per lasso:    0.000s
    Max time for non-termination analysis per lasso:    0.000s
  Total time for termination analysis:                  0.000s
    Avg time for termination analysis per lasso:        0.000s
    Max time for termination analysis per lasso:        0.000s

Total number of termination arguments:                  0
  Avg termination arguments per loop:                   0.00
  Max termination arguments per loop:                   0 	 for loops 


Code Coverage
-----------------------------
  Function coverage:      1.000
  Visited lines:          20
  Total lines:            20
  Line coverage:          1.000
  Visited conditions:     10
  Total conditions:       20
  Condition coverage:     0.500

CPAchecker general statistics
-----------------------------
Number of program locations:                       50
Number of CFA edges (per node):                          55 (count: 50, min: 0, max: 2, avg: 1.10)
Number of relevant variables:                      11
Number of functions:                               3
Number of loops (and loop nodes):                         2 (sum: 19, min: 6, max: 13, avg: 9.50)
Size of reached set:             53
  Number of reached locations:   31 (62%)
    Avg states per location:     1
    Max states per location:     3 (at node N93)
  Number of reached functions:   3 (100%)
  Number of partitions:          49
    Avg size of partitions:      1
    Max size of partitions:      2 (with key [N88 (before line 30), Function cstrcspn called from node N74, stack depth 2 [3900fa71], stack [main, cstrcspn]])
  Number of target states:       0

Time for analysis setup:          0.583s
  Time for loading CPAs:          0.099s
  Time for loading parser:        0.070s
  Time for CFA construction:      0.267s
    Time for parsing file(s):     0.109s
    Time for AST to CFA:          0.085s
    Time for CFA sanity check:    0.010s
    Time for post-processing:     0.045s
    Time for loop structure:      0.004s
    Time for AST structure:       0.000s
      Time for function pointers resolving:            0.001s
        Function calls via function pointers:             0 (count: 1, min: 0, max: 0, avg: 0.00)
        Instrumented function pointer calls:              0 (count: 1, min: 0, max: 0, avg: 0.00)
        Function calls with function pointer arguments:        0 (count: 1, min: 0, max: 0, avg: 0.00)
        Instrumented function pointer arguments:          0 (count: 1, min: 0, max: 0, avg: 0.00)
      Time for classifying variables:                  0.020s
        Time for collecting variables:                 0.010s
        Time for solving dependencies:                 0.000s
        Time for building hierarchy:                   0.000s
        Time for building classification:              0.010s
        Time for exporting data:                       0.000s
Time for Analysis:                0.701s
CPU time for analysis:            5.530s
Time for analyzing result:        0.000s
Total time for CPAchecker:        1.285s
Total CPU time for CPAchecker:    7.150s
Time for statistics:              0.020s

Time for Garbage Collector:       0.014s (in 2 runs)
Garbage Collector(s) used:    PS MarkSweep, PS Scavenge
Used heap memory:                331MB (   316 MiB) max;    178MB (   170 MiB) avg;    420MB (   401 MiB) peak
Used non-heap memory:             56MB (    53 MiB) max;     39MB (    37 MiB) avg;     57MB (    54 MiB) peak
Used in PS Old Gen pool:          16MB (    15 MiB) max;     10MB (    10 MiB) avg;     16MB (    15 MiB) peak
Allocated heap memory:          2010MB (  1917 MiB) max;   2010MB (  1917 MiB) avg
Allocated non-heap memory:        57MB (    54 MiB) max;     40MB (    39 MiB) avg
Total process virtual memory:   7253MB (  6917 MiB) max;   6438MB (  6139 MiB) avg

Verification result: UNKNOWN, incomplete analysis.
More details about the verification run can be found in the directory "./output".
