Running CPAchecker with Java heap of size 2000M.
Running CPAchecker with default stack size (1024k). Specify a larger value with --stack if needed.
Using the following resource limits: CPU-time limit of 300s (ResourceLimitChecker.fromConfiguration, INFO)

CPAchecker 4.2.2-2096-gb9f51b640f+ / termination-composition-lassoBasedAnalysis (OpenJDK 64-Bit Server VM 21.0.10) started (CPAchecker.run, INFO)

Parsing CFA from file(s) "/home/swear01/sv-benchmarks/c/termination-crafted-lit/cstrcmp.c" (CPAchecker.parse, INFO)

Using predicate analysis with MathSAT5 version 5.6.11 (1a1154baf0ab) (Aug  9 2024 08:45:22, gmp 6.2.0, gcc 7.5.0, 64-bit, reentrant) and JFactory 1.21. (PredicateCPA:PredicateCPA.<init>, INFO)

Using refinement for predicate analysis with PredicateAbstractionRefinementStrategy strategy. (PredicateCPA:PredicateCPARefiner.<init>, INFO)

Using unsound approximation of ints with unbounded integers and floats with rationals for encoding program semantics. (FormulaManagerView.<init>, WARNING)

The following configuration options were specified but are not used:
 counterexample.checker.config
 counterexample.checker 
 (CPAchecker.printConfigurationWarnings, WARNING)

Starting analysis ... (CPAchecker.runAlgorithm, INFO)

Starting termination algorithm. (TerminationAlgorithm.run0, INFO)

Warning: Could not extract lasso (Loop with heads [N89]
  incoming: [line 32:	N87 -{while}-> N89]
  outgoing: [line 32:	N89 -{[!((*s1) != '\x0')]}-> N93, line 32:	N92 -{[!((*s1) == (*s2))]}-> N93]
  nodes:    [N89, N91, N92, N95, N96, N97, N98, N99, N100]
). (Unknown sort in equality) (InequalityConverter.convert, WARNING)

Could not synthesize a termination or non-termination argument. (TerminationAlgorithm.proveLoopTermination, WARNING)

Termination algorithm did not find a non-terminating loop. (TerminationAlgorithm.run0, INFO)

Stopping analysis ... (CPAchecker.runAlgorithm, INFO)

Analysis incomplete: no errors found, but not everything could be checked. (CPAchecker.analyzeResult, WARNING)


PredicateCPA statistics
-----------------------
Number of abstractions:            5 (3% of all post computations)
  Times abstraction was reused:    0
  Because of function entry/exit:  0 (0%)
  Because of loop head:            4 (80%)
  Because of join nodes:           0 (0%)
  Because of threshold:            0 (0%)
  Because of target state:         1 (20%)
  Times precision was empty:       5 (100%)
  Times precision was {false}:     0 (0%)
  Times result was cached:         0 (0%)
  Times cartesian abs was used:    0 (0%)
  Times boolean abs was used:      0 (0%)
  Times result was 'false':        0 (0%)
Number of strengthen sat checks:   0
Number of coverage checks:         20
  BDD entailment checks:           4
Number of SMT sat checks:          0
  trivial:                         0
  cached:                          0

Max ABE block size:                       37
Avg ABE block size:                                15.60 (sum: 78, count: 5, min: 0, max: 37)
Number of predicates discovered:          0
Number of path formula cache hits:        14 (7%)

Time for post operator:                                0.052s
  Time for path formula creation:                      0.050s
Time for strengthen operator:                          0.001s
Time for prec operator:                                0.001s
  Time for abstraction:                  0.000s (Max:     0.000s, Count: 5)
    Solving time:                        0.000s (Max:     0.000s)
    Model enumeration time:              0.000s
    Time for BDD construction:           0.000s (Max:     0.000s)
Time for merge operator:                               0.005s
Time for coverage checks:                              0.001s
  Time for BDD entailment checks:                      0.001s
Total time for SMT solver (w/o itp):     0.000s

Number of BDD nodes:                               202
Size of BDD node table:                            100511
Size of BDD cache:                                 10061
Size of BDD node cleanup queue:                    0.00 (sum: 0, count: 11, min: 0, max: 0)
Time for BDD node cleanup:                             0.000s
Time for BDD garbage collection:                       0.000s (in 0 runs)

Invariant Generation statistics
-------------------------------

AutomatonAnalysis (NonTerminationLabelAutomaton) statistics
-----------------------------------------------------------
Number of states:                                  1
Total time for successor computation:                  0.004s
Automaton transfers with branching:                0
Automaton transfer successors:                     1.00 (sum: 156, count: 156, min: 1, max: 1) [1 x 156]
Number of states with assumption transitions:      0

AutomatonAnalysis (TerminatingFunctions) statistics
---------------------------------------------------
Number of states:                                  1
Total time for successor computation:                  0.001s
Automaton transfers with branching:                0
Automaton transfer successors:                     1.00 (sum: 156, count: 156, min: 1, max: 1) [1 x 156]
Number of states with assumption transitions:      0

Termination Algorithm statistics
--------------------------------
Total time :                                            0.494s
Time for recursion analysis:                            0.000s

Number of analysed loops:                               1 (100%)
Total time for loop analysis:                           0.493s
  Avg time per loop analysis:                           0.493s
  Max time per loop analysis:                           0.493s

Number of safety analysis runs:                         2
  Avg safety analysis run per loop:                     2.00
  Max safety analysis run per loop:                     2 	 for loops [N89]
Total time for safety analysis:                         0.130s
  Avg time per safety analysis run:                     0.065s
  Max time per safety analysis run:                     0.124s

Number of analysed lassos:                              0
  Avg number of lassos per loop:                        0.00
  Max number of lassos per loop:                        0 	 for loops 
  Avg number of lassos per iteration:                   0.00
  Max number of lassos per iteration:                   0

Total time for lassos analysis:                         0.359s
  Avg time per iteration:                               0.359s
  Max time per iteration:                               0.359s
  Time for lassos construction:                         0.359s
    Avg time for lasso construction per iteration:      0.359s
    Max time for lasso construction per iteration:      0.359s
      Time for stem and loop construction:                         0.000s
        Avg time for stem and loop construction per iteration:      0.000s
        Max time for stem and loop construction per iteration:      0.000s
      Time for lassos creation:                         0.339s
        Avg time for lassos creation per iteration:      0.339s
        Max time for lassos creation per iteration:      0.339s
  Total time for non-termination analysis:              0.000s
    Avg time for non-termination analysis per lasso:    0.000s
    Max time for non-termination analysis per lasso:    0.000s
  Total time for termination analysis:                  0.000s
    Avg time for termination analysis per lasso:        0.000s
    Max time for termination analysis per lasso:        0.000s

Total number of termination arguments:                  0
  Avg termination arguments per loop:                   0.00
  Max termination arguments per loop:                   0 	 for loops 


Code Coverage
-----------------------------
  Function coverage:      1.000
  Visited lines:          15
  Total lines:            15
  Line coverage:          1.000
  Visited conditions:     8
  Total conditions:       16
  Condition coverage:     0.500

CPAchecker general statistics
-----------------------------
Number of program locations:                       49
Number of CFA edges (per node):                          53 (count: 49, min: 0, max: 2, avg: 1.08)
Number of relevant variables:                      10
Number of functions:                               3
Number of loops (and loop nodes):                         1 (sum: 9, min: 9, max: 9, avg: 9.00)
Size of reached set:             42
  Number of reached locations:   28 (57%)
    Avg states per location:     1
    Max states per location:     3 (at node N91)
  Number of reached functions:   3 (100%)
  Number of partitions:          38
    Avg size of partitions:      1
    Max size of partitions:      2 (with key [N89 (before line 32), Function cstrcmp called from node N72, stack depth 2 [c27d163], stack [main, cstrcmp]])
  Number of target states:       0

Time for analysis setup:          0.588s
  Time for loading CPAs:          0.175s
  Time for loading parser:        0.072s
  Time for CFA construction:      0.185s
    Time for parsing file(s):     0.075s
    Time for AST to CFA:          0.063s
    Time for CFA sanity check:    0.005s
    Time for post-processing:     0.031s
    Time for loop structure:      0.002s
    Time for AST structure:       0.000s
      Time for function pointers resolving:            0.001s
        Function calls via function pointers:             0 (count: 1, min: 0, max: 0, avg: 0.00)
        Instrumented function pointer calls:              0 (count: 1, min: 0, max: 0, avg: 0.00)
        Function calls with function pointer arguments:        0 (count: 1, min: 0, max: 0, avg: 0.00)
        Instrumented function pointer arguments:          0 (count: 1, min: 0, max: 0, avg: 0.00)
      Time for classifying variables:                  0.017s
        Time for collecting variables:                 0.008s
        Time for solving dependencies:                 0.000s
        Time for building hierarchy:                   0.000s
        Time for building classification:              0.009s
        Time for exporting data:                       0.000s
Time for Analysis:                0.494s
CPU time for analysis:            2.800s
Time for analyzing result:        0.001s
Total time for CPAchecker:        1.082s
Total CPU time for CPAchecker:    4.410s
Time for statistics:              0.033s

Time for Garbage Collector:       0.014s (in 2 runs)
Garbage Collector(s) used:    PS MarkSweep, PS Scavenge
Used heap memory:                180MB (   171 MiB) max;    119MB (   113 MiB) avg;    237MB (   226 MiB) peak
Used non-heap memory:             52MB (    50 MiB) max;     35MB (    34 MiB) avg;     54MB (    51 MiB) peak
Used in PS Old Gen pool:          16MB (    15 MiB) max;      9MB (     8 MiB) avg;     16MB (    15 MiB) peak
Allocated heap memory:          2010MB (  1917 MiB) max;   2010MB (  1917 MiB) avg
Allocated non-heap memory:        53MB (    51 MiB) max;     37MB (    36 MiB) avg
Total process virtual memory:   7049MB (  6722 MiB) max;   6110MB (  5827 MiB) avg

Verification result: UNKNOWN, incomplete analysis.
More details about the verification run can be found in the directory "./output".
