Running CPAchecker with Java heap of size 2000M.
Running CPAchecker with default stack size (1024k). Specify a larger value with --stack if needed.
Using the following resource limits: CPU-time limit of 300s (ResourceLimitChecker.fromConfiguration, INFO)

CPAchecker 4.2.2-2096-gb9f51b640f+ / termination-composition-lassoBasedAnalysis (OpenJDK 64-Bit Server VM 21.0.10) started (CPAchecker.run, INFO)

Parsing CFA from file(s) "/home/swear01/sv-benchmarks/c/termination-crafted-lit/GopanReps-CAV2006-Fig1a.c" (CPAchecker.parse, INFO)

Using predicate analysis with MathSAT5 version 5.6.11 (1a1154baf0ab) (Aug  9 2024 08:45:22, gmp 6.2.0, gcc 7.5.0, 64-bit, reentrant) and JFactory 1.21. (PredicateCPA:PredicateCPA.<init>, INFO)

Using refinement for predicate analysis with PredicateAbstractionRefinementStrategy strategy. (PredicateCPA:PredicateCPARefiner.<init>, INFO)

Using unsound approximation of ints with unbounded integers and floats with rationals for encoding program semantics. (FormulaManagerView.<init>, WARNING)

The following configuration options were specified but are not used:
 counterexample.checker.config
 counterexample.checker 
 (CPAchecker.printConfigurationWarnings, WARNING)

Starting analysis ... (CPAchecker.runAlgorithm, INFO)

Starting termination algorithm. (TerminationAlgorithm.run0, INFO)

refinement # 1 : predicates= 2  traceStates= 3 (PredicateCPA:PredicateCPARefiner.performRefinementForPathImpl, INFO)

refinement # 2 : predicates= 2  traceStates= 3 (PredicateCPA:PredicateCPARefiner.performRefinementForPathImpl, INFO)

refinement # 3 : predicates= 3  traceStates= 4 (PredicateCPA:PredicateCPARefiner.performRefinementForPathImpl, INFO)

refinement # 4 : predicates= 4  traceStates= 5 (PredicateCPA:PredicateCPARefiner.performRefinementForPathImpl, INFO)

refinement # 5 : predicates= 5  traceStates= 6 (PredicateCPA:PredicateCPARefiner.performRefinementForPathImpl, INFO)

refinement # 6 : predicates= 6  traceStates= 7 (PredicateCPA:PredicateCPARefiner.performRefinementForPathImpl, INFO)

refinement # 7 : predicates= 7  traceStates= 8 (PredicateCPA:PredicateCPARefiner.performRefinementForPathImpl, INFO)

refinement # 8 : predicates= 8  traceStates= 9 (PredicateCPA:PredicateCPARefiner.performRefinementForPathImpl, INFO)

refinement # 9 : predicates= 9  traceStates= 10 (PredicateCPA:PredicateCPARefiner.performRefinementForPathImpl, INFO)

refinement # 10 : predicates= 10  traceStates= 11 (PredicateCPA:PredicateCPARefiner.performRefinementForPathImpl, INFO)

refinement # 11 : predicates= 11  traceStates= 12 (PredicateCPA:PredicateCPARefiner.performRefinementForPathImpl, INFO)

refinement # 12 : predicates= 12  traceStates= 13 (PredicateCPA:PredicateCPARefiner.performRefinementForPathImpl, INFO)

refinement # 13 : predicates= 13  traceStates= 14 (PredicateCPA:PredicateCPARefiner.performRefinementForPathImpl, INFO)

refinement # 14 : predicates= 14  traceStates= 15 (PredicateCPA:PredicateCPARefiner.performRefinementForPathImpl, INFO)

refinement # 15 : predicates= 15  traceStates= 16 (PredicateCPA:PredicateCPARefiner.performRefinementForPathImpl, INFO)

refinement # 16 : predicates= 16  traceStates= 17 (PredicateCPA:PredicateCPARefiner.performRefinementForPathImpl, INFO)

refinement # 17 : predicates= 17  traceStates= 18 (PredicateCPA:PredicateCPARefiner.performRefinementForPathImpl, INFO)

refinement # 18 : predicates= 18  traceStates= 19 (PredicateCPA:PredicateCPARefiner.performRefinementForPathImpl, INFO)

refinement # 19 : predicates= 19  traceStates= 20 (PredicateCPA:PredicateCPARefiner.performRefinementForPathImpl, INFO)

refinement # 20 : predicates= 20  traceStates= 21 (PredicateCPA:PredicateCPARefiner.performRefinementForPathImpl, INFO)

refinement # 21 : predicates= 21  traceStates= 22 (PredicateCPA:PredicateCPARefiner.performRefinementForPathImpl, INFO)

refinement # 22 : predicates= 22  traceStates= 23 (PredicateCPA:PredicateCPARefiner.performRefinementForPathImpl, INFO)

refinement # 23 : predicates= 23  traceStates= 24 (PredicateCPA:PredicateCPARefiner.performRefinementForPathImpl, INFO)

refinement # 24 : predicates= 24  traceStates= 25 (PredicateCPA:PredicateCPARefiner.performRefinementForPathImpl, INFO)

refinement # 25 : predicates= 25  traceStates= 26 (PredicateCPA:PredicateCPARefiner.performRefinementForPathImpl, INFO)

refinement # 26 : predicates= 26  traceStates= 27 (PredicateCPA:PredicateCPARefiner.performRefinementForPathImpl, INFO)

refinement # 27 : predicates= 27  traceStates= 28 (PredicateCPA:PredicateCPARefiner.performRefinementForPathImpl, INFO)

refinement # 28 : predicates= 28  traceStates= 29 (PredicateCPA:PredicateCPARefiner.performRefinementForPathImpl, INFO)

refinement # 29 : predicates= 29  traceStates= 30 (PredicateCPA:PredicateCPARefiner.performRefinementForPathImpl, INFO)

refinement # 30 : predicates= 30  traceStates= 31 (PredicateCPA:PredicateCPARefiner.performRefinementForPathImpl, INFO)

refinement # 31 : predicates= 31  traceStates= 32 (PredicateCPA:PredicateCPARefiner.performRefinementForPathImpl, INFO)

refinement # 32 : predicates= 32  traceStates= 33 (PredicateCPA:PredicateCPARefiner.performRefinementForPathImpl, INFO)

refinement # 33 : predicates= 33  traceStates= 34 (PredicateCPA:PredicateCPARefiner.performRefinementForPathImpl, INFO)

refinement # 34 : predicates= 34  traceStates= 35 (PredicateCPA:PredicateCPARefiner.performRefinementForPathImpl, INFO)

refinement # 35 : predicates= 35  traceStates= 36 (PredicateCPA:PredicateCPARefiner.performRefinementForPathImpl, INFO)

refinement # 36 : predicates= 36  traceStates= 37 (PredicateCPA:PredicateCPARefiner.performRefinementForPathImpl, INFO)

refinement # 37 : predicates= 37  traceStates= 38 (PredicateCPA:PredicateCPARefiner.performRefinementForPathImpl, INFO)

refinement # 38 : predicates= 38  traceStates= 39 (PredicateCPA:PredicateCPARefiner.performRefinementForPathImpl, INFO)

Shutdown requested (The CPU-time limit of 300s has elapsed.), waiting for termination. (ForceTerminationOnShutdown$1.shutdownRequested, WARNING)

Warning: Analysis interrupted (The CPU-time limit of 300s has elapsed.) (ShutdownNotifier.shutdownIfNecessary, WARNING)


PredicateCPA statistics
-----------------------
Number of abstractions:            19716 (8% of all post computations)
  Times abstraction was reused:    0
  Because of function entry/exit:  0 (0%)
  Because of loop head:            10296 (52%)
  Because of join nodes:           0 (0%)
  Because of threshold:            0 (0%)
  Because of target state:         9420 (48%)
  Times precision was empty:       9 (0%)
  Times precision was {false}:     9418 (48%)
  Times result was cached:         0 (0%)
  Times cartesian abs was used:    0 (0%)
  Times boolean abs was used:      10289 (52%)
  Times result was 'false':        9380 (48%)
Number of strengthen sat checks:   0
Number of coverage checks:         4179995
  BDD entailment checks:           4135027
Number of SMT sat checks:          0
  trivial:                         0
  cached:                          0

Max ABE block size:                       10
Avg ABE block size:                                4.73 (sum: 93175, count: 19716, min: 0, max: 10)
Number of predicates discovered:          61
Number of abstraction locations:          2
Max number of predicates per location:    61
Avg number of predicates per location:    31
Total predicates per abstraction:         521962
Max number of predicates per abstraction: 61
Avg number of predicates per abstraction: 26.49
Number of irrelevant predicates:          20290 (4%)
Number of preds handled by boolean abs:   501672 (96%)
  Total number of models for allsat:      399554
  Max number of models for allsat:        867
  Avg number of models for allsat:        38.83
Number of path formula cache hits:        151364 (54%)

Time for post operator:                                1.519s
  Time for path formula creation:                      1.494s
Time for strengthen operator:                          2.009s
Time for prec operator:                              274.287s
  Time for abstraction:                274.087s (Max:     1.371s, Count: 19716)
    Boolean abstraction:               246.564s
    Solving time:                       28.648s (Max:     0.008s)
    Model enumeration time:            224.666s
    Time for BDD construction:          30.431s (Max:     0.013s)
Time for merge operator:                               0.027s
Time for coverage checks:                              3.348s
  Time for BDD entailment checks:                      3.210s
Total time for SMT solver (w/o itp):   253.314s

Number of BDD nodes:                               289673
Size of BDD node table:                            350437
Size of BDD cache:                                 35051
Size of BDD node cleanup queue:                    0.25 (sum: 1160537, count: 4718262, min: 0, max: 29453)
Time for BDD node cleanup:                             0.228s
Time for BDD garbage collection:                       3.265s (in 1607 runs)

Invariant Generation statistics
-------------------------------

AutomatonAnalysis (NonTerminationLabelAutomaton) statistics
-----------------------------------------------------------
Number of states:                                  1
Total time for successor computation:                  0.282s
Automaton transfers with branching:                0
Automaton transfer successors:                     1.00 (sum: 259156, count: 259156, min: 1, max: 1) [1 x 259156]
Number of states with assumption transitions:      0

AutomatonAnalysis (TerminatingFunctions) statistics
---------------------------------------------------
Number of states:                                  1
Total time for successor computation:                  0.036s
Automaton transfers with branching:                0
Automaton transfer successors:                     1.00 (sum: 259156, count: 259156, min: 1, max: 1) [1 x 259156]
Number of states with assumption transitions:      0

Termination Algorithm statistics
--------------------------------
Total time :                                          287.364s
Time for recursion analysis:                            0.000s

Number of analysed loops:                               1 (100%)
Total time for loop analysis:                         287.364s
  Avg time per loop analysis:                         287.364s
  Max time per loop analysis:                         287.364s

Number of safety analysis runs:                         2
  Avg safety analysis run per loop:                     2.00
  Max safety analysis run per loop:                     2 	 for loops [N34]
Total time for safety analysis:                       287.165s
  Avg time per safety analysis run:                   143.582s
  Max time per safety analysis run:                   287.096s

Number of analysed lassos:                              1
  Avg number of lassos per loop:                        1.00
  Max number of lassos per loop:                        1 	 for loops [N34]
  Avg number of lassos per iteration:                   1.00
  Max number of lassos per iteration:                   1

Total time for lassos analysis:                         0.195s
  Avg time per iteration:                               0.195s
  Max time per iteration:                               0.195s
  Time for lassos construction:                         0.051s
    Avg time for lasso construction per iteration:      0.051s
    Max time for lasso construction per iteration:      0.051s
      Time for stem and loop construction:                         0.000s
        Avg time for stem and loop construction per iteration:      0.000s
        Max time for stem and loop construction per iteration:      0.000s
      Time for lassos creation:                         0.047s
        Avg time for lassos creation per iteration:      0.047s
        Max time for lassos creation per iteration:      0.047s
  Total time for non-termination analysis:              0.047s
    Avg time for non-termination analysis per lasso:    0.047s
    Max time for non-termination analysis per lasso:    0.047s
  Total time for termination analysis:                  0.096s
    Avg time for termination analysis per lasso:        0.096s
    Max time for termination analysis per lasso:        0.096s

Total number of termination arguments:                  1
  Avg termination arguments per loop:                   1.00
  Max termination arguments per loop:                   1 	 for loops [N34]

  affine:                                               1

Code Coverage
-----------------------------
  Function coverage:      1.000
  Visited lines:          10
  Total lines:            10
  Line coverage:          1.000
  Visited conditions:     4
  Total conditions:       8
  Condition coverage:     0.500

CPAchecker general statistics
-----------------------------
Number of program locations:                       21
Number of CFA edges (per node):                          22 (count: 21, min: 0, max: 2, avg: 1.05)
Number of relevant variables:                      2
Number of functions:                               1
Number of loops (and loop nodes):                         1 (sum: 8, min: 8, max: 8, avg: 8.00)
Size of reached set:             3848
  Number of reached locations:   13 (62%)
    Avg states per location:     296
    Max states per location:     477 (at node N35)
  Number of reached functions:   1 (100%)
  Number of partitions:          3198
    Avg size of partitions:      1
    Max size of partitions:      448 (with key [N34 (before line 18), Function main called from node N23, stack depth 1 [6f6962ba], stack [main]])
  Number of target states:       0
  Size of final wait list:       30

Time for analysis setup:          0.738s
  Time for loading CPAs:          0.148s
  Time for loading parser:        0.101s
  Time for CFA construction:      0.277s
    Time for parsing file(s):     0.122s
    Time for AST to CFA:          0.073s
    Time for CFA sanity check:    0.009s
    Time for post-processing:     0.055s
    Time for loop structure:      0.003s
    Time for AST structure:       0.000s
      Time for function pointers resolving:            0.002s
        Function calls via function pointers:             0 (count: 1, min: 0, max: 0, avg: 0.00)
        Instrumented function pointer calls:              0 (count: 1, min: 0, max: 0, avg: 0.00)
        Function calls with function pointer arguments:        0 (count: 1, min: 0, max: 0, avg: 0.00)
        Instrumented function pointer arguments:          0 (count: 1, min: 0, max: 0, avg: 0.00)
      Time for classifying variables:                  0.032s
        Time for collecting variables:                 0.013s
        Time for solving dependencies:                 0.001s
        Time for building hierarchy:                   0.000s
        Time for building classification:              0.018s
        Time for exporting data:                       0.000s
Time for Analysis:              287.365s
CPU time for analysis:          298.580s
Total time for CPAchecker:      288.103s
Total CPU time for CPAchecker:  300.300s
Time for statistics:              0.023s

Time for Garbage Collector:       0.254s (in 100 runs)
Garbage Collector(s) used:    PS MarkSweep, PS Scavenge
Used heap memory:                556MB (   530 MiB) max;    267MB (   255 MiB) avg;    750MB (   716 MiB) peak
Used non-heap memory:             60MB (    57 MiB) max;     59MB (    57 MiB) avg;     63MB (    60 MiB) peak
Used in PS Old Gen pool:         205MB (   195 MiB) max;    136MB (   129 MiB) avg;    205MB (   195 MiB) peak
Allocated heap memory:          2010MB (  1917 MiB) max;   1655MB (  1579 MiB) avg
Allocated non-heap memory:        63MB (    60 MiB) max;     63MB (    60 MiB) avg
Total process virtual memory:   7842MB (  7478 MiB) max;   7788MB (  7428 MiB) avg

Verification result: UNKNOWN, incomplete analysis.
More details about the verification run can be found in the directory "./output".
