Running CPAchecker with Java heap of size 2000M.
Running CPAchecker with default stack size (1024k). Specify a larger value with --stack if needed.
Using the following resource limits: CPU-time limit of 300s (ResourceLimitChecker.fromConfiguration, INFO)

CPAchecker 4.2.2-2096-gb9f51b640f+ / termination-composition-lassoBasedAnalysis (OpenJDK 64-Bit Server VM 21.0.10) started (CPAchecker.run, INFO)

Parsing CFA from file(s) "/home/swear01/sv-benchmarks/c/termination-crafted-lit/HarrisLalNoriRajamani-SAS2010-Fig1.c" (CPAchecker.parse, INFO)

Using predicate analysis with MathSAT5 version 5.6.11 (1a1154baf0ab) (Aug  9 2024 08:45:22, gmp 6.2.0, gcc 7.5.0, 64-bit, reentrant) and JFactory 1.21. (PredicateCPA:PredicateCPA.<init>, INFO)

Using refinement for predicate analysis with PredicateAbstractionRefinementStrategy strategy. (PredicateCPA:PredicateCPARefiner.<init>, INFO)

Using unsound approximation of ints with unbounded integers and floats with rationals for encoding program semantics. (FormulaManagerView.<init>, WARNING)

The following configuration options were specified but are not used:
 counterexample.checker.config
 counterexample.checker 
 (CPAchecker.printConfigurationWarnings, WARNING)

Starting analysis ... (CPAchecker.runAlgorithm, INFO)

Starting termination algorithm. (TerminationAlgorithm.run0, INFO)

refinement # 1 : predicates= 2  traceStates= 3 (PredicateCPA:PredicateCPARefiner.performRefinementForPathImpl, INFO)

refinement # 2 : predicates= 2  traceStates= 3 (PredicateCPA:PredicateCPARefiner.performRefinementForPathImpl, INFO)

refinement # 3 : predicates= 3  traceStates= 4 (PredicateCPA:PredicateCPARefiner.performRefinementForPathImpl, INFO)

refinement # 4 : predicates= 2  traceStates= 3 (PredicateCPA:PredicateCPARefiner.performRefinementForPathImpl, INFO)

refinement # 5 : predicates= 3  traceStates= 4 (PredicateCPA:PredicateCPARefiner.performRefinementForPathImpl, INFO)

refinement # 8 : predicates= 3  traceStates= 4 (PredicateCPA:PredicateCPARefiner.performRefinementForPathImpl, INFO)

refinement # 9 : predicates= 4  traceStates= 5 (PredicateCPA:PredicateCPARefiner.performRefinementForPathImpl, INFO)

refinement # 10 : predicates= 4  traceStates= 5 (PredicateCPA:PredicateCPARefiner.performRefinementForPathImpl, INFO)

refinement # 11 : predicates= 3  traceStates= 4 (PredicateCPA:PredicateCPARefiner.performRefinementForPathImpl, INFO)

refinement # 12 : predicates= 4  traceStates= 5 (PredicateCPA:PredicateCPARefiner.performRefinementForPathImpl, INFO)

Termination algorithm did not find a non-terminating loop. (TerminationAlgorithm.run0, INFO)

Stopping analysis ... (CPAchecker.runAlgorithm, INFO)


PredicateCPA statistics
-----------------------
Number of abstractions:            138 (6% of all post computations)
  Times abstraction was reused:    0
  Because of function entry/exit:  0 (0%)
  Because of loop head:            108 (78%)
  Because of join nodes:           0 (0%)
  Because of threshold:            0 (0%)
  Because of target state:         30 (22%)
  Times precision was empty:       55 (40%)
  Times precision was {false}:     21 (15%)
  Times result was cached:         9 (7%)
  Times cartesian abs was used:    0 (0%)
  Times boolean abs was used:      53 (38%)
  Times result was 'false':        16 (12%)
Number of strengthen sat checks:   0
Number of coverage checks:         530
  BDD entailment checks:           158
Number of SMT sat checks:          0
  trivial:                         0
  cached:                          0

Max ABE block size:                       18
Avg ABE block size:                                7.88 (sum: 1088, count: 138, min: 0, max: 18)
Number of predicates discovered:          29
Number of abstraction locations:          3
Max number of predicates per location:    19
Avg number of predicates per location:    7
Total predicates per abstraction:         424
Max number of predicates per abstraction: 14
Avg number of predicates per abstraction: 5.73
Number of irrelevant predicates:          77 (18%)
Number of preds handled by boolean abs:   328 (77%)
  Total number of models for allsat:      853
  Max number of models for allsat:        234
  Avg number of models for allsat:        16.09
Number of path formula cache hits:        986 (38%)

Time for post operator:                                0.125s
  Time for path formula creation:                      0.123s
Time for strengthen operator:                          0.027s
Time for prec operator:                                0.236s
  Time for abstraction:                  0.227s (Max:     0.024s, Count: 138)
    Boolean abstraction:                 0.130s
    Solving time:                        0.044s (Max:     0.002s)
    Model enumeration time:              0.086s
    Time for BDD construction:           0.014s (Max:     0.001s)
Time for merge operator:                               0.004s
Time for coverage checks:                              0.001s
  Time for BDD entailment checks:                      0.001s
Total time for SMT solver (w/o itp):     0.130s

Number of BDD nodes:                               6839
Size of BDD node table:                            100511
Size of BDD cache:                                 10061
Size of BDD node cleanup queue:                    0.00 (sum: 0, count: 1185, min: 0, max: 0)
Time for BDD node cleanup:                             0.000s
Time for BDD garbage collection:                       0.000s (in 0 runs)

Invariant Generation statistics
-------------------------------

AutomatonAnalysis (NonTerminationLabelAutomaton) statistics
-----------------------------------------------------------
Number of states:                                  1
Total time for successor computation:                  0.008s
Automaton transfers with branching:                0
Automaton transfer successors:                     1.00 (sum: 2331, count: 2331, min: 1, max: 1) [1 x 2331]
Number of states with assumption transitions:      0

AutomatonAnalysis (TerminatingFunctions) statistics
---------------------------------------------------
Number of states:                                  1
Total time for successor computation:                  0.000s
Automaton transfers with branching:                0
Automaton transfer successors:                     1.00 (sum: 2331, count: 2331, min: 1, max: 1) [1 x 2331]
Number of states with assumption transitions:      0

Termination Algorithm statistics
--------------------------------
Total time :                                            1.590s
Time for recursion analysis:                            0.003s

Number of analysed loops:                               2 (100%)
Total time for loop analysis:                           1.586s
  Avg time per loop analysis:                           0.793s
  Max time per loop analysis:                           0.867s

Number of safety analysis runs:                         5
  Avg safety analysis run per loop:                     2.50
  Max safety analysis run per loop:                     3 	 for loops [N68]
Total time for safety analysis:                         0.585s
  Avg time per safety analysis run:                     0.117s
  Max time per safety analysis run:                     0.238s

Number of analysed lassos:                              8
  Avg number of lassos per loop:                        4.00
  Max number of lassos per loop:                        6 	 for loops [N68]
  Avg number of lassos per iteration:                   2.67
  Max number of lassos per iteration:                   4

Total time for lassos analysis:                         0.995s
  Avg time per iteration:                               0.331s
  Max time per iteration:                               0.420s
  Time for lassos construction:                         0.099s
    Avg time for lasso construction per iteration:      0.033s
    Max time for lasso construction per iteration:      0.064s
      Time for stem and loop construction:                         0.000s
        Avg time for stem and loop construction per iteration:      0.000s
        Max time for stem and loop construction per iteration:      0.000s
      Time for lassos creation:                         0.092s
        Avg time for lassos creation per iteration:      0.030s
        Max time for lassos creation per iteration:      0.058s
  Total time for non-termination analysis:              0.200s
    Avg time for non-termination analysis per lasso:    0.025s
    Max time for non-termination analysis per lasso:    0.059s
  Total time for termination analysis:                  0.696s
    Avg time for termination analysis per lasso:        0.087s
    Max time for termination analysis per lasso:        0.136s

Total number of termination arguments:                  8
  Avg termination arguments per loop:                   4.00
  Max termination arguments per loop:                   6 	 for loops [N68]

  affine:                                               8

Code Coverage
-----------------------------
  Function coverage:      1.000
  Visited lines:          24
  Total lines:            24
  Line coverage:          1.000
  Visited conditions:     12
  Total conditions:       24
  Condition coverage:     0.500

CPAchecker general statistics
-----------------------------
Number of program locations:                       46
Number of CFA edges (per node):                          52 (count: 46, min: 0, max: 2, avg: 1.13)
Number of relevant variables:                      7
Number of functions:                               2
Number of loops (and loop nodes):                         2 (sum: 16, min: 3, max: 13, avg: 8.00)
Size of reached set:             129
  Number of reached locations:   31 (67%)
    Avg states per location:     4
    Max states per location:     9 (at node N69)
  Number of reached functions:   2 (100%)
  Number of partitions:          106
    Avg size of partitions:      1
    Max size of partitions:      4 (with key [N68 (before line 27), Function f called from node N57, stack depth 2 [dc4a691], stack [main, f]])
  Number of target states:       0

Time for analysis setup:          0.696s
  Time for loading CPAs:          0.132s
  Time for loading parser:        0.106s
  Time for CFA construction:      0.237s
    Time for parsing file(s):     0.118s
    Time for AST to CFA:          0.064s
    Time for CFA sanity check:    0.006s
    Time for post-processing:     0.031s
    Time for loop structure:      0.002s
    Time for AST structure:       0.000s
      Time for function pointers resolving:            0.001s
        Function calls via function pointers:             0 (count: 1, min: 0, max: 0, avg: 0.00)
        Instrumented function pointer calls:              0 (count: 1, min: 0, max: 0, avg: 0.00)
        Function calls with function pointer arguments:        0 (count: 1, min: 0, max: 0, avg: 0.00)
        Instrumented function pointer arguments:          0 (count: 1, min: 0, max: 0, avg: 0.00)
      Time for classifying variables:                  0.018s
        Time for collecting variables:                 0.008s
        Time for solving dependencies:                 0.000s
        Time for building hierarchy:                   0.000s
        Time for building classification:              0.010s
        Time for exporting data:                       0.000s
Time for Analysis:                1.590s
CPU time for analysis:            4.900s
Time for analyzing result:        0.001s
Total time for CPAchecker:        2.287s
Total CPU time for CPAchecker:    6.620s
Time for statistics:              0.096s

Time for Garbage Collector:       0.015s (in 2 runs)
Garbage Collector(s) used:    PS MarkSweep, PS Scavenge
Used heap memory:                514MB (   490 MiB) max;    244MB (   233 MiB) avg;    542MB (   517 MiB) peak
Used non-heap memory:             60MB (    57 MiB) max;     45MB (    43 MiB) avg;     62MB (    60 MiB) peak
Used in PS Old Gen pool:          16MB (    15 MiB) max;     12MB (    12 MiB) avg;     16MB (    15 MiB) peak
Allocated heap memory:          2010MB (  1917 MiB) max;   2010MB (  1917 MiB) avg
Allocated non-heap memory:        61MB (    58 MiB) max;     47MB (    44 MiB) avg
Total process virtual memory:  10176MB (  9705 MiB) max;   7601MB (  7249 MiB) avg

Verification result: TRUE. No property violation found by chosen configuration.
More details about the verification run can be found in the directory "./output".
