Running CPAchecker with Java heap of size 2000M.
Running CPAchecker with default stack size (1024k). Specify a larger value with --stack if needed.
Using the following resource limits: CPU-time limit of 300s (ResourceLimitChecker.fromConfiguration, INFO)

CPAchecker 4.2.2-2096-gb9f51b640f+ / termination-composition-lassoBasedAnalysis (OpenJDK 64-Bit Server VM 21.0.10) started (CPAchecker.run, INFO)

Parsing CFA from file(s) "/home/swear01/sv-benchmarks/c/termination-numeric/java_LogBuiltIn.c" (CPAchecker.parse, INFO)

Using predicate analysis with MathSAT5 version 5.6.11 (1a1154baf0ab) (Aug  9 2024 08:45:22, gmp 6.2.0, gcc 7.5.0, 64-bit, reentrant) and JFactory 1.21. (PredicateCPA:PredicateCPA.<init>, INFO)

Using refinement for predicate analysis with PredicateAbstractionRefinementStrategy strategy. (PredicateCPA:PredicateCPARefiner.<init>, INFO)

Using unsound approximation of ints with unbounded integers and floats with rationals for encoding program semantics. (FormulaManagerView.<init>, WARNING)

The following configuration options were specified but are not used:
 counterexample.checker.config
 counterexample.checker 
 (CPAchecker.printConfigurationWarnings, WARNING)

Starting analysis ... (CPAchecker.runAlgorithm, INFO)

Starting termination algorithm. (TerminationAlgorithm.run0, INFO)

Repeated ranking relation (or (let ((.cse1 (+ 0 4))) (let ((.cse0 (+ (+ .cse1 (* (- 5) |mlog::res__TERMINATION_PRIMED|)) (* 5 |mlog::__CPAchecker_TMP_0__TERMINATION_PRIMED|)))) (and (>= .cse0 0) (< (+ (+ .cse1 (* (- 5) |mlog::res|)) (* 5 |mlog::__CPAchecker_TMP_0|)) .cse0)))) (let ((.cse3 (+ 0 1))) (let ((.cse2 (+ (+ .cse3 (* (- 1) |mlog::res__TERMINATION_PRIMED|)) |mlog::__CPAchecker_TMP_0__TERMINATION_PRIMED|))) (and (>= .cse2 0) (< (+ (+ .cse3 (* (- 1) |mlog::res|)) |mlog::__CPAchecker_TMP_0|) .cse2)))) (let ((.cse5 (+ 0 5))) (let ((.cse4 (+ (+ .cse5 (* (- 6) |mlog::res__TERMINATION_PRIMED|)) (* 6 |mlog::__CPAchecker_TMP_0__TERMINATION_PRIMED|)))) (and (>= .cse4 0) (< (+ (+ .cse5 (* (- 6) |mlog::res|)) (* 6 |mlog::__CPAchecker_TMP_0|)) .cse4))))) for Loop with heads [N40]
  incoming: [line 7:	N39 -{while}-> N40]
  outgoing: [line 7:	N40 -{[!(x > 1)]}-> N38]
  nodes:    [N40, N41, N42, N43, N44, N45]
 (TerminationAlgorithm.proveLoopTermination, WARNING)

Repeated ranking relation (or (let ((.cse1 (+ 0 4))) (let ((.cse0 (+ (+ .cse1 (* (- 5) |mlog::res__TERMINATION_PRIMED|)) (* 5 |mlog::__CPAchecker_TMP_0__TERMINATION_PRIMED|)))) (and (>= .cse0 0) (< (+ (+ .cse1 (* (- 5) |mlog::res|)) (* 5 |mlog::__CPAchecker_TMP_0|)) .cse0)))) (let ((.cse3 (+ 0 2))) (let ((.cse2 (+ (+ .cse3 (* (- 3) |mlog::res__TERMINATION_PRIMED|)) (* 3 |mlog::__CPAchecker_TMP_0__TERMINATION_PRIMED|)))) (and (>= .cse2 0) (< (+ (+ .cse3 (* (- 3) |mlog::res|)) (* 3 |mlog::__CPAchecker_TMP_0|)) .cse2))))) for Loop with heads [N40]
  incoming: [line 7:	N39 -{while}-> N40]
  outgoing: [line 7:	N40 -{[!(x > 1)]}-> N38]
  nodes:    [N40, N41, N42, N43, N44, N45]
 (TerminationAlgorithm.proveLoopTermination, WARNING)

refinement # 1 : predicates= 2  traceStates= 3 (PredicateCPA:PredicateCPARefiner.performRefinementForPathImpl, INFO)

refinement # 2 : predicates= 2  traceStates= 3 (PredicateCPA:PredicateCPARefiner.performRefinementForPathImpl, INFO)

Termination algorithm did not find a non-terminating loop. (TerminationAlgorithm.run0, INFO)

Stopping analysis ... (CPAchecker.runAlgorithm, INFO)


PredicateCPA statistics
-----------------------
Number of abstractions:            37 (4% of all post computations)
  Times abstraction was reused:    0
  Because of function entry/exit:  0 (0%)
  Because of loop head:            22 (59%)
  Because of join nodes:           0 (0%)
  Because of threshold:            0 (0%)
  Because of target state:         15 (41%)
  Times precision was empty:       31 (84%)
  Times precision was {false}:     4 (11%)
  Times result was cached:         0 (0%)
  Times cartesian abs was used:    0 (0%)
  Times boolean abs was used:      2 (5%)
  Times result was 'false':        1 (3%)
Number of strengthen sat checks:   0
Number of coverage checks:         230
  BDD entailment checks:           6
Number of SMT sat checks:          0
  trivial:                         0
  cached:                          0

Max ABE block size:                       11
Avg ABE block size:                                6.16 (sum: 228, count: 37, min: 0, max: 11)
Number of predicates discovered:          3
Number of abstraction locations:          2
Max number of predicates per location:    3
Avg number of predicates per location:    2
Total predicates per abstraction:         10
Max number of predicates per abstraction: 3
Avg number of predicates per abstraction: 1.67
Number of irrelevant predicates:          6 (60%)
Number of preds handled by boolean abs:   4 (40%)
  Total number of models for allsat:      2
  Max number of models for allsat:        1
  Avg number of models for allsat:        1.00
Number of path formula cache hits:        363 (30%)

Time for post operator:                                0.102s
  Time for path formula creation:                      0.100s
Time for strengthen operator:                          0.020s
Time for prec operator:                                0.015s
  Time for abstraction:                  0.011s (Max:     0.003s, Count: 37)
    Boolean abstraction:                 0.002s
    Solving time:                        0.002s (Max:     0.001s)
    Model enumeration time:              0.001s
    Time for BDD construction:           0.001s (Max:     0.001s)
Time for merge operator:                               0.003s
Time for coverage checks:                              0.000s
  Time for BDD entailment checks:                      0.000s
Total time for SMT solver (w/o itp):     0.003s

Number of BDD nodes:                               203
Size of BDD node table:                            100511
Size of BDD cache:                                 10061
Size of BDD node cleanup queue:                    0.00 (sum: 0, count: 79, min: 0, max: 0)
Time for BDD node cleanup:                             0.000s
Time for BDD garbage collection:                       0.000s (in 0 runs)

Invariant Generation statistics
-------------------------------

AutomatonAnalysis (NonTerminationLabelAutomaton) statistics
-----------------------------------------------------------
Number of states:                                  1
Total time for successor computation:                  0.004s
Automaton transfers with branching:                0
Automaton transfer successors:                     1.00 (sum: 895, count: 895, min: 1, max: 1) [1 x 895]
Number of states with assumption transitions:      0

AutomatonAnalysis (TerminatingFunctions) statistics
---------------------------------------------------
Number of states:                                  1
Total time for successor computation:                  0.001s
Automaton transfers with branching:                0
Automaton transfer successors:                     1.00 (sum: 895, count: 895, min: 1, max: 1) [1 x 895]
Number of states with assumption transitions:      0

Termination Algorithm statistics
--------------------------------
Total time :                                            8.122s
Time for recursion analysis:                            0.001s

Number of analysed loops:                               1 (100%)
Total time for loop analysis:                           8.119s
  Avg time per loop analysis:                           8.119s
  Max time per loop analysis:                           8.119s

Number of safety analysis runs:                        12
  Avg safety analysis run per loop:                    12.00
  Max safety analysis run per loop:                    12 	 for loops [N40]
Total time for safety analysis:                         0.289s
  Avg time per safety analysis run:                     0.024s
  Max time per safety analysis run:                     0.054s

Number of analysed lassos:                             33
  Avg number of lassos per loop:                       33.00
  Max number of lassos per loop:                       33 	 for loops [N40]
  Avg number of lassos per iteration:                   3.00
  Max number of lassos per iteration:                   3

Total time for lassos analysis:                         7.820s
  Avg time per iteration:                               0.710s
  Max time per iteration:                               1.255s
  Time for lassos construction:                         1.154s
    Avg time for lasso construction per iteration:      0.104s
    Max time for lasso construction per iteration:      0.328s
      Time for stem and loop construction:                         0.000s
        Avg time for stem and loop construction per iteration:      0.000s
        Max time for stem and loop construction per iteration:      0.000s
      Time for lassos creation:                         1.140s
        Avg time for lassos creation per iteration:      0.103s
        Max time for lassos creation per iteration:      0.323s
  Total time for non-termination analysis:              1.274s
    Avg time for non-termination analysis per lasso:    0.038s
    Max time for non-termination analysis per lasso:    0.132s
  Total time for termination analysis:                  5.390s
    Avg time for termination analysis per lasso:        0.163s
    Max time for termination analysis per lasso:        0.255s

Total number of termination arguments:                 33
  Avg termination arguments per loop:                  33.00
  Max termination arguments per loop:                  33 	 for loops [N40]

  affine:                                              33

Code Coverage
-----------------------------
  Function coverage:      1.000
  Visited lines:          6
  Total lines:            6
  Line coverage:          1.000
  Visited conditions:     2
  Total conditions:       4
  Condition coverage:     0.500

CPAchecker general statistics
-----------------------------
Number of program locations:                       22
Number of CFA edges (per node):                          22 (count: 22, min: 0, max: 2, avg: 1.00)
Number of relevant variables:                      2
Number of functions:                               2
Number of loops (and loop nodes):                         1 (sum: 6, min: 6, max: 6, avg: 6.00)
Size of reached set:             17
  Number of reached locations:   12 (55%)
    Avg states per location:     1
    Max states per location:     3 (at node N41)
  Number of reached functions:   2 (100%)
  Number of partitions:          14
    Avg size of partitions:      1
    Max size of partitions:      2 (with key [N40 (before line 7), Function mlog called from node N33, stack depth 2 [51a18b21], stack [main, mlog]])
  Number of target states:       0

Time for analysis setup:          0.505s
  Time for loading CPAs:          0.108s
  Time for loading parser:        0.069s
  Time for CFA construction:      0.178s
    Time for parsing file(s):     0.077s
    Time for AST to CFA:          0.051s
    Time for CFA sanity check:    0.004s
    Time for post-processing:     0.031s
    Time for loop structure:      0.002s
    Time for AST structure:       0.000s
      Time for function pointers resolving:            0.002s
        Function calls via function pointers:             0 (count: 1, min: 0, max: 0, avg: 0.00)
        Instrumented function pointer calls:              0 (count: 1, min: 0, max: 0, avg: 0.00)
        Function calls with function pointer arguments:        0 (count: 1, min: 0, max: 0, avg: 0.00)
        Instrumented function pointer arguments:          0 (count: 1, min: 0, max: 0, avg: 0.00)
      Time for classifying variables:                  0.017s
        Time for collecting variables:                 0.008s
        Time for solving dependencies:                 0.000s
        Time for building hierarchy:                   0.000s
        Time for building classification:              0.009s
        Time for exporting data:                       0.000s
Time for Analysis:                8.122s
CPU time for analysis:           17.030s
Time for analyzing result:        0.000s
Total time for CPAchecker:        8.627s
Total CPU time for CPAchecker:   18.520s
Time for statistics:              0.065s

Time for Garbage Collector:       0.041s (in 11 runs)
Garbage Collector(s) used:    PS MarkSweep, PS Scavenge
Used heap memory:                550MB (   525 MiB) max;    283MB (   270 MiB) avg;    576MB (   549 MiB) peak
Used non-heap memory:             69MB (    66 MiB) max;     60MB (    58 MiB) avg;     71MB (    68 MiB) peak
Used in PS Old Gen pool:          35MB (    33 MiB) max;     19MB (    18 MiB) avg;     35MB (    33 MiB) peak
Allocated heap memory:          2010MB (  1917 MiB) max;   1954MB (  1863 MiB) avg
Allocated non-heap memory:        70MB (    67 MiB) max;     61MB (    58 MiB) avg
Total process virtual memory:   8747MB (  8342 MiB) max;   8247MB (  7865 MiB) avg

Verification result: TRUE. No property violation found by chosen configuration.
More details about the verification run can be found in the directory "./output".
