Running CPAchecker with Java heap of size 2000M.
Running CPAchecker with default stack size (1024k). Specify a larger value with --stack if needed.
Using the following resource limits: CPU-time limit of 300s (ResourceLimitChecker.fromConfiguration, INFO)

CPAchecker 4.2.2-2096-gb9f51b640f+ / termination-composition-lassoBasedAnalysis (OpenJDK 64-Bit Server VM 21.0.10) started (CPAchecker.run, INFO)

Parsing CFA from file(s) "/home/swear01/sv-benchmarks/c/termination-crafted-lit/KroeningSharyginaTsitovichWintersteiger-CAV2010-Fig1.c" (CPAchecker.parse, INFO)

Using predicate analysis with MathSAT5 version 5.6.11 (1a1154baf0ab) (Aug  9 2024 08:45:22, gmp 6.2.0, gcc 7.5.0, 64-bit, reentrant) and JFactory 1.21. (PredicateCPA:PredicateCPA.<init>, INFO)

Using refinement for predicate analysis with PredicateAbstractionRefinementStrategy strategy. (PredicateCPA:PredicateCPARefiner.<init>, INFO)

Using unsound approximation of ints with unbounded integers and floats with rationals for encoding program semantics. (FormulaManagerView.<init>, WARNING)

The following configuration options were specified but are not used:
 counterexample.checker.config
 counterexample.checker 
 (CPAchecker.printConfigurationWarnings, WARNING)

Starting analysis ... (CPAchecker.runAlgorithm, INFO)

Starting termination algorithm. (TerminationAlgorithm.run0, INFO)

Repeated ranking relation (let ((.cse1 (+ 0 0))) (or (let ((.cse0 (+ (+ .cse1 (* 5 |main::x__TERMINATION_PRIMED|)) (* (- 6) |main::__CPAchecker_TMP_0__TERMINATION_PRIMED|)))) (and (>= .cse0 0) (< (+ (+ .cse1 (* 5 |main::x|)) (* (- 6) |main::__CPAchecker_TMP_0|)) .cse0))) (let ((.cse2 (+ .cse1 |main::x__TERMINATION_PRIMED|))) (and (>= .cse2 0) (< (+ .cse1 |main::x|) .cse2))))) for Loop with heads [N32]
  incoming: [line 17:	N31 -{while}-> N32]
  outgoing: [line 17:	N32 -{[!(x < 255)]}-> N35]
  nodes:    [N32, N33, N34, N36, N37, N38, N39, N40, N41, N42, N43, N44]
 (TerminationAlgorithm.proveLoopTermination, WARNING)

Repeated ranking relation (let ((.cse1 (+ 0 0))) (or (let ((.cse0 (+ (+ .cse1 (* 6 |main::x__TERMINATION_PRIMED|)) (* (- 7) |main::__CPAchecker_TMP_0__TERMINATION_PRIMED|)))) (and (>= .cse0 0) (< (+ (+ .cse1 (* 6 |main::x|)) (* (- 7) |main::__CPAchecker_TMP_0|)) .cse0))) (let ((.cse2 (+ .cse1 |main::x__TERMINATION_PRIMED|))) (and (>= .cse2 0) (< (+ .cse1 |main::x|) .cse2))))) for Loop with heads [N32]
  incoming: [line 17:	N31 -{while}-> N32]
  outgoing: [line 17:	N32 -{[!(x < 255)]}-> N35]
  nodes:    [N32, N33, N34, N36, N37, N38, N39, N40, N41, N42, N43, N44]
 (TerminationAlgorithm.proveLoopTermination, WARNING)

Repeated ranking relation (let ((.cse1 (+ 0 0))) (or (let ((.cse0 (+ (+ .cse1 (* 5 |main::x__TERMINATION_PRIMED|)) (* (- 6) |main::__CPAchecker_TMP_0__TERMINATION_PRIMED|)))) (and (>= .cse0 0) (< (+ (+ .cse1 (* 5 |main::x|)) (* (- 6) |main::__CPAchecker_TMP_0|)) .cse0))) (let ((.cse2 (+ .cse1 |main::x__TERMINATION_PRIMED|))) (and (>= .cse2 0) (< (+ .cse1 |main::x|) .cse2))))) for Loop with heads [N32]
  incoming: [line 17:	N31 -{while}-> N32]
  outgoing: [line 17:	N32 -{[!(x < 255)]}-> N35]
  nodes:    [N32, N33, N34, N36, N37, N38, N39, N40, N41, N42, N43, N44]
 (TerminationAlgorithm.proveLoopTermination, WARNING)

Repeated ranking relation (let ((.cse1 (+ 0 0))) (or (let ((.cse0 (+ (+ .cse1 (* 5 |main::x__TERMINATION_PRIMED|)) (* (- 6) |main::__CPAchecker_TMP_0__TERMINATION_PRIMED|)))) (and (>= .cse0 0) (< (+ (+ .cse1 (* 5 |main::x|)) (* (- 6) |main::__CPAchecker_TMP_0|)) .cse0))) (let ((.cse2 (+ .cse1 |main::x__TERMINATION_PRIMED|))) (and (>= .cse2 0) (< (+ .cse1 |main::x|) .cse2))))) for Loop with heads [N32]
  incoming: [line 17:	N31 -{while}-> N32]
  outgoing: [line 17:	N32 -{[!(x < 255)]}-> N35]
  nodes:    [N32, N33, N34, N36, N37, N38, N39, N40, N41, N42, N43, N44]
 (TerminationAlgorithm.proveLoopTermination, WARNING)

Termination algorithm did not find a non-terminating loop. (TerminationAlgorithm.run0, INFO)

Stopping analysis ... (CPAchecker.runAlgorithm, INFO)

Analysis incomplete: no errors found, but not everything could be checked. (CPAchecker.analyzeResult, WARNING)


PredicateCPA statistics
-----------------------
Number of abstractions:            17 (3% of all post computations)
  Times abstraction was reused:    0
  Because of function entry/exit:  0 (0%)
  Because of loop head:            10 (59%)
  Because of join nodes:           0 (0%)
  Because of threshold:            0 (0%)
  Because of target state:         7 (41%)
  Times precision was empty:       17 (100%)
  Times precision was {false}:     0 (0%)
  Times result was cached:         0 (0%)
  Times cartesian abs was used:    0 (0%)
  Times boolean abs was used:      0 (0%)
  Times result was 'false':        0 (0%)
Number of strengthen sat checks:   0
Number of coverage checks:         252
  BDD entailment checks:           4
Number of SMT sat checks:          0
  trivial:                         0
  cached:                          0

Max ABE block size:                       13
Avg ABE block size:                                7.24 (sum: 123, count: 17, min: 0, max: 13)
Number of predicates discovered:          0
Number of path formula cache hits:        183 (24%)

Time for post operator:                                0.089s
  Time for path formula creation:                      0.088s
Time for strengthen operator:                          0.014s
Time for prec operator:                                0.004s
  Time for abstraction:                  0.001s (Max:     0.001s, Count: 17)
    Solving time:                        0.000s (Max:     0.000s)
    Model enumeration time:              0.000s
    Time for BDD construction:           0.000s (Max:     0.000s)
Time for merge operator:                               0.008s
Time for coverage checks:                              0.001s
  Time for BDD entailment checks:                      0.001s
Total time for SMT solver (w/o itp):     0.000s

Number of BDD nodes:                               202
Size of BDD node table:                            100511
Size of BDD cache:                                 10061
Size of BDD node cleanup queue:                    0.00 (sum: 0, count: 23, min: 0, max: 0)
Time for BDD node cleanup:                             0.000s
Time for BDD garbage collection:                       0.000s (in 0 runs)

Invariant Generation statistics
-------------------------------

AutomatonAnalysis (NonTerminationLabelAutomaton) statistics
-----------------------------------------------------------
Number of states:                                  1
Total time for successor computation:                  0.003s
Automaton transfers with branching:                0
Automaton transfer successors:                     1.00 (sum: 537, count: 537, min: 1, max: 1) [1 x 537]
Number of states with assumption transitions:      0

AutomatonAnalysis (TerminatingFunctions) statistics
---------------------------------------------------
Number of states:                                  1
Total time for successor computation:                  0.000s
Automaton transfers with branching:                0
Automaton transfer successors:                     1.00 (sum: 537, count: 537, min: 1, max: 1) [1 x 537]
Number of states with assumption transitions:      0

Termination Algorithm statistics
--------------------------------
Total time :                                            2.643s
Time for recursion analysis:                            0.000s

Number of analysed loops:                               1 (100%)
Total time for loop analysis:                           2.642s
  Avg time per loop analysis:                           2.642s
  Max time per loop analysis:                           2.642s

Number of safety analysis runs:                         8
  Avg safety analysis run per loop:                     8.00
  Max safety analysis run per loop:                     8 	 for loops [N32]
Total time for safety analysis:                         0.258s
  Avg time per safety analysis run:                     0.032s
  Max time per safety analysis run:                     0.094s

Number of analysed lassos:                             21
  Avg number of lassos per loop:                       21.00
  Max number of lassos per loop:                       21 	 for loops [N32]
  Avg number of lassos per iteration:                   3.00
  Max number of lassos per iteration:                   3

Total time for lassos analysis:                         2.373s
  Avg time per iteration:                               0.339s
  Max time per iteration:                               0.517s
  Time for lassos construction:                         0.364s
    Avg time for lasso construction per iteration:      0.052s
    Max time for lasso construction per iteration:      0.149s
      Time for stem and loop construction:                         0.000s
        Avg time for stem and loop construction per iteration:      0.000s
        Max time for stem and loop construction per iteration:      0.000s
      Time for lassos creation:                         0.351s
        Avg time for lassos creation per iteration:      0.050s
        Max time for lassos creation per iteration:      0.145s
  Total time for non-termination analysis:              0.494s
    Avg time for non-termination analysis per lasso:    0.023s
    Max time for non-termination analysis per lasso:    0.063s
  Total time for termination analysis:                  1.515s
    Avg time for termination analysis per lasso:        0.072s
    Max time for termination analysis per lasso:        0.093s

Total number of termination arguments:                 21
  Avg termination arguments per loop:                  21.00
  Max termination arguments per loop:                  21 	 for loops [N32]

  affine:                                              21

Code Coverage
-----------------------------
  Function coverage:      1.000
  Visited lines:          9
  Total lines:            9
  Line coverage:          1.000
  Visited conditions:     6
  Total conditions:       12
  Condition coverage:     0.500

CPAchecker general statistics
-----------------------------
Number of program locations:                       22
Number of CFA edges (per node):                          24 (count: 22, min: 0, max: 2, avg: 1.09)
Number of relevant variables:                      2
Number of functions:                               1
Number of loops (and loop nodes):                         1 (sum: 12, min: 12, max: 12, avg: 12.00)
Size of reached set:             34
  Number of reached locations:   15 (68%)
    Avg states per location:     2
    Max states per location:     3 (at node N33)
  Number of reached functions:   1 (100%)
  Number of partitions:          24
    Avg size of partitions:      1
    Max size of partitions:      2 (with key [N32 (before line 17), Function main called from node N24, stack depth 1 [15723761], stack [main]])
  Number of target states:       0

Time for analysis setup:          0.764s
  Time for loading CPAs:          0.175s
  Time for loading parser:        0.103s
  Time for CFA construction:      0.302s
    Time for parsing file(s):     0.136s
    Time for AST to CFA:          0.083s
    Time for CFA sanity check:    0.009s
    Time for post-processing:     0.052s
    Time for loop structure:      0.002s
    Time for AST structure:       0.000s
      Time for function pointers resolving:            0.002s
        Function calls via function pointers:             0 (count: 1, min: 0, max: 0, avg: 0.00)
        Instrumented function pointer calls:              0 (count: 1, min: 0, max: 0, avg: 0.00)
        Function calls with function pointer arguments:        0 (count: 1, min: 0, max: 0, avg: 0.00)
        Instrumented function pointer arguments:          0 (count: 1, min: 0, max: 0, avg: 0.00)
      Time for classifying variables:                  0.029s
        Time for collecting variables:                 0.015s
        Time for solving dependencies:                 0.000s
        Time for building hierarchy:                   0.000s
        Time for building classification:              0.014s
        Time for exporting data:                       0.000s
Time for Analysis:                2.643s
CPU time for analysis:            6.040s
Time for analyzing result:        0.001s
Total time for CPAchecker:        3.408s
Total CPU time for CPAchecker:    7.810s
Time for statistics:              0.026s

Time for Garbage Collector:       0.018s (in 3 runs)
Garbage Collector(s) used:    PS MarkSweep, PS Scavenge
Used heap memory:                531MB (   506 MiB) max;    261MB (   249 MiB) avg;    557MB (   531 MiB) peak
Used non-heap memory:             61MB (    58 MiB) max;     49MB (    47 MiB) avg;     61MB (    59 MiB) peak
Used in PS Old Gen pool:          16MB (    15 MiB) max;     13MB (    12 MiB) avg;     16MB (    15 MiB) peak
Allocated heap memory:          2010MB (  1917 MiB) max;   2010MB (  1917 MiB) avg
Allocated non-heap memory:        61MB (    59 MiB) max;     50MB (    48 MiB) avg
Total process virtual memory:  11195MB ( 10676 MiB) max;   8570MB (  8173 MiB) avg

Verification result: UNKNOWN, incomplete analysis.
More details about the verification run can be found in the directory "./output".
