Running CPAchecker with Java heap of size 2000M.
Running CPAchecker with default stack size (1024k). Specify a larger value with --stack if needed.
Using the following resource limits: CPU-time limit of 300s (ResourceLimitChecker.fromConfiguration, INFO)

CPAchecker 4.2.2-2096-gb9f51b640f+ / termination-composition-lassoBasedAnalysis (OpenJDK 64-Bit Server VM 21.0.10) started (CPAchecker.run, INFO)

Parsing CFA from file(s) "/home/swear01/sv-benchmarks/c/termination-crafted-lit/LarrazOliverasRodriguez-CarbonellRubio-FMCAD2013-Fig1.c" (CPAchecker.parse, INFO)

Using predicate analysis with MathSAT5 version 5.6.11 (1a1154baf0ab) (Aug  9 2024 08:45:22, gmp 6.2.0, gcc 7.5.0, 64-bit, reentrant) and JFactory 1.21. (PredicateCPA:PredicateCPA.<init>, INFO)

Using refinement for predicate analysis with PredicateAbstractionRefinementStrategy strategy. (PredicateCPA:PredicateCPARefiner.<init>, INFO)

Using unsound approximation of ints with unbounded integers and floats with rationals for encoding program semantics. (FormulaManagerView.<init>, WARNING)

The following configuration options were specified but are not used:
 counterexample.checker.config
 counterexample.checker 
 (CPAchecker.printConfigurationWarnings, WARNING)

Starting analysis ... (CPAchecker.runAlgorithm, INFO)

Starting termination algorithm. (TerminationAlgorithm.run0, INFO)

refinement # 1 : predicates= 3  traceStates= 4 (PredicateCPA:PredicateCPARefiner.performRefinementForPathImpl, INFO)

refinement # 2 : predicates= 3  traceStates= 4 (PredicateCPA:PredicateCPARefiner.performRefinementForPathImpl, INFO)

refinement # 3 : predicates= 4  traceStates= 5 (PredicateCPA:PredicateCPARefiner.performRefinementForPathImpl, INFO)

refinement # 4 : predicates= 4  traceStates= 5 (PredicateCPA:PredicateCPARefiner.performRefinementForPathImpl, INFO)

refinement # 5 : predicates= 5  traceStates= 6 (PredicateCPA:PredicateCPARefiner.performRefinementForPathImpl, INFO)

refinement # 6 : predicates= 7  traceStates= 8 (PredicateCPA:PredicateCPARefiner.performRefinementForPathImpl, INFO)

refinement # 7 : predicates= 6  traceStates= 7 (PredicateCPA:PredicateCPARefiner.performRefinementForPathImpl, INFO)

refinement # 8 : predicates= 7  traceStates= 8 (PredicateCPA:PredicateCPARefiner.performRefinementForPathImpl, INFO)

refinement # 9 : predicates= 8  traceStates= 9 (PredicateCPA:PredicateCPARefiner.performRefinementForPathImpl, INFO)

refinement # 10 : predicates= 9  traceStates= 10 (PredicateCPA:PredicateCPARefiner.performRefinementForPathImpl, INFO)

refinement # 11 : predicates= 10  traceStates= 11 (PredicateCPA:PredicateCPARefiner.performRefinementForPathImpl, INFO)

refinement # 12 : predicates= 11  traceStates= 12 (PredicateCPA:PredicateCPARefiner.performRefinementForPathImpl, INFO)

refinement # 13 : predicates= 12  traceStates= 13 (PredicateCPA:PredicateCPARefiner.performRefinementForPathImpl, INFO)

refinement # 14 : predicates= 13  traceStates= 14 (PredicateCPA:PredicateCPARefiner.performRefinementForPathImpl, INFO)

refinement # 15 : predicates= 14  traceStates= 15 (PredicateCPA:PredicateCPARefiner.performRefinementForPathImpl, INFO)

refinement # 16 : predicates= 15  traceStates= 16 (PredicateCPA:PredicateCPARefiner.performRefinementForPathImpl, INFO)

refinement # 17 : predicates= 16  traceStates= 17 (PredicateCPA:PredicateCPARefiner.performRefinementForPathImpl, INFO)

refinement # 18 : predicates= 17  traceStates= 18 (PredicateCPA:PredicateCPARefiner.performRefinementForPathImpl, INFO)

refinement # 19 : predicates= 18  traceStates= 19 (PredicateCPA:PredicateCPARefiner.performRefinementForPathImpl, INFO)

refinement # 20 : predicates= 19  traceStates= 20 (PredicateCPA:PredicateCPARefiner.performRefinementForPathImpl, INFO)

refinement # 21 : predicates= 20  traceStates= 21 (PredicateCPA:PredicateCPARefiner.performRefinementForPathImpl, INFO)

refinement # 22 : predicates= 21  traceStates= 22 (PredicateCPA:PredicateCPARefiner.performRefinementForPathImpl, INFO)

refinement # 23 : predicates= 22  traceStates= 23 (PredicateCPA:PredicateCPARefiner.performRefinementForPathImpl, INFO)

refinement # 24 : predicates= 23  traceStates= 24 (PredicateCPA:PredicateCPARefiner.performRefinementForPathImpl, INFO)

refinement # 25 : predicates= 24  traceStates= 25 (PredicateCPA:PredicateCPARefiner.performRefinementForPathImpl, INFO)

refinement # 26 : predicates= 25  traceStates= 26 (PredicateCPA:PredicateCPARefiner.performRefinementForPathImpl, INFO)

refinement # 27 : predicates= 26  traceStates= 27 (PredicateCPA:PredicateCPARefiner.performRefinementForPathImpl, INFO)

refinement # 28 : predicates= 27  traceStates= 28 (PredicateCPA:PredicateCPARefiner.performRefinementForPathImpl, INFO)

refinement # 29 : predicates= 28  traceStates= 29 (PredicateCPA:PredicateCPARefiner.performRefinementForPathImpl, INFO)

refinement # 30 : predicates= 29  traceStates= 30 (PredicateCPA:PredicateCPARefiner.performRefinementForPathImpl, INFO)

refinement # 31 : predicates= 30  traceStates= 31 (PredicateCPA:PredicateCPARefiner.performRefinementForPathImpl, INFO)

refinement # 32 : predicates= 31  traceStates= 32 (PredicateCPA:PredicateCPARefiner.performRefinementForPathImpl, INFO)

refinement # 33 : predicates= 32  traceStates= 33 (PredicateCPA:PredicateCPARefiner.performRefinementForPathImpl, INFO)

refinement # 34 : predicates= 33  traceStates= 34 (PredicateCPA:PredicateCPARefiner.performRefinementForPathImpl, INFO)

refinement # 35 : predicates= 34  traceStates= 35 (PredicateCPA:PredicateCPARefiner.performRefinementForPathImpl, INFO)

refinement # 36 : predicates= 35  traceStates= 36 (PredicateCPA:PredicateCPARefiner.performRefinementForPathImpl, INFO)

refinement # 37 : predicates= 36  traceStates= 37 (PredicateCPA:PredicateCPARefiner.performRefinementForPathImpl, INFO)

Shutdown requested (The CPU-time limit of 300s has elapsed.), waiting for termination. (ForceTerminationOnShutdown$1.shutdownRequested, WARNING)

Warning: Analysis interrupted (The CPU-time limit of 300s has elapsed.) (ShutdownNotifier.shutdownIfNecessary, WARNING)


PredicateCPA statistics
-----------------------
Number of abstractions:            16401 (10% of all post computations)
  Times abstraction was reused:    0
  Because of function entry/exit:  0 (0%)
  Because of loop head:            8917 (54%)
  Because of join nodes:           0 (0%)
  Because of threshold:            0 (0%)
  Because of target state:         7484 (46%)
  Times precision was empty:       16 (0%)
  Times precision was {false}:     7480 (46%)
  Times result was cached:         44 (0%)
  Times cartesian abs was used:    0 (0%)
  Times boolean abs was used:      8861 (54%)
  Times result was 'false':        7445 (45%)
Number of strengthen sat checks:   0
Number of coverage checks:         2767490
  BDD entailment checks:           2748530
Number of SMT sat checks:          0
  trivial:                         0
  cached:                          0

Max ABE block size:                       10
Avg ABE block size:                                4.34 (sum: 71179, count: 16401, min: 0, max: 10)
Number of predicates discovered:          73
Number of abstraction locations:          3
Max number of predicates per location:    71
Avg number of predicates per location:    25
Total predicates per abstraction:         442261
Max number of predicates per abstraction: 71
Avg number of predicates per abstraction: 27.06
Number of irrelevant predicates:          9434 (2%)
Number of preds handled by boolean abs:   432745 (98%)
  Total number of models for allsat:      437621
  Max number of models for allsat:        1228
  Avg number of models for allsat:        49.39
Number of path formula cache hits:        71225 (40%)

Time for post operator:                                1.229s
  Time for path formula creation:                      1.205s
Time for strengthen operator:                          1.716s
Time for prec operator:                              277.906s
  Time for abstraction:                277.709s (Max:     1.868s, Count: 16401)
    Boolean abstraction:               254.009s
    Solving time:                       25.108s (Max:     0.008s)
    Model enumeration time:            234.511s
    Time for BDD construction:          34.187s (Max:     0.009s)
Time for merge operator:                               0.018s
Time for coverage checks:                              2.277s
  Time for BDD entailment checks:                      2.197s
Total time for SMT solver (w/o itp):   259.619s

Number of BDD nodes:                               218869
Size of BDD node table:                            300439
Size of BDD cache:                                 30047
Size of BDD node cleanup queue:                    0.31 (sum: 992565, count: 3244183, min: 0, max: 29477)
Time for BDD node cleanup:                             0.177s
Time for BDD garbage collection:                       3.972s (in 2094 runs)

Invariant Generation statistics
-------------------------------

AutomatonAnalysis (NonTerminationLabelAutomaton) statistics
-----------------------------------------------------------
Number of states:                                  1
Total time for successor computation:                  0.204s
Automaton transfers with branching:                0
Automaton transfer successors:                     1.00 (sum: 168091, count: 168091, min: 1, max: 1) [1 x 168091]
Number of states with assumption transitions:      0

AutomatonAnalysis (TerminatingFunctions) statistics
---------------------------------------------------
Number of states:                                  1
Total time for successor computation:                  0.027s
Automaton transfers with branching:                0
Automaton transfer successors:                     1.00 (sum: 168091, count: 168091, min: 1, max: 1) [1 x 168091]
Number of states with assumption transitions:      0

Termination Algorithm statistics
--------------------------------
Total time :                                          287.740s
Time for recursion analysis:                            0.000s

Number of analysed loops:                               1 (50%)
Total time for loop analysis:                         287.739s
  Avg time per loop analysis:                         287.739s
  Max time per loop analysis:                         287.739s

Number of safety analysis runs:                         2
  Avg safety analysis run per loop:                     2.00
  Max safety analysis run per loop:                     2 	 for loops [N55]
Total time for safety analysis:                       287.462s
  Avg time per safety analysis run:                   143.731s
  Max time per safety analysis run:                   287.375s

Number of analysed lassos:                              1
  Avg number of lassos per loop:                        1.00
  Max number of lassos per loop:                        1 	 for loops [N55]
  Avg number of lassos per iteration:                   1.00
  Max number of lassos per iteration:                   1

Total time for lassos analysis:                         0.273s
  Avg time per iteration:                               0.273s
  Max time per iteration:                               0.273s
  Time for lassos construction:                         0.075s
    Avg time for lasso construction per iteration:      0.075s
    Max time for lasso construction per iteration:      0.075s
      Time for stem and loop construction:                         0.000s
        Avg time for stem and loop construction per iteration:      0.000s
        Max time for stem and loop construction per iteration:      0.000s
      Time for lassos creation:                         0.066s
        Avg time for lassos creation per iteration:      0.066s
        Max time for lassos creation per iteration:      0.066s
  Total time for non-termination analysis:              0.047s
    Avg time for non-termination analysis per lasso:    0.047s
    Max time for non-termination analysis per lasso:    0.047s
  Total time for termination analysis:                  0.151s
    Avg time for termination analysis per lasso:        0.151s
    Max time for termination analysis per lasso:        0.151s

Total number of termination arguments:                  1
  Avg termination arguments per loop:                   1.00
  Max termination arguments per loop:                   1 	 for loops [N55]

  affine:                                               1

Code Coverage
-----------------------------
  Function coverage:      1.000
  Visited lines:          13
  Total lines:            13
  Line coverage:          1.000
  Visited conditions:     12
  Total conditions:       24
  Condition coverage:     0.500

CPAchecker general statistics
-----------------------------
Number of program locations:                       29
Number of CFA edges (per node):                          34 (count: 29, min: 0, max: 2, avg: 1.17)
Number of relevant variables:                      3
Number of functions:                               1
Number of loops (and loop nodes):                         2 (sum: 13, min: 4, max: 9, avg: 6.50)
Size of reached set:             1230
  Number of reached locations:   18 (62%)
    Avg states per location:     68
    Max states per location:     394 (at node N56)
  Number of reached functions:   1 (100%)
  Number of partitions:          809
    Avg size of partitions:      1
    Max size of partitions:      367 (with key [N55 (before line 24), Function main called from node N31, stack depth 1 [66434cc8], stack [main]])
  Number of target states:       0
  Size of final wait list:       27

Time for analysis setup:          0.646s
  Time for loading CPAs:          0.106s
  Time for loading parser:        0.080s
  Time for CFA construction:      0.228s
    Time for parsing file(s):     0.104s
    Time for AST to CFA:          0.055s
    Time for CFA sanity check:    0.006s
    Time for post-processing:     0.048s
    Time for loop structure:      0.003s
    Time for AST structure:       0.000s
      Time for function pointers resolving:            0.001s
        Function calls via function pointers:             0 (count: 1, min: 0, max: 0, avg: 0.00)
        Instrumented function pointer calls:              0 (count: 1, min: 0, max: 0, avg: 0.00)
        Function calls with function pointer arguments:        0 (count: 1, min: 0, max: 0, avg: 0.00)
        Instrumented function pointer arguments:          0 (count: 1, min: 0, max: 0, avg: 0.00)
      Time for classifying variables:                  0.032s
        Time for collecting variables:                 0.014s
        Time for solving dependencies:                 0.000s
        Time for building hierarchy:                   0.000s
        Time for building classification:              0.018s
        Time for exporting data:                       0.000s
Time for Analysis:              287.740s
CPU time for analysis:          298.650s
Total time for CPAchecker:      288.387s
Total CPU time for CPAchecker:  300.270s
Time for statistics:              0.019s

Time for Garbage Collector:       0.232s (in 87 runs)
Garbage Collector(s) used:    PS MarkSweep, PS Scavenge
Used heap memory:                552MB (   526 MiB) max;    243MB (   232 MiB) avg;    703MB (   670 MiB) peak
Used non-heap memory:             61MB (    58 MiB) max;     61MB (    58 MiB) avg;     64MB (    61 MiB) peak
Used in PS Old Gen pool:         158MB (   150 MiB) max;    103MB (    98 MiB) avg;    158MB (   150 MiB) peak
Allocated heap memory:          2010MB (  1917 MiB) max;   1674MB (  1596 MiB) avg
Allocated non-heap memory:        64MB (    61 MiB) max;     63MB (    60 MiB) avg
Total process virtual memory:   7838MB (  7475 MiB) max;   7792MB (  7431 MiB) avg

Verification result: UNKNOWN, incomplete analysis.
More details about the verification run can be found in the directory "./output".
