Running CPAchecker with Java heap of size 2000M.
Running CPAchecker with default stack size (1024k). Specify a larger value with --stack if needed.
Using the following resource limits: CPU-time limit of 300s (ResourceLimitChecker.fromConfiguration, INFO)

CPAchecker 4.2.2-2096-gb9f51b640f+ / termination-composition-lassoBasedAnalysis (OpenJDK 64-Bit Server VM 21.0.10) started (CPAchecker.run, INFO)

Parsing CFA from file(s) "/home/swear01/sv-benchmarks/c/termination-crafted/LexIndexValue-Array-1.c" (CPAchecker.parse, INFO)

Using predicate analysis with MathSAT5 version 5.6.11 (1a1154baf0ab) (Aug  9 2024 08:45:22, gmp 6.2.0, gcc 7.5.0, 64-bit, reentrant) and JFactory 1.21. (PredicateCPA:PredicateCPA.<init>, INFO)

Using refinement for predicate analysis with PredicateAbstractionRefinementStrategy strategy. (PredicateCPA:PredicateCPARefiner.<init>, INFO)

Using unsound approximation of ints with unbounded integers and floats with rationals for encoding program semantics. (FormulaManagerView.<init>, WARNING)

The following configuration options were specified but are not used:
 counterexample.checker.config
 counterexample.checker 
 (CPAchecker.printConfigurationWarnings, WARNING)

Starting analysis ... (CPAchecker.runAlgorithm, INFO)

Starting termination algorithm. (TerminationAlgorithm.run0, INFO)

Warning: Could not extract lasso (Loop with heads [N39]
  incoming: [lines 14-16:	N38 -{int i = 0;}-> N39]
  outgoing: [line 14:	N39 -{[!(i < 1048)]}-> N42]
  nodes:    [N39, N40, N41, N43]
). (Unknown sort in equality) (InequalityConverter.convert, WARNING)

Could not synthesize a termination or non-termination argument. (TerminationAlgorithm.proveLoopTermination, WARNING)

refinement # 1 : predicates= 3  traceStates= 4 (PredicateCPA:PredicateCPARefiner.performRefinementForPathImpl, INFO)

refinement # 2 : predicates= 4  traceStates= 5 (PredicateCPA:PredicateCPARefiner.performRefinementForPathImpl, INFO)

refinement # 3 : predicates= 5  traceStates= 6 (PredicateCPA:PredicateCPARefiner.performRefinementForPathImpl, INFO)

refinement # 4 : predicates= 6  traceStates= 7 (PredicateCPA:PredicateCPARefiner.performRefinementForPathImpl, INFO)

refinement # 5 : predicates= 7  traceStates= 8 (PredicateCPA:PredicateCPARefiner.performRefinementForPathImpl, INFO)

refinement # 6 : predicates= 8  traceStates= 9 (PredicateCPA:PredicateCPARefiner.performRefinementForPathImpl, INFO)

refinement # 7 : predicates= 9  traceStates= 10 (PredicateCPA:PredicateCPARefiner.performRefinementForPathImpl, INFO)

refinement # 8 : predicates= 10  traceStates= 11 (PredicateCPA:PredicateCPARefiner.performRefinementForPathImpl, INFO)

Shutdown requested (The CPU-time limit of 300s has elapsed.), waiting for termination. (ForceTerminationOnShutdown$1.shutdownRequested, WARNING)

Warning: Analysis interrupted (The CPU-time limit of 300s has elapsed.) (ShutdownNotifier.shutdownIfNecessary, WARNING)


PredicateCPA statistics
-----------------------
Number of abstractions:            119 (8% of all post computations)
  Times abstraction was reused:    0
  Because of function entry/exit:  0 (0%)
  Because of loop head:            108 (91%)
  Because of join nodes:           0 (0%)
  Because of threshold:            0 (0%)
  Because of target state:         11 (9%)
  Times precision was empty:       23 (19%)
  Times precision was {false}:     52 (44%)
  Times result was cached:         0 (0%)
  Times cartesian abs was used:    0 (0%)
  Times boolean abs was used:      44 (37%)
  Times result was 'false':        36 (30%)
Number of strengthen sat checks:   0
Number of coverage checks:         398
  BDD entailment checks:           246
Number of SMT sat checks:          0
  trivial:                         0
  cached:                          0

Max ABE block size:                       17
Avg ABE block size:                                5.70 (sum: 678, count: 119, min: 0, max: 17)
Number of predicates discovered:          9
Number of abstraction locations:          2
Max number of predicates per location:    8
Avg number of predicates per location:    4
Total predicates per abstraction:         292
Max number of predicates per abstraction: 8
Avg number of predicates per abstraction: 3.04
Number of irrelevant predicates:          52 (18%)
Number of preds handled by boolean abs:   240 (82%)
  Total number of models for allsat:      164
  Max number of models for allsat:        9
  Avg number of models for allsat:        3.73
Number of path formula cache hits:        275 (17%)

Time for post operator:                                0.550s
  Time for path formula creation:                      0.549s
Time for strengthen operator:                          0.001s
Time for prec operator:                               36.417s
  Time for abstraction:                 36.412s (Max:     5.035s, Count: 119)
    Boolean abstraction:                 0.027s
    Solving time:                       36.216s (Max:     5.021s)
    Model enumeration time:              0.009s
    Time for BDD construction:           0.003s (Max:     0.001s)
Time for merge operator:                               0.006s
Time for coverage checks:                              0.002s
  Time for BDD entailment checks:                      0.002s
Total time for SMT solver (w/o itp):    36.225s

Number of BDD nodes:                               1024
Size of BDD node table:                            100511
Size of BDD cache:                                 10061
Size of BDD node cleanup queue:                    0.00 (sum: 0, count: 1045, min: 0, max: 0)
Time for BDD node cleanup:                             0.000s
Time for BDD garbage collection:                       0.000s (in 0 runs)

Invariant Generation statistics
-------------------------------

AutomatonAnalysis (NonTerminationLabelAutomaton) statistics
-----------------------------------------------------------
Number of states:                                  1
Total time for successor computation:                  0.010s
Automaton transfers with branching:                0
Automaton transfer successors:                     1.00 (sum: 1518, count: 1518, min: 1, max: 1) [1 x 1518]
Number of states with assumption transitions:      0

AutomatonAnalysis (TerminatingFunctions) statistics
---------------------------------------------------
Number of states:                                  1
Total time for successor computation:                  0.001s
Automaton transfers with branching:                0
Automaton transfer successors:                     1.00 (sum: 1518, count: 1518, min: 1, max: 1) [1 x 1518]
Number of states with assumption transitions:      0

Termination Algorithm statistics
--------------------------------
Total time :                                          294.646s
Time for recursion analysis:                            0.000s

Number of analysed loops:                               2 (100%)
Total time for loop analysis:                         294.645s
  Avg time per loop analysis:                         147.322s
  Max time per loop analysis:                         294.326s

Number of safety analysis runs:                         3
  Avg safety analysis run per loop:                     1.50
  Max safety analysis run per loop:                     2 	 for loops [N39]
Total time for safety analysis:                       294.516s
  Avg time per safety analysis run:                    98.172s
  Max time per safety analysis run:                   294.326s

Number of analysed lassos:                              0
  Avg number of lassos per loop:                        0.00
  Max number of lassos per loop:                        0 	 for loops 
  Avg number of lassos per iteration:                   0.00
  Max number of lassos per iteration:                   0

Total time for lassos analysis:                         0.126s
  Avg time per iteration:                               0.126s
  Max time per iteration:                               0.126s
  Time for lassos construction:                         0.126s
    Avg time for lasso construction per iteration:      0.126s
    Max time for lasso construction per iteration:      0.126s
      Time for stem and loop construction:                         0.000s
        Avg time for stem and loop construction per iteration:      0.000s
        Max time for stem and loop construction per iteration:      0.000s
      Time for lassos creation:                         0.096s
        Avg time for lassos creation per iteration:      0.096s
        Max time for lassos creation per iteration:      0.096s
  Total time for non-termination analysis:              0.000s
    Avg time for non-termination analysis per lasso:    0.000s
    Max time for non-termination analysis per lasso:    0.000s
  Total time for termination analysis:                  0.000s
    Avg time for termination analysis per lasso:        0.000s
    Max time for termination analysis per lasso:        0.000s

Total number of termination arguments:                  0
  Avg termination arguments per loop:                   0.00
  Max termination arguments per loop:                   0 	 for loops 


Code Coverage
-----------------------------
  Function coverage:      1.000
  Visited lines:          12
  Total lines:            12
  Line coverage:          1.000
  Visited conditions:     8
  Total conditions:       16
  Condition coverage:     0.500

CPAchecker general statistics
-----------------------------
Number of program locations:                       29
Number of CFA edges (per node):                          32 (count: 29, min: 0, max: 2, avg: 1.10)
Number of relevant variables:                      4
Number of functions:                               1
Number of loops (and loop nodes):                         2 (sum: 18, min: 4, max: 14, avg: 9.00)
Size of reached set:             60
  Number of reached locations:   19 (66%)
    Avg states per location:     3
    Max states per location:     9 (at node N39)
  Number of reached functions:   1 (100%)
  Number of partitions:          43
    Avg size of partitions:      1
    Max size of partitions:      9 (with key [N39 (before line 14), Function main called from node N31, stack depth 1 [46866946], stack [main]])
  Number of target states:       1
  Size of final wait list:       4

Time for analysis setup:          0.537s
  Time for loading CPAs:          0.108s
  Time for loading parser:        0.100s
  Time for CFA construction:      0.179s
    Time for parsing file(s):     0.071s
    Time for AST to CFA:          0.047s
    Time for CFA sanity check:    0.004s
    Time for post-processing:     0.044s
    Time for loop structure:      0.003s
    Time for AST structure:       0.000s
      Time for function pointers resolving:            0.001s
        Function calls via function pointers:             0 (count: 1, min: 0, max: 0, avg: 0.00)
        Instrumented function pointer calls:              0 (count: 1, min: 0, max: 0, avg: 0.00)
        Function calls with function pointer arguments:        0 (count: 1, min: 0, max: 0, avg: 0.00)
        Instrumented function pointer arguments:          0 (count: 1, min: 0, max: 0, avg: 0.00)
      Time for classifying variables:                  0.026s
        Time for collecting variables:                 0.013s
        Time for solving dependencies:                 0.000s
        Time for building hierarchy:                   0.000s
        Time for building classification:              0.013s
        Time for exporting data:                       0.000s
Time for Analysis:              294.646s
CPU time for analysis:          298.730s
Total time for CPAchecker:      295.183s
Total CPU time for CPAchecker:  300.240s
Time for statistics:              0.019s

Time for Garbage Collector:       0.013s (in 2 runs)
Garbage Collector(s) used:    PS MarkSweep, PS Scavenge
Used heap memory:                494MB (   471 MiB) max;    365MB (   348 MiB) avg;    511MB (   488 MiB) peak
Used non-heap memory:             54MB (    52 MiB) max;     52MB (    50 MiB) avg;     57MB (    54 MiB) peak
Used in PS Old Gen pool:          16MB (    15 MiB) max;     16MB (    15 MiB) avg;     16MB (    15 MiB) peak
Allocated heap memory:          2010MB (  1917 MiB) max;   2010MB (  1917 MiB) avg
Allocated non-heap memory:        57MB (    54 MiB) max;     55MB (    53 MiB) avg
Total process virtual memory:   7330MB (  6991 MiB) max;   7253MB (  6917 MiB) avg

Verification result: UNKNOWN, incomplete analysis.
More details about the verification run can be found in the directory "./output".
