Running CPAchecker with Java heap of size 2000M.
Running CPAchecker with default stack size (1024k). Specify a larger value with --stack if needed.
Using the following resource limits: CPU-time limit of 300s (ResourceLimitChecker.fromConfiguration, INFO)

CPAchecker 4.2.2-2096-gb9f51b640f+ / termination-composition-lassoBasedAnalysis (OpenJDK 64-Bit Server VM 21.0.10) started (CPAchecker.run, INFO)

Parsing CFA from file(s) "/home/swear01/sv-benchmarks/c/termination-crafted/LexIndexValue-Pointer-2.c" (CPAchecker.parse, INFO)

Using predicate analysis with MathSAT5 version 5.6.11 (1a1154baf0ab) (Aug  9 2024 08:45:22, gmp 6.2.0, gcc 7.5.0, 64-bit, reentrant) and JFactory 1.21. (PredicateCPA:PredicateCPA.<init>, INFO)

Using refinement for predicate analysis with PredicateAbstractionRefinementStrategy strategy. (PredicateCPA:PredicateCPARefiner.<init>, INFO)

Using unsound approximation of ints with unbounded integers and floats with rationals for encoding program semantics. (FormulaManagerView.<init>, WARNING)

The following configuration options were specified but are not used:
 counterexample.checker.config
 counterexample.checker 
 (CPAchecker.printConfigurationWarnings, WARNING)

Starting analysis ... (CPAchecker.runAlgorithm, INFO)

Starting termination algorithm. (TerminationAlgorithm.run0, INFO)

Warning: Could not extract lasso (Loop with heads [N49]
  incoming: [lines 18-20:	N48 -{int i = 0;}-> N49]
  outgoing: [line 18:	N49 -{[!(i < 1048)]}-> N52]
  nodes:    [N49, N50, N51, N53]
). (Unknown sort in equality) (InequalityConverter.convert, WARNING)

Could not synthesize a termination or non-termination argument. (TerminationAlgorithm.proveLoopTermination, WARNING)

refinement # 1 : predicates= 3  traceStates= 4 (PredicateCPA:PredicateCPARefiner.performRefinementForPathImpl, INFO)

refinement # 2 : predicates= 4  traceStates= 5 (PredicateCPA:PredicateCPARefiner.performRefinementForPathImpl, INFO)

refinement # 3 : predicates= 5  traceStates= 6 (PredicateCPA:PredicateCPARefiner.performRefinementForPathImpl, INFO)

refinement # 4 : predicates= 6  traceStates= 7 (PredicateCPA:PredicateCPARefiner.performRefinementForPathImpl, INFO)

refinement # 5 : predicates= 7  traceStates= 8 (PredicateCPA:PredicateCPARefiner.performRefinementForPathImpl, INFO)

refinement # 6 : predicates= 8  traceStates= 9 (PredicateCPA:PredicateCPARefiner.performRefinementForPathImpl, INFO)

refinement # 7 : predicates= 9  traceStates= 10 (PredicateCPA:PredicateCPARefiner.performRefinementForPathImpl, INFO)

refinement # 8 : predicates= 10  traceStates= 11 (PredicateCPA:PredicateCPARefiner.performRefinementForPathImpl, INFO)

refinement # 9 : predicates= 11  traceStates= 12 (PredicateCPA:PredicateCPARefiner.performRefinementForPathImpl, INFO)

refinement # 10 : predicates= 12  traceStates= 13 (PredicateCPA:PredicateCPARefiner.performRefinementForPathImpl, INFO)

refinement # 11 : predicates= 13  traceStates= 14 (PredicateCPA:PredicateCPARefiner.performRefinementForPathImpl, INFO)

refinement # 12 : predicates= 14  traceStates= 15 (PredicateCPA:PredicateCPARefiner.performRefinementForPathImpl, INFO)

refinement # 13 : predicates= 15  traceStates= 16 (PredicateCPA:PredicateCPARefiner.performRefinementForPathImpl, INFO)

refinement # 14 : predicates= 16  traceStates= 17 (PredicateCPA:PredicateCPARefiner.performRefinementForPathImpl, INFO)

refinement # 15 : predicates= 17  traceStates= 18 (PredicateCPA:PredicateCPARefiner.performRefinementForPathImpl, INFO)

refinement # 16 : predicates= 18  traceStates= 19 (PredicateCPA:PredicateCPARefiner.performRefinementForPathImpl, INFO)

refinement # 17 : predicates= 19  traceStates= 20 (PredicateCPA:PredicateCPARefiner.performRefinementForPathImpl, INFO)

refinement # 18 : predicates= 20  traceStates= 21 (PredicateCPA:PredicateCPARefiner.performRefinementForPathImpl, INFO)

refinement # 19 : predicates= 21  traceStates= 22 (PredicateCPA:PredicateCPARefiner.performRefinementForPathImpl, INFO)

refinement # 20 : predicates= 22  traceStates= 23 (PredicateCPA:PredicateCPARefiner.performRefinementForPathImpl, INFO)

refinement # 21 : predicates= 23  traceStates= 24 (PredicateCPA:PredicateCPARefiner.performRefinementForPathImpl, INFO)

refinement # 22 : predicates= 24  traceStates= 25 (PredicateCPA:PredicateCPARefiner.performRefinementForPathImpl, INFO)

refinement # 23 : predicates= 25  traceStates= 26 (PredicateCPA:PredicateCPARefiner.performRefinementForPathImpl, INFO)

refinement # 24 : predicates= 26  traceStates= 27 (PredicateCPA:PredicateCPARefiner.performRefinementForPathImpl, INFO)

refinement # 25 : predicates= 27  traceStates= 28 (PredicateCPA:PredicateCPARefiner.performRefinementForPathImpl, INFO)

refinement # 26 : predicates= 28  traceStates= 29 (PredicateCPA:PredicateCPARefiner.performRefinementForPathImpl, INFO)

refinement # 27 : predicates= 29  traceStates= 30 (PredicateCPA:PredicateCPARefiner.performRefinementForPathImpl, INFO)

refinement # 28 : predicates= 30  traceStates= 31 (PredicateCPA:PredicateCPARefiner.performRefinementForPathImpl, INFO)

refinement # 29 : predicates= 31  traceStates= 32 (PredicateCPA:PredicateCPARefiner.performRefinementForPathImpl, INFO)

refinement # 30 : predicates= 32  traceStates= 33 (PredicateCPA:PredicateCPARefiner.performRefinementForPathImpl, INFO)

refinement # 31 : predicates= 33  traceStates= 34 (PredicateCPA:PredicateCPARefiner.performRefinementForPathImpl, INFO)

refinement # 32 : predicates= 34  traceStates= 35 (PredicateCPA:PredicateCPARefiner.performRefinementForPathImpl, INFO)

refinement # 33 : predicates= 35  traceStates= 36 (PredicateCPA:PredicateCPARefiner.performRefinementForPathImpl, INFO)

refinement # 34 : predicates= 36  traceStates= 37 (PredicateCPA:PredicateCPARefiner.performRefinementForPathImpl, INFO)

refinement # 35 : predicates= 37  traceStates= 38 (PredicateCPA:PredicateCPARefiner.performRefinementForPathImpl, INFO)

refinement # 36 : predicates= 38  traceStates= 39 (PredicateCPA:PredicateCPARefiner.performRefinementForPathImpl, INFO)

refinement # 37 : predicates= 39  traceStates= 40 (PredicateCPA:PredicateCPARefiner.performRefinementForPathImpl, INFO)

refinement # 38 : predicates= 40  traceStates= 41 (PredicateCPA:PredicateCPARefiner.performRefinementForPathImpl, INFO)

refinement # 39 : predicates= 41  traceStates= 42 (PredicateCPA:PredicateCPARefiner.performRefinementForPathImpl, INFO)

refinement # 40 : predicates= 42  traceStates= 43 (PredicateCPA:PredicateCPARefiner.performRefinementForPathImpl, INFO)

refinement # 41 : predicates= 43  traceStates= 44 (PredicateCPA:PredicateCPARefiner.performRefinementForPathImpl, INFO)

refinement # 42 : predicates= 44  traceStates= 45 (PredicateCPA:PredicateCPARefiner.performRefinementForPathImpl, INFO)

refinement # 43 : predicates= 45  traceStates= 46 (PredicateCPA:PredicateCPARefiner.performRefinementForPathImpl, INFO)

refinement # 44 : predicates= 46  traceStates= 47 (PredicateCPA:PredicateCPARefiner.performRefinementForPathImpl, INFO)

refinement # 45 : predicates= 47  traceStates= 48 (PredicateCPA:PredicateCPARefiner.performRefinementForPathImpl, INFO)

refinement # 46 : predicates= 48  traceStates= 49 (PredicateCPA:PredicateCPARefiner.performRefinementForPathImpl, INFO)

refinement # 47 : predicates= 49  traceStates= 50 (PredicateCPA:PredicateCPARefiner.performRefinementForPathImpl, INFO)

refinement # 48 : predicates= 50  traceStates= 51 (PredicateCPA:PredicateCPARefiner.performRefinementForPathImpl, INFO)

refinement # 49 : predicates= 51  traceStates= 52 (PredicateCPA:PredicateCPARefiner.performRefinementForPathImpl, INFO)

refinement # 50 : predicates= 52  traceStates= 53 (PredicateCPA:PredicateCPARefiner.performRefinementForPathImpl, INFO)

refinement # 51 : predicates= 53  traceStates= 54 (PredicateCPA:PredicateCPARefiner.performRefinementForPathImpl, INFO)

refinement # 52 : predicates= 54  traceStates= 55 (PredicateCPA:PredicateCPARefiner.performRefinementForPathImpl, INFO)

refinement # 53 : predicates= 55  traceStates= 56 (PredicateCPA:PredicateCPARefiner.performRefinementForPathImpl, INFO)

refinement # 54 : predicates= 56  traceStates= 57 (PredicateCPA:PredicateCPARefiner.performRefinementForPathImpl, INFO)

refinement # 55 : predicates= 57  traceStates= 58 (PredicateCPA:PredicateCPARefiner.performRefinementForPathImpl, INFO)

refinement # 56 : predicates= 58  traceStates= 59 (PredicateCPA:PredicateCPARefiner.performRefinementForPathImpl, INFO)

refinement # 57 : predicates= 59  traceStates= 60 (PredicateCPA:PredicateCPARefiner.performRefinementForPathImpl, INFO)

refinement # 58 : predicates= 60  traceStates= 61 (PredicateCPA:PredicateCPARefiner.performRefinementForPathImpl, INFO)

refinement # 59 : predicates= 61  traceStates= 62 (PredicateCPA:PredicateCPARefiner.performRefinementForPathImpl, INFO)

refinement # 60 : predicates= 62  traceStates= 63 (PredicateCPA:PredicateCPARefiner.performRefinementForPathImpl, INFO)

refinement # 61 : predicates= 63  traceStates= 64 (PredicateCPA:PredicateCPARefiner.performRefinementForPathImpl, INFO)

refinement # 62 : predicates= 64  traceStates= 65 (PredicateCPA:PredicateCPARefiner.performRefinementForPathImpl, INFO)

refinement # 63 : predicates= 65  traceStates= 66 (PredicateCPA:PredicateCPARefiner.performRefinementForPathImpl, INFO)

refinement # 64 : predicates= 66  traceStates= 67 (PredicateCPA:PredicateCPARefiner.performRefinementForPathImpl, INFO)

refinement # 65 : predicates= 67  traceStates= 68 (PredicateCPA:PredicateCPARefiner.performRefinementForPathImpl, INFO)

refinement # 66 : predicates= 68  traceStates= 69 (PredicateCPA:PredicateCPARefiner.performRefinementForPathImpl, INFO)

refinement # 67 : predicates= 69  traceStates= 70 (PredicateCPA:PredicateCPARefiner.performRefinementForPathImpl, INFO)

refinement # 68 : predicates= 70  traceStates= 71 (PredicateCPA:PredicateCPARefiner.performRefinementForPathImpl, INFO)

refinement # 69 : predicates= 71  traceStates= 72 (PredicateCPA:PredicateCPARefiner.performRefinementForPathImpl, INFO)

refinement # 70 : predicates= 72  traceStates= 73 (PredicateCPA:PredicateCPARefiner.performRefinementForPathImpl, INFO)

refinement # 71 : predicates= 73  traceStates= 74 (PredicateCPA:PredicateCPARefiner.performRefinementForPathImpl, INFO)

refinement # 72 : predicates= 74  traceStates= 75 (PredicateCPA:PredicateCPARefiner.performRefinementForPathImpl, INFO)

refinement # 73 : predicates= 75  traceStates= 76 (PredicateCPA:PredicateCPARefiner.performRefinementForPathImpl, INFO)

refinement # 74 : predicates= 76  traceStates= 77 (PredicateCPA:PredicateCPARefiner.performRefinementForPathImpl, INFO)

refinement # 75 : predicates= 77  traceStates= 78 (PredicateCPA:PredicateCPARefiner.performRefinementForPathImpl, INFO)

refinement # 76 : predicates= 78  traceStates= 79 (PredicateCPA:PredicateCPARefiner.performRefinementForPathImpl, INFO)

refinement # 77 : predicates= 79  traceStates= 80 (PredicateCPA:PredicateCPARefiner.performRefinementForPathImpl, INFO)

refinement # 78 : predicates= 80  traceStates= 81 (PredicateCPA:PredicateCPARefiner.performRefinementForPathImpl, INFO)

refinement # 79 : predicates= 81  traceStates= 82 (PredicateCPA:PredicateCPARefiner.performRefinementForPathImpl, INFO)

refinement # 80 : predicates= 82  traceStates= 83 (PredicateCPA:PredicateCPARefiner.performRefinementForPathImpl, INFO)

refinement # 81 : predicates= 83  traceStates= 84 (PredicateCPA:PredicateCPARefiner.performRefinementForPathImpl, INFO)

refinement # 82 : predicates= 84  traceStates= 85 (PredicateCPA:PredicateCPARefiner.performRefinementForPathImpl, INFO)

refinement # 83 : predicates= 85  traceStates= 86 (PredicateCPA:PredicateCPARefiner.performRefinementForPathImpl, INFO)

refinement # 84 : predicates= 86  traceStates= 87 (PredicateCPA:PredicateCPARefiner.performRefinementForPathImpl, INFO)

refinement # 85 : predicates= 87  traceStates= 88 (PredicateCPA:PredicateCPARefiner.performRefinementForPathImpl, INFO)

refinement # 86 : predicates= 88  traceStates= 89 (PredicateCPA:PredicateCPARefiner.performRefinementForPathImpl, INFO)

refinement # 87 : predicates= 89  traceStates= 90 (PredicateCPA:PredicateCPARefiner.performRefinementForPathImpl, INFO)

refinement # 88 : predicates= 90  traceStates= 91 (PredicateCPA:PredicateCPARefiner.performRefinementForPathImpl, INFO)

refinement # 89 : predicates= 91  traceStates= 92 (PredicateCPA:PredicateCPARefiner.performRefinementForPathImpl, INFO)

refinement # 90 : predicates= 92  traceStates= 93 (PredicateCPA:PredicateCPARefiner.performRefinementForPathImpl, INFO)

refinement # 91 : predicates= 93  traceStates= 94 (PredicateCPA:PredicateCPARefiner.performRefinementForPathImpl, INFO)

refinement # 92 : predicates= 94  traceStates= 95 (PredicateCPA:PredicateCPARefiner.performRefinementForPathImpl, INFO)

refinement # 93 : predicates= 95  traceStates= 96 (PredicateCPA:PredicateCPARefiner.performRefinementForPathImpl, INFO)

refinement # 94 : predicates= 96  traceStates= 97 (PredicateCPA:PredicateCPARefiner.performRefinementForPathImpl, INFO)

refinement # 95 : predicates= 97  traceStates= 98 (PredicateCPA:PredicateCPARefiner.performRefinementForPathImpl, INFO)

refinement # 96 : predicates= 98  traceStates= 99 (PredicateCPA:PredicateCPARefiner.performRefinementForPathImpl, INFO)

refinement # 97 : predicates= 99  traceStates= 100 (PredicateCPA:PredicateCPARefiner.performRefinementForPathImpl, INFO)

refinement # 98 : predicates= 100  traceStates= 101 (PredicateCPA:PredicateCPARefiner.performRefinementForPathImpl, INFO)

refinement # 99 : predicates= 101  traceStates= 102 (PredicateCPA:PredicateCPARefiner.performRefinementForPathImpl, INFO)

refinement # 100 : predicates= 102  traceStates= 103 (PredicateCPA:PredicateCPARefiner.performRefinementForPathImpl, INFO)

refinement # 101 : predicates= 103  traceStates= 104 (PredicateCPA:PredicateCPARefiner.performRefinementForPathImpl, INFO)

refinement # 102 : predicates= 104  traceStates= 105 (PredicateCPA:PredicateCPARefiner.performRefinementForPathImpl, INFO)

refinement # 103 : predicates= 105  traceStates= 106 (PredicateCPA:PredicateCPARefiner.performRefinementForPathImpl, INFO)

refinement # 104 : predicates= 106  traceStates= 107 (PredicateCPA:PredicateCPARefiner.performRefinementForPathImpl, INFO)

refinement # 105 : predicates= 107  traceStates= 108 (PredicateCPA:PredicateCPARefiner.performRefinementForPathImpl, INFO)

refinement # 106 : predicates= 108  traceStates= 109 (PredicateCPA:PredicateCPARefiner.performRefinementForPathImpl, INFO)

Shutdown requested (The CPU-time limit of 300s has elapsed.), waiting for termination. (ForceTerminationOnShutdown$1.shutdownRequested, WARNING)

Warning: Analysis interrupted (The CPU-time limit of 300s has elapsed.) (ShutdownNotifier.shutdownIfNecessary, WARNING)


PredicateCPA statistics
-----------------------
Number of abstractions:            11762 (11% of all post computations)
  Times abstraction was reused:    0
  Because of function entry/exit:  0 (0%)
  Because of loop head:            11654 (99%)
  Because of join nodes:           0 (0%)
  Because of threshold:            0 (0%)
  Because of target state:         108 (1%)
  Times precision was empty:       120 (1%)
  Times precision was {false}:     5873 (50%)
  Times result was cached:         0 (0%)
  Times cartesian abs was used:    0 (0%)
  Times boolean abs was used:      5769 (49%)
  Times result was 'false':        5663 (48%)
Number of strengthen sat checks:   0
Number of coverage checks:         407992
  BDD entailment checks:           406482
Number of SMT sat checks:          0
  trivial:                         0
  cached:                          0

Max ABE block size:                       20
Avg ABE block size:                                7.06 (sum: 83087, count: 11762, min: 0, max: 20)
Number of predicates discovered:          107
Number of abstraction locations:          2
Max number of predicates per location:    106
Avg number of predicates per location:    53
Total predicates per abstraction:         413337
Max number of predicates per abstraction: 106
Avg number of predicates per abstraction: 35.50
Number of irrelevant predicates:          5873 (1%)
Number of preds handled by boolean abs:   407464 (99%)
  Total number of models for allsat:      209006
  Max number of models for allsat:        106
  Avg number of models for allsat:        36.23
Number of path formula cache hits:        39521 (36%)

Time for post operator:                                0.555s
  Time for path formula creation:                      0.544s
Time for strengthen operator:                          0.025s
Time for prec operator:                              188.984s
  Time for abstraction:                188.884s (Max:     0.245s, Count: 11762)
    Boolean abstraction:               171.179s
    Solving time:                       16.897s (Max:     0.009s)
    Model enumeration time:            158.307s
    Time for BDD construction:          28.825s (Max:     0.008s)
Time for merge operator:                               0.013s
Time for coverage checks:                              1.213s
  Time for BDD entailment checks:                      1.203s
Total time for SMT solver (w/o itp):   175.204s

Number of BDD nodes:                               242606
Size of BDD node table:                            300439
Size of BDD cache:                                 30047
Size of BDD node cleanup queue:                    1.12 (sum: 981104, count: 877182, min: 0, max: 37807)
Time for BDD node cleanup:                             0.117s
Time for BDD garbage collection:                       4.108s (in 2765 runs)

Invariant Generation statistics
-------------------------------

AutomatonAnalysis (NonTerminationLabelAutomaton) statistics
-----------------------------------------------------------
Number of states:                                  1
Total time for successor computation:                  0.058s
Automaton transfers with branching:                0
Automaton transfer successors:                     1.00 (sum: 107640, count: 107640, min: 1, max: 1) [1 x 107640]
Number of states with assumption transitions:      0

AutomatonAnalysis (TerminatingFunctions) statistics
---------------------------------------------------
Number of states:                                  1
Total time for successor computation:                  0.010s
Automaton transfers with branching:                0
Automaton transfer successors:                     1.00 (sum: 107640, count: 107640, min: 1, max: 1) [1 x 107640]
Number of states with assumption transitions:      0

Termination Algorithm statistics
--------------------------------
Total time :                                          290.337s
Time for recursion analysis:                            0.000s

Number of analysed loops:                               2 (100%)
Total time for loop analysis:                         290.337s
  Avg time per loop analysis:                         145.168s
  Max time per loop analysis:                         290.163s

Number of safety analysis runs:                         3
  Avg safety analysis run per loop:                     1.50
  Max safety analysis run per loop:                     2 	 for loops [N49]
Total time for safety analysis:                       290.233s
  Avg time per safety analysis run:                    96.744s
  Max time per safety analysis run:                   290.163s

Number of analysed lassos:                              0
  Avg number of lassos per loop:                        0.00
  Max number of lassos per loop:                        0 	 for loops 
  Avg number of lassos per iteration:                   0.00
  Max number of lassos per iteration:                   0

Total time for lassos analysis:                         0.101s
  Avg time per iteration:                               0.101s
  Max time per iteration:                               0.101s
  Time for lassos construction:                         0.101s
    Avg time for lasso construction per iteration:      0.101s
    Max time for lasso construction per iteration:      0.101s
      Time for stem and loop construction:                         0.000s
        Avg time for stem and loop construction per iteration:      0.000s
        Max time for stem and loop construction per iteration:      0.000s
      Time for lassos creation:                         0.094s
        Avg time for lassos creation per iteration:      0.094s
        Max time for lassos creation per iteration:      0.094s
  Total time for non-termination analysis:              0.000s
    Avg time for non-termination analysis per lasso:    0.000s
    Max time for non-termination analysis per lasso:    0.000s
  Total time for termination analysis:                  0.000s
    Avg time for termination analysis per lasso:        0.000s
    Max time for termination analysis per lasso:        0.000s

Total number of termination arguments:                  0
  Avg termination arguments per loop:                   0.00
  Max termination arguments per loop:                   0 	 for loops 


Code Coverage
-----------------------------
  Function coverage:      1.000
  Visited lines:          7
  Total lines:            15
  Line coverage:          0.467
  Visited conditions:     2
  Total conditions:       10
  Condition coverage:     0.200

CPAchecker general statistics
-----------------------------
Number of program locations:                       35
Number of CFA edges (per node):                          38 (count: 35, min: 0, max: 2, avg: 1.09)
Number of relevant variables:                      4
Number of functions:                               1
Number of loops (and loop nodes):                         2 (sum: 18, min: 4, max: 14, avg: 9.00)
Size of reached set:             493
  Number of reached locations:   8 (23%)
    Avg states per location:     61
    Max states per location:     98 (at node N49)
  Number of reached functions:   1 (100%)
  Number of partitions:          396
    Avg size of partitions:      1
    Max size of partitions:      98 (with key [N49 (before line 18), Function main called from node N37, stack depth 1 [616b241a], stack [main]])
  Number of target states:       0
  Size of final wait list:       1

Time for analysis setup:          0.517s
  Time for loading CPAs:          0.099s
  Time for loading parser:        0.079s
  Time for CFA construction:      0.182s
    Time for parsing file(s):     0.079s
    Time for AST to CFA:          0.052s
    Time for CFA sanity check:    0.003s
    Time for post-processing:     0.030s
    Time for loop structure:      0.002s
    Time for AST structure:       0.000s
      Time for function pointers resolving:            0.001s
        Function calls via function pointers:             0 (count: 1, min: 0, max: 0, avg: 0.00)
        Instrumented function pointer calls:              0 (count: 1, min: 0, max: 0, avg: 0.00)
        Function calls with function pointer arguments:        0 (count: 1, min: 0, max: 0, avg: 0.00)
        Instrumented function pointer arguments:          0 (count: 1, min: 0, max: 0, avg: 0.00)
      Time for classifying variables:                  0.016s
        Time for collecting variables:                 0.007s
        Time for solving dependencies:                 0.000s
        Time for building hierarchy:                   0.000s
        Time for building classification:              0.009s
        Time for exporting data:                       0.000s
Time for Analysis:              290.337s
CPU time for analysis:          298.600s
Total time for CPAchecker:      290.855s
Total CPU time for CPAchecker:  300.100s
Time for statistics:              0.018s

Time for Garbage Collector:       0.164s (in 44 runs)
Garbage Collector(s) used:    PS MarkSweep, PS Scavenge
Used heap memory:                564MB (   538 MiB) max;    277MB (   264 MiB) avg;    705MB (   672 MiB) peak
Used non-heap memory:             60MB (    57 MiB) max;     59MB (    56 MiB) avg;     63MB (    60 MiB) peak
Used in PS Old Gen pool:         149MB (   142 MiB) max;     96MB (    91 MiB) avg;    149MB (   142 MiB) peak
Allocated heap memory:          2010MB (  1917 MiB) max;   1765MB (  1683 MiB) avg
Allocated non-heap memory:        63MB (    60 MiB) max;     62MB (    59 MiB) avg
Total process virtual memory:   7074MB (  6746 MiB) max;   7003MB (  6679 MiB) avg

Verification result: UNKNOWN, incomplete analysis.
More details about the verification run can be found in the directory "./output".
