Running CPAchecker with Java heap of size 2000M.
Running CPAchecker with default stack size (1024k). Specify a larger value with --stack if needed.
Using the following resource limits: CPU-time limit of 300s (ResourceLimitChecker.fromConfiguration, INFO)

CPAchecker 4.2.2-2096-gb9f51b640f+ / termination-composition-lassoBasedAnalysis (OpenJDK 64-Bit Server VM 21.0.10) started (CPAchecker.run, INFO)

Parsing CFA from file(s) "/home/swear01/sv-benchmarks/c/termination-crafted/Madrid.c" (CPAchecker.parse, INFO)

line 17: Dead code detected: return 0; (CFACreationUtils.addEdgeToCFA, INFO)

Using predicate analysis with MathSAT5 version 5.6.11 (1a1154baf0ab) (Aug  9 2024 08:45:22, gmp 6.2.0, gcc 7.5.0, 64-bit, reentrant) and JFactory 1.21. (PredicateCPA:PredicateCPA.<init>, INFO)

Using refinement for predicate analysis with PredicateAbstractionRefinementStrategy strategy. (PredicateCPA:PredicateCPARefiner.<init>, INFO)

Using unsound approximation of ints with unbounded integers and floats with rationals for encoding program semantics. (FormulaManagerView.<init>, WARNING)

The following configuration options were specified but are not used:
 counterexample.checker.config
 counterexample.checker 
 (CPAchecker.printConfigurationWarnings, WARNING)

Starting analysis ... (CPAchecker.runAlgorithm, INFO)

Starting termination algorithm. (TerminationAlgorithm.run0, INFO)

Could not synthesize a termination or non-termination argument. (TerminationAlgorithm.proveLoopTermination, WARNING)

Termination algorithm did not find a non-terminating loop. (TerminationAlgorithm.run0, INFO)

Stopping analysis ... (CPAchecker.runAlgorithm, INFO)

Analysis incomplete: no errors found, but not everything could be checked. (CPAchecker.analyzeResult, WARNING)


PredicateCPA statistics
-----------------------
Number of abstractions:            5 (9% of all post computations)
  Times abstraction was reused:    0
  Because of function entry/exit:  0 (0%)
  Because of loop head:            4 (80%)
  Because of join nodes:           0 (0%)
  Because of threshold:            0 (0%)
  Because of target state:         1 (20%)
  Times precision was empty:       5 (100%)
  Times precision was {false}:     0 (0%)
  Times result was cached:         0 (0%)
  Times cartesian abs was used:    0 (0%)
  Times boolean abs was used:      0 (0%)
  Times result was 'false':        0 (0%)
Number of strengthen sat checks:   0
Number of coverage checks:         10
  BDD entailment checks:           4
Number of SMT sat checks:          0
  trivial:                         0
  cached:                          0

Max ABE block size:                       6
Avg ABE block size:                                3.80 (sum: 19, count: 5, min: 0, max: 6)
Number of predicates discovered:          0
Number of path formula cache hits:        8 (11%)

Time for post operator:                                0.020s
  Time for path formula creation:                      0.020s
Time for strengthen operator:                          0.000s
Time for prec operator:                                0.001s
  Time for abstraction:                  0.000s (Max:     0.000s, Count: 5)
    Solving time:                        0.000s (Max:     0.000s)
    Model enumeration time:              0.000s
    Time for BDD construction:           0.000s (Max:     0.000s)
Time for merge operator:                               0.001s
Time for coverage checks:                              0.001s
  Time for BDD entailment checks:                      0.001s
Total time for SMT solver (w/o itp):     0.000s

Number of BDD nodes:                               202
Size of BDD node table:                            100511
Size of BDD cache:                                 10061
Size of BDD node cleanup queue:                    0.00 (sum: 0, count: 11, min: 0, max: 0)
Time for BDD node cleanup:                             0.000s
Time for BDD garbage collection:                       0.000s (in 0 runs)

Invariant Generation statistics
-------------------------------

AutomatonAnalysis (NonTerminationLabelAutomaton) statistics
-----------------------------------------------------------
Number of states:                                  1
Total time for successor computation:                  0.001s
Automaton transfers with branching:                0
Automaton transfer successors:                     1.00 (sum: 57, count: 57, min: 1, max: 1) [1 x 57]
Number of states with assumption transitions:      0

AutomatonAnalysis (TerminatingFunctions) statistics
---------------------------------------------------
Number of states:                                  1
Total time for successor computation:                  0.000s
Automaton transfers with branching:                0
Automaton transfer successors:                     1.00 (sum: 57, count: 57, min: 1, max: 1) [1 x 57]
Number of states with assumption transitions:      0

Termination Algorithm statistics
--------------------------------
Total time :                                            0.223s
Time for recursion analysis:                            0.000s

Number of analysed loops:                               1 (100%)
Total time for loop analysis:                           0.223s
  Avg time per loop analysis:                           0.223s
  Max time per loop analysis:                           0.223s

Number of safety analysis runs:                         2
  Avg safety analysis run per loop:                     2.00
  Max safety analysis run per loop:                     2 	 for loops [N24]
Total time for safety analysis:                         0.051s
  Avg time per safety analysis run:                     0.025s
  Max time per safety analysis run:                     0.049s

Number of analysed lassos:                              1
  Avg number of lassos per loop:                        1.00
  Max number of lassos per loop:                        1 	 for loops [N24]
  Avg number of lassos per iteration:                   1.00
  Max number of lassos per iteration:                   1

Total time for lassos analysis:                         0.169s
  Avg time per iteration:                               0.169s
  Max time per iteration:                               0.169s
  Time for lassos construction:                         0.021s
    Avg time for lasso construction per iteration:      0.021s
    Max time for lasso construction per iteration:      0.021s
      Time for stem and loop construction:                         0.000s
        Avg time for stem and loop construction per iteration:      0.000s
        Max time for stem and loop construction per iteration:      0.000s
      Time for lassos creation:                         0.019s
        Avg time for lassos creation per iteration:      0.019s
        Max time for lassos creation per iteration:      0.019s
  Total time for non-termination analysis:              0.035s
    Avg time for non-termination analysis per lasso:    0.035s
    Max time for non-termination analysis per lasso:    0.035s
  Total time for termination analysis:                  0.113s
    Avg time for termination analysis per lasso:        0.113s
    Max time for termination analysis per lasso:        0.113s

Total number of termination arguments:                  0
  Avg termination arguments per loop:                   0.00
  Max termination arguments per loop:                   0 	 for loops 


Code Coverage
-----------------------------
  Function coverage:      1.000
  Visited lines:          5
  Total lines:            5
  Line coverage:          1.000

CPAchecker general statistics
-----------------------------
Number of program locations:                       12
Number of CFA edges (per node):                          12 (count: 12, min: 1, max: 1, avg: 1.00)
Number of relevant variables:                      0
Number of functions:                               1
Number of loops (and loop nodes):                         1 (sum: 3, min: 3, max: 3, avg: 3.00)
Size of reached set:             8
  Number of reached locations:   5 (42%)
    Avg states per location:     1
    Max states per location:     3 (at node N25)
  Number of reached functions:   1 (100%)
  Number of partitions:          6
    Avg size of partitions:      1
    Max size of partitions:      2 (with key [N24 (before line 14), Function main called from node N15, stack depth 1 [796d3c9f], stack [main]])
  Number of target states:       0

Time for analysis setup:          0.627s
  Time for loading CPAs:          0.125s
  Time for loading parser:        0.096s
  Time for CFA construction:      0.262s
    Time for parsing file(s):     0.163s
    Time for AST to CFA:          0.049s
    Time for CFA sanity check:    0.002s
    Time for post-processing:     0.026s
    Time for loop structure:      0.001s
    Time for AST structure:       0.000s
      Time for function pointers resolving:            0.001s
        Function calls via function pointers:             0 (count: 1, min: 0, max: 0, avg: 0.00)
        Instrumented function pointer calls:              0 (count: 1, min: 0, max: 0, avg: 0.00)
        Function calls with function pointer arguments:        0 (count: 1, min: 0, max: 0, avg: 0.00)
        Instrumented function pointer arguments:          0 (count: 1, min: 0, max: 0, avg: 0.00)
      Time for classifying variables:                  0.014s
        Time for collecting variables:                 0.003s
        Time for solving dependencies:                 0.001s
        Time for building hierarchy:                   0.000s
        Time for building classification:              0.010s
        Time for exporting data:                       0.000s
Time for Analysis:                0.223s
CPU time for analysis:            0.800s
Time for analyzing result:        0.000s
Total time for CPAchecker:        0.850s
Total CPU time for CPAchecker:    2.340s
Time for statistics:              0.015s

Time for Garbage Collector:       0.011s (in 2 runs)
Garbage Collector(s) used:    PS MarkSweep, PS Scavenge
Used heap memory:                169MB (   161 MiB) max;    124MB (   119 MiB) avg;    211MB (   201 MiB) peak
Used non-heap memory:             46MB (    44 MiB) max;     29MB (    27 MiB) avg;     48MB (    45 MiB) peak
Used in PS Old Gen pool:          16MB (    15 MiB) max;      6MB (     5 MiB) avg;     16MB (    15 MiB) peak
Allocated heap memory:          2010MB (  1917 MiB) max;   2010MB (  1917 MiB) avg
Allocated non-heap memory:        48MB (    46 MiB) max;     31MB (    29 MiB) avg
Total process virtual memory:   7389MB (  7047 MiB) max;   5794MB (  5525 MiB) avg

Verification result: UNKNOWN, incomplete analysis.
More details about the verification run can be found in the directory "./output".
