Running CPAchecker with Java heap of size 2000M.
Running CPAchecker with default stack size (1024k). Specify a larger value with --stack if needed.
Using the following resource limits: CPU-time limit of 300s (ResourceLimitChecker.fromConfiguration, INFO)

CPAchecker 4.2.2-2096-gb9f51b640f+ / termination-composition-lassoBasedAnalysis (OpenJDK 64-Bit Server VM 21.0.10) started (CPAchecker.run, INFO)

Parsing CFA from file(s) "/home/swear01/sv-benchmarks/c/termination-crafted/McCarthy91_Iteration.c" (CPAchecker.parse, INFO)

Using predicate analysis with MathSAT5 version 5.6.11 (1a1154baf0ab) (Aug  9 2024 08:45:22, gmp 6.2.0, gcc 7.5.0, 64-bit, reentrant) and JFactory 1.21. (PredicateCPA:PredicateCPA.<init>, INFO)

Using refinement for predicate analysis with PredicateAbstractionRefinementStrategy strategy. (PredicateCPA:PredicateCPARefiner.<init>, INFO)

Using unsound approximation of ints with unbounded integers and floats with rationals for encoding program semantics. (FormulaManagerView.<init>, WARNING)

The following configuration options were specified but are not used:
 counterexample.checker.config
 counterexample.checker 
 (CPAchecker.printConfigurationWarnings, WARNING)

Starting analysis ... (CPAchecker.runAlgorithm, INFO)

Starting termination algorithm. (TerminationAlgorithm.run0, INFO)

refinement # 1 : predicates= 2  traceStates= 3 (PredicateCPA:PredicateCPARefiner.performRefinementForPathImpl, INFO)

refinement # 2 : predicates= 2  traceStates= 3 (PredicateCPA:PredicateCPARefiner.performRefinementForPathImpl, INFO)

refinement # 3 : predicates= 3  traceStates= 4 (PredicateCPA:PredicateCPARefiner.performRefinementForPathImpl, INFO)

refinement # 4 : predicates= 4  traceStates= 5 (PredicateCPA:PredicateCPARefiner.performRefinementForPathImpl, INFO)

refinement # 5 : predicates= 4  traceStates= 5 (PredicateCPA:PredicateCPARefiner.performRefinementForPathImpl, INFO)

refinement # 6 : predicates= 6  traceStates= 7 (PredicateCPA:PredicateCPARefiner.performRefinementForPathImpl, INFO)

Termination algorithm did not find a non-terminating loop. (TerminationAlgorithm.run0, INFO)

Stopping analysis ... (CPAchecker.runAlgorithm, INFO)


PredicateCPA statistics
-----------------------
Number of abstractions:            212 (6% of all post computations)
  Times abstraction was reused:    0
  Because of function entry/exit:  0 (0%)
  Because of loop head:            126 (59%)
  Because of join nodes:           0 (0%)
  Because of threshold:            0 (0%)
  Because of target state:         86 (41%)
  Times precision was empty:       13 (6%)
  Times precision was {false}:     83 (39%)
  Times result was cached:         0 (0%)
  Times cartesian abs was used:    0 (0%)
  Times boolean abs was used:      116 (55%)
  Times result was 'false':        77 (36%)
Number of strengthen sat checks:   0
Number of coverage checks:         4940
  BDD entailment checks:           4300
Number of SMT sat checks:          0
  trivial:                         0
  cached:                          0

Max ABE block size:                       10
Avg ABE block size:                                5.27 (sum: 1117, count: 212, min: 0, max: 10)
Number of predicates discovered:          35
Number of abstraction locations:          2
Max number of predicates per location:    35
Avg number of predicates per location:    18
Total predicates per abstraction:         3540
Max number of predicates per abstraction: 35
Avg number of predicates per abstraction: 17.79
Number of irrelevant predicates:          218 (6%)
Number of preds handled by boolean abs:   3322 (94%)
  Total number of models for allsat:      21690
  Max number of models for allsat:        1020
  Avg number of models for allsat:        186.98
Number of path formula cache hits:        1350 (35%)

Time for post operator:                                0.126s
  Time for path formula creation:                      0.124s
Time for strengthen operator:                          0.041s
Time for prec operator:                                2.659s
  Time for abstraction:                  2.643s (Max:     0.119s, Count: 212)
    Boolean abstraction:                 2.212s
    Solving time:                        0.209s (Max:     0.003s)
    Model enumeration time:              2.043s
    Time for BDD construction:           0.537s (Max:     0.004s)
Time for merge operator:                               0.005s
Time for coverage checks:                              0.015s
  Time for BDD entailment checks:                      0.015s
Total time for SMT solver (w/o itp):     2.252s

Number of BDD nodes:                               97813
Size of BDD node table:                            100511
Size of BDD cache:                                 10061
Size of BDD node cleanup queue:                    1.55 (sum: 31660, count: 20491, min: 0, max: 31462)
Time for BDD node cleanup:                             0.012s
Time for BDD garbage collection:                       0.014s (in 13 runs)

Invariant Generation statistics
-------------------------------

AutomatonAnalysis (NonTerminationLabelAutomaton) statistics
-----------------------------------------------------------
Number of states:                                  1
Total time for successor computation:                  0.007s
Automaton transfers with branching:                0
Automaton transfer successors:                     1.00 (sum: 3471, count: 3471, min: 1, max: 1) [1 x 3471]
Number of states with assumption transitions:      0

AutomatonAnalysis (TerminatingFunctions) statistics
---------------------------------------------------
Number of states:                                  1
Total time for successor computation:                  0.001s
Automaton transfers with branching:                0
Automaton transfer successors:                     1.00 (sum: 3471, count: 3471, min: 1, max: 1) [1 x 3471]
Number of states with assumption transitions:      0

Termination Algorithm statistics
--------------------------------
Total time :                                            3.329s
Time for recursion analysis:                            0.001s

Number of analysed loops:                               1 (100%)
Total time for loop analysis:                           3.327s
  Avg time per loop analysis:                           3.327s
  Max time per loop analysis:                           3.327s

Number of safety analysis runs:                         3
  Avg safety analysis run per loop:                     3.00
  Max safety analysis run per loop:                     3 	 for loops [N35]
Total time for safety analysis:                         3.046s
  Avg time per safety analysis run:                     1.015s
  Max time per safety analysis run:                     2.948s

Number of analysed lassos:                              2
  Avg number of lassos per loop:                        2.00
  Max number of lassos per loop:                        2 	 for loops [N35]
  Avg number of lassos per iteration:                   1.00
  Max number of lassos per iteration:                   1

Total time for lassos analysis:                         0.278s
  Avg time per iteration:                               0.139s
  Max time per iteration:                               0.174s
  Time for lassos construction:                         0.046s
    Avg time for lasso construction per iteration:      0.023s
    Max time for lasso construction per iteration:      0.037s
      Time for stem and loop construction:                         0.000s
        Avg time for stem and loop construction per iteration:      0.000s
        Max time for stem and loop construction per iteration:      0.000s
      Time for lassos creation:                         0.040s
        Avg time for lassos creation per iteration:      0.020s
        Max time for lassos creation per iteration:      0.032s
  Total time for non-termination analysis:              0.061s
    Avg time for non-termination analysis per lasso:    0.030s
    Max time for non-termination analysis per lasso:    0.040s
  Total time for termination analysis:                  0.171s
    Avg time for termination analysis per lasso:        0.085s
    Max time for termination analysis per lasso:        0.097s

Total number of termination arguments:                  2
  Avg termination arguments per loop:                   2.00
  Max termination arguments per loop:                   2 	 for loops [N35]

  affine:                                               2

Code Coverage
-----------------------------
  Function coverage:      1.000
  Visited lines:          11
  Total lines:            11
  Line coverage:          1.000
  Visited conditions:     4
  Total conditions:       8
  Condition coverage:     0.500

CPAchecker general statistics
-----------------------------
Number of program locations:                       22
Number of CFA edges (per node):                          23 (count: 22, min: 0, max: 2, avg: 1.05)
Number of relevant variables:                      2
Number of functions:                               1
Number of loops (and loop nodes):                         1 (sum: 9, min: 9, max: 9, avg: 9.00)
Size of reached set:             573
  Number of reached locations:   12 (55%)
    Avg states per location:     47
    Max states per location:     80 (at node N36)
  Number of reached functions:   1 (100%)
  Number of partitions:          444
    Avg size of partitions:      1
    Max size of partitions:      70 (with key [N35 (before line 14), Function main called from node N24, stack depth 1 [a0a9fa5], stack [main]])
  Number of target states:       0

Time for analysis setup:          0.512s
  Time for loading CPAs:          0.100s
  Time for loading parser:        0.069s
  Time for CFA construction:      0.175s
    Time for parsing file(s):     0.075s
    Time for AST to CFA:          0.055s
    Time for CFA sanity check:    0.004s
    Time for post-processing:     0.029s
    Time for loop structure:      0.002s
    Time for AST structure:       0.000s
      Time for function pointers resolving:            0.001s
        Function calls via function pointers:             0 (count: 1, min: 0, max: 0, avg: 0.00)
        Instrumented function pointer calls:              0 (count: 1, min: 0, max: 0, avg: 0.00)
        Function calls with function pointer arguments:        0 (count: 1, min: 0, max: 0, avg: 0.00)
        Instrumented function pointer arguments:          0 (count: 1, min: 0, max: 0, avg: 0.00)
      Time for classifying variables:                  0.016s
        Time for collecting variables:                 0.007s
        Time for solving dependencies:                 0.001s
        Time for building hierarchy:                   0.000s
        Time for building classification:              0.008s
        Time for exporting data:                       0.000s
Time for Analysis:                3.329s
CPU time for analysis:            6.340s
Time for analyzing result:        0.001s
Total time for CPAchecker:        3.841s
Total CPU time for CPAchecker:    7.810s
Time for statistics:              0.055s

Time for Garbage Collector:       0.016s (in 3 runs)
Garbage Collector(s) used:    PS MarkSweep, PS Scavenge
Used heap memory:                527MB (   502 MiB) max;    245MB (   234 MiB) avg;    557MB (   531 MiB) peak
Used non-heap memory:             57MB (    55 MiB) max;     51MB (    48 MiB) avg;     60MB (    57 MiB) peak
Used in PS Old Gen pool:          16MB (    15 MiB) max;     14MB (    14 MiB) avg;     16MB (    15 MiB) peak
Allocated heap memory:          2010MB (  1917 MiB) max;   2010MB (  1917 MiB) avg
Allocated non-heap memory:        58MB (    56 MiB) max;     52MB (    50 MiB) avg
Total process virtual memory:   8069MB (  7695 MiB) max;   7680MB (  7325 MiB) avg

Verification result: TRUE. No property violation found by chosen configuration.
More details about the verification run can be found in the directory "./output".
