Running CPAchecker with Java heap of size 2000M.
Running CPAchecker with default stack size (1024k). Specify a larger value with --stack if needed.
Using the following resource limits: CPU-time limit of 300s (ResourceLimitChecker.fromConfiguration, INFO)

CPAchecker 4.2.2-2096-gb9f51b640f+ / termination-composition-lassoBasedAnalysis (OpenJDK 64-Bit Server VM 21.0.10) started (CPAchecker.run, INFO)

Parsing CFA from file(s) "/home/swear01/sv-benchmarks/c/termination-crafted/Mysore-3.c" (CPAchecker.parse, INFO)

Using predicate analysis with MathSAT5 version 5.6.11 (1a1154baf0ab) (Aug  9 2024 08:45:22, gmp 6.2.0, gcc 7.5.0, 64-bit, reentrant) and JFactory 1.21. (PredicateCPA:PredicateCPA.<init>, INFO)

Using refinement for predicate analysis with PredicateAbstractionRefinementStrategy strategy. (PredicateCPA:PredicateCPARefiner.<init>, INFO)

Using unsound approximation of ints with unbounded integers and floats with rationals for encoding program semantics. (FormulaManagerView.<init>, WARNING)

The following configuration options were specified but are not used:
 counterexample.checker.config
 counterexample.checker 
 (CPAchecker.printConfigurationWarnings, WARNING)

Starting analysis ... (CPAchecker.runAlgorithm, INFO)

Starting termination algorithm. (TerminationAlgorithm.run0, INFO)

Stopping analysis ... (CPAchecker.runAlgorithm, INFO)


PredicateCPA statistics
-----------------------
Number of abstractions:            3 (4% of all post computations)
  Times abstraction was reused:    0
  Because of function entry/exit:  0 (0%)
  Because of loop head:            2 (67%)
  Because of join nodes:           0 (0%)
  Because of threshold:            0 (0%)
  Because of target state:         1 (33%)
  Times precision was empty:       3 (100%)
  Times precision was {false}:     0 (0%)
  Times result was cached:         0 (0%)
  Times cartesian abs was used:    0 (0%)
  Times boolean abs was used:      0 (0%)
  Times result was 'false':        0 (0%)
Number of strengthen sat checks:   0
Number of coverage checks:         16
  BDD entailment checks:           0
Number of SMT sat checks:          0
  trivial:                         0
  cached:                          0

Max ABE block size:                       11
Avg ABE block size:                                6.67 (sum: 20, count: 3, min: 0, max: 11)
Number of predicates discovered:          0
Number of path formula cache hits:        15 (14%)

Time for post operator:                                0.024s
  Time for path formula creation:                      0.024s
Time for strengthen operator:                          0.000s
Time for prec operator:                                0.000s
  Time for abstraction:                  0.000s (Max:     0.000s, Count: 3)
    Solving time:                        0.000s (Max:     0.000s)
    Model enumeration time:              0.000s
    Time for BDD construction:           0.000s (Max:     0.000s)
Time for merge operator:                               0.003s
Time for coverage checks:                              0.000s
Total time for SMT solver (w/o itp):     0.000s

Number of BDD nodes:                               202
Size of BDD node table:                            100511
Size of BDD node cleanup queue:                    0.00 (sum: 0, count: 5, min: 0, max: 0)
Time for BDD node cleanup:                             0.000s
Time for BDD garbage collection:                       0.000s (in 0 runs)

Invariant Generation statistics
-------------------------------

AutomatonAnalysis (NonTerminationLabelAutomaton) statistics
-----------------------------------------------------------
Number of states:                                  1
Total time for successor computation:                  0.003s
Automaton transfers with branching:                0
Automaton transfer successors:                     1.00 (sum: 79, count: 79, min: 1, max: 1) [1 x 79]
Number of states with assumption transitions:      0

AutomatonAnalysis (TerminatingFunctions) statistics
---------------------------------------------------
Number of states:                                  1
Total time for successor computation:                  0.001s
Automaton transfers with branching:                0
Automaton transfer successors:                     1.00 (sum: 79, count: 79, min: 1, max: 1) [1 x 79]
Number of states with assumption transitions:      0

Termination Algorithm statistics
--------------------------------
Total time :                                            0.153s
Time for recursion analysis:                            0.000s

Number of analysed loops:                               1 (100%)
Total time for loop analysis:                           0.153s
  Avg time per loop analysis:                           0.153s
  Max time per loop analysis:                           0.153s

Number of safety analysis runs:                         1
  Avg safety analysis run per loop:                     1.00
  Max safety analysis run per loop:                     1 	 for loops [N49]
Total time for safety analysis:                         0.073s
  Avg time per safety analysis run:                     0.073s
  Max time per safety analysis run:                     0.073s

Number of analysed lassos:                              1
  Avg number of lassos per loop:                        1.00
  Max number of lassos per loop:                        1 	 for loops [N49]
  Avg number of lassos per iteration:                   1.00
  Max number of lassos per iteration:                   1

Total time for lassos analysis:                         0.077s
  Avg time per iteration:                               0.077s
  Max time per iteration:                               0.077s
  Time for lassos construction:                         0.041s
    Avg time for lasso construction per iteration:      0.041s
    Max time for lasso construction per iteration:      0.041s
      Time for stem and loop construction:                         0.000s
        Avg time for stem and loop construction per iteration:      0.000s
        Max time for stem and loop construction per iteration:      0.000s
      Time for lassos creation:                         0.033s
        Avg time for lassos creation per iteration:      0.033s
        Max time for lassos creation per iteration:      0.033s
  Total time for non-termination analysis:              0.036s
    Avg time for non-termination analysis per lasso:    0.036s
    Max time for non-termination analysis per lasso:    0.036s
  Total time for termination analysis:                  0.000s
    Avg time for termination analysis per lasso:        0.000s
    Max time for termination analysis per lasso:        0.000s

Total number of termination arguments:                  0
  Avg termination arguments per loop:                   0.00
  Max termination arguments per loop:                   0 	 for loops 


Code Coverage
-----------------------------
  Function coverage:      1.000
  Visited lines:          12
  Total lines:            12
  Line coverage:          1.000
  Visited conditions:     12
  Total conditions:       24
  Condition coverage:     0.500

CPAchecker general statistics
-----------------------------
Number of program locations:                       25
Number of CFA edges (per node):                          30 (count: 25, min: 0, max: 2, avg: 1.20)
Number of relevant variables:                      2
Number of functions:                               1
Number of loops (and loop nodes):                         1 (sum: 4, min: 4, max: 4, avg: 4.00)
Size of reached set:             22
  Number of reached locations:   16 (64%)
    Avg states per location:     1
    Max states per location:     3 (at node N51)
  Number of reached functions:   1 (100%)
  Number of partitions:          19
    Avg size of partitions:      1
    Max size of partitions:      2 (with key [N51 (before line 22), Function main called from node N29, stack depth 1 [4a699efa], stack [main], ABS2: true])
  Number of target states:       1
  Size of final wait list:       2

Time for analysis setup:          0.527s
  Time for loading CPAs:          0.115s
  Time for loading parser:        0.071s
  Time for CFA construction:      0.188s
    Time for parsing file(s):     0.084s
    Time for AST to CFA:          0.057s
    Time for CFA sanity check:    0.004s
    Time for post-processing:     0.030s
    Time for loop structure:      0.002s
    Time for AST structure:       0.000s
      Time for function pointers resolving:            0.001s
        Function calls via function pointers:             0 (count: 1, min: 0, max: 0, avg: 0.00)
        Instrumented function pointer calls:              0 (count: 1, min: 0, max: 0, avg: 0.00)
        Function calls with function pointer arguments:        0 (count: 1, min: 0, max: 0, avg: 0.00)
        Instrumented function pointer arguments:          0 (count: 1, min: 0, max: 0, avg: 0.00)
      Time for classifying variables:                  0.017s
        Time for collecting variables:                 0.007s
        Time for solving dependencies:                 0.000s
        Time for building hierarchy:                   0.000s
        Time for building classification:              0.010s
        Time for exporting data:                       0.000s
Time for Analysis:                0.153s
CPU time for analysis:            0.460s
Time for analyzing result:        0.000s
Total time for CPAchecker:        0.681s
Total CPU time for CPAchecker:    1.920s
Time for statistics:              0.061s

Time for Garbage Collector:       0.011s (in 2 runs)
Garbage Collector(s) used:    PS MarkSweep, PS Scavenge
Used heap memory:                158MB (   151 MiB) max;    101MB (    96 MiB) avg;    210MB (   201 MiB) peak
Used non-heap memory:             43MB (    41 MiB) max;     28MB (    27 MiB) avg;     51MB (    48 MiB) peak
Used in PS Old Gen pool:          16MB (    15 MiB) max;      7MB (     7 MiB) avg;     16MB (    15 MiB) peak
Allocated heap memory:          2010MB (  1917 MiB) max;   2010MB (  1917 MiB) avg
Allocated non-heap memory:        45MB (    43 MiB) max;     31MB (    29 MiB) avg
Total process virtual memory:   6914MB (  6593 MiB) max;   5953MB (  5677 MiB) avg

Verification result: FALSE. Property violation (termination) found by chosen configuration.
More details about the verification run can be found in the directory "./output".
