Running CPAchecker with Java heap of size 2000M.
Running CPAchecker with default stack size (1024k). Specify a larger value with --stack if needed.
Using the following resource limits: CPU-time limit of 300s (ResourceLimitChecker.fromConfiguration, INFO)

CPAchecker 4.2.2-2096-gb9f51b640f+ / termination-composition-lassoBasedAnalysis (OpenJDK 64-Bit Server VM 21.0.10) started (CPAchecker.run, INFO)

Parsing CFA from file(s) "/home/swear01/sv-benchmarks/c/termination-crafted/NonTermination3-2.c" (CPAchecker.parse, INFO)

Using predicate analysis with MathSAT5 version 5.6.11 (1a1154baf0ab) (Aug  9 2024 08:45:22, gmp 6.2.0, gcc 7.5.0, 64-bit, reentrant) and JFactory 1.21. (PredicateCPA:PredicateCPA.<init>, INFO)

Using refinement for predicate analysis with PredicateAbstractionRefinementStrategy strategy. (PredicateCPA:PredicateCPARefiner.<init>, INFO)

Using unsound approximation of ints with unbounded integers and floats with rationals for encoding program semantics. (FormulaManagerView.<init>, WARNING)

The following configuration options were specified but are not used:
 counterexample.checker.config
 counterexample.checker 
 (CPAchecker.printConfigurationWarnings, WARNING)

Starting analysis ... (CPAchecker.runAlgorithm, INFO)

Starting termination algorithm. (TerminationAlgorithm.run0, INFO)

Warning: Could not extract lasso (Loop with heads [N33]
  incoming: [lines 13-15:	N32 -{int n = 0;}-> N33]
  outgoing: [line 13:	N33 -{[!(n < 10)]}-> N36]
  nodes:    [N33, N34, N35, N37]
). (Unknown sort in equality) (InequalityConverter.convert, WARNING)

Could not synthesize a termination or non-termination argument. (TerminationAlgorithm.proveLoopTermination, WARNING)

refinement # 1 : predicates= 3  traceStates= 4 (PredicateCPA:PredicateCPARefiner.performRefinementForPathImpl, INFO)

refinement # 2 : predicates= 4  traceStates= 5 (PredicateCPA:PredicateCPARefiner.performRefinementForPathImpl, INFO)

refinement # 3 : predicates= 5  traceStates= 6 (PredicateCPA:PredicateCPARefiner.performRefinementForPathImpl, INFO)

refinement # 4 : predicates= 6  traceStates= 7 (PredicateCPA:PredicateCPARefiner.performRefinementForPathImpl, INFO)

refinement # 5 : predicates= 7  traceStates= 8 (PredicateCPA:PredicateCPARefiner.performRefinementForPathImpl, INFO)

refinement # 6 : predicates= 8  traceStates= 9 (PredicateCPA:PredicateCPARefiner.performRefinementForPathImpl, INFO)

refinement # 7 : predicates= 9  traceStates= 10 (PredicateCPA:PredicateCPARefiner.performRefinementForPathImpl, INFO)

refinement # 8 : predicates= 10  traceStates= 11 (PredicateCPA:PredicateCPARefiner.performRefinementForPathImpl, INFO)

refinement # 9 : predicates= 11  traceStates= 12 (PredicateCPA:PredicateCPARefiner.performRefinementForPathImpl, INFO)

refinement # 10 : predicates= 12  traceStates= 13 (PredicateCPA:PredicateCPARefiner.performRefinementForPathImpl, INFO)

(not (<= |__ADDRESS_OF_main::a@| 0))
(= |__ADDRESS_OF_main::a@| 0)
Exception in thread "main" java.lang.IllegalArgumentException: MathSAT returned null
	at org.sosy_lab.java_smt.solvers.mathsat5.Mathsat5NativeApi.msat_model_create_iterator(Native Method)
	at org.sosy_lab.java_smt.solvers.mathsat5.Mathsat5Model.asList(Mathsat5Model.java:56)
	at org.sosy_lab.java_smt.basicimpl.CachingModel.asList(CachingModel.java:40)
	at org.sosy_lab.java_smt.api.BasicProverEnvironment.getModelAssignments(BasicProverEnvironment.java:125)
	at org.sosy_lab.cpachecker.util.predicates.smt.BasicProverEnvironmentView.getModelAssignments(BasicProverEnvironmentView.java:71)
	at org.sosy_lab.cpachecker.util.predicates.PathChecker.getModel(PathChecker.java:374)
	at org.sosy_lab.cpachecker.util.predicates.PathChecker.createCounterexample(PathChecker.java:228)
	at org.sosy_lab.cpachecker.util.predicates.PathChecker.handleFeasibleCounterexample(PathChecker.java:180)
	at org.sosy_lab.cpachecker.cpa.predicate.PredicateCPARefiner.performRefinementForPathImpl(PredicateCPARefiner.java:355)
	at org.sosy_lab.cpachecker.cpa.predicate.PredicateCPARefiner.performRefinementForPath(PredicateCPARefiner.java:274)
	at org.sosy_lab.cpachecker.cpa.predicate.PredicateStaticRefiner.performRefinementForPath(PredicateStaticRefiner.java:185)
	at org.sosy_lab.cpachecker.cpa.arg.AbstractARGBasedRefiner.performRefinementForPath(AbstractARGBasedRefiner.java:158)
	at org.sosy_lab.cpachecker.cpa.arg.AbstractARGBasedRefiner.performRefinement(AbstractARGBasedRefiner.java:104)
	at org.sosy_lab.cpachecker.core.algorithm.CEGARAlgorithm.refine(CEGARAlgorithm.java:309)
	at org.sosy_lab.cpachecker.core.algorithm.CEGARAlgorithm.run(CEGARAlgorithm.java:255)
	at org.sosy_lab.cpachecker.core.algorithm.termination.TerminationAlgorithm.proveLoopTermination(TerminationAlgorithm.java:330)
	at org.sosy_lab.cpachecker.core.algorithm.termination.TerminationAlgorithm.run0(TerminationAlgorithm.java:267)
	at org.sosy_lab.cpachecker.core.algorithm.termination.TerminationAlgorithm.run(TerminationAlgorithm.java:232)
	at org.sosy_lab.cpachecker.core.CPAchecker.runAlgorithm(CPAchecker.java:549)
	at org.sosy_lab.cpachecker.core.CPAchecker.run0(CPAchecker.java:407)
	at org.sosy_lab.cpachecker.core.CPAchecker.run(CPAchecker.java:312)
	at org.sosy_lab.cpachecker.cmdline.CPAMain.main(CPAMain.java:157)

--- VGuide batch runner post-process 2026-06-18T02:24:20+08:00 ---
Verification result: UNKNOWN, incomplete analysis (Java exception).
Total time for CPAchecker: 300.000s
