Running CPAchecker with Java heap of size 2000M.
Running CPAchecker with default stack size (1024k). Specify a larger value with --stack if needed.
Using the following resource limits: CPU-time limit of 300s (ResourceLimitChecker.fromConfiguration, INFO)

CPAchecker 4.2.2-2096-gb9f51b640f+ / termination-composition-lassoBasedAnalysis (OpenJDK 64-Bit Server VM 21.0.10) started (CPAchecker.run, INFO)

Parsing CFA from file(s) "/home/swear01/sv-benchmarks/c/termination-crafted/Piecewise.c" (CPAchecker.parse, INFO)

Using predicate analysis with MathSAT5 version 5.6.11 (1a1154baf0ab) (Aug  9 2024 08:45:22, gmp 6.2.0, gcc 7.5.0, 64-bit, reentrant) and JFactory 1.21. (PredicateCPA:PredicateCPA.<init>, INFO)

Using refinement for predicate analysis with PredicateAbstractionRefinementStrategy strategy. (PredicateCPA:PredicateCPARefiner.<init>, INFO)

Using unsound approximation of ints with unbounded integers and floats with rationals for encoding program semantics. (FormulaManagerView.<init>, WARNING)

The following configuration options were specified but are not used:
 counterexample.checker.config
 counterexample.checker 
 (CPAchecker.printConfigurationWarnings, WARNING)

Starting analysis ... (CPAchecker.runAlgorithm, INFO)

Starting termination algorithm. (TerminationAlgorithm.run0, INFO)

refinement # 1 : predicates= 2  traceStates= 3 (PredicateCPA:PredicateCPARefiner.performRefinementForPathImpl, INFO)

refinement # 2 : predicates= 2  traceStates= 3 (PredicateCPA:PredicateCPARefiner.performRefinementForPathImpl, INFO)

refinement # 3 : predicates= 3  traceStates= 4 (PredicateCPA:PredicateCPARefiner.performRefinementForPathImpl, INFO)

Termination algorithm did not find a non-terminating loop. (TerminationAlgorithm.run0, INFO)

Stopping analysis ... (CPAchecker.runAlgorithm, INFO)


PredicateCPA statistics
-----------------------
Number of abstractions:            27 (5% of all post computations)
  Times abstraction was reused:    0
  Because of function entry/exit:  0 (0%)
  Because of loop head:            17 (63%)
  Because of join nodes:           0 (0%)
  Because of threshold:            0 (0%)
  Because of target state:         10 (37%)
  Times precision was empty:       13 (48%)
  Times precision was {false}:     8 (30%)
  Times result was cached:         0 (0%)
  Times cartesian abs was used:    0 (0%)
  Times boolean abs was used:      6 (22%)
  Times result was 'false':        4 (15%)
Number of strengthen sat checks:   0
Number of coverage checks:         200
  BDD entailment checks:           18
Number of SMT sat checks:          0
  trivial:                         0
  cached:                          0

Max ABE block size:                       13
Avg ABE block size:                                6.81 (sum: 184, count: 27, min: 0, max: 13)
Number of predicates discovered:          11
Number of abstraction locations:          2
Max number of predicates per location:    11
Avg number of predicates per location:    6
Total predicates per abstraction:         62
Max number of predicates per abstraction: 11
Avg number of predicates per abstraction: 4.43
Number of irrelevant predicates:          14 (23%)
Number of preds handled by boolean abs:   48 (77%)
  Total number of models for allsat:      85
  Max number of models for allsat:        24
  Avg number of models for allsat:        14.17
Number of path formula cache hits:        168 (23%)

Time for post operator:                                0.046s
  Time for path formula creation:                      0.046s
Time for strengthen operator:                          0.010s
Time for prec operator:                                0.031s
  Time for abstraction:                  0.030s (Max:     0.004s, Count: 27)
    Boolean abstraction:                 0.011s
    Solving time:                        0.006s (Max:     0.001s)
    Model enumeration time:              0.007s
    Time for BDD construction:           0.002s (Max:     0.001s)
Time for merge operator:                               0.003s
Time for coverage checks:                              0.000s
  Time for BDD entailment checks:                      0.000s
Total time for SMT solver (w/o itp):     0.013s

Number of BDD nodes:                               1006
Size of BDD node table:                            100511
Size of BDD cache:                                 10061
Size of BDD node cleanup queue:                    0.00 (sum: 0, count: 254, min: 0, max: 0)
Time for BDD node cleanup:                             0.000s
Time for BDD garbage collection:                       0.000s (in 0 runs)

Invariant Generation statistics
-------------------------------

AutomatonAnalysis (NonTerminationLabelAutomaton) statistics
-----------------------------------------------------------
Number of states:                                  1
Total time for successor computation:                  0.007s
Automaton transfers with branching:                0
Automaton transfer successors:                     1.00 (sum: 594, count: 594, min: 1, max: 1) [1 x 594]
Number of states with assumption transitions:      0

AutomatonAnalysis (TerminatingFunctions) statistics
---------------------------------------------------
Number of states:                                  1
Total time for successor computation:                  0.000s
Automaton transfers with branching:                0
Automaton transfer successors:                     1.00 (sum: 594, count: 594, min: 1, max: 1) [1 x 594]
Number of states with assumption transitions:      0

Termination Algorithm statistics
--------------------------------
Total time :                                            0.448s
Time for recursion analysis:                            0.003s

Number of analysed loops:                               1 (100%)
Total time for loop analysis:                           0.445s
  Avg time per loop analysis:                           0.445s
  Max time per loop analysis:                           0.445s

Number of safety analysis runs:                         3
  Avg safety analysis run per loop:                     3.00
  Max safety analysis run per loop:                     3 	 for loops [N39]
Total time for safety analysis:                         0.179s
  Avg time per safety analysis run:                     0.059s
  Max time per safety analysis run:                     0.091s

Number of analysed lassos:                              2
  Avg number of lassos per loop:                        2.00
  Max number of lassos per loop:                        2 	 for loops [N39]
  Avg number of lassos per iteration:                   1.00
  Max number of lassos per iteration:                   1

Total time for lassos analysis:                         0.261s
  Avg time per iteration:                               0.130s
  Max time per iteration:                               0.169s
  Time for lassos construction:                         0.049s
    Avg time for lasso construction per iteration:      0.024s
    Max time for lasso construction per iteration:      0.038s
      Time for stem and loop construction:                         0.000s
        Avg time for stem and loop construction per iteration:      0.000s
        Max time for stem and loop construction per iteration:      0.000s
      Time for lassos creation:                         0.042s
        Avg time for lassos creation per iteration:      0.021s
        Max time for lassos creation per iteration:      0.033s
  Total time for non-termination analysis:              0.072s
    Avg time for non-termination analysis per lasso:    0.036s
    Max time for non-termination analysis per lasso:    0.050s
  Total time for termination analysis:                  0.140s
    Avg time for termination analysis per lasso:        0.070s
    Max time for termination analysis per lasso:        0.081s

Total number of termination arguments:                  2
  Avg termination arguments per loop:                   2.00
  Max termination arguments per loop:                   2 	 for loops [N39]

  affine:                                               2

Code Coverage
-----------------------------
  Function coverage:      1.000
  Visited lines:          12
  Total lines:            12
  Line coverage:          1.000
  Visited conditions:     10
  Total conditions:       20
  Condition coverage:     0.500

CPAchecker general statistics
-----------------------------
Number of program locations:                       26
Number of CFA edges (per node):                          30 (count: 26, min: 0, max: 2, avg: 1.15)
Number of relevant variables:                      2
Number of functions:                               1
Number of loops (and loop nodes):                         1 (sum: 13, min: 13, max: 13, avg: 13.00)
Size of reached set:             59
  Number of reached locations:   16 (62%)
    Avg states per location:     3
    Max states per location:     5 (at node N40)
  Number of reached functions:   1 (100%)
  Number of partitions:          46
    Avg size of partitions:      1
    Max size of partitions:      4 (with key [N39 (before line 22), Function main called from node N28, stack depth 1 [2d7e1102], stack [main]])
  Number of target states:       0

Time for analysis setup:          0.492s
  Time for loading CPAs:          0.105s
  Time for loading parser:        0.067s
  Time for CFA construction:      0.174s
    Time for parsing file(s):     0.076s
    Time for AST to CFA:          0.050s
    Time for CFA sanity check:    0.006s
    Time for post-processing:     0.030s
    Time for loop structure:      0.002s
    Time for AST structure:       0.000s
      Time for function pointers resolving:            0.001s
        Function calls via function pointers:             0 (count: 1, min: 0, max: 0, avg: 0.00)
        Instrumented function pointer calls:              0 (count: 1, min: 0, max: 0, avg: 0.00)
        Function calls with function pointer arguments:        0 (count: 1, min: 0, max: 0, avg: 0.00)
        Instrumented function pointer arguments:          0 (count: 1, min: 0, max: 0, avg: 0.00)
      Time for classifying variables:                  0.017s
        Time for collecting variables:                 0.007s
        Time for solving dependencies:                 0.000s
        Time for building hierarchy:                   0.000s
        Time for building classification:              0.009s
        Time for exporting data:                       0.000s
Time for Analysis:                0.448s
CPU time for analysis:            1.680s
Time for analyzing result:        0.000s
Total time for CPAchecker:        0.940s
Total CPU time for CPAchecker:    3.160s
Time for statistics:              0.056s

Time for Garbage Collector:       0.012s (in 2 runs)
Garbage Collector(s) used:    PS MarkSweep, PS Scavenge
Used heap memory:                184MB (   176 MiB) max;    122MB (   116 MiB) avg;    221MB (   211 MiB) peak
Used non-heap memory:             52MB (    50 MiB) max;     35MB (    34 MiB) avg;     56MB (    53 MiB) peak
Used in PS Old Gen pool:          16MB (    15 MiB) max;     10MB (     9 MiB) avg;     16MB (    15 MiB) peak
Allocated heap memory:          2010MB (  1917 MiB) max;   2010MB (  1917 MiB) avg
Allocated non-heap memory:        54MB (    51 MiB) max;     37MB (    36 MiB) avg
Total process virtual memory:   8069MB (  7695 MiB) max;   6521MB (  6219 MiB) avg

Verification result: TRUE. No property violation found by chosen configuration.
More details about the verification run can be found in the directory "./output".
