Running CPAchecker with Java heap of size 2000M.
Running CPAchecker with default stack size (1024k). Specify a larger value with --stack if needed.
Using the following resource limits: CPU-time limit of 300s (ResourceLimitChecker.fromConfiguration, INFO)

CPAchecker 4.2.2-2096-gb9f51b640f+ / termination-composition-lassoBasedAnalysis (OpenJDK 64-Bit Server VM 21.0.10) started (CPAchecker.run, INFO)

Parsing CFA from file(s) "/home/swear01/sv-benchmarks/c/termination-crafted/TelAviv-Amir-Minimum.c" (CPAchecker.parse, INFO)

Using predicate analysis with MathSAT5 version 5.6.11 (1a1154baf0ab) (Aug  9 2024 08:45:22, gmp 6.2.0, gcc 7.5.0, 64-bit, reentrant) and JFactory 1.21. (PredicateCPA:PredicateCPA.<init>, INFO)

Using refinement for predicate analysis with PredicateAbstractionRefinementStrategy strategy. (PredicateCPA:PredicateCPARefiner.<init>, INFO)

Using unsound approximation of ints with unbounded integers and floats with rationals for encoding program semantics. (FormulaManagerView.<init>, WARNING)

The following configuration options were specified but are not used:
 counterexample.checker.config
 counterexample.checker 
 (CPAchecker.printConfigurationWarnings, WARNING)

Starting analysis ... (CPAchecker.runAlgorithm, INFO)

Starting termination algorithm. (TerminationAlgorithm.run0, INFO)

refinement # 1 : predicates= 2  traceStates= 3 (PredicateCPA:PredicateCPARefiner.performRefinementForPathImpl, INFO)

refinement # 2 : predicates= 2  traceStates= 3 (PredicateCPA:PredicateCPARefiner.performRefinementForPathImpl, INFO)

refinement # 3 : predicates= 3  traceStates= 4 (PredicateCPA:PredicateCPARefiner.performRefinementForPathImpl, INFO)

Termination algorithm did not find a non-terminating loop. (TerminationAlgorithm.run0, INFO)

Stopping analysis ... (CPAchecker.runAlgorithm, INFO)


PredicateCPA statistics
-----------------------
Number of abstractions:            25 (4% of all post computations)
  Times abstraction was reused:    0
  Because of function entry/exit:  0 (0%)
  Because of loop head:            16 (64%)
  Because of join nodes:           0 (0%)
  Because of threshold:            0 (0%)
  Because of target state:         9 (36%)
  Times precision was empty:       13 (52%)
  Times precision was {false}:     7 (28%)
  Times result was cached:         0 (0%)
  Times cartesian abs was used:    0 (0%)
  Times boolean abs was used:      5 (20%)
  Times result was 'false':        3 (12%)
Number of strengthen sat checks:   0
Number of coverage checks:         236
  BDD entailment checks:           12
Number of SMT sat checks:          0
  trivial:                         0
  cached:                          0

Max ABE block size:                       15
Avg ABE block size:                                7.76 (sum: 194, count: 25, min: 0, max: 15)
Number of predicates discovered:          13
Number of abstraction locations:          2
Max number of predicates per location:    13
Avg number of predicates per location:    7
Total predicates per abstraction:         58
Max number of predicates per abstraction: 13
Avg number of predicates per abstraction: 4.83
Number of irrelevant predicates:          12 (21%)
Number of preds handled by boolean abs:   46 (79%)
  Total number of models for allsat:      138
  Max number of models for allsat:        45
  Avg number of models for allsat:        27.60
Number of path formula cache hits:        200 (24%)

Time for post operator:                                0.054s
  Time for path formula creation:                      0.054s
Time for strengthen operator:                          0.011s
Time for prec operator:                                0.053s
  Time for abstraction:                  0.049s (Max:     0.016s, Count: 25)
    Boolean abstraction:                 0.024s
    Solving time:                        0.009s (Max:     0.002s)
    Model enumeration time:              0.017s
    Time for BDD construction:           0.005s (Max:     0.001s)
Time for merge operator:                               0.004s
Time for coverage checks:                              0.000s
  Time for BDD entailment checks:                      0.000s
Total time for SMT solver (w/o itp):     0.026s

Number of BDD nodes:                               2057
Size of BDD node table:                            100511
Size of BDD cache:                                 10061
Size of BDD node cleanup queue:                    0.00 (sum: 0, count: 303, min: 0, max: 0)
Time for BDD node cleanup:                             0.001s
Time for BDD garbage collection:                       0.000s (in 0 runs)

Invariant Generation statistics
-------------------------------

AutomatonAnalysis (NonTerminationLabelAutomaton) statistics
-----------------------------------------------------------
Number of states:                                  1
Total time for successor computation:                  0.007s
Automaton transfers with branching:                0
Automaton transfer successors:                     1.00 (sum: 673, count: 673, min: 1, max: 1) [1 x 673]
Number of states with assumption transitions:      0

AutomatonAnalysis (TerminatingFunctions) statistics
---------------------------------------------------
Number of states:                                  1
Total time for successor computation:                  0.003s
Automaton transfers with branching:                0
Automaton transfer successors:                     1.00 (sum: 673, count: 673, min: 1, max: 1) [1 x 673]
Number of states with assumption transitions:      0

Termination Algorithm statistics
--------------------------------
Total time :                                            0.595s
Time for recursion analysis:                            0.003s

Number of analysed loops:                               1 (100%)
Total time for loop analysis:                           0.592s
  Avg time per loop analysis:                           0.592s
  Max time per loop analysis:                           0.592s

Number of safety analysis runs:                         3
  Avg safety analysis run per loop:                     3.00
  Max safety analysis run per loop:                     3 	 for loops [N46]
Total time for safety analysis:                         0.220s
  Avg time per safety analysis run:                     0.073s
  Max time per safety analysis run:                     0.122s

Number of analysed lassos:                              3
  Avg number of lassos per loop:                        3.00
  Max number of lassos per loop:                        3 	 for loops [N46]
  Avg number of lassos per iteration:                   1.50
  Max number of lassos per iteration:                   2

Total time for lassos analysis:                         0.368s
  Avg time per iteration:                               0.184s
  Max time per iteration:                               0.280s
  Time for lassos construction:                         0.057s
    Avg time for lasso construction per iteration:      0.028s
    Max time for lasso construction per iteration:      0.045s
      Time for stem and loop construction:                         0.000s
        Avg time for stem and loop construction per iteration:      0.000s
        Max time for stem and loop construction per iteration:      0.000s
      Time for lassos creation:                         0.049s
        Avg time for lassos creation per iteration:      0.024s
        Max time for lassos creation per iteration:      0.039s
  Total time for non-termination analysis:              0.107s
    Avg time for non-termination analysis per lasso:    0.035s
    Max time for non-termination analysis per lasso:    0.059s
  Total time for termination analysis:                  0.203s
    Avg time for termination analysis per lasso:        0.067s
    Max time for termination analysis per lasso:        0.088s

Total number of termination arguments:                  3
  Avg termination arguments per loop:                   3.00
  Max termination arguments per loop:                   3 	 for loops [N46]

  affine:                                               3

Code Coverage
-----------------------------
  Function coverage:      1.000
  Visited lines:          22
  Total lines:            22
  Line coverage:          1.000
  Visited conditions:     10
  Total conditions:       20
  Condition coverage:     0.500

CPAchecker general statistics
-----------------------------
Number of program locations:                       33
Number of CFA edges (per node):                          37 (count: 33, min: 0, max: 2, avg: 1.12)
Number of relevant variables:                      3
Number of functions:                               1
Number of loops (and loop nodes):                         1 (sum: 20, min: 20, max: 20, avg: 20.00)
Size of reached set:             80
  Number of reached locations:   24 (73%)
    Avg states per location:     3
    Max states per location:     4 (at node N47)
  Number of reached functions:   1 (100%)
  Number of partitions:          60
    Avg size of partitions:      1
    Max size of partitions:      3 (with key [N46 (before line 24), Function main called from node N35, stack depth 1 [1136b469], stack [main]])
  Number of target states:       0

Time for analysis setup:          0.534s
  Time for loading CPAs:          0.117s
  Time for loading parser:        0.067s
  Time for CFA construction:      0.196s
    Time for parsing file(s):     0.078s
    Time for AST to CFA:          0.056s
    Time for CFA sanity check:    0.004s
    Time for post-processing:     0.043s
    Time for loop structure:      0.002s
    Time for AST structure:       0.000s
      Time for function pointers resolving:            0.001s
        Function calls via function pointers:             0 (count: 1, min: 0, max: 0, avg: 0.00)
        Instrumented function pointer calls:              0 (count: 1, min: 0, max: 0, avg: 0.00)
        Function calls with function pointer arguments:        0 (count: 1, min: 0, max: 0, avg: 0.00)
        Instrumented function pointer arguments:          0 (count: 1, min: 0, max: 0, avg: 0.00)
      Time for classifying variables:                  0.028s
        Time for collecting variables:                 0.015s
        Time for solving dependencies:                 0.000s
        Time for building hierarchy:                   0.000s
        Time for building classification:              0.013s
        Time for exporting data:                       0.000s
Time for Analysis:                0.595s
CPU time for analysis:            2.050s
Time for analyzing result:        0.001s
Total time for CPAchecker:        1.130s
Total CPU time for CPAchecker:    3.570s
Time for statistics:              0.063s

Time for Garbage Collector:       0.013s (in 2 runs)
Garbage Collector(s) used:    PS MarkSweep, PS Scavenge
Used heap memory:                222MB (   211 MiB) max;    146MB (   139 MiB) avg;    259MB (   247 MiB) peak
Used non-heap memory:             54MB (    51 MiB) max;     37MB (    36 MiB) avg;     57MB (    54 MiB) peak
Used in PS Old Gen pool:          16MB (    15 MiB) max;     10MB (     9 MiB) avg;     16MB (    15 MiB) peak
Allocated heap memory:          2010MB (  1917 MiB) max;   2010MB (  1917 MiB) avg
Allocated non-heap memory:        55MB (    52 MiB) max;     39MB (    37 MiB) avg
Total process virtual memory:   8477MB (  8084 MiB) max;   6687MB (  6377 MiB) avg

Verification result: TRUE. No property violation found by chosen configuration.
More details about the verification run can be found in the directory "./output".
