Running CPAchecker with Java heap of size 2000M.
Running CPAchecker with default stack size (1024k). Specify a larger value with --stack if needed.
Using the following resource limits: CPU-time limit of 300s (ResourceLimitChecker.fromConfiguration, INFO)

CPAchecker 4.2.2-2096-gb9f51b640f+ / termination-composition-lassoBasedAnalysis (OpenJDK 64-Bit Server VM 21.0.10) started (CPAchecker.run, INFO)

Parsing CFA from file(s) "/home/swear01/sv-benchmarks/c/termination-crafted/Thun-2.c" (CPAchecker.parse, INFO)

Using predicate analysis with MathSAT5 version 5.6.11 (1a1154baf0ab) (Aug  9 2024 08:45:22, gmp 6.2.0, gcc 7.5.0, 64-bit, reentrant) and JFactory 1.21. (PredicateCPA:PredicateCPA.<init>, INFO)

Using refinement for predicate analysis with PredicateAbstractionRefinementStrategy strategy. (PredicateCPA:PredicateCPARefiner.<init>, INFO)

Using unsound approximation of ints with unbounded integers and floats with rationals for encoding program semantics. (FormulaManagerView.<init>, WARNING)

The following configuration options were specified but are not used:
 counterexample.checker.config
 counterexample.checker 
 (CPAchecker.printConfigurationWarnings, WARNING)

Starting analysis ... (CPAchecker.runAlgorithm, INFO)

Starting termination algorithm. (TerminationAlgorithm.run0, INFO)

refinement # 1 : predicates= 2  traceStates= 3 (PredicateCPA:PredicateCPARefiner.performRefinementForPathImpl, INFO)

refinement # 2 : predicates= 2  traceStates= 3 (PredicateCPA:PredicateCPARefiner.performRefinementForPathImpl, INFO)

refinement # 3 : predicates= 3  traceStates= 4 (PredicateCPA:PredicateCPARefiner.performRefinementForPathImpl, INFO)

refinement # 4 : predicates= 4  traceStates= 5 (PredicateCPA:PredicateCPARefiner.performRefinementForPathImpl, INFO)

Termination algorithm did not find a non-terminating loop. (TerminationAlgorithm.run0, INFO)

Stopping analysis ... (CPAchecker.runAlgorithm, INFO)


PredicateCPA statistics
-----------------------
Number of abstractions:            47 (6% of all post computations)
  Times abstraction was reused:    0
  Because of function entry/exit:  0 (0%)
  Because of loop head:            33 (70%)
  Because of join nodes:           0 (0%)
  Because of threshold:            0 (0%)
  Because of target state:         14 (30%)
  Times precision was empty:       11 (23%)
  Times precision was {false}:     12 (26%)
  Times result was cached:         0 (0%)
  Times cartesian abs was used:    0 (0%)
  Times boolean abs was used:      24 (51%)
  Times result was 'false':        8 (17%)
Number of strengthen sat checks:   0
Number of coverage checks:         202
  BDD entailment checks:           76
Number of SMT sat checks:          0
  trivial:                         0
  cached:                          0

Max ABE block size:                       10
Avg ABE block size:                                6.02 (sum: 283, count: 47, min: 0, max: 10)
Number of predicates discovered:          10
Number of abstraction locations:          2
Max number of predicates per location:    10
Avg number of predicates per location:    5
Total predicates per abstraction:         195
Max number of predicates per abstraction: 10
Avg number of predicates per abstraction: 5.42
Number of irrelevant predicates:          39 (20%)
Number of preds handled by boolean abs:   156 (80%)
  Total number of models for allsat:      146
  Max number of models for allsat:        15
  Avg number of models for allsat:        6.08
Number of path formula cache hits:        265 (31%)

Time for post operator:                                0.059s
  Time for path formula creation:                      0.057s
Time for strengthen operator:                          0.013s
Time for prec operator:                                0.065s
  Time for abstraction:                  0.062s (Max:     0.004s, Count: 47)
    Boolean abstraction:                 0.030s
    Solving time:                        0.017s (Max:     0.001s)
    Model enumeration time:              0.012s
    Time for BDD construction:           0.004s (Max:     0.001s)
Time for merge operator:                               0.001s
Time for coverage checks:                              0.000s
  Time for BDD entailment checks:                      0.000s
Total time for SMT solver (w/o itp):     0.029s

Number of BDD nodes:                               814
Size of BDD node table:                            100511
Size of BDD cache:                                 10061
Size of BDD node cleanup queue:                    0.00 (sum: 0, count: 450, min: 0, max: 0)
Time for BDD node cleanup:                             0.000s
Time for BDD garbage collection:                       0.000s (in 0 runs)

Invariant Generation statistics
-------------------------------

AutomatonAnalysis (NonTerminationLabelAutomaton) statistics
-----------------------------------------------------------
Number of states:                                  1
Total time for successor computation:                  0.004s
Automaton transfers with branching:                0
Automaton transfer successors:                     1.00 (sum: 764, count: 764, min: 1, max: 1) [1 x 764]
Number of states with assumption transitions:      0

AutomatonAnalysis (TerminatingFunctions) statistics
---------------------------------------------------
Number of states:                                  1
Total time for successor computation:                  0.000s
Automaton transfers with branching:                0
Automaton transfer successors:                     1.00 (sum: 764, count: 764, min: 1, max: 1) [1 x 764]
Number of states with assumption transitions:      0

Termination Algorithm statistics
--------------------------------
Total time :                                            0.422s
Time for recursion analysis:                            0.002s

Number of analysed loops:                               1 (100%)
Total time for loop analysis:                           0.420s
  Avg time per loop analysis:                           0.420s
  Max time per loop analysis:                           0.420s

Number of safety analysis runs:                         2
  Avg safety analysis run per loop:                     2.00
  Max safety analysis run per loop:                     2 	 for loops [N45]
Total time for safety analysis:                         0.232s
  Avg time per safety analysis run:                     0.116s
  Max time per safety analysis run:                     0.179s

Number of analysed lassos:                              1
  Avg number of lassos per loop:                        1.00
  Max number of lassos per loop:                        1 	 for loops [N45]
  Avg number of lassos per iteration:                   1.00
  Max number of lassos per iteration:                   1

Total time for lassos analysis:                         0.184s
  Avg time per iteration:                               0.184s
  Max time per iteration:                               0.184s
  Time for lassos construction:                         0.038s
    Avg time for lasso construction per iteration:      0.038s
    Max time for lasso construction per iteration:      0.038s
      Time for stem and loop construction:                         0.000s
        Avg time for stem and loop construction per iteration:      0.000s
        Max time for stem and loop construction per iteration:      0.000s
      Time for lassos creation:                         0.033s
        Avg time for lassos creation per iteration:      0.033s
        Max time for lassos creation per iteration:      0.033s
  Total time for non-termination analysis:              0.043s
    Avg time for non-termination analysis per lasso:    0.043s
    Max time for non-termination analysis per lasso:    0.043s
  Total time for termination analysis:                  0.103s
    Avg time for termination analysis per lasso:        0.103s
    Max time for termination analysis per lasso:        0.103s

Total number of termination arguments:                  1
  Avg termination arguments per loop:                   1.00
  Max termination arguments per loop:                   1 	 for loops [N45]

  affine:                                               1

Code Coverage
-----------------------------
  Function coverage:      1.000
  Visited lines:          11
  Total lines:            11
  Line coverage:          1.000
  Visited conditions:     10
  Total conditions:       20
  Condition coverage:     0.500

CPAchecker general statistics
-----------------------------
Number of program locations:                       23
Number of CFA edges (per node):                          27 (count: 23, min: 0, max: 2, avg: 1.17)
Number of relevant variables:                      2
Number of functions:                               1
Number of loops (and loop nodes):                         1 (sum: 4, min: 4, max: 4, avg: 4.00)
Size of reached set:             40
  Number of reached locations:   14 (61%)
    Avg states per location:     2
    Max states per location:     9 (at node N46)
  Number of reached functions:   1 (100%)
  Number of partitions:          29
    Avg size of partitions:      1
    Max size of partitions:      6 (with key [N45 (before line 31), Function main called from node N27, stack depth 1 [72ba28ee], stack [main]])
  Number of target states:       0

Time for analysis setup:          0.530s
  Time for loading CPAs:          0.125s
  Time for loading parser:        0.068s
  Time for CFA construction:      0.189s
    Time for parsing file(s):     0.076s
    Time for AST to CFA:          0.062s
    Time for CFA sanity check:    0.005s
    Time for post-processing:     0.032s
    Time for loop structure:      0.002s
    Time for AST structure:       0.000s
      Time for function pointers resolving:            0.001s
        Function calls via function pointers:             0 (count: 1, min: 0, max: 0, avg: 0.00)
        Instrumented function pointer calls:              0 (count: 1, min: 0, max: 0, avg: 0.00)
        Function calls with function pointer arguments:        0 (count: 1, min: 0, max: 0, avg: 0.00)
        Instrumented function pointer arguments:          0 (count: 1, min: 0, max: 0, avg: 0.00)
      Time for classifying variables:                  0.017s
        Time for collecting variables:                 0.007s
        Time for solving dependencies:                 0.000s
        Time for building hierarchy:                   0.000s
        Time for building classification:              0.010s
        Time for exporting data:                       0.000s
Time for Analysis:                0.422s
CPU time for analysis:            1.530s
Time for analyzing result:        0.001s
Total time for CPAchecker:        0.953s
Total CPU time for CPAchecker:    3.000s
Time for statistics:              0.059s

Time for Garbage Collector:       0.011s (in 2 runs)
Garbage Collector(s) used:    PS MarkSweep, PS Scavenge
Used heap memory:                190MB (   181 MiB) max;    134MB (   127 MiB) avg;    221MB (   211 MiB) peak
Used non-heap memory:             52MB (    49 MiB) max;     35MB (    33 MiB) avg;     55MB (    52 MiB) peak
Used in PS Old Gen pool:          16MB (    15 MiB) max;      8MB (     8 MiB) avg;     16MB (    15 MiB) peak
Allocated heap memory:          2010MB (  1917 MiB) max;   2010MB (  1917 MiB) avg
Allocated non-heap memory:        53MB (    51 MiB) max;     37MB (    35 MiB) avg
Total process virtual memory:   7798MB (  7437 MiB) max;   6357MB (  6062 MiB) avg

Verification result: TRUE. No property violation found by chosen configuration.
More details about the verification run can be found in the directory "./output".
