Running CPAchecker with Java heap of size 2000M.
Running CPAchecker with default stack size (1024k). Specify a larger value with --stack if needed.
Using the following resource limits: CPU-time limit of 300s (ResourceLimitChecker.fromConfiguration, INFO)

CPAchecker 4.2.2-2096-gb9f51b640f+ / termination-composition-lassoBasedAnalysis (OpenJDK 64-Bit Server VM 21.0.10) started (CPAchecker.run, INFO)

Parsing CFA from file(s) "/home/swear01/sv-benchmarks/c/termination-crafted/Toulouse-MultiBranchesToLoop-2.c" (CPAchecker.parse, INFO)

Using predicate analysis with MathSAT5 version 5.6.11 (1a1154baf0ab) (Aug  9 2024 08:45:22, gmp 6.2.0, gcc 7.5.0, 64-bit, reentrant) and JFactory 1.21. (PredicateCPA:PredicateCPA.<init>, INFO)

Using refinement for predicate analysis with PredicateAbstractionRefinementStrategy strategy. (PredicateCPA:PredicateCPARefiner.<init>, INFO)

Using unsound approximation of ints with unbounded integers and floats with rationals for encoding program semantics. (FormulaManagerView.<init>, WARNING)

The following configuration options were specified but are not used:
 counterexample.checker.config
 counterexample.checker 
 (CPAchecker.printConfigurationWarnings, WARNING)

Starting analysis ... (CPAchecker.runAlgorithm, INFO)

Starting termination algorithm. (TerminationAlgorithm.run0, INFO)

refinement # 1 : predicates= 2  traceStates= 3 (PredicateCPA:PredicateCPARefiner.performRefinementForPathImpl, INFO)

refinement # 2 : predicates= 2  traceStates= 3 (PredicateCPA:PredicateCPARefiner.performRefinementForPathImpl, INFO)

refinement # 3 : predicates= 3  traceStates= 4 (PredicateCPA:PredicateCPARefiner.performRefinementForPathImpl, INFO)

Termination algorithm did not find a non-terminating loop. (TerminationAlgorithm.run0, INFO)

Stopping analysis ... (CPAchecker.runAlgorithm, INFO)


PredicateCPA statistics
-----------------------
Number of abstractions:            31 (4% of all post computations)
  Times abstraction was reused:    0
  Because of function entry/exit:  0 (0%)
  Because of loop head:            22 (71%)
  Because of join nodes:           0 (0%)
  Because of threshold:            0 (0%)
  Because of target state:         9 (29%)
  Times precision was empty:       13 (42%)
  Times precision was {false}:     6 (19%)
  Times result was cached:         0 (0%)
  Times cartesian abs was used:    0 (0%)
  Times boolean abs was used:      12 (39%)
  Times result was 'false':        3 (10%)
Number of strengthen sat checks:   0
Number of coverage checks:         194
  BDD entailment checks:           22
Number of SMT sat checks:          0
  trivial:                         0
  cached:                          0

Max ABE block size:                       31
Avg ABE block size:                                11.29 (sum: 350, count: 31, min: 0, max: 31)
Number of predicates discovered:          13
Number of abstraction locations:          2
Max number of predicates per location:    13
Avg number of predicates per location:    7
Total predicates per abstraction:         147
Max number of predicates per abstraction: 13
Avg number of predicates per abstraction: 8.17
Number of irrelevant predicates:          22 (15%)
Number of preds handled by boolean abs:   125 (85%)
  Total number of models for allsat:      277
  Max number of models for allsat:        83
  Avg number of models for allsat:        23.08
Number of path formula cache hits:        339 (34%)

Time for post operator:                                0.088s
  Time for path formula creation:                      0.086s
Time for strengthen operator:                          0.015s
Time for prec operator:                                0.102s
  Time for abstraction:                  0.095s (Max:     0.023s, Count: 31)
    Boolean abstraction:                 0.069s
    Solving time:                        0.013s (Max:     0.001s)
    Model enumeration time:              0.053s
    Time for BDD construction:           0.007s (Max:     0.001s)
Time for merge operator:                               0.004s
Time for coverage checks:                              0.000s
  Time for BDD entailment checks:                      0.000s
Total time for SMT solver (w/o itp):     0.066s

Number of BDD nodes:                               2714
Size of BDD node table:                            100511
Size of BDD cache:                                 10061
Size of BDD node cleanup queue:                    0.00 (sum: 0, count: 344, min: 0, max: 0)
Time for BDD node cleanup:                             0.000s
Time for BDD garbage collection:                       0.000s (in 0 runs)

Invariant Generation statistics
-------------------------------

AutomatonAnalysis (NonTerminationLabelAutomaton) statistics
-----------------------------------------------------------
Number of states:                                  1
Total time for successor computation:                  0.006s
Automaton transfers with branching:                0
Automaton transfer successors:                     1.00 (sum: 807, count: 807, min: 1, max: 1) [1 x 807]
Number of states with assumption transitions:      0

AutomatonAnalysis (TerminatingFunctions) statistics
---------------------------------------------------
Number of states:                                  1
Total time for successor computation:                  0.000s
Automaton transfers with branching:                0
Automaton transfer successors:                     1.00 (sum: 807, count: 807, min: 1, max: 1) [1 x 807]
Number of states with assumption transitions:      0

Termination Algorithm statistics
--------------------------------
Total time :                                            1.152s
Time for recursion analysis:                            0.003s

Number of analysed loops:                               1 (100%)
Total time for loop analysis:                           1.149s
  Avg time per loop analysis:                           1.149s
  Max time per loop analysis:                           1.149s

Number of safety analysis runs:                         3
  Avg safety analysis run per loop:                     3.00
  Max safety analysis run per loop:                     3 	 for loops [N93]
Total time for safety analysis:                         0.361s
  Avg time per safety analysis run:                     0.120s
  Max time per safety analysis run:                     0.196s

Number of analysed lassos:                              3
  Avg number of lassos per loop:                        3.00
  Max number of lassos per loop:                        3 	 for loops [N93]
  Avg number of lassos per iteration:                   1.50
  Max number of lassos per iteration:                   2

Total time for lassos analysis:                         0.781s
  Avg time per iteration:                               0.390s
  Max time per iteration:                               0.407s
  Time for lassos construction:                         0.134s
    Avg time for lasso construction per iteration:      0.067s
    Max time for lasso construction per iteration:      0.089s
      Time for stem and loop construction:                         0.000s
        Avg time for stem and loop construction per iteration:      0.000s
        Max time for stem and loop construction per iteration:      0.000s
      Time for lassos creation:                         0.122s
        Avg time for lassos creation per iteration:      0.061s
        Max time for lassos creation per iteration:      0.080s
  Total time for non-termination analysis:              0.093s
    Avg time for non-termination analysis per lasso:    0.031s
    Max time for non-termination analysis per lasso:    0.053s
  Total time for termination analysis:                  0.553s
    Avg time for termination analysis per lasso:        0.184s
    Max time for termination analysis per lasso:        0.232s

Total number of termination arguments:                  3
  Avg termination arguments per loop:                   3.00
  Max termination arguments per loop:                   3 	 for loops [N93]

  affine:                                               3

Code Coverage
-----------------------------
  Function coverage:      1.000
  Visited lines:          41
  Total lines:            41
  Line coverage:          1.000
  Visited conditions:     26
  Total conditions:       52
  Condition coverage:     0.500

CPAchecker general statistics
-----------------------------
Number of program locations:                       70
Number of CFA edges (per node):                          82 (count: 70, min: 0, max: 2, avg: 1.17)
Number of relevant variables:                      4
Number of functions:                               1
Number of loops (and loop nodes):                         1 (sum: 5, min: 5, max: 5, avg: 5.00)
Size of reached set:             80
  Number of reached locations:   59 (84%)
    Avg states per location:     1
    Max states per location:     6 (at node N94)
  Number of reached functions:   1 (100%)
  Number of partitions:          71
    Avg size of partitions:      1
    Max size of partitions:      4 (with key [N93 (before line 67), Function main called from node N74, stack depth 1 [2abc224d], stack [main]])
  Number of target states:       0

Time for analysis setup:          1.088s
  Time for loading CPAs:          0.292s
  Time for loading parser:        0.094s
  Time for CFA construction:      0.385s
    Time for parsing file(s):     0.084s
    Time for AST to CFA:          0.163s
    Time for CFA sanity check:    0.012s
    Time for post-processing:     0.099s
    Time for loop structure:      0.007s
    Time for AST structure:       0.000s
      Time for function pointers resolving:            0.004s
        Function calls via function pointers:             0 (count: 1, min: 0, max: 0, avg: 0.00)
        Instrumented function pointer calls:              0 (count: 1, min: 0, max: 0, avg: 0.00)
        Function calls with function pointer arguments:        0 (count: 1, min: 0, max: 0, avg: 0.00)
        Instrumented function pointer arguments:          0 (count: 1, min: 0, max: 0, avg: 0.00)
      Time for classifying variables:                  0.054s
        Time for collecting variables:                 0.021s
        Time for solving dependencies:                 0.000s
        Time for building hierarchy:                   0.000s
        Time for building classification:              0.033s
        Time for exporting data:                       0.000s
Time for Analysis:                1.152s
CPU time for analysis:            3.050s
Time for analyzing result:        0.000s
Total time for CPAchecker:        2.242s
Total CPU time for CPAchecker:    4.680s
Time for statistics:              0.076s

Time for Garbage Collector:       0.013s (in 2 runs)
Garbage Collector(s) used:    PS MarkSweep, PS Scavenge
Used heap memory:                270MB (   257 MiB) max;    160MB (   153 MiB) avg;    296MB (   283 MiB) peak
Used non-heap memory:             58MB (    55 MiB) max;     40MB (    38 MiB) avg;     61MB (    58 MiB) peak
Used in PS Old Gen pool:          16MB (    15 MiB) max;     10MB (    10 MiB) avg;     16MB (    15 MiB) peak
Allocated heap memory:          2010MB (  1917 MiB) max;   2010MB (  1917 MiB) avg
Allocated non-heap memory:        59MB (    56 MiB) max;     42MB (    40 MiB) avg
Total process virtual memory:   8410MB (  8020 MiB) max;   6610MB (  6304 MiB) avg

Verification result: TRUE. No property violation found by chosen configuration.
More details about the verification run can be found in the directory "./output".
