Running CPAchecker with Java heap of size 2000M.
Running CPAchecker with default stack size (1024k). Specify a larger value with --stack if needed.
Using the following resource limits: CPU-time limit of 300s (ResourceLimitChecker.fromConfiguration, INFO)

CPAchecker 4.2.2-2096-gb9f51b640f+ / termination-composition-lassoBasedAnalysis (OpenJDK 64-Bit Server VM 21.0.10) started (CPAchecker.run, INFO)

Parsing CFA from file(s) "/home/swear01/sv-benchmarks/c/termination-crafted-lit/Urban-WST2013-Fig2.c" (CPAchecker.parse, INFO)

Using predicate analysis with MathSAT5 version 5.6.11 (1a1154baf0ab) (Aug  9 2024 08:45:22, gmp 6.2.0, gcc 7.5.0, 64-bit, reentrant) and JFactory 1.21. (PredicateCPA:PredicateCPA.<init>, INFO)

Using refinement for predicate analysis with PredicateAbstractionRefinementStrategy strategy. (PredicateCPA:PredicateCPARefiner.<init>, INFO)

Using unsound approximation of ints with unbounded integers and floats with rationals for encoding program semantics. (FormulaManagerView.<init>, WARNING)

The following configuration options were specified but are not used:
 counterexample.checker.config
 counterexample.checker 
 (CPAchecker.printConfigurationWarnings, WARNING)

Starting analysis ... (CPAchecker.runAlgorithm, INFO)

Starting termination algorithm. (TerminationAlgorithm.run0, INFO)

refinement # 1 : predicates= 3  traceStates= 4 (PredicateCPA:PredicateCPARefiner.performRefinementForPathImpl, INFO)

refinement # 2 : predicates= 3  traceStates= 4 (PredicateCPA:PredicateCPARefiner.performRefinementForPathImpl, INFO)

refinement # 3 : predicates= 3  traceStates= 4 (PredicateCPA:PredicateCPARefiner.performRefinementForPathImpl, INFO)

refinement # 4 : predicates= 3  traceStates= 4 (PredicateCPA:PredicateCPARefiner.performRefinementForPathImpl, INFO)

refinement # 5 : predicates= 4  traceStates= 5 (PredicateCPA:PredicateCPARefiner.performRefinementForPathImpl, INFO)

refinement # 6 : predicates= 5  traceStates= 6 (PredicateCPA:PredicateCPARefiner.performRefinementForPathImpl, INFO)

refinement # 7 : predicates= 6  traceStates= 7 (PredicateCPA:PredicateCPARefiner.performRefinementForPathImpl, INFO)

refinement # 8 : predicates= 7  traceStates= 8 (PredicateCPA:PredicateCPARefiner.performRefinementForPathImpl, INFO)

refinement # 9 : predicates= 8  traceStates= 9 (PredicateCPA:PredicateCPARefiner.performRefinementForPathImpl, INFO)

refinement # 10 : predicates= 9  traceStates= 10 (PredicateCPA:PredicateCPARefiner.performRefinementForPathImpl, INFO)

refinement # 11 : predicates= 10  traceStates= 11 (PredicateCPA:PredicateCPARefiner.performRefinementForPathImpl, INFO)

refinement # 12 : predicates= 11  traceStates= 12 (PredicateCPA:PredicateCPARefiner.performRefinementForPathImpl, INFO)

refinement # 14 : predicates= 3  traceStates= 4 (PredicateCPA:PredicateCPARefiner.performRefinementForPathImpl, INFO)

refinement # 15 : predicates= 4  traceStates= 5 (PredicateCPA:PredicateCPARefiner.performRefinementForPathImpl, INFO)

Termination algorithm did not find a non-terminating loop. (TerminationAlgorithm.run0, INFO)

Stopping analysis ... (CPAchecker.runAlgorithm, INFO)


PredicateCPA statistics
-----------------------
Number of abstractions:            171 (17% of all post computations)
  Times abstraction was reused:    0
  Because of function entry/exit:  0 (0%)
  Because of loop head:            152 (89%)
  Because of join nodes:           0 (0%)
  Because of threshold:            0 (0%)
  Because of target state:         19 (11%)
  Times precision was empty:       43 (25%)
  Times precision was {false}:     59 (35%)
  Times result was cached:         6 (4%)
  Times cartesian abs was used:    0 (0%)
  Times boolean abs was used:      63 (37%)
  Times result was 'false':        49 (29%)
Number of strengthen sat checks:   0
Number of coverage checks:         459
  BDD entailment checks:           363
Number of SMT sat checks:          0
  trivial:                         0
  cached:                          0

Max ABE block size:                       8
Avg ABE block size:                                2.85 (sum: 487, count: 171, min: 0, max: 8)
Number of predicates discovered:          15
Number of abstraction locations:          3
Max number of predicates per location:    3
Avg number of predicates per location:    2
Total predicates per abstraction:         418
Max number of predicates per abstraction: 9
Avg number of predicates per abstraction: 3.43
Number of irrelevant predicates:          66 (16%)
Number of preds handled by boolean abs:   351 (84%)
  Total number of models for allsat:      229
  Max number of models for allsat:        10
  Avg number of models for allsat:        3.63
Number of path formula cache hits:        441 (40%)

Time for post operator:                                0.086s
  Time for path formula creation:                      0.082s
Time for strengthen operator:                          0.014s
Time for prec operator:                                0.164s
  Time for abstraction:                  0.155s (Max:     0.004s, Count: 171)
    Boolean abstraction:                 0.039s
    Solving time:                        0.024s (Max:     0.001s)
    Model enumeration time:              0.018s
    Time for BDD construction:           0.015s (Max:     0.001s)
Time for merge operator:                               0.003s
Time for coverage checks:                              0.003s
  Time for BDD entailment checks:                      0.003s
Total time for SMT solver (w/o itp):     0.042s

Number of BDD nodes:                               1384
Size of BDD node table:                            100511
Size of BDD cache:                                 10061
Size of BDD node cleanup queue:                    0.00 (sum: 0, count: 1441, min: 0, max: 0)
Time for BDD node cleanup:                             0.000s
Time for BDD garbage collection:                       0.000s (in 0 runs)

Invariant Generation statistics
-------------------------------

AutomatonAnalysis (NonTerminationLabelAutomaton) statistics
-----------------------------------------------------------
Number of states:                                  1
Total time for successor computation:                  0.006s
Automaton transfers with branching:                0
Automaton transfer successors:                     1.00 (sum: 995, count: 995, min: 1, max: 1) [1 x 995]
Number of states with assumption transitions:      0

AutomatonAnalysis (TerminatingFunctions) statistics
---------------------------------------------------
Number of states:                                  1
Total time for successor computation:                  0.001s
Automaton transfers with branching:                0
Automaton transfer successors:                     1.00 (sum: 995, count: 995, min: 1, max: 1) [1 x 995]
Number of states with assumption transitions:      0

Termination Algorithm statistics
--------------------------------
Total time :                                            0.829s
Time for recursion analysis:                            0.001s

Number of analysed loops:                               2 (100%)
Total time for loop analysis:                           0.827s
  Avg time per loop analysis:                           0.413s
  Max time per loop analysis:                           0.499s

Number of safety analysis runs:                         4
  Avg safety analysis run per loop:                     2.00
  Max safety analysis run per loop:                     2 	 for loops [N40], [N34]
Total time for safety analysis:                         0.449s
  Avg time per safety analysis run:                     0.112s
  Max time per safety analysis run:                     0.274s

Number of analysed lassos:                              2
  Avg number of lassos per loop:                        1.00
  Max number of lassos per loop:                        1 	 for loops [N40], [N34]
  Avg number of lassos per iteration:                   1.00
  Max number of lassos per iteration:                   1

Total time for lassos analysis:                         0.375s
  Avg time per iteration:                               0.187s
  Max time per iteration:                               0.192s
  Time for lassos construction:                         0.093s
    Avg time for lasso construction per iteration:      0.046s
    Max time for lasso construction per iteration:      0.061s
      Time for stem and loop construction:                         0.000s
        Avg time for stem and loop construction per iteration:      0.000s
        Max time for stem and loop construction per iteration:      0.000s
      Time for lassos creation:                         0.085s
        Avg time for lassos creation per iteration:      0.042s
        Max time for lassos creation per iteration:      0.057s
  Total time for non-termination analysis:              0.078s
    Avg time for non-termination analysis per lasso:    0.039s
    Max time for non-termination analysis per lasso:    0.050s
  Total time for termination analysis:                  0.203s
    Avg time for termination analysis per lasso:        0.101s
    Max time for termination analysis per lasso:        0.103s

Total number of termination arguments:                  2
  Avg termination arguments per loop:                   1.00
  Max termination arguments per loop:                   1 	 for loops [N40], [N34]

  affine:                                               2

Code Coverage
-----------------------------
  Function coverage:      1.000
  Visited lines:          11
  Total lines:            11
  Line coverage:          1.000
  Visited conditions:     4
  Total conditions:       8
  Condition coverage:     0.500

CPAchecker general statistics
-----------------------------
Number of program locations:                       21
Number of CFA edges (per node):                          22 (count: 21, min: 0, max: 2, avg: 1.05)
Number of relevant variables:                      2
Number of functions:                               1
Number of loops (and loop nodes):                         2 (sum: 11, min: 3, max: 8, avg: 5.50)
Size of reached set:             28
  Number of reached locations:   13 (62%)
    Avg states per location:     2
    Max states per location:     3 (at node N35)
  Number of reached functions:   1 (100%)
  Number of partitions:          23
    Avg size of partitions:      1
    Max size of partitions:      3 (with key [N40 (before line 21), Function main called from node N23, stack depth 1 [563a89b5], stack [main]])
  Number of target states:       0

Time for analysis setup:          0.637s
  Time for loading CPAs:          0.148s
  Time for loading parser:        0.083s
  Time for CFA construction:      0.209s
    Time for parsing file(s):     0.110s
    Time for AST to CFA:          0.049s
    Time for CFA sanity check:    0.004s
    Time for post-processing:     0.028s
    Time for loop structure:      0.002s
    Time for AST structure:       0.000s
      Time for function pointers resolving:            0.001s
        Function calls via function pointers:             0 (count: 1, min: 0, max: 0, avg: 0.00)
        Instrumented function pointer calls:              0 (count: 1, min: 0, max: 0, avg: 0.00)
        Function calls with function pointer arguments:        0 (count: 1, min: 0, max: 0, avg: 0.00)
        Instrumented function pointer arguments:          0 (count: 1, min: 0, max: 0, avg: 0.00)
      Time for classifying variables:                  0.015s
        Time for collecting variables:                 0.006s
        Time for solving dependencies:                 0.000s
        Time for building hierarchy:                   0.000s
        Time for building classification:              0.009s
        Time for exporting data:                       0.000s
Time for Analysis:                0.829s
CPU time for analysis:            2.440s
Time for analyzing result:        0.000s
Total time for CPAchecker:        1.467s
Total CPU time for CPAchecker:    4.030s
Time for statistics:              0.082s

Time for Garbage Collector:       0.014s (in 2 runs)
Garbage Collector(s) used:    PS MarkSweep, PS Scavenge
Used heap memory:                192MB (   183 MiB) max;    128MB (   122 MiB) avg;    240MB (   229 MiB) peak
Used non-heap memory:             55MB (    52 MiB) max;     38MB (    36 MiB) avg;     58MB (    55 MiB) peak
Used in PS Old Gen pool:          16MB (    15 MiB) max;     11MB (    10 MiB) avg;     16MB (    15 MiB) peak
Allocated heap memory:          2010MB (  1917 MiB) max;   2010MB (  1917 MiB) avg
Allocated non-heap memory:        55MB (    53 MiB) max;     40MB (    38 MiB) avg
Total process virtual memory:   7729MB (  7371 MiB) max;   6655MB (  6346 MiB) avg

Verification result: TRUE. No property violation found by chosen configuration.
More details about the verification run can be found in the directory "./output".
