Running CPAchecker with Java heap of size 2000M.
Running CPAchecker with default stack size (1024k). Specify a larger value with --stack if needed.
Using the following resource limits: CPU-time limit of 300s (ResourceLimitChecker.fromConfiguration, INFO)

CPAchecker 4.2.2-2096-gb9f51b640f+ / termination-composition-lassoBasedAnalysis (OpenJDK 64-Bit Server VM 21.0.10) started (CPAchecker.run, INFO)

Parsing CFA from file(s) "/home/swear01/sv-benchmarks/c/termination-crafted/WhileTrue.c" (CPAchecker.parse, INFO)

line 16: Dead code detected: return 0; (CFACreationUtils.addEdgeToCFA, INFO)

Using predicate analysis with MathSAT5 version 5.6.11 (1a1154baf0ab) (Aug  9 2024 08:45:22, gmp 6.2.0, gcc 7.5.0, 64-bit, reentrant) and JFactory 1.21. (PredicateCPA:PredicateCPA.<init>, INFO)

Using refinement for predicate analysis with PredicateAbstractionRefinementStrategy strategy. (PredicateCPA:PredicateCPARefiner.<init>, INFO)

Using unsound approximation of ints with unbounded integers and floats with rationals for encoding program semantics. (FormulaManagerView.<init>, WARNING)

The following configuration options were specified but are not used:
 counterexample.checker.config
 counterexample.checker 
 (CPAchecker.printConfigurationWarnings, WARNING)

Starting analysis ... (CPAchecker.runAlgorithm, INFO)

Starting termination algorithm. (TerminationAlgorithm.run0, INFO)

Stopping analysis ... (CPAchecker.runAlgorithm, INFO)


PredicateCPA statistics
-----------------------
Number of abstractions:            3 (7% of all post computations)
  Times abstraction was reused:    0
  Because of function entry/exit:  0 (0%)
  Because of loop head:            2 (67%)
  Because of join nodes:           0 (0%)
  Because of threshold:            0 (0%)
  Because of target state:         1 (33%)
  Times precision was empty:       3 (100%)
  Times precision was {false}:     0 (0%)
  Times result was cached:         0 (0%)
  Times cartesian abs was used:    0 (0%)
  Times boolean abs was used:      0 (0%)
  Times result was 'false':        0 (0%)
Number of strengthen sat checks:   0
Number of coverage checks:         6
  BDD entailment checks:           0
Number of SMT sat checks:          0
  trivial:                         0
  cached:                          0

Max ABE block size:                       4
Avg ABE block size:                                1.33 (sum: 4, count: 3, min: 0, max: 4)
Number of predicates discovered:          0
Number of path formula cache hits:        9 (16%)

Time for post operator:                                0.015s
  Time for path formula creation:                      0.015s
Time for strengthen operator:                          0.000s
Time for prec operator:                                0.001s
  Time for abstraction:                  0.001s (Max:     0.001s, Count: 3)
    Solving time:                        0.000s (Max:     0.000s)
    Model enumeration time:              0.000s
    Time for BDD construction:           0.000s (Max:     0.000s)
Time for merge operator:                               0.001s
Time for coverage checks:                              0.000s
Total time for SMT solver (w/o itp):     0.000s

Number of BDD nodes:                               202
Size of BDD node table:                            100511
Size of BDD node cleanup queue:                    0.00 (sum: 0, count: 5, min: 0, max: 0)
Time for BDD node cleanup:                             0.000s
Time for BDD garbage collection:                       0.000s (in 0 runs)

Invariant Generation statistics
-------------------------------

AutomatonAnalysis (NonTerminationLabelAutomaton) statistics
-----------------------------------------------------------
Number of states:                                  1
Total time for successor computation:                  0.004s
Automaton transfers with branching:                0
Automaton transfer successors:                     1.00 (sum: 44, count: 44, min: 1, max: 1) [1 x 44]
Number of states with assumption transitions:      0

AutomatonAnalysis (TerminatingFunctions) statistics
---------------------------------------------------
Number of states:                                  1
Total time for successor computation:                  0.001s
Automaton transfers with branching:                0
Automaton transfer successors:                     1.00 (sum: 44, count: 44, min: 1, max: 1) [1 x 44]
Number of states with assumption transitions:      0

Termination Algorithm statistics
--------------------------------
Total time :                                            0.097s
Time for recursion analysis:                            0.000s

Number of analysed loops:                               1 (100%)
Total time for loop analysis:                           0.096s
  Avg time per loop analysis:                           0.096s
  Max time per loop analysis:                           0.096s

Number of safety analysis runs:                         1
  Avg safety analysis run per loop:                     1.00
  Max safety analysis run per loop:                     1 	 for loops [N19]
Total time for safety analysis:                         0.048s
  Avg time per safety analysis run:                     0.048s
  Max time per safety analysis run:                     0.048s

Number of analysed lassos:                              1
  Avg number of lassos per loop:                        1.00
  Max number of lassos per loop:                        1 	 for loops [N19]
  Avg number of lassos per iteration:                   1.00
  Max number of lassos per iteration:                   1

Total time for lassos analysis:                         0.045s
  Avg time per iteration:                               0.045s
  Max time per iteration:                               0.045s
  Time for lassos construction:                         0.008s
    Avg time for lasso construction per iteration:      0.008s
    Max time for lasso construction per iteration:      0.008s
      Time for stem and loop construction:                         0.000s
        Avg time for stem and loop construction per iteration:      0.000s
        Max time for stem and loop construction per iteration:      0.000s
      Time for lassos creation:                         0.007s
        Avg time for lassos creation per iteration:      0.007s
        Max time for lassos creation per iteration:      0.007s
  Total time for non-termination analysis:              0.037s
    Avg time for non-termination analysis per lasso:    0.037s
    Max time for non-termination analysis per lasso:    0.037s
  Total time for termination analysis:                  0.000s
    Avg time for termination analysis per lasso:        0.000s
    Max time for termination analysis per lasso:        0.000s

Total number of termination arguments:                  0
  Avg termination arguments per loop:                   0.00
  Max termination arguments per loop:                   0 	 for loops 


Code Coverage
-----------------------------
  Function coverage:      1.000
  Visited lines:          2
  Total lines:            2
  Line coverage:          1.000

CPAchecker general statistics
-----------------------------
Number of program locations:                       9
Number of CFA edges (per node):                           9 (count: 9, min: 1, max: 1, avg: 1.00)
Number of relevant variables:                      0
Number of functions:                               1
Number of loops (and loop nodes):                         1 (sum: 2, min: 2, max: 2, avg: 2.00)
Size of reached set:             8
  Number of reached locations:   5 (56%)
    Avg states per location:     1
    Max states per location:     3 (at node N20)
  Number of reached functions:   1 (100%)
  Number of partitions:          6
    Avg size of partitions:      1
    Max size of partitions:      2 (with key [N20 (after line 13), Function main called from node N12, stack depth 1 [41a6d121], stack [main], ABS2: true])
  Number of target states:       1
  Size of final wait list:       2

Time for analysis setup:          0.543s
  Time for loading CPAs:          0.133s
  Time for loading parser:        0.079s
  Time for CFA construction:      0.174s
    Time for parsing file(s):     0.089s
    Time for AST to CFA:          0.047s
    Time for CFA sanity check:    0.003s
    Time for post-processing:     0.022s
    Time for loop structure:      0.002s
    Time for AST structure:       0.000s
      Time for function pointers resolving:            0.001s
        Function calls via function pointers:             0 (count: 1, min: 0, max: 0, avg: 0.00)
        Instrumented function pointer calls:              0 (count: 1, min: 0, max: 0, avg: 0.00)
        Function calls with function pointer arguments:        0 (count: 1, min: 0, max: 0, avg: 0.00)
        Instrumented function pointer arguments:          0 (count: 1, min: 0, max: 0, avg: 0.00)
      Time for classifying variables:                  0.008s
        Time for collecting variables:                 0.001s
        Time for solving dependencies:                 0.000s
        Time for building hierarchy:                   0.000s
        Time for building classification:              0.007s
        Time for exporting data:                       0.000s
Time for Analysis:                0.097s
CPU time for analysis:            0.330s
Time for analyzing result:        0.000s
Total time for CPAchecker:        0.640s
Total CPU time for CPAchecker:    1.810s
Time for statistics:              0.083s

Time for Garbage Collector:       0.014s (in 2 runs)
Garbage Collector(s) used:    PS MarkSweep, PS Scavenge
Used heap memory:                190MB (   181 MiB) max;    136MB (   129 MiB) avg;    232MB (   221 MiB) peak
Used non-heap memory:             42MB (    40 MiB) max;     28MB (    27 MiB) avg;     48MB (    45 MiB) peak
Used in PS Old Gen pool:          16MB (    15 MiB) max;      5MB (     5 MiB) avg;     16MB (    15 MiB) peak
Allocated heap memory:          2010MB (  1917 MiB) max;   2010MB (  1917 MiB) avg
Allocated non-heap memory:        44MB (    42 MiB) max;     30MB (    29 MiB) avg
Total process virtual memory:   6913MB (  6592 MiB) max;   5836MB (  5566 MiB) avg

Verification result: FALSE. Property violation (termination) found by chosen configuration.
More details about the verification run can be found in the directory "./output".
